1000
0
Starting range [0 nln ...]:
1 code (72CA7H-782BM74) checked. Verified: 247. isIdOk: 0. Prob: 0%
2 code (73757H-782BMT3) checked. Verified: 494. isIdOk: 0. Prob: 0%
3 code (7HTH7H-782BXC9) checked. Verified: 741. isIdOk: 0. Prob: 0%
4 code (7PX87H-782BXKC) checked. Verified: 988. isIdOk: 0. Prob: 0%
5 code (7CM17H-782B85B) checked. Verified: 1235. isIdOk: 0. Prob: 0%
6 code (7E127H-782B887) checked. Verified: 1482. isIdOk: 0. Prob: 0%
7 code (C8E67H-782BB7P) checked. Verified: 1729. isIdOk: 0. Prob: 0%
8 code (73M07H-782BB70) checked. Verified: 1976. isIdOk: 0. Prob: 0%
9 code (72067H-782BB14) checked. Verified: 2223. isIdOk: 0. Prob: 0%
10 code (7A027H-782B434) checked. Verified: 2470. isIdOk: 0. Prob: 0%
11 code (7P307H-782B402) checked. Verified: 2717. isIdOk: 0. Prob: 0%
12 code (7KEA7H-782B0T9) checked. Verified: 2964. isIdOk: 0. Prob: 0%
13 code (7CKM7H-782B015) checked. Verified: 3211. isIdOk: 0. Prob: 0%
14 code (7TA17H-78247PT) checked. Verified: 3458. isIdOk: 0. Prob: 0%
15 code (7HKA7H-7824C6B) checked. Verified: 3705. isIdOk: 0. Prob: 0%
16 code (7H997H-7824C64) checked. Verified: 3952. isIdOk: 0. Prob: 0%
17 code (7E797H-7824CA0) checked. Verified: 4199. isIdOk: 0. Prob: 0%
18 code (CA3C7H-7824HM8) checked. Verified: 4446. isIdOk: 0. Prob: 0%
19 code (774C7H-7824359) checked. Verified: 4693. isIdOk: 0. Prob: 0%
20 code (72297H-782438K) checked. Verified: 4940. isIdOk: 0. Prob: 0%
21 code (7CXK7H-7824T9P) checked. Verified: 5187. isIdOk: 0. Prob: 0%
22 code (720A7H-7824T4T) checked. Verified: 5434. isIdOk: 0. Prob: 0%
23 code (7THK7H-78245T4) checked. Verified: 5681. isIdOk: 0. Prob: 0%
24 code (7B9C7H-782423E) checked. Verified: 5928. isIdOk: 0. Prob: 0%
25 code (74T57H-7824248) checked. Verified: 6175. isIdOk: 0. Prob: 0%
26 code (772B7H-7824EA1) checked. Verified: 6422. isIdOk: 1. Prob: 0.01557%
27 code (77MX7H-7824623) checked. Verified: 6669. isIdOk: 1. Prob: 0.01499%
28 code (7HM47H-782493M) checked. Verified: 6916. isIdOk: 2. Prob: 0.02892%
29 code (77T47H-7824929) checked. Verified: 7163. isIdOk: 2. Prob: 0.02792%
30 code (74697H-78249XC) checked. Verified: 7410. isIdOk: 2. Prob: 0.02699%
31 code (72CC7H-7824K52) checked. Verified: 7657. isIdOk: 2. Prob: 0.02612%
32 code (76XH7H-7824PH6) checked. Verified: 7904. isIdOk: 2. Prob: 0.0253%
33 code (7HC57H-7824P97) checked. Verified: 8151. isIdOk: 2. Prob: 0.02454%
34 code (7C427H-7824174) checked. Verified: 8398. isIdOk: 2. Prob: 0.02382%
35 code (77TT7H-7824ACX) checked. Verified: 8645. isIdOk: 2. Prob: 0.02313%
36 code (CMT67H-7824AKH) checked. Verified: 8892. isIdOk: 2. Prob: 0.02249%
37 code (CT2H7H-7824M36) checked. Verified: 9139. isIdOk: 2. Prob: 0.02188%
38 code (73907H-7824MX3) checked. Verified: 9386. isIdOk: 2. Prob: 0.02131%
39 code (772A7H-7824XT3) checked. Verified: 9633. isIdOk: 2. Prob: 0.02076%
40 code (77707H-7824839) checked. Verified: 9880. isIdOk: 3. Prob: 0.03036%
41 code (7T727H-78248BM) checked. Verified: 10127. isIdOk: 3. Prob: 0.02962%
42 code (75B67H-7824B71) checked. Verified: 10374. isIdOk: 3. Prob: 0.02892%
43 code (75HH7H-7824478) checked. Verified: 10621. isIdOk: 3. Prob: 0.02825%
44 code (7CPC7H-782444H) checked. Verified: 10868. isIdOk: 3. Prob: 0.0276%
45 code (77927H-7824060) checked. Verified: 11115. isIdOk: 3. Prob: 0.02699%
46 code (7E2M7H-7820722) checked. Verified: 11362. isIdOk: 3. Prob: 0.0264%
47 code (CE1B7H-7820C31) checked. Verified: 11609. isIdOk: 3. Prob: 0.02584%
48 code (CKB57H-7820CB7) checked. Verified: 11856. isIdOk: 3. Prob: 0.0253%
49 code (CT1B7H-7820HAH) checked. Verified: 12103. isIdOk: 3. Prob: 0.02479%
50 code (79CK7H-78203E4) checked. Verified: 12350. isIdOk: 3. Prob: 0.02429%
51 code (78527H-7820T32) checked. Verified: 12597. isIdOk: 3. Prob: 0.02382%
52 code (773B7H-7820TXM) checked. Verified: 12844. isIdOk: 3. Prob: 0.02336%
53 code (CH067H-78205XM) checked. Verified: 13091. isIdOk: 3. Prob: 0.02292%
54 code (73407H-7820542) checked. Verified: 13338. isIdOk: 3. Prob: 0.02249%
55 code (73027H-78202M6) checked. Verified: 13585. isIdOk: 3. Prob: 0.02208%
56 code (793C7H-7820EPM) checked. Verified: 13832. isIdOk: 3. Prob: 0.02169%
57 code (79H67H-782066B) checked. Verified: 14079. isIdOk: 3. Prob: 0.02131%
58 code (7HA17H-782069P) checked. Verified: 14326. isIdOk: 3. Prob: 0.02094%
59 code (79EB7H-7820938) checked. Verified: 14573. isIdOk: 3. Prob: 0.02059%
60 code (CA867H-782094X) checked. Verified: 14820. isIdOk: 3. Prob: 0.02024%
61 code (77EM7H-7820KA5) checked. Verified: 15067. isIdOk: 3. Prob: 0.01991%
62 code (75527H-7820P5A) checked. Verified: 15314. isIdOk: 3. Prob: 0.01959%
63 code (CA677H-7820PBH) checked. Verified: 15561. isIdOk: 3. Prob: 0.01928%
64 code (77C87H-7820P07) checked. Verified: 15808. isIdOk: 3. Prob: 0.01898%
65 code (7THB7H-78201PC) checked. Verified: 16055. isIdOk: 3. Prob: 0.01869%
66 code (7HT67H-7820A9E) checked. Verified: 16302. isIdOk: 3. Prob: 0.0184%
67 code (75C87H-7820AM2) checked. Verified: 16549. isIdOk: 3. Prob: 0.01813%
68 code (77967H-7820MP1) checked. Verified: 16796. isIdOk: 3. Prob: 0.01786%
69 code (73C67H-7820XH3) checked. Verified: 17043. isIdOk: 3. Prob: 0.0176%
70 code (751B7H-7820XH8) checked. Verified: 17290. isIdOk: 3. Prob: 0.01735%
71 code (773A7H-7820X68) checked. Verified: 17537. isIdOk: 3. Prob: 0.01711%
72 code (C3TB7H-782086T) checked. Verified: 17784. isIdOk: 3. Prob: 0.01687%
73 code (7KH97H-78208XA) checked. Verified: 18031. isIdOk: 3. Prob: 0.01664%
74 code (72287H-782088H) checked. Verified: 18278. isIdOk: 3. Prob: 0.01641%
75 code (CCEC7H-7820B5X) checked. Verified: 18525. isIdOk: 3. Prob: 0.01619%
76 code (79EC7H-78204H8) checked. Verified: 18772. isIdOk: 3. Prob: 0.01598%
77 code (72537H-78200H9) checked. Verified: 19019. isIdOk: 3. Prob: 0.01577%
78 code (7PM07H-7820013) checked. Verified: 19266. isIdOk: 3. Prob: 0.01557%
79 code (77E27H-78E77C3) checked. Verified: 19513. isIdOk: 3. Prob: 0.01537%
80 code (7K947H-78E7CC9) checked. Verified: 19760. isIdOk: 3. Prob: 0.01518%
81 code (77T87H-78E7C35) checked. Verified: 20007. isIdOk: 3. Prob: 0.01499%
82 code (7E3M7H-78E7CPT) checked. Verified: 20254. isIdOk: 3. Prob: 0.01481%
83 code (7H8K7H-78E7HEH) checked. Verified: 20501. isIdOk: 3. Prob: 0.01463%
84 code (7CA87H-78E733C) checked. Verified: 20748. isIdOk: 3. Prob: 0.01446%
85 code (CHK87H-78E7362) checked. Verified: 20995. isIdOk: 3. Prob: 0.01429%
86 code (7AA07H-78E73M7) checked. Verified: 21242. isIdOk: 3. Prob: 0.01412%
87 code (76EC7H-78E7T75) checked. Verified: 21489. isIdOk: 4. Prob: 0.01861%
88 code (7M2A7H-78E7TBM) checked. Verified: 21736. isIdOk: 4. Prob: 0.0184%
89 code (CHHB7H-78E75B9) checked. Verified: 21983. isIdOk: 4. Prob: 0.0182%
90 code (7P677H-78E72B5) checked. Verified: 22230. isIdOk: 4. Prob: 0.01799%
91 code (73097H-78E720B) checked. Verified: 22477. isIdOk: 4. Prob: 0.0178%
92 code (73627H-78E7ET9) checked. Verified: 22724. isIdOk: 4. Prob: 0.0176%
93 code (7MK57H-78E7E8T) checked. Verified: 22971. isIdOk: 4. Prob: 0.01741%
94 code (73EE7H-78E76MK) checked. Verified: 23218. isIdOk: 4. Prob: 0.01723%
95 code (75077H-78E79TB) checked. Verified: 23465. isIdOk: 4. Prob: 0.01705%
96 code (HP5T7H-78E792P) checked. Verified: 23712. isIdOk: 4. Prob: 0.01687%
97 code (77B07H-78E79EH) checked. Verified: 23959. isIdOk: 4. Prob: 0.0167%
98 code (7K9X7H-78E7KHP) checked. Verified: 24206. isIdOk: 4. Prob: 0.01652%
99 code (7XE87H-78E7K0A) checked. Verified: 24453. isIdOk: 4. Prob: 0.01636%
100 code (777M7H-78E7PKB) checked. Verified: 24700. isIdOk: 4. Prob: 0.01619%
101 code (CH2C7H-78E7PK4) checked. Verified: 24947. isIdOk: 4. Prob: 0.01603%
102 code (75PB7H-78E7P45) checked. Verified: 25194. isIdOk: 4. Prob: 0.01588%
103 code (C3607H-78E71A1) checked. Verified: 25441. isIdOk: 4. Prob: 0.01572%
104 code (C7127H-78E7A74) checked. Verified: 25688. isIdOk: 4. Prob: 0.01557%
105 code (C2T07H-78E7MC7) checked. Verified: 25935. isIdOk: 4. Prob: 0.01542%
106 code (7C277H-78E7MB1) checked. Verified: 26182. isIdOk: 4. Prob: 0.01528%
107 code (7EBE7H-78E7XX9) checked. Verified: 26429. isIdOk: 4. Prob: 0.01513%
108 code (CT067H-78E78H0) checked. Verified: 26676. isIdOk: 4. Prob: 0.01499%
109 code (77M87H-78E7BC7) checked. Verified: 26923. isIdOk: 4. Prob: 0.01486%
110 code (C7T97H-78E7B5M) checked. Verified: 27170. isIdOk: 4. Prob: 0.01472%
111 code (73E97H-78E7BAK) checked. Verified: 27417. isIdOk: 4. Prob: 0.01459%
112 code (C92C7H-78E7413) checked. Verified: 27664. isIdOk: 4. Prob: 0.01446%
113 code (71EE7H-78E70E4) checked. Verified: 27911. isIdOk: 4. Prob: 0.01433%
114 code (7KT97H-78EC757) checked. Verified: 28158. isIdOk: 4. Prob: 0.01421%
115 code (7H937H-78EC764) checked. Verified: 28405. isIdOk: 4. Prob: 0.01408%
116 code (72XE7H-78ECCC5) checked. Verified: 28652. isIdOk: 4. Prob: 0.01396%
117 code (738P7H-78ECC97) checked. Verified: 28899. isIdOk: 4. Prob: 0.01384%
118 code (72HM7H-78ECCB1) checked. Verified: 29146. isIdOk: 4. Prob: 0.01372%
119 code (729B7H-78ECH59) checked. Verified: 29393. isIdOk: 4. Prob: 0.01361%
120 code (CX897H-78ECHKT) checked. Verified: 29640. isIdOk: 4. Prob: 0.0135%
121 code (7A847H-78EC35T) checked. Verified: 29887. isIdOk: 4. Prob: 0.01338%
122 code (C3CT7H-78EC3AX) checked. Verified: 30134. isIdOk: 4. Prob: 0.01327%
123 code (7B947H-78ECTEE) checked. Verified: 30381. isIdOk: 4. Prob: 0.01317%
124 code (71ET7H-78EC565) checked. Verified: 30628. isIdOk: 4. Prob: 0.01306%
125 code (78CX7H-78EC59B) checked. Verified: 30875. isIdOk: 4. Prob: 0.01296%
126 code (72CX7H-78EC5BC) checked. Verified: 31122. isIdOk: 4. Prob: 0.01285%
127 code (3K487H-78EC228) checked. Verified: 31369. isIdOk: 5. Prob: 0.01594%
128 code (7H6H7H-78EC2PK) checked. Verified: 31616. isIdOk: 5. Prob: 0.01581%
129 code (77A67H-78ECE97) checked. Verified: 31863. isIdOk: 5. Prob: 0.01569%
130 code (7T277H-78EC6E1) checked. Verified: 32110. isIdOk: 5. Prob: 0.01557%
131 code (79HC7H-78EC92P) checked. Verified: 32357. isIdOk: 5. Prob: 0.01545%
132 code (73E87H-78EC96P) checked. Verified: 32604. isIdOk: 5. Prob: 0.01534%
133 code (7E787H-78EC968) checked. Verified: 32851. isIdOk: 5. Prob: 0.01522%
134 code (7P327H-78ECK2P) checked. Verified: 33098. isIdOk: 5. Prob: 0.01511%
135 code (76817H-78ECK16) checked. Verified: 33345. isIdOk: 5. Prob: 0.01499%
136 code (77CK7H-78ECKX0) checked. Verified: 33592. isIdOk: 5. Prob: 0.01488%
137 code (7T277H-78ECPKH) checked. Verified: 33839. isIdOk: 5. Prob: 0.01478%
138 code (72TH7H-78ECP1A) checked. Verified: 34086. isIdOk: 5. Prob: 0.01467%
139 code (7T3B7H-78ECP87) checked. Verified: 34333. isIdOk: 5. Prob: 0.01456%
140 code (7ETB7H-78ECP88) checked. Verified: 34580. isIdOk: 6. Prob: 0.01735%
141 code (72197H-78EC1P9) checked. Verified: 34827. isIdOk: 6. Prob: 0.01723%
142 code (7EET7H-78ECAE8) checked. Verified: 35074. isIdOk: 6. Prob: 0.01711%
143 code (7TA37H-78ECAMM) checked. Verified: 35321. isIdOk: 6. Prob: 0.01699%
144 code (7EPX7H-78ECMCH) checked. Verified: 35568. isIdOk: 6. Prob: 0.01687%
145 code (7C6M7H-78ECMX7) checked. Verified: 35815. isIdOk: 6. Prob: 0.01675%
146 code (75K07H-78ECX1E) checked. Verified: 36062. isIdOk: 6. Prob: 0.01664%
147 code (7T6M7H-78ECXXT) checked. Verified: 36309. isIdOk: 6. Prob: 0.01652%
148 code (79E57H-78EC8TP) checked. Verified: 36556. isIdOk: 6. Prob: 0.01641%
149 code (75X57H-78ECBH9) checked. Verified: 36803. isIdOk: 6. Prob: 0.0163%
150 code (H3557H-78ECBXT) checked. Verified: 37050. isIdOk: 6. Prob: 0.01619%
151 code (7HM87H-78EC4H2) checked. Verified: 37297. isIdOk: 6. Prob: 0.01609%
152 code (73X67H-78EC0CB) checked. Verified: 37544. isIdOk: 6. Prob: 0.01598%
153 code (7HAC7H-78EC06M) checked. Verified: 37791. isIdOk: 6. Prob: 0.01588%
154 code (780P7H-78EH77C) checked. Verified: 38038. isIdOk: 6. Prob: 0.01577%
155 code (7E907H-78EH7H0) checked. Verified: 38285. isIdOk: 6. Prob: 0.01567%
156 code (7H267H-78EH7K9) checked. Verified: 38532. isIdOk: 6. Prob: 0.01557%
157 code (757B7H-78EHC2H) checked. Verified: 38779. isIdOk: 6. Prob: 0.01547%
158 code (7CTB7H-78EHCAT) checked. Verified: 39026. isIdOk: 6. Prob: 0.01537%
159 code (7K207H-78EHH53) checked. Verified: 39273. isIdOk: 7. Prob: 0.01782%
160 code (7A937H-78EHH47) checked. Verified: 39520. isIdOk: 7. Prob: 0.01771%
161 code (7T847H-78EH3H8) checked. Verified: 39767. isIdOk: 8. Prob: 0.02012%
162 code (7T3B7H-78EH344) checked. Verified: 40014. isIdOk: 8. Prob: 0.01999%
163 code (73CC7H-78EHTTE) checked. Verified: 40261. isIdOk: 8. Prob: 0.01987%
164 code (78457H-78EHTMB) checked. Verified: 40508. isIdOk: 8. Prob: 0.01975%
165 code (7C5K7H-78EH5MH) checked. Verified: 40755. isIdOk: 8. Prob: 0.01963%
166 code (764X7H-78EH2MM) checked. Verified: 41002. isIdOk: 8. Prob: 0.01951%
167 code (78X57H-78EHE7X) checked. Verified: 41249. isIdOk: 8. Prob: 0.01939%
168 code (7E027H-78EHEAB) checked. Verified: 41496. isIdOk: 8. Prob: 0.01928%
169 code (7C747H-78EH67C) checked. Verified: 41743. isIdOk: 8. Prob: 0.01916%
170 code (76CT7H-78EH6K5) checked. Verified: 41990. isIdOk: 8. Prob: 0.01905%
171 code (CB617H-78EH9TB) checked. Verified: 42237. isIdOk: 8. Prob: 0.01894%
172 code (7TKE7H-78EH94H) checked. Verified: 42484. isIdOk: 8. Prob: 0.01883%
173 code (78T77H-78EHK4K) checked. Verified: 42731. isIdOk: 8. Prob: 0.01872%
174 code (7C297H-78EHP74) checked. Verified: 42978. isIdOk: 8. Prob: 0.01861%
175 code (73E87H-78EHPP5) checked. Verified: 43225. isIdOk: 8. Prob: 0.01851%
176 code (72HE7H-78EH179) checked. Verified: 43472. isIdOk: 8. Prob: 0.0184%
177 code (7K977H-78EH196) checked. Verified: 43719. isIdOk: 8. Prob: 0.0183%
178 code (7EB27H-78EH1XA) checked. Verified: 43966. isIdOk: 8. Prob: 0.0182%
179 code (7H6B7H-78EHAX5) checked. Verified: 44213. isIdOk: 8. Prob: 0.01809%
180 code (726P7H-78EHA0E) checked. Verified: 44460. isIdOk: 8. Prob: 0.01799%
181 code (7C577H-78EHMHT) checked. Verified: 44707. isIdOk: 8. Prob: 0.01789%
182 code (C77X7H-78EHM0T) checked. Verified: 44954. isIdOk: 8. Prob: 0.0178%
183 code (78347H-78EHXAX) checked. Verified: 45201. isIdOk: 8. Prob: 0.0177%
184 code (7MM87H-78EH8AK) checked. Verified: 45448. isIdOk: 8. Prob: 0.0176%
185 code (7HB87H-78EHBHB) checked. Verified: 45695. isIdOk: 8. Prob: 0.01751%
186 code (7C9P7H-78EHBA4) checked. Verified: 45942. isIdOk: 8. Prob: 0.01741%
187 code (7T557H-78EHBX5) checked. Verified: 46189. isIdOk: 8. Prob: 0.01732%
188 code (7PBK7H-78EH46T) checked. Verified: 46436. isIdOk: 9. Prob: 0.01938%
189 code (C3T27H-78EH4MC) checked. Verified: 46683. isIdOk: 9. Prob: 0.01928%
190 code (7EA77H-78EH400) checked. Verified: 46930. isIdOk: 9. Prob: 0.01918%
191 code (7K6M7H-78EH05T) checked. Verified: 47177. isIdOk: 9. Prob: 0.01908%
192 code (79AK7H-78E37CM) checked. Verified: 47424. isIdOk: 9. Prob: 0.01898%
193 code (C0C07H-78E37M6) checked. Verified: 47671. isIdOk: 9. Prob: 0.01888%
194 code (75257H-78E3C23) checked. Verified: 47918. isIdOk: 9. Prob: 0.01878%
195 code (7A5T7H-78E3C69) checked. Verified: 48165. isIdOk: 9. Prob: 0.01869%
196 code (74XT7H-78E3HH3) checked. Verified: 48412. isIdOk: 9. Prob: 0.01859%
197 code (77727H-78E33H1) checked. Verified: 48659. isIdOk: 9. Prob: 0.0185%
198 code (778A7H-78E3340) checked. Verified: 48906. isIdOk: 9. Prob: 0.0184%
199 code (72H97H-78E3TMT) checked. Verified: 49153. isIdOk: 9. Prob: 0.01831%
200 code (C7H97H-78E35M4) checked. Verified: 49400. isIdOk: 9. Prob: 0.01822%
201 code (73677H-78E32AM) checked. Verified: 49647. isIdOk: 9. Prob: 0.01813%
202 code (7H707H-78E3EK1) checked. Verified: 49894. isIdOk: 10. Prob: 0.02004%
203 code (763C7H-78E36E3) checked. Verified: 50141. isIdOk: 10. Prob: 0.01994%
204 code (7AE67H-78E36A1) checked. Verified: 50388. isIdOk: 10. Prob: 0.01985%
205 code (73H07H-78E39E6) checked. Verified: 50635. isIdOk: 10. Prob: 0.01975%
206 code (78EA7H-78E39XB) checked. Verified: 50882. isIdOk: 10. Prob: 0.01965%
207 code (7BTE7H-78E3KKX) checked. Verified: 51129. isIdOk: 11. Prob: 0.02151%
208 code (CXEE7H-78E3P60) checked. Verified: 51376. isIdOk: 11. Prob: 0.02141%
209 code (7E1H7H-78E3128) checked. Verified: 51623. isIdOk: 11. Prob: 0.02131%
210 code (75CH7H-78E3A31) checked. Verified: 51870. isIdOk: 11. Prob: 0.02121%
211 code (75ET7H-78E3A91) checked. Verified: 52117. isIdOk: 11. Prob: 0.02111%
212 code (75HK7H-78E3MCA) checked. Verified: 52364. isIdOk: 11. Prob: 0.02101%
213 code (7KKC7H-78E3M54) checked. Verified: 52611. isIdOk: 11. Prob: 0.02091%
214 code (78407H-78E3MKB) checked. Verified: 52858. isIdOk: 11. Prob: 0.02081%
215 code (77C07H-78E3XCE) checked. Verified: 53105. isIdOk: 11. Prob: 0.02071%
216 code (7TX17H-78E3XP6) checked. Verified: 53352. isIdOk: 11. Prob: 0.02062%
217 code (73397H-78E38CM) checked. Verified: 53599. isIdOk: 11. Prob: 0.02052%
218 code (75M37H-78E3BHC) checked. Verified: 53846. isIdOk: 12. Prob: 0.02229%
219 code (7X737H-78E3B21) checked. Verified: 54093. isIdOk: 12. Prob: 0.02218%
220 code (77777H-78E34H4) checked. Verified: 54340. isIdOk: 12. Prob: 0.02208%
221 code (77MC7H-78E342X) checked. Verified: 54587. isIdOk: 12. Prob: 0.02198%
222 code (C3CE7H-78E302K) checked. Verified: 54834. isIdOk: 13. Prob: 0.02371%
223 code (7BC37H-78E3088) checked. Verified: 55081. isIdOk: 13. Prob: 0.0236%
224 code (79477H-78ET785) checked. Verified: 55328. isIdOk: 13. Prob: 0.0235%
225 code (C7637H-78ETCKX) checked. Verified: 55575. isIdOk: 13. Prob: 0.02339%
226 code (7PM87H-78ETH9C) checked. Verified: 55822. isIdOk: 13. Prob: 0.02329%
227 code (75PT7H-78ETHK2) checked. Verified: 56069. isIdOk: 13. Prob: 0.02319%
228 code (78TP7H-78ETHPB) checked. Verified: 56316. isIdOk: 13. Prob: 0.02308%
229 code (79X87H-78ET33H) checked. Verified: 56563. isIdOk: 13. Prob: 0.02298%
230 code (7H1A7H-78ET316) checked. Verified: 56810. isIdOk: 13. Prob: 0.02288%
231 code (H7047H-78ETT36) checked. Verified: 57057. isIdOk: 13. Prob: 0.02278%
232 code (73837H-78ETTMM) checked. Verified: 57304. isIdOk: 13. Prob: 0.02269%
233 code (7B797H-78ET5EM) checked. Verified: 57551. isIdOk: 13. Prob: 0.02259%
234 code (7CAP7H-78ET56P) checked. Verified: 57798. isIdOk: 13. Prob: 0.02249%
235 code (7T817H-78ET256) checked. Verified: 58045. isIdOk: 13. Prob: 0.0224%
236 code (71037H-78ET2B0) checked. Verified: 58292. isIdOk: 13. Prob: 0.0223%
237 code (72767H-78ETEB1) checked. Verified: 58539. isIdOk: 13. Prob: 0.02221%
238 code (787T7H-78ET6BK) checked. Verified: 58786. isIdOk: 13. Prob: 0.02211%
239 code (7CCM7H-78ET9C8) checked. Verified: 59033. isIdOk: 13. Prob: 0.02202%
240 code (71TK7H-78ET9MB) checked. Verified: 59280. isIdOk: 13. Prob: 0.02193%
241 code (CCA77H-78ETK77) checked. Verified: 59527. isIdOk: 13. Prob: 0.02184%
242 code (77P37H-78ETK25) checked. Verified: 59774. isIdOk: 13. Prob: 0.02175%
243 code (766K7H-78ETPT4) checked. Verified: 60021. isIdOk: 13. Prob: 0.02166%
244 code (CA2K7H-78ETPAE) checked. Verified: 60268. isIdOk: 13. Prob: 0.02157%
245 code (72X17H-78ET1KP) checked. Verified: 60515. isIdOk: 13. Prob: 0.02148%
246 code (7K8P7H-78ET14M) checked. Verified: 60762. isIdOk: 13. Prob: 0.02139%
247 code (7E767H-78ETAB0) checked. Verified: 61009. isIdOk: 13. Prob: 0.02131%
248 code (77XM7H-78ETMHA) checked. Verified: 61256. isIdOk: 13. Prob: 0.02122%
249 code (708M7H-78ETM34) checked. Verified: 61503. isIdOk: 13. Prob: 0.02114%
250 code (75E07H-78ETXCH) checked. Verified: 61750. isIdOk: 13. Prob: 0.02105%
251 code (7TPC7H-78ETXP6) checked. Verified: 61997. isIdOk: 13. Prob: 0.02097%
252 code (C7437H-78ET86K) checked. Verified: 62244. isIdOk: 13. Prob: 0.02089%
253 code (78807H-78ET8XA) checked. Verified: 62491. isIdOk: 13. Prob: 0.0208%
254 code (76397H-78ETBC4) checked. Verified: 62738. isIdOk: 13. Prob: 0.02072%
255 code (77PP7H-78ETB88) checked. Verified: 62985. isIdOk: 13. Prob: 0.02064%
256 code (79C97H-78ET418) checked. Verified: 63232. isIdOk: 13. Prob: 0.02056%
257 code (C8A17H-78ET4MM) checked. Verified: 63479. isIdOk: 14. Prob: 0.02205%
258 code (74067H-78ET486) checked. Verified: 63726. isIdOk: 14. Prob: 0.02197%
259 code (7H4E7H-78ET0TC) checked. Verified: 63973. isIdOk: 14. Prob: 0.02188%
260 code (72197H-78ET02E) checked. Verified: 64220. isIdOk: 14. Prob: 0.0218%
261 code (7T2X7H-78ET085) checked. Verified: 64467. isIdOk: 14. Prob: 0.02172%
262 code (710C7H-78E57K7) checked. Verified: 64714. isIdOk: 14. Prob: 0.02163%
263 code (73B67H-78E57P0) checked. Verified: 64961. isIdOk: 14. Prob: 0.02155%
264 code (HT997H-78E5717) checked. Verified: 65208. isIdOk: 14. Prob: 0.02147%
265 code (7H117H-78E574K) checked. Verified: 65455. isIdOk: 15. Prob: 0.02292%
266 code (7HEC7H-78E5C55) checked. Verified: 65702. isIdOk: 15. Prob: 0.02283%
267 code (774M7H-78E5C9B) checked. Verified: 65949. isIdOk: 15. Prob: 0.02274%
268 code (732P7H-78E5H93) checked. Verified: 66196. isIdOk: 15. Prob: 0.02266%
269 code (7M677H-78E53T1) checked. Verified: 66443. isIdOk: 15. Prob: 0.02258%
270 code (7TT17H-78E531H) checked. Verified: 66690. isIdOk: 15. Prob: 0.02249%
271 code (7EEC7H-78E53A8) checked. Verified: 66937. isIdOk: 15. Prob: 0.02241%
272 code (C0177H-78E530T) checked. Verified: 67184. isIdOk: 15. Prob: 0.02233%
273 code (7HBP7H-78E5T3C) checked. Verified: 67431. isIdOk: 15. Prob: 0.02224%
274 code (73X87H-78E5TMX) checked. Verified: 67678. isIdOk: 15. Prob: 0.02216%
275 code (7BTA7H-78E5567) checked. Verified: 67925. isIdOk: 15. Prob: 0.02208%
276 code (73CB7H-78E55A9) checked. Verified: 68172. isIdOk: 15. Prob: 0.022%
277 code (70BT7H-78E5542) checked. Verified: 68419. isIdOk: 15. Prob: 0.02192%
278 code (7EX47H-78E5203) checked. Verified: 68666. isIdOk: 15. Prob: 0.02184%
279 code (7X267H-78E5E8X) checked. Verified: 68913. isIdOk: 15. Prob: 0.02177%
280 code (7B6T7H-78E569K) checked. Verified: 69160. isIdOk: 15. Prob: 0.02169%
281 code (77T27H-78E59EK) checked. Verified: 69407. isIdOk: 15. Prob: 0.02161%
282 code (76427H-78E59M9) checked. Verified: 69654. isIdOk: 15. Prob: 0.02154%
283 code (7PAP7H-78E5K25) checked. Verified: 69901. isIdOk: 15. Prob: 0.02146%
284 code (7MKH7H-78E5K22) checked. Verified: 70148. isIdOk: 15. Prob: 0.02138%
285 code (7CXT7H-78E5PC4) checked. Verified: 70395. isIdOk: 15. Prob: 0.02131%
286 code (737C7H-78E5PP3) checked. Verified: 70642. isIdOk: 15. Prob: 0.02123%
287 code (7EA87H-78E51K5) checked. Verified: 70889. isIdOk: 15. Prob: 0.02116%
288 code (7HB07H-78E511K) checked. Verified: 71136. isIdOk: 16. Prob: 0.02249%
289 code (7E597H-78E5A65) checked. Verified: 71383. isIdOk: 16. Prob: 0.02241%
290 code (7PH47H-78E5MTH) checked. Verified: 71630. isIdOk: 16. Prob: 0.02234%
291 code (7AXH7H-78E5X78) checked. Verified: 71877. isIdOk: 16. Prob: 0.02226%
292 code (73K07H-78E5XX7) checked. Verified: 72124. isIdOk: 16. Prob: 0.02218%
293 code (7PP57H-78E58AX) checked. Verified: 72371. isIdOk: 16. Prob: 0.02211%
294 code (77TB7H-78E58AB) checked. Verified: 72618. isIdOk: 17. Prob: 0.02341%
295 code (7M577H-78E5BKB) checked. Verified: 72865. isIdOk: 18. Prob: 0.0247%
296 code (7EC77H-78E5BXC) checked. Verified: 73112. isIdOk: 18. Prob: 0.02462%
297 code (CH607H-78E54MC) checked. Verified: 73359. isIdOk: 18. Prob: 0.02454%
298 code (77T77H-78E54MH) checked. Verified: 73606. isIdOk: 18. Prob: 0.02445%
299 code (76867H-78E5028) checked. Verified: 73853. isIdOk: 18. Prob: 0.02437%
300 code (C6MP7H-78E27TP) checked. Verified: 74100. isIdOk: 18. Prob: 0.02429%
301 code (7A717H-78E2CHP) checked. Verified: 74347. isIdOk: 19. Prob: 0.02556%
302 code (7C017H-78E2H7H) checked. Verified: 74594. isIdOk: 19. Prob: 0.02547%
303 code (73687H-78E2H1B) checked. Verified: 74841. isIdOk: 19. Prob: 0.02539%
304 code (757M7H-78E2H82) checked. Verified: 75088. isIdOk: 19. Prob: 0.0253%
305 code (7CK57H-78E239K) checked. Verified: 75335. isIdOk: 19. Prob: 0.02522%
306 code (7A7A7H-78E239X) checked. Verified: 75582. isIdOk: 19. Prob: 0.02514%
307 code (70PA7H-78E238B) checked. Verified: 75829. isIdOk: 19. Prob: 0.02506%
308 code (75E47H-78E2T6A) checked. Verified: 76076. isIdOk: 19. Prob: 0.02498%
309 code (75H77H-78E255T) checked. Verified: 76323. isIdOk: 19. Prob: 0.02489%
310 code (75827H-78E25K5) checked. Verified: 76570. isIdOk: 19. Prob: 0.02481%
311 code (7B7T7H-78E2234) checked. Verified: 76817. isIdOk: 19. Prob: 0.02473%
312 code (77837H-78E22KM) checked. Verified: 77064. isIdOk: 19. Prob: 0.02465%
313 code (79327H-78E2EK2) checked. Verified: 77311. isIdOk: 19. Prob: 0.02458%
314 code (7CC07H-78E26H9) checked. Verified: 77558. isIdOk: 19. Prob: 0.0245%
315 code (756X7H-78E2639) checked. Verified: 77805. isIdOk: 19. Prob: 0.02442%
316 code (7HX67H-78E2625) checked. Verified: 78052. isIdOk: 20. Prob: 0.02562%
317 code (CTM17H-78E2979) checked. Verified: 78299. isIdOk: 20. Prob: 0.02554%
318 code (H56T7H-78E2955) checked. Verified: 78546. isIdOk: 20. Prob: 0.02546%
319 code (7E1C7H-78E2KT6) checked. Verified: 78793. isIdOk: 20. Prob: 0.02538%
320 code (7CCX7H-78E2P39) checked. Verified: 79040. isIdOk: 20. Prob: 0.0253%
321 code (CPAP7H-78E21CB) checked. Verified: 79287. isIdOk: 20. Prob: 0.02522%
322 code (CHAP7H-78E2AHC) checked. Verified: 79534. isIdOk: 20. Prob: 0.02515%
323 code (72C37H-78E2AT2) checked. Verified: 79781. isIdOk: 20. Prob: 0.02507%
324 code (79667H-78E2AEB) checked. Verified: 80028. isIdOk: 20. Prob: 0.02499%
325 code (753A7H-78E2AM1) checked. Verified: 80275. isIdOk: 20. Prob: 0.02491%
326 code (CCKK7H-78E2M99) checked. Verified: 80522. isIdOk: 20. Prob: 0.02484%
327 code (7CT67H-78E2XT0) checked. Verified: 80769. isIdOk: 20. Prob: 0.02476%
328 code (72T57H-78E28T7) checked. Verified: 81016. isIdOk: 20. Prob: 0.02469%
329 code (7P3H7H-78E28AE) checked. Verified: 81263. isIdOk: 20. Prob: 0.02461%
330 code (7H9T7H-78E28A0) checked. Verified: 81510. isIdOk: 20. Prob: 0.02454%
331 code (7ECH7H-78E2BP4) checked. Verified: 81757. isIdOk: 20. Prob: 0.02446%
332 code (36347H-78E2BB3) checked. Verified: 82004. isIdOk: 21. Prob: 0.02561%
333 code (70347H-78E2B0P) checked. Verified: 82251. isIdOk: 21. Prob: 0.02553%
334 code (CPE67H-78E2077) checked. Verified: 82498. isIdOk: 21. Prob: 0.02546%
335 code (73K47H-78E207C) checked. Verified: 82745. isIdOk: 21. Prob: 0.02538%
336 code (77KH7H-78E203M) checked. Verified: 82992. isIdOk: 21. Prob: 0.0253%
337 code (74P97H-78E20XX) checked. Verified: 83239. isIdOk: 21. Prob: 0.02523%
338 code (77B47H-78EE7TT) checked. Verified: 83486. isIdOk: 21. Prob: 0.02515%
339 code (77457H-78EE741) checked. Verified: 83733. isIdOk: 21. Prob: 0.02508%
340 code (774K7H-78EEC58) checked. Verified: 83980. isIdOk: 21. Prob: 0.02501%
341 code (712M7H-78EEHCP) checked. Verified: 84227. isIdOk: 21. Prob: 0.02493%
342 code (77T77H-78EE375) checked. Verified: 84474. isIdOk: 21. Prob: 0.02486%
343 code (7HH57H-78EE39K) checked. Verified: 84721. isIdOk: 21. Prob: 0.02479%
344 code (77TT7H-78EE3A9) checked. Verified: 84968. isIdOk: 21. Prob: 0.02472%
345 code (76A77H-78EETP7) checked. Verified: 85215. isIdOk: 21. Prob: 0.02464%
346 code (79847H-78EE5PC) checked. Verified: 85462. isIdOk: 21. Prob: 0.02457%
347 code (7EE87H-78EE22H) checked. Verified: 85709. isIdOk: 21. Prob: 0.0245%
348 code (7BX57H-78EEE2H) checked. Verified: 85956. isIdOk: 21. Prob: 0.02443%
349 code (77627H-78EE6C0) checked. Verified: 86203. isIdOk: 21. Prob: 0.02436%
350 code (77CA7H-78EE62X) checked. Verified: 86450. isIdOk: 21. Prob: 0.02429%
351 code (7KE07H-78EE6XM) checked. Verified: 86697. isIdOk: 21. Prob: 0.02422%
352 code (7C197H-78EE9A9) checked. Verified: 86944. isIdOk: 21. Prob: 0.02415%
353 code (7HH27H-78EEK22) checked. Verified: 87191. isIdOk: 21. Prob: 0.02409%
354 code (7XE77H-78EEK45) checked. Verified: 87438. isIdOk: 21. Prob: 0.02402%
355 code (7HT67H-78EEPH5) checked. Verified: 87685. isIdOk: 21. Prob: 0.02395%
356 code (C20H7H-78EEP3A) checked. Verified: 87932. isIdOk: 21. Prob: 0.02388%
357 code (7BET7H-78EEPX1) checked. Verified: 88179. isIdOk: 21. Prob: 0.02382%
358 code (7T0X7H-78EE1KA) checked. Verified: 88426. isIdOk: 21. Prob: 0.02375%
359 code (72HB7H-78EEA90) checked. Verified: 88673. isIdOk: 21. Prob: 0.02368%
360 code (7E357H-78EEME7) checked. Verified: 88920. isIdOk: 21. Prob: 0.02362%
361 code (7P4E7H-78EEM64) checked. Verified: 89167. isIdOk: 21. Prob: 0.02355%
362 code (7TTC7H-78EEM60) checked. Verified: 89414. isIdOk: 21. Prob: 0.02349%
363 code (713X7H-78EEM4E) checked. Verified: 89661. isIdOk: 21. Prob: 0.02342%
364 code (7EE67H-78EEX5A) checked. Verified: 89908. isIdOk: 21. Prob: 0.02336%
365 code (76P57H-78EEXBE) checked. Verified: 90155. isIdOk: 21. Prob: 0.02329%
366 code (7X7H7H-78EEXB8) checked. Verified: 90402. isIdOk: 21. Prob: 0.02323%
367 code (CPP77H-78EEX0B) checked. Verified: 90649. isIdOk: 21. Prob: 0.02317%
368 code (7C8H7H-78EE8P0) checked. Verified: 90896. isIdOk: 21. Prob: 0.0231%
369 code (7T157H-78EEBP5) checked. Verified: 91143. isIdOk: 21. Prob: 0.02304%
370 code (CE247H-78EEB1A) checked. Verified: 91390. isIdOk: 22. Prob: 0.02407%
371 code (7MB87H-78EEBXH) checked. Verified: 91637. isIdOk: 22. Prob: 0.02401%
372 code (796E7H-78EE41A) checked. Verified: 91884. isIdOk: 22. Prob: 0.02394%
373 code (7C9M7H-78EE02P) checked. Verified: 92131. isIdOk: 22. Prob: 0.02388%
374 code (79807H-78EE04H) checked. Verified: 92378. isIdOk: 22. Prob: 0.02382%
375 code (7P2M7H-78E67P4) checked. Verified: 92625. isIdOk: 22. Prob: 0.02375%
376 code (7TPX7H-78E6C1X) checked. Verified: 92872. isIdOk: 22. Prob: 0.02369%
377 code (77CH7H-78E6HH5) checked. Verified: 93119. isIdOk: 22. Prob: 0.02363%
378 code (79K57H-78E6H9X) checked. Verified: 93366. isIdOk: 22. Prob: 0.02356%
379 code (71807H-78E6H81) checked. Verified: 93613. isIdOk: 22. Prob: 0.0235%
380 code (71KK7H-78E63ME) checked. Verified: 93860. isIdOk: 22. Prob: 0.02344%
381 code (73947H-78E6TAE) checked. Verified: 94107. isIdOk: 22. Prob: 0.02338%
382 code (7KH77H-78E6TBE) checked. Verified: 94354. isIdOk: 22. Prob: 0.02332%
383 code (79A27H-78E6T4M) checked. Verified: 94601. isIdOk: 22. Prob: 0.02326%
384 code (75HP7H-78E656H) checked. Verified: 94848. isIdOk: 22. Prob: 0.0232%
385 code (7HHK7H-78E62EP) checked. Verified: 95095. isIdOk: 22. Prob: 0.02313%
386 code (C40M7H-78E62XM) checked. Verified: 95342. isIdOk: 22. Prob: 0.02307%
387 code (76PC7H-78E6E8E) checked. Verified: 95589. isIdOk: 22. Prob: 0.02302%
388 code (H1057H-78E665C) checked. Verified: 95836. isIdOk: 22. Prob: 0.02296%
389 code (75K37H-78E695H) checked. Verified: 96083. isIdOk: 22. Prob: 0.0229%
390 code (C1207H-78E6996) checked. Verified: 96330. isIdOk: 22. Prob: 0.02284%
391 code (7TMB7H-78E69K0) checked. Verified: 96577. isIdOk: 22. Prob: 0.02278%
392 code (7C0M7H-78E690K) checked. Verified: 96824. isIdOk: 22. Prob: 0.02272%
393 code (7T547H-78E6KK1) checked. Verified: 97071. isIdOk: 22. Prob: 0.02266%
394 code (73T17H-78E6K11) checked. Verified: 97318. isIdOk: 22. Prob: 0.02261%
395 code (7T6B7H-78E6PKE) checked. Verified: 97565. isIdOk: 22. Prob: 0.02255%
396 code (7X037H-78E6PBC) checked. Verified: 97812. isIdOk: 22. Prob: 0.02249%
397 code (7K8H7H-78E61P3) checked. Verified: 98059. isIdOk: 22. Prob: 0.02244%
398 code (HH717H-78E6ACT) checked. Verified: 98306. isIdOk: 22. Prob: 0.02238%
399 code (70XA7H-78E6AA6) checked. Verified: 98553. isIdOk: 22. Prob: 0.02232%
400 code (773X7H-78E6ABX) checked. Verified: 98800. isIdOk: 22. Prob: 0.02227%
401 code (79BE7H-78E6M9C) checked. Verified: 99047. isIdOk: 22. Prob: 0.02221%
402 code (7A8K7H-78E6X3C) checked. Verified: 99294. isIdOk: 22. Prob: 0.02216%
403 code (7EE87H-78E6XAT) checked. Verified: 99541. isIdOk: 22. Prob: 0.0221%
404 code (76AM7H-78E68CA) checked. Verified: 99788. isIdOk: 22. Prob: 0.02205%
405 code (7EEX7H-78E68BH) checked. Verified: 100035. isIdOk: 23. Prob: 0.02299%
406 code (7XTC7H-78E684K) checked. Verified: 100282. isIdOk: 23. Prob: 0.02294%
407 code (C2P47H-78E6BP1) checked. Verified: 100529. isIdOk: 23. Prob: 0.02288%
408 code (7BX37H-78E6B47) checked. Verified: 100776. isIdOk: 23. Prob: 0.02282%
409 code (7H447H-78E64H5) checked. Verified: 101023. isIdOk: 23. Prob: 0.02277%
410 code (78587H-78E643K) checked. Verified: 101270. isIdOk: 23. Prob: 0.02271%
411 code (75XK7H-78E64PE) checked. Verified: 101517. isIdOk: 23. Prob: 0.02266%
412 code (728M7H-78E64XP) checked. Verified: 101764. isIdOk: 23. Prob: 0.0226%
413 code (7CX27H-78E64XB) checked. Verified: 102011. isIdOk: 23. Prob: 0.02255%
414 code (73E27H-78E60K2) checked. Verified: 102258. isIdOk: 23. Prob: 0.02249%
415 code (7CXP7H-78E975C) checked. Verified: 102505. isIdOk: 23. Prob: 0.02244%
416 code (79EX7H-78E97AB) checked. Verified: 102752. isIdOk: 23. Prob: 0.02238%
417 code (7TX47H-78E9CE2) checked. Verified: 102999. isIdOk: 23. Prob: 0.02233%
418 code (729C7H-78E9HC7) checked. Verified: 103246. isIdOk: 23. Prob: 0.02228%
419 code (76XB7H-78E937C) checked. Verified: 103493. isIdOk: 23. Prob: 0.02222%
420 code (CEB97H-78E93T3) checked. Verified: 103740. isIdOk: 23. Prob: 0.02217%
421 code (77M77H-78E9T39) checked. Verified: 103987. isIdOk: 23. Prob: 0.02212%
422 code (76K47H-78E9TX4) checked. Verified: 104234. isIdOk: 23. Prob: 0.02207%
423 code (764X7H-78E9514) checked. Verified: 104481. isIdOk: 23. Prob: 0.02201%
424 code (77C87H-78E92CK) checked. Verified: 104728. isIdOk: 23. Prob: 0.02196%
425 code (79CC7H-78E9ECP) checked. Verified: 104975. isIdOk: 23. Prob: 0.02191%
426 code (7HH17H-78E9ET0) checked. Verified: 105222. isIdOk: 23. Prob: 0.02186%
427 code (CAMM7H-78E9E0B) checked. Verified: 105469. isIdOk: 23. Prob: 0.02181%
428 code (7HA27H-78E9664) checked. Verified: 105716. isIdOk: 23. Prob: 0.02176%
429 code (79557H-78E9933) checked. Verified: 105963. isIdOk: 23. Prob: 0.02171%
430 code (7KXC7H-78E9K72) checked. Verified: 106210. isIdOk: 23. Prob: 0.02166%
431 code (7HKH7H-78E9KC3) checked. Verified: 106457. isIdOk: 23. Prob: 0.0216%
432 code (CT5H7H-78E9K19) checked. Verified: 106704. isIdOk: 23. Prob: 0.02155%
433 code (72537H-78E9PKM) checked. Verified: 106951. isIdOk: 23. Prob: 0.02151%
434 code (CCXE7H-78E9PM9) checked. Verified: 107198. isIdOk: 23. Prob: 0.02146%
435 code (7E2B7H-78E91HB) checked. Verified: 107445. isIdOk: 23. Prob: 0.02141%
436 code (774C7H-78E918A) checked. Verified: 107692. isIdOk: 23. Prob: 0.02136%
437 code (7E087H-78E9AE2) checked. Verified: 107939. isIdOk: 23. Prob: 0.02131%
438 code (76E77H-78E9A67) checked. Verified: 108186. isIdOk: 23. Prob: 0.02126%
439 code (746A7H-78E9A04) checked. Verified: 108433. isIdOk: 23. Prob: 0.02121%
440 code (7C7B7H-78E9M36) checked. Verified: 108680. isIdOk: 23. Prob: 0.02116%
441 code (7EM57H-78E9MBP) checked. Verified: 108927. isIdOk: 23. Prob: 0.02112%
442 code (7PXA7H-78E9XK6) checked. Verified: 109174. isIdOk: 23. Prob: 0.02107%
443 code (7T9K7H-78E9895) checked. Verified: 109421. isIdOk: 23. Prob: 0.02102%
444 code (761M7H-78E9B77) checked. Verified: 109668. isIdOk: 23. Prob: 0.02097%
445 code (77EB7H-78E9BTA) checked. Verified: 109915. isIdOk: 23. Prob: 0.02093%
446 code (72E07H-78E9B54) checked. Verified: 110162. isIdOk: 23. Prob: 0.02088%
447 code (CEET7H-78E9BE7) checked. Verified: 110409. isIdOk: 23. Prob: 0.02083%
448 code (77H57H-78E947H) checked. Verified: 110656. isIdOk: 23. Prob: 0.02079%
449 code (723K7H-78E94XX) checked. Verified: 110903. isIdOk: 23. Prob: 0.02074%
450 code (7T907H-78E9484) checked. Verified: 111150. isIdOk: 23. Prob: 0.02069%
451 code (7TH17H-78E90T5) checked. Verified: 111397. isIdOk: 23. Prob: 0.02065%
452 code (77MH7H-78EK7H9) checked. Verified: 111644. isIdOk: 23. Prob: 0.0206%
453 code (780P7H-78EK7X4) checked. Verified: 111891. isIdOk: 23. Prob: 0.02056%
454 code (7E787H-78EKC6E) checked. Verified: 112138. isIdOk: 23. Prob: 0.02051%
455 code (7KA47H-78EKCAH) checked. Verified: 112385. isIdOk: 23. Prob: 0.02047%
456 code (77197H-78EKHE3) checked. Verified: 112632. isIdOk: 23. Prob: 0.02042%
457 code (72777H-78EKHM8) checked. Verified: 112879. isIdOk: 23. Prob: 0.02038%
458 code (7P627H-78EK33P) checked. Verified: 113126. isIdOk: 23. Prob: 0.02033%
459 code (C43X7H-78EK3P4) checked. Verified: 113373. isIdOk: 23. Prob: 0.02029%
460 code (78667H-78EK3AH) checked. Verified: 113620. isIdOk: 23. Prob: 0.02024%
461 code (767P7H-78EKT7B) checked. Verified: 113867. isIdOk: 23. Prob: 0.0202%
462 code (52E97H-78EKT1H) checked. Verified: 114114. isIdOk: 23. Prob: 0.02016%
463 code (73A87H-78EK55T) checked. Verified: 114361. isIdOk: 23. Prob: 0.02011%
464 code (765M7H-78EK55E) checked. Verified: 114608. isIdOk: 23. Prob: 0.02007%
465 code (7K4E7H-78EK58K) checked. Verified: 114855. isIdOk: 23. Prob: 0.02003%
466 code (79EA7H-78EK281) checked. Verified: 115102. isIdOk: 23. Prob: 0.01998%
467 code (7HK37H-78EKEA2) checked. Verified: 115349. isIdOk: 23. Prob: 0.01994%
468 code (7H737H-78EK624) checked. Verified: 115596. isIdOk: 23. Prob: 0.0199%
469 code (CXH87H-78EK687) checked. Verified: 115843. isIdOk: 23. Prob: 0.01985%
470 code (7PX07H-78EK9K5) checked. Verified: 116090. isIdOk: 23. Prob: 0.01981%
471 code (7HA67H-78EKK7B) checked. Verified: 116337. isIdOk: 23. Prob: 0.01977%
472 code (72XH7H-78EKK52) checked. Verified: 116584. isIdOk: 23. Prob: 0.01973%
473 code (CP407H-78EKK0K) checked. Verified: 116831. isIdOk: 23. Prob: 0.01969%
474 code (CM3A7H-78EKPHP) checked. Verified: 117078. isIdOk: 23. Prob: 0.01965%
475 code (7K457H-78EKPMM) checked. Verified: 117325. isIdOk: 23. Prob: 0.0196%
476 code (7P837H-78EK165) checked. Verified: 117572. isIdOk: 23. Prob: 0.01956%
477 code (7HC67H-78EKA6B) checked. Verified: 117819. isIdOk: 23. Prob: 0.01952%
478 code (72XK7H-78EKAK5) checked. Verified: 118066. isIdOk: 23. Prob: 0.01948%
479 code (7P717H-78EKM2C) checked. Verified: 118313. isIdOk: 23. Prob: 0.01944%
480 code (731X7H-78EKXT7) checked. Verified: 118560. isIdOk: 23. Prob: 0.0194%
481 code (7K967H-78EKXA2) checked. Verified: 118807. isIdOk: 23. Prob: 0.01936%
482 code (7C5K7H-78EK8AC) checked. Verified: 119054. isIdOk: 23. Prob: 0.01932%
483 code (7TPK7H-78EKB5M) checked. Verified: 119301. isIdOk: 23. Prob: 0.01928%
484 code (7C5T7H-78EKBAH) checked. Verified: 119548. isIdOk: 23. Prob: 0.01924%
485 code (7H957H-78EKB01) checked. Verified: 119795. isIdOk: 23. Prob: 0.0192%
486 code (72AB7H-78EK45C) checked. Verified: 120042. isIdOk: 23. Prob: 0.01916%
487 code (7C5A7H-78EK465) checked. Verified: 120289. isIdOk: 23. Prob: 0.01912%
488 code (C4277H-78EK4AE) checked. Verified: 120536. isIdOk: 23. Prob: 0.01908%
489 code (77037H-78EK4M1) checked. Verified: 120783. isIdOk: 23. Prob: 0.01904%
490 code (7TTM7H-78EK402) checked. Verified: 121030. isIdOk: 23. Prob: 0.019%
491 code (75247H-78EK0BT) checked. Verified: 121277. isIdOk: 23. Prob: 0.01896%
492 code (7E647H-78EP7TM) checked. Verified: 121524. isIdOk: 23. Prob: 0.01893%
493 code (77T27H-78EP781) checked. Verified: 121771. isIdOk: 23. Prob: 0.01889%
494 code (7ECK7H-78EPCTC) checked. Verified: 122018. isIdOk: 23. Prob: 0.01885%
495 code (CTK37H-78EPHC5) checked. Verified: 122265. isIdOk: 23. Prob: 0.01881%
496 code (7KC37H-78EPHH5) checked. Verified: 122512. isIdOk: 23. Prob: 0.01877%
497 code (70T37H-78EPH4C) checked. Verified: 122759. isIdOk: 23. Prob: 0.01874%
498 code (773K7H-78EP3KH) checked. Verified: 123006. isIdOk: 23. Prob: 0.0187%
499 code (73BH7H-78EP31C) checked. Verified: 123253. isIdOk: 23. Prob: 0.01866%
500 code (7KMT7H-78EPTCE) checked. Verified: 123500. isIdOk: 23. Prob: 0.01862%
501 code (CE867H-78EPT2T) checked. Verified: 123747. isIdOk: 23. Prob: 0.01859%
502 code (7B4B7H-78EPTAB) checked. Verified: 123994. isIdOk: 23. Prob: 0.01855%
503 code (700C7H-78EP5H1) checked. Verified: 124241. isIdOk: 23. Prob: 0.01851%
504 code (751B7H-78EP550) checked. Verified: 124488. isIdOk: 23. Prob: 0.01848%
505 code (756M7H-78EP2H4) checked. Verified: 124735. isIdOk: 23. Prob: 0.01844%
506 code (782E7H-78EPE37) checked. Verified: 124982. isIdOk: 23. Prob: 0.0184%
507 code (77C77H-78EPEX0) checked. Verified: 125229. isIdOk: 23. Prob: 0.01837%
508 code (7K4M7H-78EPE87) checked. Verified: 125476. isIdOk: 23. Prob: 0.01833%
509 code (73PC7H-78EP6MT) checked. Verified: 125723. isIdOk: 23. Prob: 0.01829%
510 code (7C3T7H-78EP916) checked. Verified: 125970. isIdOk: 23. Prob: 0.01826%
511 code (70CA7H-78EPKT2) checked. Verified: 126217. isIdOk: 23. Prob: 0.01822%
512 code (74PA7H-78EPPC9) checked. Verified: 126464. isIdOk: 23. Prob: 0.01819%
513 code (7EPM7H-78EPPT6) checked. Verified: 126711. isIdOk: 23. Prob: 0.01815%
514 code (7TE07H-78EPP95) checked. Verified: 126958. isIdOk: 23. Prob: 0.01812%
515 code (C8EE7H-78EPPMC) checked. Verified: 127205. isIdOk: 23. Prob: 0.01808%
516 code (77837H-78EP12B) checked. Verified: 127452. isIdOk: 23. Prob: 0.01805%
517 code (C51H7H-78EP11B) checked. Verified: 127699. isIdOk: 23. Prob: 0.01801%
518 code (CCKX7H-78EPA6A) checked. Verified: 127946. isIdOk: 23. Prob: 0.01798%
519 code (722T7H-78EPAMT) checked. Verified: 128193. isIdOk: 23. Prob: 0.01794%
520 code (71537H-78EPMCX) checked. Verified: 128440. isIdOk: 23. Prob: 0.01791%
521 code (79E07H-78EPMX8) checked. Verified: 128687. isIdOk: 23. Prob: 0.01787%
522 code (738A7H-78EPMBE) checked. Verified: 128934. isIdOk: 23. Prob: 0.01784%
523 code (770T7H-78EPM4K) checked. Verified: 129181. isIdOk: 23. Prob: 0.0178%
524 code (C6B67H-78EPXE6) checked. Verified: 129428. isIdOk: 23. Prob: 0.01777%
525 code (777T7H-78EP8CP) checked. Verified: 129675. isIdOk: 23. Prob: 0.01774%
526 code (7MET7H-78EP886) checked. Verified: 129922. isIdOk: 23. Prob: 0.0177%
527 code (7P3P7H-78EP8BX) checked. Verified: 130169. isIdOk: 23. Prob: 0.01767%
528 code (77777H-78EPB9X) checked. Verified: 130416. isIdOk: 23. Prob: 0.01764%
529 code (7HXE7H-78EP49B) checked. Verified: 130663. isIdOk: 23. Prob: 0.0176%
530 code (71397H-78EP41K) checked. Verified: 130910. isIdOk: 24. Prob: 0.01833%
531 code (712B7H-78EP40E) checked. Verified: 131157. isIdOk: 24. Prob: 0.0183%
532 code (7EE77H-78EP0HT) checked. Verified: 131404. isIdOk: 24. Prob: 0.01826%
533 code (7CX37H-78EP081) checked. Verified: 131651. isIdOk: 24. Prob: 0.01823%
534 code (7AB07H-78E17X0) checked. Verified: 131898. isIdOk: 24. Prob: 0.0182%
535 code (78BK7H-78E1C9P) checked. Verified: 132145. isIdOk: 24. Prob: 0.01816%
536 code (7HE17H-78E1H2M) checked. Verified: 132392. isIdOk: 24. Prob: 0.01813%
537 code (7E7K7H-78E13C9) checked. Verified: 132639. isIdOk: 24. Prob: 0.01809%
538 code (73747H-78E13MX) checked. Verified: 132886. isIdOk: 24. Prob: 0.01806%
539 code (7P0X7H-78E13BB) checked. Verified: 133133. isIdOk: 24. Prob: 0.01803%
540 code (721M7H-78E1T47) checked. Verified: 133380. isIdOk: 24. Prob: 0.01799%
541 code (7P3E7H-78E159P) checked. Verified: 133627. isIdOk: 24. Prob: 0.01796%
542 code (C6087H-78E1519) checked. Verified: 133874. isIdOk: 24. Prob: 0.01793%
543 code (7P5M7H-78E12E4) checked. Verified: 134121. isIdOk: 24. Prob: 0.01789%
544 code (72PH7H-78E1EHK) checked. Verified: 134368. isIdOk: 24. Prob: 0.01786%
545 code (H6XB7H-78E1E2K) checked. Verified: 134615. isIdOk: 24. Prob: 0.01783%
546 code (7HB97H-78E1E9P) checked. Verified: 134862. isIdOk: 24. Prob: 0.0178%
547 code (73777H-78E167B) checked. Verified: 135109. isIdOk: 24. Prob: 0.01776%
548 code (C5TK7H-78E1662) checked. Verified: 135356. isIdOk: 24. Prob: 0.01773%
549 code (7HH77H-78E161K) checked. Verified: 135603. isIdOk: 24. Prob: 0.0177%
550 code (71C37H-78E197H) checked. Verified: 135850. isIdOk: 24. Prob: 0.01767%
551 code (7T5E7H-78E19TP) checked. Verified: 136097. isIdOk: 24. Prob: 0.01763%
552 code (7EHE7H-78E1K35) checked. Verified: 136344. isIdOk: 24. Prob: 0.0176%
553 code (77EC7H-78E1K60) checked. Verified: 136591. isIdOk: 24. Prob: 0.01757%
554 code (7K247H-78E1P98) checked. Verified: 136838. isIdOk: 24. Prob: 0.01754%
555 code (7H877H-78E1P12) checked. Verified: 137085. isIdOk: 24. Prob: 0.01751%
556 code (77507H-78E11H3) checked. Verified: 137332. isIdOk: 24. Prob: 0.01748%
557 code (739K7H-78E11P7) checked. Verified: 137579. isIdOk: 24. Prob: 0.01744%
558 code (7H907H-78E1A36) checked. Verified: 137826. isIdOk: 24. Prob: 0.01741%
559 code (7C597H-78E1AM4) checked. Verified: 138073. isIdOk: 24. Prob: 0.01738%
560 code (H02B7H-78E1A01) checked. Verified: 138320. isIdOk: 24. Prob: 0.01735%
561 code (750E7H-78E1MBA) checked. Verified: 138567. isIdOk: 24. Prob: 0.01732%
562 code (7T9B7H-78E1XCX) checked. Verified: 138814. isIdOk: 24. Prob: 0.01729%
563 code (C1PA7H-78E187E) checked. Verified: 139061. isIdOk: 24. Prob: 0.01726%
564 code (7EC47H-78E187K) checked. Verified: 139308. isIdOk: 24. Prob: 0.01723%
565 code (7XKM7H-78E1818) checked. Verified: 139555. isIdOk: 24. Prob: 0.0172%
566 code (76AP7H-78E1B59) checked. Verified: 139802. isIdOk: 24. Prob: 0.01717%
567 code (76EX7H-78E1B0B) checked. Verified: 140049. isIdOk: 24. Prob: 0.01714%
568 code (7H497H-78E145M) checked. Verified: 140296. isIdOk: 24. Prob: 0.01711%
569 code (CKXP7H-78E144B) checked. Verified: 140543. isIdOk: 24. Prob: 0.01708%
570 code (71T57H-78E100K) checked. Verified: 140790. isIdOk: 24. Prob: 0.01705%
571 code (76EK7H-78EA7M1) checked. Verified: 141037. isIdOk: 24. Prob: 0.01702%
572 code (7TE07H-78EACE8) checked. Verified: 141284. isIdOk: 24. Prob: 0.01699%
573 code (7C367H-78EAH70) checked. Verified: 141531. isIdOk: 24. Prob: 0.01696%
574 code (7E617H-78EA37B) checked. Verified: 141778. isIdOk: 24. Prob: 0.01693%
575 code (7E9C7H-78EA3P0) checked. Verified: 142025. isIdOk: 24. Prob: 0.0169%
576 code (7M367H-78EATK8) checked. Verified: 142272. isIdOk: 24. Prob: 0.01687%
577 code (78107H-78EA5PK) checked. Verified: 142519. isIdOk: 24. Prob: 0.01684%
578 code (7X737H-78EA299) checked. Verified: 142766. isIdOk: 24. Prob: 0.01681%
579 code (723H7H-78EAE72) checked. Verified: 143013. isIdOk: 24. Prob: 0.01678%
580 code (792H7H-78EAEBH) checked. Verified: 143260. isIdOk: 24. Prob: 0.01675%
581 code (77MT7H-78EA647) checked. Verified: 143507. isIdOk: 24. Prob: 0.01672%
582 code (7P037H-78EA96A) checked. Verified: 143754. isIdOk: 24. Prob: 0.0167%
583 code (735C7H-78EA9AA) checked. Verified: 144001. isIdOk: 24. Prob: 0.01667%
584 code (7BCC7H-78EAK9K) checked. Verified: 144248. isIdOk: 24. Prob: 0.01664%
585 code (7CT97H-78EAPHK) checked. Verified: 144495. isIdOk: 24. Prob: 0.01661%
586 code (CK247H-78EA176) checked. Verified: 144742. isIdOk: 24. Prob: 0.01658%
587 code (77397H-78EA1M1) checked. Verified: 144989. isIdOk: 24. Prob: 0.01655%
588 code (7BCB7H-78EAAAE) checked. Verified: 145236. isIdOk: 24. Prob: 0.01652%
589 code (775T7H-78EAM1A) checked. Verified: 145483. isIdOk: 24. Prob: 0.0165%
590 code (CP097H-78EAMXB) checked. Verified: 145730. isIdOk: 24. Prob: 0.01647%
591 code (7HK07H-78EAXE7) checked. Verified: 145977. isIdOk: 24. Prob: 0.01644%
592 code (CT3X7H-78EAX9E) checked. Verified: 146224. isIdOk: 24. Prob: 0.01641%
593 code (72H37H-78EAXK1) checked. Verified: 146471. isIdOk: 24. Prob: 0.01639%
594 code (7H397H-78EA8C1) checked. Verified: 146718. isIdOk: 24. Prob: 0.01636%
595 code (7C8B7H-78EA8BH) checked. Verified: 146965. isIdOk: 24. Prob: 0.01633%
596 code (7KBK7H-78EABXE) checked. Verified: 147212. isIdOk: 24. Prob: 0.0163%
597 code (7MPH7H-78EA467) checked. Verified: 147459. isIdOk: 24. Prob: 0.01628%
598 code (7KBT7H-78EA492) checked. Verified: 147706. isIdOk: 24. Prob: 0.01625%
599 code (C68H7H-78EA49E) checked. Verified: 147953. isIdOk: 24. Prob: 0.01622%
600 code (76B17H-78EA40C) checked. Verified: 148200. isIdOk: 24. Prob: 0.01619%
601 code (72377H-78EA03B) checked. Verified: 148447. isIdOk: 25. Prob: 0.01684%
602 code (7AA87H-78EA0MT) checked. Verified: 148694. isIdOk: 25. Prob: 0.01681%
603 code (CP0A7H-78EA04P) checked. Verified: 148941. isIdOk: 25. Prob: 0.01679%
604 code (CPAM7H-78EM7HE) checked. Verified: 149188. isIdOk: 25. Prob: 0.01676%
605 code (7T077H-78EM7XX) checked. Verified: 149435. isIdOk: 25. Prob: 0.01673%
606 code (73CA7H-78EMCTC) checked. Verified: 149682. isIdOk: 25. Prob: 0.0167%
607 code (77XC7H-78EMH3T) checked. Verified: 149929. isIdOk: 25. Prob: 0.01667%
608 code (72HP7H-78EMHEE) checked. Verified: 150176. isIdOk: 25. Prob: 0.01665%
609 code (7XHP7H-78EMH4C) checked. Verified: 150423. isIdOk: 25. Prob: 0.01662%
610 code (710T7H-78EM323) checked. Verified: 150670. isIdOk: 25. Prob: 0.01659%
611 code (7K767H-78EMT37) checked. Verified: 150917. isIdOk: 25. Prob: 0.01657%
612 code (C9C47H-78EMTK7) checked. Verified: 151164. isIdOk: 25. Prob: 0.01654%
613 code (C5BX7H-78EM5KT) checked. Verified: 151411. isIdOk: 25. Prob: 0.01651%
614 code (7EHM7H-78EM2HT) checked. Verified: 151658. isIdOk: 25. Prob: 0.01648%
615 code (77517H-78EM29C) checked. Verified: 151905. isIdOk: 25. Prob: 0.01646%
616 code (7HAH7H-78EM2A6) checked. Verified: 152152. isIdOk: 25. Prob: 0.01643%
617 code (79BH7H-78EM2BC) checked. Verified: 152399. isIdOk: 25. Prob: 0.0164%
618 code (7PKE7H-78EMEE3) checked. Verified: 152646. isIdOk: 25. Prob: 0.01638%
619 code (7H587H-78EM6EA) checked. Verified: 152893. isIdOk: 25. Prob: 0.01635%
620 code (C7X67H-78EM6P6) checked. Verified: 153140. isIdOk: 25. Prob: 0.01632%
621 code (777E7H-78EM9K3) checked. Verified: 153387. isIdOk: 25. Prob: 0.0163%
622 code (78797H-78EM9B3) checked. Verified: 153634. isIdOk: 25. Prob: 0.01627%
623 code (750K7H-78EM90A) checked. Verified: 153881. isIdOk: 25. Prob: 0.01625%
624 code (779A7H-78EMKXC) checked. Verified: 154128. isIdOk: 25. Prob: 0.01622%
625 code (7H747H-78EMPHB) checked. Verified: 154375. isIdOk: 25. Prob: 0.01619%
626 code (7T8X7H-78EMP97) checked. Verified: 154622. isIdOk: 25. Prob: 0.01617%
627 code (CH1X7H-78EM195) checked. Verified: 154869. isIdOk: 25. Prob: 0.01614%
628 code (77TT7H-78EM1XX) checked. Verified: 155116. isIdOk: 25. Prob: 0.01612%
629 code (742B7H-78EMA3T) checked. Verified: 155363. isIdOk: 25. Prob: 0.01609%
630 code (CEM77H-78EMAEB) checked. Verified: 155610. isIdOk: 26. Prob: 0.01671%
631 code (7TC37H-78EMA14) checked. Verified: 155857. isIdOk: 26. Prob: 0.01668%
632 code (C7147H-78EMM7C) checked. Verified: 156104. isIdOk: 26. Prob: 0.01666%
633 code (7H0K7H-78EMM3M) checked. Verified: 156351. isIdOk: 26. Prob: 0.01663%
634 code (759M7H-78EMMX8) checked. Verified: 156598. isIdOk: 26. Prob: 0.0166%
635 code (7EHC7H-78EMM04) checked. Verified: 156845. isIdOk: 26. Prob: 0.01658%
636 code (77637H-78EMXP7) checked. Verified: 157092. isIdOk: 26. Prob: 0.01655%
637 code (7CAP7H-78EM8P3) checked. Verified: 157339. isIdOk: 26. Prob: 0.01652%
638 code (7A4K7H-78EM848) checked. Verified: 157586. isIdOk: 26. Prob: 0.0165%
639 code (74357H-78EMB47) checked. Verified: 157833. isIdOk: 26. Prob: 0.01647%
640 code (CB117H-78EM4K4) checked. Verified: 158080. isIdOk: 26. Prob: 0.01645%
641 code (77AX7H-78EM481) checked. Verified: 158327. isIdOk: 26. Prob: 0.01642%
642 code (72C77H-78EM0H6) checked. Verified: 158574. isIdOk: 26. Prob: 0.0164%
643 code (7C6C7H-78EM089) checked. Verified: 158821. isIdOk: 26. Prob: 0.01637%
644 code (7ABA7H-78EX791) checked. Verified: 159068. isIdOk: 26. Prob: 0.01635%
645 code (71AK7H-78EX7BX) checked. Verified: 159315. isIdOk: 26. Prob: 0.01632%
646 code (793B7H-78EXC1T) checked. Verified: 159562. isIdOk: 26. Prob: 0.01629%
647 code (73AX7H-78EXHET) checked. Verified: 159809. isIdOk: 26. Prob: 0.01627%
648 code (7KMT7H-78EXHKA) checked. Verified: 160056. isIdOk: 26. Prob: 0.01624%
649 code (C6MM7H-78EXHM2) checked. Verified: 160303. isIdOk: 26. Prob: 0.01622%
650 code (7X7A7H-78EX3A1) checked. Verified: 160550. isIdOk: 26. Prob: 0.01619%
651 code (7HEM7H-78EXT90) checked. Verified: 160797. isIdOk: 26. Prob: 0.01617%
652 code (738T7H-78EX5C4) checked. Verified: 161044. isIdOk: 26. Prob: 0.01614%
653 code (72217H-78EX5HP) checked. Verified: 161291. isIdOk: 26. Prob: 0.01612%
654 code (73757H-78EX5PC) checked. Verified: 161538. isIdOk: 26. Prob: 0.0161%
655 code (73TM7H-78EX269) checked. Verified: 161785. isIdOk: 26. Prob: 0.01607%
656 code (73B77H-78EX20X) checked. Verified: 162032. isIdOk: 26. Prob: 0.01605%
657 code (7MAP7H-78EXE3K) checked. Verified: 162279. isIdOk: 26. Prob: 0.01602%
658 code (CC1E7H-78EXE6X) checked. Verified: 162526. isIdOk: 26. Prob: 0.016%
659 code (7E9P7H-78EX65A) checked. Verified: 162773. isIdOk: 26. Prob: 0.01597%
660 code (7H2M7H-78EX65B) checked. Verified: 163020. isIdOk: 26. Prob: 0.01595%
661 code (71MA7H-78EX9C9) checked. Verified: 163267. isIdOk: 26. Prob: 0.01592%
662 code (7A067H-78EX995) checked. Verified: 163514. isIdOk: 26. Prob: 0.0159%
663 code (73K47H-78EX914) checked. Verified: 163761. isIdOk: 26. Prob: 0.01588%
664 code (CC027H-78EX906) checked. Verified: 164008. isIdOk: 26. Prob: 0.01585%
665 code (72697H-78EXK4A) checked. Verified: 164255. isIdOk: 26. Prob: 0.01583%
666 code (7T637H-78EXPTH) checked. Verified: 164502. isIdOk: 26. Prob: 0.01581%
667 code (HE087H-78EXPE4) checked. Verified: 164749. isIdOk: 26. Prob: 0.01578%
668 code (7EBP7H-78EXPKK) checked. Verified: 164996. isIdOk: 26. Prob: 0.01576%
669 code (77997H-78EX13X) checked. Verified: 165243. isIdOk: 26. Prob: 0.01573%
670 code (7B797H-78EX19A) checked. Verified: 165490. isIdOk: 26. Prob: 0.01571%
671 code (7C837H-78EXAC1) checked. Verified: 165737. isIdOk: 26. Prob: 0.01569%
672 code (C73E7H-78EXA98) checked. Verified: 165984. isIdOk: 26. Prob: 0.01566%
673 code (742T7H-78EXM6P) checked. Verified: 166231. isIdOk: 26. Prob: 0.01564%
674 code (7M137H-78EXM48) checked. Verified: 166478. isIdOk: 26. Prob: 0.01562%
675 code (CE2M7H-78EXXB9) checked. Verified: 166725. isIdOk: 26. Prob: 0.01559%
676 code (7PPC7H-78EX83P) checked. Verified: 166972. isIdOk: 26. Prob: 0.01557%
677 code (CC9X7H-78EX829) checked. Verified: 167219. isIdOk: 26. Prob: 0.01555%
678 code (7X877H-78EX896) checked. Verified: 167466. isIdOk: 26. Prob: 0.01553%
679 code (78HK7H-78EXBK5) checked. Verified: 167713. isIdOk: 26. Prob: 0.0155%
680 code (74T77H-78EX466) checked. Verified: 167960. isIdOk: 26. Prob: 0.01548%
681 code (77E67H-78EX0E1) checked. Verified: 168207. isIdOk: 26. Prob: 0.01546%
682 code (7ECT7H-78EX0B6) checked. Verified: 168454. isIdOk: 26. Prob: 0.01543%
683 code (7ECX7H-78E876M) checked. Verified: 168701. isIdOk: 26. Prob: 0.01541%
684 code (7EKA7H-78E87X3) checked. Verified: 168948. isIdOk: 26. Prob: 0.01539%
685 code (7C4A7H-78E8CX6) checked. Verified: 169195. isIdOk: 26. Prob: 0.01537%
686 code (79E17H-78E8HP2) checked. Verified: 169442. isIdOk: 26. Prob: 0.01534%
687 code (789E7H-78E8322) checked. Verified: 169689. isIdOk: 26. Prob: 0.01532%
688 code (77B37H-78E836T) checked. Verified: 169936. isIdOk: 26. Prob: 0.0153%
689 code (7H877H-78E8TEP) checked. Verified: 170183. isIdOk: 26. Prob: 0.01528%
690 code (79PA7H-78E8TPT) checked. Verified: 170430. isIdOk: 26. Prob: 0.01526%
691 code (73177H-78E85KX) checked. Verified: 170677. isIdOk: 26. Prob: 0.01523%
692 code (721X7H-78E85A6) checked. Verified: 170924. isIdOk: 26. Prob: 0.01521%
693 code (7CPX7H-78E82A0) checked. Verified: 171171. isIdOk: 26. Prob: 0.01519%
694 code (7B4A7H-78E8243) checked. Verified: 171418. isIdOk: 26. Prob: 0.01517%
695 code (7C7M7H-78E8ETC) checked. Verified: 171665. isIdOk: 26. Prob: 0.01515%
696 code (73K47H-78E867M) checked. Verified: 171912. isIdOk: 26. Prob: 0.01512%
697 code (755M7H-78E860M) checked. Verified: 172159. isIdOk: 26. Prob: 0.0151%
698 code (76H77H-78E89M2) checked. Verified: 172406. isIdOk: 26. Prob: 0.01508%
699 code (CB9B7H-78E8901) checked. Verified: 172653. isIdOk: 26. Prob: 0.01506%
700 code (76KP7H-78E8KAB) checked. Verified: 172900. isIdOk: 26. Prob: 0.01504%
701 code (7T537H-78E8P1A) checked. Verified: 173147. isIdOk: 26. Prob: 0.01502%
702 code (74407H-78E81EK) checked. Verified: 173394. isIdOk: 26. Prob: 0.01499%
703 code (757X7H-78E8108) checked. Verified: 173641. isIdOk: 26. Prob: 0.01497%
704 code (7X567H-78E8M73) checked. Verified: 173888. isIdOk: 26. Prob: 0.01495%
705 code (76K87H-78E8MP8) checked. Verified: 174135. isIdOk: 26. Prob: 0.01493%
706 code (H3807H-78E8MM8) checked. Verified: 174382. isIdOk: 26. Prob: 0.01491%
707 code (75B97H-78E8X90) checked. Verified: 174629. isIdOk: 26. Prob: 0.01489%
708 code (775P7H-78E88H8) checked. Verified: 174876. isIdOk: 26. Prob: 0.01487%
709 code (7TPM7H-78E8867) checked. Verified: 175123. isIdOk: 26. Prob: 0.01485%
710 code (70AM7H-78E881H) checked. Verified: 175370. isIdOk: 26. Prob: 0.01483%
711 code (7MCC7H-78E8B65) checked. Verified: 175617. isIdOk: 26. Prob: 0.0148%
712 code (756K7H-78E8B68) checked. Verified: 175864. isIdOk: 26. Prob: 0.01478%
713 code (C30B7H-78E8BPB) checked. Verified: 176111. isIdOk: 26. Prob: 0.01476%
714 code (H3T77H-78E84CH) checked. Verified: 176358. isIdOk: 26. Prob: 0.01474%
715 code (7C747H-78E840M) checked. Verified: 176605. isIdOk: 26. Prob: 0.01472%
716 code (766A7H-78E80T6) checked. Verified: 176852. isIdOk: 26. Prob: 0.0147%
717 code (739B7H-78E80BH) checked. Verified: 177099. isIdOk: 26. Prob: 0.01468%
718 code (79A17H-78EB77T) checked. Verified: 177346. isIdOk: 26. Prob: 0.01466%
719 code (7H1X7H-78EB7TE) checked. Verified: 177593. isIdOk: 26. Prob: 0.01464%
720 code (7H627H-78EB70K) checked. Verified: 177840. isIdOk: 26. Prob: 0.01462%
721 code (C5857H-78EBC4E) checked. Verified: 178087. isIdOk: 26. Prob: 0.0146%
722 code (C5XH7H-78EBH63) checked. Verified: 178334. isIdOk: 26. Prob: 0.01458%
723 code (74857H-78EBH88) checked. Verified: 178581. isIdOk: 26. Prob: 0.01456%
724 code (7EC37H-78EB3A6) checked. Verified: 178828. isIdOk: 26. Prob: 0.01454%
725 code (72E67H-78EB3M2) checked. Verified: 179075. isIdOk: 26. Prob: 0.01452%
726 code (73317H-78EBTTT) checked. Verified: 179322. isIdOk: 26. Prob: 0.0145%
727 code (7K367H-78EBTT4) checked. Verified: 179569. isIdOk: 26. Prob: 0.01448%
728 code (7T817H-78EBT26) checked. Verified: 179816. isIdOk: 26. Prob: 0.01446%
729 code (737X7H-78EBTMB) checked. Verified: 180063. isIdOk: 26. Prob: 0.01444%
730 code (7K0A7H-78EB5XP) checked. Verified: 180310. isIdOk: 27. Prob: 0.01497%
731 code (7CPM7H-78EB253) checked. Verified: 180557. isIdOk: 27. Prob: 0.01495%
732 code (7CE17H-78EB216) checked. Verified: 180804. isIdOk: 27. Prob: 0.01493%
733 code (764H7H-78EB204) checked. Verified: 181051. isIdOk: 27. Prob: 0.01491%
734 code (CT2M7H-78EBET3) checked. Verified: 181298. isIdOk: 27. Prob: 0.01489%
735 code (7HP67H-78EBEP2) checked. Verified: 181545. isIdOk: 27. Prob: 0.01487%
736 code (72TA7H-78EBEA7) checked. Verified: 181792. isIdOk: 27. Prob: 0.01485%
737 code (71K17H-78EBE47) checked. Verified: 182039. isIdOk: 27. Prob: 0.01483%
738 code (70E67H-78EB69E) checked. Verified: 182286. isIdOk: 27. Prob: 0.01481%
739 code (779H7H-78EB9C4) checked. Verified: 182533. isIdOk: 27. Prob: 0.01479%
740 code (7T527H-78EB9KC) checked. Verified: 182780. isIdOk: 27. Prob: 0.01477%
741 code (7EKX7H-78EBK34) checked. Verified: 183027. isIdOk: 27. Prob: 0.01475%
742 code (72CH7H-78EBKX8) checked. Verified: 183274. isIdOk: 27. Prob: 0.01473%
743 code (7BME7H-78EBP58) checked. Verified: 183521. isIdOk: 27. Prob: 0.01471%
744 code (7EEK7H-78EBPPK) checked. Verified: 183768. isIdOk: 27. Prob: 0.01469%
745 code (772A7H-78EB1TB) checked. Verified: 184015. isIdOk: 27. Prob: 0.01467%
746 code (75E37H-78EB1E0) checked. Verified: 184262. isIdOk: 27. Prob: 0.01465%
747 code (7MKB7H-78EBA39) checked. Verified: 184509. isIdOk: 27. Prob: 0.01463%
748 code (735E7H-78EBA5E) checked. Verified: 184756. isIdOk: 27. Prob: 0.01461%
749 code (73637H-78EBM5M) checked. Verified: 185003. isIdOk: 27. Prob: 0.01459%
750 code (7E737H-78EBMA7) checked. Verified: 185250. isIdOk: 27. Prob: 0.01457%
751 code (CX9H7H-78EBM4X) checked. Verified: 185497. isIdOk: 27. Prob: 0.01456%
752 code (7C1P7H-78EBXE4) checked. Verified: 185744. isIdOk: 27. Prob: 0.01454%
753 code (7KAP7H-78EBX42) checked. Verified: 185991. isIdOk: 27. Prob: 0.01452%
754 code (7K0T7H-78EB8B3) checked. Verified: 186238. isIdOk: 27. Prob: 0.0145%
755 code (7H777H-78EBBAK) checked. Verified: 186485. isIdOk: 27. Prob: 0.01448%
756 code (7M7H7H-78EB4CX) checked. Verified: 186732. isIdOk: 27. Prob: 0.01446%
757 code (7C077H-78EB42E) checked. Verified: 186979. isIdOk: 27. Prob: 0.01444%
758 code (7H9B7H-78EB40X) checked. Verified: 187226. isIdOk: 27. Prob: 0.01442%
759 code (7C3H7H-78EB0A2) checked. Verified: 187473. isIdOk: 27. Prob: 0.0144%
760 code (73K67H-78E473H) checked. Verified: 187720. isIdOk: 27. Prob: 0.01438%
761 code (7CM97H-78E4CCM) checked. Verified: 187967. isIdOk: 27. Prob: 0.01436%
762 code (70397H-78E4CBC) checked. Verified: 188214. isIdOk: 27. Prob: 0.01435%
763 code (7MM77H-78E4HMB) checked. Verified: 188461. isIdOk: 27. Prob: 0.01433%
764 code (CE7E7H-78E4H46) checked. Verified: 188708. isIdOk: 27. Prob: 0.01431%
765 code (7MBP7H-78E4324) checked. Verified: 188955. isIdOk: 27. Prob: 0.01429%
766 code (7B6T7H-78E4TH5) checked. Verified: 189202. isIdOk: 27. Prob: 0.01427%
767 code (7EBC7H-78E4TEB) checked. Verified: 189449. isIdOk: 27. Prob: 0.01425%
768 code (7M9K7H-78E45T9) checked. Verified: 189696. isIdOk: 27. Prob: 0.01423%
769 code (785T7H-78E45P8) checked. Verified: 189943. isIdOk: 27. Prob: 0.01421%
770 code (7HC67H-78E42EK) checked. Verified: 190190. isIdOk: 27. Prob: 0.0142%
771 code (73907H-78E426H) checked. Verified: 190437. isIdOk: 27. Prob: 0.01418%
772 code (7BA87H-78E4E21) checked. Verified: 190684. isIdOk: 27. Prob: 0.01416%
773 code (744C7H-78E4632) checked. Verified: 190931. isIdOk: 27. Prob: 0.01414%
774 code (77A07H-78E4642) checked. Verified: 191178. isIdOk: 27. Prob: 0.01412%
775 code (78PP7H-78E4927) checked. Verified: 191425. isIdOk: 27. Prob: 0.0141%
776 code (7E347H-78E4K73) checked. Verified: 191672. isIdOk: 27. Prob: 0.01409%
777 code (77427H-78E4K76) checked. Verified: 191919. isIdOk: 27. Prob: 0.01407%
778 code (77T07H-78E4K6C) checked. Verified: 192166. isIdOk: 28. Prob: 0.01457%
779 code (732B7H-78E4KXT) checked. Verified: 192413. isIdOk: 28. Prob: 0.01455%
780 code (7E1A7H-78E4P65) checked. Verified: 192660. isIdOk: 28. Prob: 0.01453%
781 code (72M27H-78E4158) checked. Verified: 192907. isIdOk: 29. Prob: 0.01503%
782 code (CX1E7H-78E4A31) checked. Verified: 193154. isIdOk: 29. Prob: 0.01501%
783 code (7P917H-78E4A0B) checked. Verified: 193401. isIdOk: 29. Prob: 0.01499%
784 code (CH947H-78E4MAC) checked. Verified: 193648. isIdOk: 29. Prob: 0.01498%
785 code (7E1X7H-78E4MBH) checked. Verified: 193895. isIdOk: 29. Prob: 0.01496%
786 code (7B997H-78E4XPM) checked. Verified: 194142. isIdOk: 29. Prob: 0.01494%
787 code (77E27H-78E4X84) checked. Verified: 194389. isIdOk: 29. Prob: 0.01492%
788 code (77KC7H-78E4865) checked. Verified: 194636. isIdOk: 29. Prob: 0.0149%
789 code (73MB7H-78E4B6H) checked. Verified: 194883. isIdOk: 29. Prob: 0.01488%
790 code (7P0K7H-78E446A) checked. Verified: 195130. isIdOk: 29. Prob: 0.01486%
791 code (75PM7H-78E40T4) checked. Verified: 195377. isIdOk: 29. Prob: 0.01484%
792 code (7E3B7H-78E40E7) checked. Verified: 195624. isIdOk: 29. Prob: 0.01482%
793 code (7BPC7H-78E409X) checked. Verified: 195871. isIdOk: 29. Prob: 0.01481%
794 code (740E7H-78E40BT) checked. Verified: 196118. isIdOk: 30. Prob: 0.0153%
795 code (7T897H-78E07KE) checked. Verified: 196365. isIdOk: 30. Prob: 0.01528%
796 code (7X0T7H-78E0C6C) checked. Verified: 196612. isIdOk: 30. Prob: 0.01526%
797 code (756C7H-78E0HEB) checked. Verified: 196859. isIdOk: 30. Prob: 0.01524%
798 code (7T6P7H-78E0HMA) checked. Verified: 197106. isIdOk: 30. Prob: 0.01522%
799 code (7CA67H-78E0361) checked. Verified: 197353. isIdOk: 30. Prob: 0.0152%
800 code (CB077H-78E0TTH) checked. Verified: 197600. isIdOk: 30. Prob: 0.01518%
801 code (73PB7H-78E0T01) checked. Verified: 197847. isIdOk: 30. Prob: 0.01516%
802 code (795K7H-78E05M0) checked. Verified: 198094. isIdOk: 30. Prob: 0.01514%
803 code (HPH07H-78E02A7) checked. Verified: 198341. isIdOk: 30. Prob: 0.01513%
804 code (7T4K7H-78E0E28) checked. Verified: 198588. isIdOk: 30. Prob: 0.01511%
805 code (H7A97H-78E0E07) checked. Verified: 198835. isIdOk: 30. Prob: 0.01509%
806 code (736K7H-78E06BX) checked. Verified: 199082. isIdOk: 30. Prob: 0.01507%
807 code (7A5C7H-78E098K) checked. Verified: 199329. isIdOk: 30. Prob: 0.01505%
808 code (71657H-78E0K5K) checked. Verified: 199576. isIdOk: 30. Prob: 0.01503%
809 code (C3KP7H-78E0KP2) checked. Verified: 199823. isIdOk: 30. Prob: 0.01501%
810 code (7P9T7H-78E0P7T) checked. Verified: 200070. isIdOk: 30. Prob: 0.01499%
811 code (79977H-78E0P92) checked. Verified: 200317. isIdOk: 30. Prob: 0.01498%
812 code (CKC67H-78E0P90) checked. Verified: 200564. isIdOk: 30. Prob: 0.01496%
813 code (77737H-78E0P12) checked. Verified: 200811. isIdOk: 30. Prob: 0.01494%
814 code (7HM57H-78E0119) checked. Verified: 201058. isIdOk: 30. Prob: 0.01492%
815 code (7P9C7H-78E0AHE) checked. Verified: 201305. isIdOk: 30. Prob: 0.0149%
816 code (7KM37H-78E0A65) checked. Verified: 201552. isIdOk: 30. Prob: 0.01488%
817 code (7TPM7H-78E0A4E) checked. Verified: 201799. isIdOk: 31. Prob: 0.01536%
818 code (C49M7H-78E0MBX) checked. Verified: 202046. isIdOk: 31. Prob: 0.01534%
819 code (76H67H-78E0X6M) checked. Verified: 202293. isIdOk: 31. Prob: 0.01532%
820 code (750E7H-78E08E5) checked. Verified: 202540. isIdOk: 31. Prob: 0.01531%
821 code (34M37H-78E08BM) checked. Verified: 202787. isIdOk: 31. Prob: 0.01529%
822 code (762B7H-78E0BH3) checked. Verified: 203034. isIdOk: 31. Prob: 0.01527%
823 code (76X37H-78E0BE9) checked. Verified: 203281. isIdOk: 31. Prob: 0.01525%
824 code (771T7H-78E0B10) checked. Verified: 203528. isIdOk: 31. Prob: 0.01523%
825 code (73HE7H-78E046P) checked. Verified: 203775. isIdOk: 31. Prob: 0.01521%
826 code (7CTP7H-78E04PK) checked. Verified: 204022. isIdOk: 31. Prob: 0.01519%
827 code (76K17H-78E00KA) checked. Verified: 204269. isIdOk: 31. Prob: 0.01518%
828 code (77487H-7867762) checked. Verified: 204516. isIdOk: 31. Prob: 0.01516%
829 code (70HX7H-78677P5) checked. Verified: 204763. isIdOk: 31. Prob: 0.01514%
830 code (79497H-7867C1C) checked. Verified: 205010. isIdOk: 31. Prob: 0.01512%
831 code (7H637H-7867C42) checked. Verified: 205257. isIdOk: 31. Prob: 0.0151%
832 code (71TP7H-7867HCB) checked. Verified: 205504. isIdOk: 31. Prob: 0.01508%
833 code (7MT87H-7867HM7) checked. Verified: 205751. isIdOk: 31. Prob: 0.01507%
834 code (7TB77H-78673KA) checked. Verified: 205998. isIdOk: 31. Prob: 0.01505%
835 code (7T8P7H-7867THX) checked. Verified: 206245. isIdOk: 31. Prob: 0.01503%
836 code (7T5H7H-7867T13) checked. Verified: 206492. isIdOk: 32. Prob: 0.0155%
837 code (C73B7H-786759A) checked. Verified: 206739. isIdOk: 32. Prob: 0.01548%
838 code (79297H-786727T) checked. Verified: 206986. isIdOk: 32. Prob: 0.01546%
839 code (75607H-78672MX) checked. Verified: 207233. isIdOk: 32. Prob: 0.01544%
840 code (CAA17H-7867EAP) checked. Verified: 207480. isIdOk: 32. Prob: 0.01542%
841 code (7H2E7H-7867E8C) checked. Verified: 207727. isIdOk: 32. Prob: 0.0154%
842 code (78A97H-78676EM) checked. Verified: 207974. isIdOk: 32. Prob: 0.01539%
843 code (7TC37H-7867927) checked. Verified: 208221. isIdOk: 32. Prob: 0.01537%
844 code (7K4M7H-786798H) checked. Verified: 208468. isIdOk: 32. Prob: 0.01535%
845 code (7AM77H-7867KP0) checked. Verified: 208715. isIdOk: 32. Prob: 0.01533%
846 code (70707H-7867PC1) checked. Verified: 208962. isIdOk: 32. Prob: 0.01531%
847 code (75KH7H-7867PHE) checked. Verified: 209209. isIdOk: 32. Prob: 0.0153%
848 code (722B7H-7867PXX) checked. Verified: 209456. isIdOk: 32. Prob: 0.01528%
849 code (7PCA7H-7867156) checked. Verified: 209703. isIdOk: 32. Prob: 0.01526%
850 code (7P877H-78671K4) checked. Verified: 209950. isIdOk: 32. Prob: 0.01524%
851 code (73PK7H-786718E) checked. Verified: 210197. isIdOk: 32. Prob: 0.01522%
852 code (722B7H-78671BX) checked. Verified: 210444. isIdOk: 32. Prob: 0.01521%
853 code (72847H-7867A33) checked. Verified: 210691. isIdOk: 32. Prob: 0.01519%
854 code (7XMP7H-7867AM9) checked. Verified: 210938. isIdOk: 32. Prob: 0.01517%
855 code (7HC37H-7867AMK) checked. Verified: 211185. isIdOk: 32. Prob: 0.01515%
856 code (C3HP7H-7867A8E) checked. Verified: 211432. isIdOk: 32. Prob: 0.01513%
857 code (CX5M7H-7867MXA) checked. Verified: 211679. isIdOk: 32. Prob: 0.01512%
858 code (79MC7H-7867X3H) checked. Verified: 211926. isIdOk: 32. Prob: 0.0151%
859 code (C1677H-7867X91) checked. Verified: 212173. isIdOk: 32. Prob: 0.01508%
860 code (73TE7H-7867XXX) checked. Verified: 212420. isIdOk: 32. Prob: 0.01506%
861 code (7CA67H-78678H4) checked. Verified: 212667. isIdOk: 32. Prob: 0.01505%
862 code (70E37H-7867882) checked. Verified: 212914. isIdOk: 32. Prob: 0.01503%
863 code (75AB7H-7867BCA) checked. Verified: 213161. isIdOk: 32. Prob: 0.01501%
864 code (CMHH7H-7867B86) checked. Verified: 213408. isIdOk: 32. Prob: 0.01499%
865 code (7TT17H-78674KA) checked. Verified: 213655. isIdOk: 32. Prob: 0.01498%
866 code (7HKM7H-78670HM) checked. Verified: 213902. isIdOk: 32. Prob: 0.01496%
867 code (76967H-78670P9) checked. Verified: 214149. isIdOk: 32. Prob: 0.01494%
868 code (72C07H-786C7K7) checked. Verified: 214396. isIdOk: 33. Prob: 0.01539%
869 code (CH0C7H-786CC94) checked. Verified: 214643. isIdOk: 33. Prob: 0.01537%
870 code (7H177H-786CHEC) checked. Verified: 214890. isIdOk: 33. Prob: 0.01536%
871 code (72807H-786CHE9) checked. Verified: 215137. isIdOk: 33. Prob: 0.01534%
872 code (755C7H-786CH1M) checked. Verified: 215384. isIdOk: 33. Prob: 0.01532%
873 code (79HX7H-786CH4E) checked. Verified: 215631. isIdOk: 33. Prob: 0.0153%
874 code (7P1C7H-786C3CK) checked. Verified: 215878. isIdOk: 33. Prob: 0.01529%
875 code (7HT17H-786C339) checked. Verified: 216125. isIdOk: 33. Prob: 0.01527%
876 code (7KH07H-786CTC5) checked. Verified: 216372. isIdOk: 33. Prob: 0.01525%
877 code (79KE7H-786CT26) checked. Verified: 216619. isIdOk: 33. Prob: 0.01523%
878 code (CH1T7H-786CT6B) checked. Verified: 216866. isIdOk: 33. Prob: 0.01522%
879 code (7T637H-786CTP3) checked. Verified: 217113. isIdOk: 33. Prob: 0.0152%
880 code (7KEM7H-786CT1B) checked. Verified: 217360. isIdOk: 33. Prob: 0.01518%
881 code (778T7H-786CT43) checked. Verified: 217607. isIdOk: 33. Prob: 0.01516%
882 code (75107H-786C545) checked. Verified: 217854. isIdOk: 33. Prob: 0.01515%
883 code (73KB7H-786C50E) checked. Verified: 218101. isIdOk: 33. Prob: 0.01513%
884 code (7KCK7H-786C2B7) checked. Verified: 218348. isIdOk: 33. Prob: 0.01511%
885 code (C80B7H-786CE8X) checked. Verified: 218595. isIdOk: 33. Prob: 0.0151%
886 code (7C2H7H-786C62E) checked. Verified: 218842. isIdOk: 33. Prob: 0.01508%
887 code (7HX27H-786C60H) checked. Verified: 219089. isIdOk: 33. Prob: 0.01506%
888 code (7K257H-786C9C2) checked. Verified: 219336. isIdOk: 33. Prob: 0.01505%
889 code (78A87H-786C940) checked. Verified: 219583. isIdOk: 33. Prob: 0.01503%
890 code (7E5T7H-786CKB7) checked. Verified: 219830. isIdOk: 34. Prob: 0.01547%
891 code (7M3X7H-786CP79) checked. Verified: 220077. isIdOk: 34. Prob: 0.01545%
892 code (74EX7H-786CPCP) checked. Verified: 220324. isIdOk: 34. Prob: 0.01543%
893 code (HH577H-786CP13) checked. Verified: 220571. isIdOk: 34. Prob: 0.01541%
894 code (7H477H-786CPXC) checked. Verified: 220818. isIdOk: 34. Prob: 0.0154%
895 code (C6377H-786C19X) checked. Verified: 221065. isIdOk: 34. Prob: 0.01538%
896 code (73H57H-786C1MM) checked. Verified: 221312. isIdOk: 34. Prob: 0.01536%
897 code (7T0C7H-786C186) checked. Verified: 221559. isIdOk: 35. Prob: 0.0158%
898 code (70BX7H-786CAA4) checked. Verified: 221806. isIdOk: 35. Prob: 0.01578%
899 code (724C7H-786CME9) checked. Verified: 222053. isIdOk: 35. Prob: 0.01576%
900 code (CT0P7H-786CXCH) checked. Verified: 222300. isIdOk: 35. Prob: 0.01574%
901 code (7H597H-786CXMH) checked. Verified: 222547. isIdOk: 35. Prob: 0.01573%
902 code (736K7H-786CX07) checked. Verified: 222794. isIdOk: 35. Prob: 0.01571%
903 code (7XB47H-786C8E6) checked. Verified: 223041. isIdOk: 35. Prob: 0.01569%
904 code (77P57H-786C894) checked. Verified: 223288. isIdOk: 35. Prob: 0.01567%
905 code (7XTX7H-786C813) checked. Verified: 223535. isIdOk: 35. Prob: 0.01566%
906 code (764B7H-786C886) checked. Verified: 223782. isIdOk: 35. Prob: 0.01564%
907 code (77BT7H-786CBT2) checked. Verified: 224029. isIdOk: 35. Prob: 0.01562%
908 code (752P7H-786C4HM) checked. Verified: 224276. isIdOk: 35. Prob: 0.01561%
909 code (757H7H-786C0HB) checked. Verified: 224523. isIdOk: 35. Prob: 0.01559%
910 code (75EM7H-786C008) checked. Verified: 224770. isIdOk: 35. Prob: 0.01557%
911 code (77AM7H-786H7K8) checked. Verified: 225017. isIdOk: 35. Prob: 0.01555%
912 code (74PC7H-786HC2B) checked. Verified: 225264. isIdOk: 35. Prob: 0.01554%
913 code (74637H-786HC06) checked. Verified: 225511. isIdOk: 35. Prob: 0.01552%
914 code (77X37H-786HHM0) checked. Verified: 225758. isIdOk: 35. Prob: 0.0155%
915 code (779P7H-786H3XB) checked. Verified: 226005. isIdOk: 35. Prob: 0.01549%
916 code (769T7H-786HTHC) checked. Verified: 226252. isIdOk: 35. Prob: 0.01547%
917 code (7E897H-786HTA7) checked. Verified: 226499. isIdOk: 35. Prob: 0.01545%
918 code (73587H-786H56P) checked. Verified: 226746. isIdOk: 35. Prob: 0.01544%
919 code (7HXH7H-786H2EM) checked. Verified: 226993. isIdOk: 35. Prob: 0.01542%
920 code (75XM7H-786H2PX) checked. Verified: 227240. isIdOk: 35. Prob: 0.0154%
921 code (7KC27H-786HE1H) checked. Verified: 227487. isIdOk: 35. Prob: 0.01539%
922 code (7MH07H-786HE8K) checked. Verified: 227734. isIdOk: 35. Prob: 0.01537%
923 code (7B0T7H-786H6XT) checked. Verified: 227981. isIdOk: 35. Prob: 0.01535%
924 code (7HP67H-786H9HP) checked. Verified: 228228. isIdOk: 35. Prob: 0.01534%
925 code (7KT27H-786H9EP) checked. Verified: 228475. isIdOk: 35. Prob: 0.01532%
926 code (731K7H-786HK67) checked. Verified: 228722. isIdOk: 36. Prob: 0.01574%
927 code (CC447H-786HKBT) checked. Verified: 228969. isIdOk: 36. Prob: 0.01572%
928 code (7X5B7H-786HK0C) checked. Verified: 229216. isIdOk: 36. Prob: 0.01571%
929 code (CCMX7H-786HPKP) checked. Verified: 229463. isIdOk: 36. Prob: 0.01569%
930 code (C3497H-786H128) checked. Verified: 229710. isIdOk: 36. Prob: 0.01567%
931 code (79177H-786HAE3) checked. Verified: 229957. isIdOk: 36. Prob: 0.01566%
932 code (77TB7H-786HA02) checked. Verified: 230204. isIdOk: 36. Prob: 0.01564%
933 code (CC5A7H-786HM66) checked. Verified: 230451. isIdOk: 37. Prob: 0.01606%
934 code (7HH87H-786HMM0) checked. Verified: 230698. isIdOk: 37. Prob: 0.01604%
935 code (H6077H-786HMBM) checked. Verified: 230945. isIdOk: 37. Prob: 0.01602%
936 code (7CXP7H-786HXC2) checked. Verified: 231192. isIdOk: 37. Prob: 0.016%
937 code (724B7H-786H8CC) checked. Verified: 231439. isIdOk: 37. Prob: 0.01599%
938 code (C8777H-786H8T0) checked. Verified: 231686. isIdOk: 37. Prob: 0.01597%
939 code (7C6P7H-786H8K4) checked. Verified: 231933. isIdOk: 37. Prob: 0.01595%
940 code (CX3X7H-786HBK8) checked. Verified: 232180. isIdOk: 37. Prob: 0.01594%
941 code (CH797H-786H4K9) checked. Verified: 232427. isIdOk: 37. Prob: 0.01592%
942 code (71P37H-786H4A1) checked. Verified: 232674. isIdOk: 37. Prob: 0.0159%
943 code (77427H-786H067) checked. Verified: 232921. isIdOk: 37. Prob: 0.01589%
944 code (7E3A7H-786373M) checked. Verified: 233168. isIdOk: 37. Prob: 0.01587%
945 code (C3307H-78637BH) checked. Verified: 233415. isIdOk: 37. Prob: 0.01585%
946 code (73CM7H-7863C8H) checked. Verified: 233662. isIdOk: 37. Prob: 0.01583%
947 code (7PTP7H-7863H32) checked. Verified: 233909. isIdOk: 37. Prob: 0.01582%
948 code (7CEC7H-7863HXT) checked. Verified: 234156. isIdOk: 37. Prob: 0.0158%
949 code (75757H-78633A4) checked. Verified: 234403. isIdOk: 37. Prob: 0.01578%
950 code (72P87H-7863TPM) checked. Verified: 234650. isIdOk: 37. Prob: 0.01577%
951 code (7T127H-786355M) checked. Verified: 234897. isIdOk: 37. Prob: 0.01575%
952 code (7HHH7H-78635M9) checked. Verified: 235144. isIdOk: 37. Prob: 0.01574%
953 code (7E0K7H-78632TT) checked. Verified: 235391. isIdOk: 37. Prob: 0.01572%
954 code (7T0A7H-786320H) checked. Verified: 235638. isIdOk: 37. Prob: 0.0157%
955 code (77657H-7863E74) checked. Verified: 235885. isIdOk: 37. Prob: 0.01569%
956 code (78T57H-7863E3M) checked. Verified: 236132. isIdOk: 37. Prob: 0.01567%
957 code (73KB7H-7863EMC) checked. Verified: 236379. isIdOk: 37. Prob: 0.01565%
958 code (76M77H-7863EBC) checked. Verified: 236626. isIdOk: 37. Prob: 0.01564%
959 code (72M97H-7863650) checked. Verified: 236873. isIdOk: 37. Prob: 0.01562%
960 code (C21E7H-78639T9) checked. Verified: 237120. isIdOk: 37. Prob: 0.0156%
961 code (735B7H-78639PP) checked. Verified: 237367. isIdOk: 37. Prob: 0.01559%
962 code (H1M17H-786390A) checked. Verified: 237614. isIdOk: 37. Prob: 0.01557%
963 code (7H9P7H-7863K57) checked. Verified: 237861. isIdOk: 37. Prob: 0.01556%
964 code (7MKM7H-7863K96) checked. Verified: 238108. isIdOk: 37. Prob: 0.01554%
965 code (79X07H-7863KAX) checked. Verified: 238355. isIdOk: 37. Prob: 0.01552%
966 code (7T767H-7863P25) checked. Verified: 238602. isIdOk: 37. Prob: 0.01551%
967 code (7PBE7H-7863P14) checked. Verified: 238849. isIdOk: 38. Prob: 0.01591%
968 code (C50C7H-786316E) checked. Verified: 239096. isIdOk: 38. Prob: 0.01589%
969 code (72XA7H-78631XM) checked. Verified: 239343. isIdOk: 38. Prob: 0.01588%
970 code (7ETX7H-78631BM) checked. Verified: 239590. isIdOk: 38. Prob: 0.01586%
971 code (7CAH7H-7863A9K) checked. Verified: 239837. isIdOk: 38. Prob: 0.01584%
972 code (71HH7H-7863MH8) checked. Verified: 240084. isIdOk: 38. Prob: 0.01583%
973 code (77627H-7863MMC) checked. Verified: 240331. isIdOk: 38. Prob: 0.01581%
974 code (7CCA7H-7863XKM) checked. Verified: 240578. isIdOk: 38. Prob: 0.0158%
975 code (73177H-786382M) checked. Verified: 240825. isIdOk: 38. Prob: 0.01578%
976 code (7X4C7H-78638P9) checked. Verified: 241072. isIdOk: 38. Prob: 0.01576%
977 code (78HM7H-7863BP1) checked. Verified: 241319. isIdOk: 38. Prob: 0.01575%
978 code (H9CK7H-7863B82) checked. Verified: 241566. isIdOk: 38. Prob: 0.01573%
979 code (7HMA7H-7863BB8) checked. Verified: 241813. isIdOk: 38. Prob: 0.01571%
980 code (C5067H-78634PH) checked. Verified: 242060. isIdOk: 38. Prob: 0.0157%
981 code (7A2C7H-78634XX) checked. Verified: 242307. isIdOk: 38. Prob: 0.01568%
982 code (C7177H-78634B4) checked. Verified: 242554. isIdOk: 38. Prob: 0.01567%
983 code (7K5T7H-7863013) checked. Verified: 242801. isIdOk: 38. Prob: 0.01565%
984 code (7A267H-78630BE) checked. Verified: 243048. isIdOk: 38. Prob: 0.01563%
985 code (7PH97H-786T777) checked. Verified: 243295. isIdOk: 38. Prob: 0.01562%
986 code (7MK37H-786T76A) checked. Verified: 243542. isIdOk: 38. Prob: 0.0156%
987 code (7KCE7H-786T7BC) checked. Verified: 243789. isIdOk: 39. Prob: 0.016%
988 code (73067H-786TCPA) checked. Verified: 244036. isIdOk: 39. Prob: 0.01598%
989 code (75967H-786TCB4) checked. Verified: 244283. isIdOk: 39. Prob: 0.01597%
990 code (79HC7H-786TH2M) checked. Verified: 244530. isIdOk: 39. Prob: 0.01595%
991 code (762B7H-786THB9) checked. Verified: 244777. isIdOk: 39. Prob: 0.01593%
992 code (7PMT7H-786T356) checked. Verified: 245024. isIdOk: 39. Prob: 0.01592%
993 code (C1CT7H-786T34H) checked. Verified: 245271. isIdOk: 39. Prob: 0.0159%
994 code (7EMP7H-786T341) checked. Verified: 245518. isIdOk: 39. Prob: 0.01588%
995 code (71P77H-786TT0E) checked. Verified: 245765. isIdOk: 39. Prob: 0.01587%
996 code (73C97H-786T27C) checked. Verified: 246012. isIdOk: 39. Prob: 0.01585%
997 code (741E7H-786T2B5) checked. Verified: 246259. isIdOk: 39. Prob: 0.01584%
998 code (73807H-786TE19) checked. Verified: 246506. isIdOk: 39. Prob: 0.01582%
999 code (7TB77H-786T650) checked. Verified: 246753. isIdOk: 39. Prob: 0.01581%
1000 code (7X747H-786T6MK) checked. Verified: 247000. isIdOk: 39. Prob: 0.01579%
0.1
Starting range [0.1 nln ...]:
1001 code (7KAT7H-CHB8609) checked. Verified: 247247. isIdOk: 39. Prob: 0.01577%
1002 code (7ET57H-CHB897K) checked. Verified: 247494. isIdOk: 39. Prob: 0.01576%
1003 code (730A7H-CHB89BH) checked. Verified: 247741. isIdOk: 39. Prob: 0.01574%
1004 code (71TX7H-CHB8KXT) checked. Verified: 247988. isIdOk: 39. Prob: 0.01573%
1005 code (79897H-CHB8K0T) checked. Verified: 248235. isIdOk: 39. Prob: 0.01571%
1006 code (77C67H-CHB8P1E) checked. Verified: 248482. isIdOk: 39. Prob: 0.0157%
1007 code (7C5A7H-CHB81CK) checked. Verified: 248729. isIdOk: 39. Prob: 0.01568%
1008 code (737M7H-CHB81KK) checked. Verified: 248976. isIdOk: 39. Prob: 0.01566%
1009 code (7T867H-CHB8A54) checked. Verified: 249223. isIdOk: 39. Prob: 0.01565%
1010 code (7X3B7H-CHB8ABC) checked. Verified: 249470. isIdOk: 39. Prob: 0.01563%
1011 code (737P7H-CHB8MEC) checked. Verified: 249717. isIdOk: 39. Prob: 0.01562%
1012 code (3C027H-CHB8MBX) checked. Verified: 249964. isIdOk: 39. Prob: 0.0156%
1013 code (7M537H-CHB8X83) checked. Verified: 250211. isIdOk: 39. Prob: 0.01559%
1014 code (7C807H-CHB8881) checked. Verified: 250458. isIdOk: 39. Prob: 0.01557%
1015 code (7T9B7H-CHB8BEH) checked. Verified: 250705. isIdOk: 39. Prob: 0.01556%
1016 code (76PC7H-CHB8B67) checked. Verified: 250952. isIdOk: 39. Prob: 0.01554%
1017 code (75C17H-CHB8B64) checked. Verified: 251199. isIdOk: 40. Prob: 0.01592%
1018 code (79HX7H-CHB8437) checked. Verified: 251446. isIdOk: 40. Prob: 0.01591%
1019 code (771B7H-CHB84MA) checked. Verified: 251693. isIdOk: 40. Prob: 0.01589%
1020 code (CAEP7H-CHB80EP) checked. Verified: 251940. isIdOk: 40. Prob: 0.01588%
1021 code (78MA7H-CHB8042) checked. Verified: 252187. isIdOk: 40. Prob: 0.01586%
1022 code (70967H-CHBB7H3) checked. Verified: 252434. isIdOk: 40. Prob: 0.01585%
1023 code (75MT7H-CHBB785) checked. Verified: 252681. isIdOk: 40. Prob: 0.01583%
1024 code (7KAT7H-CHBBC76) checked. Verified: 252928. isIdOk: 40. Prob: 0.01581%
1025 code (7H107H-CHBBC18) checked. Verified: 253175. isIdOk: 40. Prob: 0.0158%
1026 code (76987H-CHBBH75) checked. Verified: 253422. isIdOk: 40. Prob: 0.01578%
1027 code (71PH7H-CHBBHB3) checked. Verified: 253669. isIdOk: 40. Prob: 0.01577%
1028 code (36H07H-CHBB3MC) checked. Verified: 253916. isIdOk: 40. Prob: 0.01575%
1029 code (7AE57H-CHBBTMH) checked. Verified: 254163. isIdOk: 40. Prob: 0.01574%
1030 code (71607H-CHBB5H4) checked. Verified: 254410. isIdOk: 40. Prob: 0.01572%
1031 code (78TP7H-CHBB544) checked. Verified: 254657. isIdOk: 40. Prob: 0.01571%
1032 code (79KB7H-CHBB235) checked. Verified: 254904. isIdOk: 40. Prob: 0.01569%
1033 code (73AM7H-CHBBEH0) checked. Verified: 255151. isIdOk: 40. Prob: 0.01568%
1034 code (7M5B7H-CHBBEAP) checked. Verified: 255398. isIdOk: 40. Prob: 0.01566%
1035 code (7H4E7H-CHBB6HH) checked. Verified: 255645. isIdOk: 40. Prob: 0.01565%
1036 code (77277H-CHBB6B6) checked. Verified: 255892. isIdOk: 40. Prob: 0.01563%
1037 code (758E7H-CHBB9M5) checked. Verified: 256139. isIdOk: 40. Prob: 0.01562%
1038 code (7XAE7H-CHBBKE4) checked. Verified: 256386. isIdOk: 40. Prob: 0.0156%
1039 code (7CET7H-CHBBP7P) checked. Verified: 256633. isIdOk: 40. Prob: 0.01559%
1040 code (719M7H-CHBBPBM) checked. Verified: 256880. isIdOk: 41. Prob: 0.01596%
1041 code (730X7H-CHBB13B) checked. Verified: 257127. isIdOk: 41. Prob: 0.01595%
1042 code (72677H-CHBB109) checked. Verified: 257374. isIdOk: 41. Prob: 0.01593%
1043 code (7T517H-CHBBAK4) checked. Verified: 257621. isIdOk: 41. Prob: 0.01591%
1044 code (736H7H-CHBBAP6) checked. Verified: 257868. isIdOk: 41. Prob: 0.0159%
1045 code (77EP7H-CHBBA8C) checked. Verified: 258115. isIdOk: 41. Prob: 0.01588%
1046 code (77XX7H-CHBBM23) checked. Verified: 258362. isIdOk: 41. Prob: 0.01587%
1047 code (70CK7H-CHBBXC4) checked. Verified: 258609. isIdOk: 41. Prob: 0.01585%
1048 code (7C7X7H-CHBBXEA) checked. Verified: 258856. isIdOk: 41. Prob: 0.01584%
1049 code (HPE77H-CHBBXBH) checked. Verified: 259103. isIdOk: 41. Prob: 0.01582%
1050 code (7M167H-CHBB853) checked. Verified: 259350. isIdOk: 41. Prob: 0.01581%
1051 code (C1457H-CHBB826) checked. Verified: 259597. isIdOk: 41. Prob: 0.01579%
1052 code (742B7H-CHBB8XH) checked. Verified: 259844. isIdOk: 41. Prob: 0.01578%
1053 code (7T247H-CHBB8B0) checked. Verified: 260091. isIdOk: 41. Prob: 0.01576%
1054 code (7CAB7H-CHBBBXE) checked. Verified: 260338. isIdOk: 41. Prob: 0.01575%
1055 code (73677H-CHBB4CH) checked. Verified: 260585. isIdOk: 41. Prob: 0.01573%
1056 code (7HBB7H-CHBB4KA) checked. Verified: 260832. isIdOk: 41. Prob: 0.01572%
1057 code (741B7H-CHBB090) checked. Verified: 261079. isIdOk: 41. Prob: 0.0157%
1058 code (77117H-CHB47CK) checked. Verified: 261326. isIdOk: 41. Prob: 0.01569%
1059 code (72KX7H-CHB4749) checked. Verified: 261573. isIdOk: 41. Prob: 0.01567%
1060 code (7TT37H-CHB4CMB) checked. Verified: 261820. isIdOk: 42. Prob: 0.01604%
1061 code (H3267H-CHB4H6P) checked. Verified: 262067. isIdOk: 42. Prob: 0.01603%
1062 code (77PC7H-CHB4H64) checked. Verified: 262314. isIdOk: 42. Prob: 0.01601%
1063 code (C46X7H-CHB4357) checked. Verified: 262561. isIdOk: 42. Prob: 0.016%
1064 code (731B7H-CHB439M) checked. Verified: 262808. isIdOk: 42. Prob: 0.01598%
1065 code (73K97H-CHB4TE9) checked. Verified: 263055. isIdOk: 42. Prob: 0.01597%
1066 code (789H7H-CHB452C) checked. Verified: 263302. isIdOk: 42. Prob: 0.01595%
1067 code (71C87H-CHB456C) checked. Verified: 263549. isIdOk: 42. Prob: 0.01594%
1068 code (75TM7H-CHB45A0) checked. Verified: 263796. isIdOk: 42. Prob: 0.01592%
1069 code (7XB97H-CHB42ET) checked. Verified: 264043. isIdOk: 42. Prob: 0.01591%
1070 code (7BH37H-CHB4261) checked. Verified: 264290. isIdOk: 42. Prob: 0.01589%
1071 code (7C757H-CHB4296) checked. Verified: 264537. isIdOk: 42. Prob: 0.01588%
1072 code (73647H-CHB4EE6) checked. Verified: 264784. isIdOk: 42. Prob: 0.01586%
1073 code (76XE7H-CHB4EM8) checked. Verified: 265031. isIdOk: 42. Prob: 0.01585%
1074 code (7CE47H-CHB4659) checked. Verified: 265278. isIdOk: 42. Prob: 0.01583%
1075 code (796T7H-CHB49C4) checked. Verified: 265525. isIdOk: 42. Prob: 0.01582%
1076 code (C7937H-CHB49EC) checked. Verified: 265772. isIdOk: 42. Prob: 0.0158%
1077 code (7HB47H-CHB49K6) checked. Verified: 266019. isIdOk: 42. Prob: 0.01579%
1078 code (7KA57H-CHB498B) checked. Verified: 266266. isIdOk: 43. Prob: 0.01615%
1079 code (709P7H-CHB4KM7) checked. Verified: 266513. isIdOk: 43. Prob: 0.01613%
1080 code (CH9C7H-CHB4P64) checked. Verified: 266760. isIdOk: 43. Prob: 0.01612%
1081 code (7C297H-CHB4197) checked. Verified: 267007. isIdOk: 43. Prob: 0.0161%
1082 code (76T67H-CHB4AT8) checked. Verified: 267254. isIdOk: 43. Prob: 0.01609%
1083 code (7HE97H-CHB4A07) checked. Verified: 267501. isIdOk: 43. Prob: 0.01607%
1084 code (727X7H-CHB4M5X) checked. Verified: 267748. isIdOk: 43. Prob: 0.01606%
1085 code (7K997H-CHB4M41) checked. Verified: 267995. isIdOk: 43. Prob: 0.01605%
1086 code (735B7H-CHB4X2A) checked. Verified: 268242. isIdOk: 43. Prob: 0.01603%
1087 code (CC217H-CHB483T) checked. Verified: 268489. isIdOk: 43. Prob: 0.01602%
1088 code (CT6B7H-CHB48AB) checked. Verified: 268736. isIdOk: 43. Prob: 0.016%
1089 code (721H7H-CHB4BMH) checked. Verified: 268983. isIdOk: 43. Prob: 0.01599%
1090 code (7E087H-CHB44P4) checked. Verified: 269230. isIdOk: 43. Prob: 0.01597%
1091 code (76AB7H-CHB44A3) checked. Verified: 269477. isIdOk: 43. Prob: 0.01596%
1092 code (7C857H-CHB40EA) checked. Verified: 269724. isIdOk: 43. Prob: 0.01594%
1093 code (7M8T7H-CHB4090) checked. Verified: 269971. isIdOk: 43. Prob: 0.01593%
1094 code (CHK97H-CHB400A) checked. Verified: 270218. isIdOk: 43. Prob: 0.01591%
1095 code (7HXH7H-CHB0720) checked. Verified: 270465. isIdOk: 43. Prob: 0.0159%
1096 code (73247H-CHB0745) checked. Verified: 270712. isIdOk: 43. Prob: 0.01588%
1097 code (7TXA7H-CHB0C5X) checked. Verified: 270959. isIdOk: 43. Prob: 0.01587%
1098 code (75CE7H-CHB0C1H) checked. Verified: 271206. isIdOk: 43. Prob: 0.01586%
1099 code (7C257H-CHB0CX7) checked. Verified: 271453. isIdOk: 43. Prob: 0.01584%
1100 code (7K797H-CHB0HM1) checked. Verified: 271700. isIdOk: 43. Prob: 0.01583%
1101 code (748H7H-CHB0H45) checked. Verified: 271947. isIdOk: 43. Prob: 0.01581%
1102 code (7E4A7H-CHB0338) checked. Verified: 272194. isIdOk: 43. Prob: 0.0158%
1103 code (76HT7H-CHB03E8) checked. Verified: 272441. isIdOk: 43. Prob: 0.01578%
1104 code (76CB7H-CHB0THM) checked. Verified: 272688. isIdOk: 43. Prob: 0.01577%
1105 code (73X47H-CHB057K) checked. Verified: 272935. isIdOk: 43. Prob: 0.01575%
1106 code (77027H-CHB05BP) checked. Verified: 273182. isIdOk: 44. Prob: 0.01611%
1107 code (7HE17H-CHB05BM) checked. Verified: 273429. isIdOk: 44. Prob: 0.01609%
1108 code (71AX7H-CHB0296) checked. Verified: 273676. isIdOk: 44. Prob: 0.01608%
1109 code (7TEM7H-CHB0240) checked. Verified: 273923. isIdOk: 44. Prob: 0.01606%
1110 code (7CKB7H-CHB0EMA) checked. Verified: 274170. isIdOk: 44. Prob: 0.01605%
1111 code (7E397H-CHB0EBB) checked. Verified: 274417. isIdOk: 44. Prob: 0.01603%
1112 code (7A107H-CHB0655) checked. Verified: 274664. isIdOk: 44. Prob: 0.01602%
1113 code (7TXH7H-CHB06B4) checked. Verified: 274911. isIdOk: 44. Prob: 0.01601%
1114 code (72EK7H-CHB0960) checked. Verified: 275158. isIdOk: 44. Prob: 0.01599%
1115 code (78MB7H-CHB0K32) checked. Verified: 275405. isIdOk: 45. Prob: 0.01634%
1116 code (75P17H-CHB0KX7) checked. Verified: 275652. isIdOk: 45. Prob: 0.01632%
1117 code (71X27H-CHB0K41) checked. Verified: 275899. isIdOk: 45. Prob: 0.01631%
1118 code (7HEP7H-CHB0PEM) checked. Verified: 276146. isIdOk: 45. Prob: 0.0163%
1119 code (73MP7H-CHB01CK) checked. Verified: 276393. isIdOk: 45. Prob: 0.01628%
1120 code (CHXM7H-CHB01M4) checked. Verified: 276640. isIdOk: 45. Prob: 0.01627%
1121 code (7CX17H-CHB0AKM) checked. Verified: 276887. isIdOk: 45. Prob: 0.01625%
1122 code (7TA27H-CHB0M90) checked. Verified: 277134. isIdOk: 45. Prob: 0.01624%
1123 code (7KMB7H-CHB0XC2) checked. Verified: 277381. isIdOk: 45. Prob: 0.01622%
1124 code (7EHK7H-CHB0X43) checked. Verified: 277628. isIdOk: 45. Prob: 0.01621%
1125 code (C68C7H-CHB0X07) checked. Verified: 277875. isIdOk: 45. Prob: 0.01619%
1126 code (7CB97H-CHB0X01) checked. Verified: 278122. isIdOk: 45. Prob: 0.01618%
1127 code (77X17H-CHB08M7) checked. Verified: 278369. isIdOk: 45. Prob: 0.01617%
1128 code (75807H-CHB0BPP) checked. Verified: 278616. isIdOk: 45. Prob: 0.01615%
1129 code (73TT7H-CHB0B4H) checked. Verified: 278863. isIdOk: 45. Prob: 0.01614%
1130 code (73B17H-CHB047P) checked. Verified: 279110. isIdOk: 45. Prob: 0.01612%
1131 code (7T3E7H-CHB0471) checked. Verified: 279357. isIdOk: 45. Prob: 0.01611%
1132 code (7CE27H-CHB04K3) checked. Verified: 279604. isIdOk: 45. Prob: 0.01609%
1133 code (7EX77H-CHB0026) checked. Verified: 279851. isIdOk: 45. Prob: 0.01608%
1134 code (7M307H-CHB00PM) checked. Verified: 280098. isIdOk: 45. Prob: 0.01607%
1135 code (7H867H-CHB00AC) checked. Verified: 280345. isIdOk: 46. Prob: 0.01641%
1136 code (72H57H-CH477T5) checked. Verified: 280592. isIdOk: 47. Prob: 0.01675%
1137 code (7M897H-CH477B7) checked. Verified: 280839. isIdOk: 47. Prob: 0.01674%
1138 code (7KM07H-CH47C75) checked. Verified: 281086. isIdOk: 47. Prob: 0.01672%
1139 code (79H47H-CH47CBT) checked. Verified: 281333. isIdOk: 48. Prob: 0.01706%
1140 code (CKC67H-CH47H6H) checked. Verified: 281580. isIdOk: 48. Prob: 0.01705%
1141 code (76EB7H-CH47HPK) checked. Verified: 281827. isIdOk: 48. Prob: 0.01703%
1142 code (770P7H-CH4735M) checked. Verified: 282074. isIdOk: 48. Prob: 0.01702%
1143 code (781K7H-CH47T3P) checked. Verified: 282321. isIdOk: 48. Prob: 0.017%
1144 code (79C17H-CH47T4M) checked. Verified: 282568. isIdOk: 48. Prob: 0.01699%
1145 code (7H747H-CH475AH) checked. Verified: 282815. isIdOk: 48. Prob: 0.01697%
1146 code (762E7H-CH47299) checked. Verified: 283062. isIdOk: 48. Prob: 0.01696%
1147 code (7P9M7H-CH47EHK) checked. Verified: 283309. isIdOk: 48. Prob: 0.01694%
1148 code (79BC7H-CH47633) checked. Verified: 283556. isIdOk: 48. Prob: 0.01693%
1149 code (729H7H-CH476P4) checked. Verified: 283803. isIdOk: 48. Prob: 0.01691%
1150 code (7X6K7H-CH476AC) checked. Verified: 284050. isIdOk: 48. Prob: 0.0169%
1151 code (CC9P7H-CH47603) checked. Verified: 284297. isIdOk: 48. Prob: 0.01688%
1152 code (758K7H-CH47911) checked. Verified: 284544. isIdOk: 48. Prob: 0.01687%
1153 code (C09B7H-CH47KE5) checked. Verified: 284791. isIdOk: 48. Prob: 0.01685%
1154 code (72B07H-CH47KAE) checked. Verified: 285038. isIdOk: 48. Prob: 0.01684%
1155 code (7CM27H-CH47K0E) checked. Verified: 285285. isIdOk: 48. Prob: 0.01683%
1156 code (77027H-CH47P3E) checked. Verified: 285532. isIdOk: 48. Prob: 0.01681%
1157 code (7KMA7H-CH47P4H) checked. Verified: 285779. isIdOk: 48. Prob: 0.0168%
1158 code (7TMA7H-CH4715T) checked. Verified: 286026. isIdOk: 48. Prob: 0.01678%
1159 code (CA617H-CH4716K) checked. Verified: 286273. isIdOk: 48. Prob: 0.01677%
1160 code (73KK7H-CH47A76) checked. Verified: 286520. isIdOk: 48. Prob: 0.01675%
1161 code (764P7H-CH47AMP) checked. Verified: 286767. isIdOk: 48. Prob: 0.01674%
1162 code (7E707H-CH47M65) checked. Verified: 287014. isIdOk: 48. Prob: 0.01672%
1163 code (758A7H-CH47X3X) checked. Verified: 287261. isIdOk: 48. Prob: 0.01671%
1164 code (7CB47H-CH47X6P) checked. Verified: 287508. isIdOk: 48. Prob: 0.0167%
1165 code (73B97H-CH47838) checked. Verified: 287755. isIdOk: 48. Prob: 0.01668%
1166 code (73857H-CH47821) checked. Verified: 288002. isIdOk: 48. Prob: 0.01667%
1167 code (73907H-CH47BCB) checked. Verified: 288249. isIdOk: 48. Prob: 0.01665%
1168 code (7X537H-CH47B15) checked. Verified: 288496. isIdOk: 48. Prob: 0.01664%
1169 code (7M497H-CH474PH) checked. Verified: 288743. isIdOk: 48. Prob: 0.01662%
1170 code (78347H-CH4709X) checked. Verified: 288990. isIdOk: 48. Prob: 0.01661%
1171 code (7H687H-CH4C7CE) checked. Verified: 289237. isIdOk: 49. Prob: 0.01694%
1172 code (7KEH7H-CH4C7TC) checked. Verified: 289484. isIdOk: 50. Prob: 0.01727%
1173 code (768E7H-CH4C7B6) checked. Verified: 289731. isIdOk: 50. Prob: 0.01726%
1174 code (7TM07H-CH4CCMB) checked. Verified: 289978. isIdOk: 50. Prob: 0.01724%
1175 code (CA997H-CH4CHHA) checked. Verified: 290225. isIdOk: 50. Prob: 0.01723%
1176 code (73087H-CH4C3H8) checked. Verified: 290472. isIdOk: 50. Prob: 0.01721%
1177 code (79M67H-CH4C3MB) checked. Verified: 290719. isIdOk: 50. Prob: 0.0172%
1178 code (7EK37H-CH4CTA9) checked. Verified: 290966. isIdOk: 50. Prob: 0.01718%
1179 code (76E27H-CH4CTXM) checked. Verified: 291213. isIdOk: 50. Prob: 0.01717%
1180 code (7PKH7H-CH4C5HE) checked. Verified: 291460. isIdOk: 50. Prob: 0.01716%
1181 code (77037H-CH4C5KX) checked. Verified: 291707. isIdOk: 50. Prob: 0.01714%
1182 code (77C57H-CH4C2KM) checked. Verified: 291954. isIdOk: 51. Prob: 0.01747%
1183 code (77M47H-CH4CEK3) checked. Verified: 292201. isIdOk: 51. Prob: 0.01745%
1184 code (77C97H-CH4C6TA) checked. Verified: 292448. isIdOk: 51. Prob: 0.01744%
1185 code (7H3A7H-CH4C9TK) checked. Verified: 292695. isIdOk: 51. Prob: 0.01742%
1186 code (73447H-CH4C98K) checked. Verified: 292942. isIdOk: 51. Prob: 0.01741%
1187 code (70M07H-CH4CKE0) checked. Verified: 293189. isIdOk: 51. Prob: 0.01739%
1188 code (HXC87H-CH4CKP6) checked. Verified: 293436. isIdOk: 51. Prob: 0.01738%
1189 code (73847H-CH4CPC7) checked. Verified: 293683. isIdOk: 51. Prob: 0.01737%
1190 code (71PC7H-CH4CPK5) checked. Verified: 293930. isIdOk: 51. Prob: 0.01735%
1191 code (72727H-CH4C128) checked. Verified: 294177. isIdOk: 51. Prob: 0.01734%
1192 code (74K87H-CH4C19P) checked. Verified: 294424. isIdOk: 51. Prob: 0.01732%
1193 code (7C837H-CH4C1AB) checked. Verified: 294671. isIdOk: 51. Prob: 0.01731%
1194 code (788A7H-CH4C183) checked. Verified: 294918. isIdOk: 51. Prob: 0.01729%
1195 code (74TM7H-CH4CA53) checked. Verified: 295165. isIdOk: 51. Prob: 0.01728%
1196 code (719T7H-CH4CA2H) checked. Verified: 295412. isIdOk: 51. Prob: 0.01726%
1197 code (7TKH7H-CH4CA23) checked. Verified: 295659. isIdOk: 51. Prob: 0.01725%
1198 code (77627H-CH4CA01) checked. Verified: 295906. isIdOk: 51. Prob: 0.01724%
1199 code (7T1B7H-CH4CM94) checked. Verified: 296153. isIdOk: 51. Prob: 0.01722%
1200 code (7B747H-CH4CX5C) checked. Verified: 296400. isIdOk: 51. Prob: 0.01721%
1201 code (C94B7H-CH4CXAM) checked. Verified: 296647. isIdOk: 51. Prob: 0.01719%
1202 code (7TP17H-CH4CX09) checked. Verified: 296894. isIdOk: 52. Prob: 0.01751%
1203 code (74387H-CH4C877) checked. Verified: 297141. isIdOk: 53. Prob: 0.01784%
1204 code (79E67H-CH4C83X) checked. Verified: 297388. isIdOk: 53. Prob: 0.01782%
1205 code (7P7X7H-CH4C86B) checked. Verified: 297635. isIdOk: 53. Prob: 0.01781%
1206 code (C2T07H-CH4CBC7) checked. Verified: 297882. isIdOk: 53. Prob: 0.01779%
1207 code (7HHH7H-CH4CB0C) checked. Verified: 298129. isIdOk: 53. Prob: 0.01778%
1208 code (CBAP7H-CH4C4EB) checked. Verified: 298376. isIdOk: 53. Prob: 0.01776%
1209 code (7A8K7H-CH4C4BT) checked. Verified: 298623. isIdOk: 53. Prob: 0.01775%
1210 code (CX3T7H-CH4C01T) checked. Verified: 298870. isIdOk: 53. Prob: 0.01773%
1211 code (7M847H-CH4H7HA) checked. Verified: 299117. isIdOk: 53. Prob: 0.01772%
1212 code (C63K7H-CH4H78H) checked. Verified: 299364. isIdOk: 53. Prob: 0.0177%
1213 code (77EB7H-CH4HC9C) checked. Verified: 299611. isIdOk: 53. Prob: 0.01769%
1214 code (76417H-CH4HC08) checked. Verified: 299858. isIdOk: 53. Prob: 0.01768%
1215 code (77917H-CH4HHPE) checked. Verified: 300105. isIdOk: 53. Prob: 0.01766%
1216 code (79M47H-CH4H3TT) checked. Verified: 300352. isIdOk: 54. Prob: 0.01798%
1217 code (7M1P7H-CH4H3E8) checked. Verified: 300599. isIdOk: 54. Prob: 0.01796%
1218 code (721A7H-CH4HTHP) checked. Verified: 300846. isIdOk: 54. Prob: 0.01795%
1219 code (73997H-CH4H5H9) checked. Verified: 301093. isIdOk: 54. Prob: 0.01793%
1220 code (710M7H-CH4H5H8) checked. Verified: 301340. isIdOk: 54. Prob: 0.01792%
1221 code (C7E47H-CH4H5E1) checked. Verified: 301587. isIdOk: 54. Prob: 0.01791%
1222 code (72197H-CH4H5BM) checked. Verified: 301834. isIdOk: 54. Prob: 0.01789%
1223 code (7MA17H-CH4H2BE) checked. Verified: 302081. isIdOk: 54. Prob: 0.01788%
1224 code (7X607H-CH4HEC5) checked. Verified: 302328. isIdOk: 54. Prob: 0.01786%
1225 code (7P967H-CH4HE5X) checked. Verified: 302575. isIdOk: 54. Prob: 0.01785%
1226 code (CEK47H-CH4HE6A) checked. Verified: 302822. isIdOk: 55. Prob: 0.01816%
1227 code (7KTT7H-CH4HE46) checked. Verified: 303069. isIdOk: 55. Prob: 0.01815%
1228 code (77BP7H-CH4H62E) checked. Verified: 303316. isIdOk: 55. Prob: 0.01813%
1229 code (777M7H-CH4H6XX) checked. Verified: 303563. isIdOk: 55. Prob: 0.01812%
1230 code (C5797H-CH4H684) checked. Verified: 303810. isIdOk: 55. Prob: 0.0181%
1231 code (72X27H-CH4H9K1) checked. Verified: 304057. isIdOk: 55. Prob: 0.01809%
1232 code (76TX7H-CH4H9AX) checked. Verified: 304304. isIdOk: 55. Prob: 0.01807%
1233 code (7T297H-CH4H9M5) checked. Verified: 304551. isIdOk: 56. Prob: 0.01839%
1234 code (70567H-CH4HKHT) checked. Verified: 304798. isIdOk: 56. Prob: 0.01837%
1235 code (77HE7H-CH4HK28) checked. Verified: 305045. isIdOk: 56. Prob: 0.01836%
1236 code (735M7H-CH4HKE8) checked. Verified: 305292. isIdOk: 56. Prob: 0.01834%
1237 code (C8877H-CH4HP24) checked. Verified: 305539. isIdOk: 57. Prob: 0.01866%
1238 code (CH5M7H-CH4HP4E) checked. Verified: 305786. isIdOk: 57. Prob: 0.01864%
1239 code (7HTB7H-CH4H1HH) checked. Verified: 306033. isIdOk: 57. Prob: 0.01863%
1240 code (73PC7H-CH4H181) checked. Verified: 306280. isIdOk: 57. Prob: 0.01861%
1241 code (7H857H-CH4HAP3) checked. Verified: 306527. isIdOk: 57. Prob: 0.0186%
1242 code (736T7H-CH4HAB2) checked. Verified: 306774. isIdOk: 57. Prob: 0.01858%
1243 code (7H817H-CH4HMKP) checked. Verified: 307021. isIdOk: 57. Prob: 0.01857%
1244 code (70P67H-CH4HMM9) checked. Verified: 307268. isIdOk: 57. Prob: 0.01855%
1245 code (72CT7H-CH4HM4T) checked. Verified: 307515. isIdOk: 57. Prob: 0.01854%
1246 code (716K7H-CH4HXK7) checked. Verified: 307762. isIdOk: 57. Prob: 0.01852%
1247 code (75P97H-CH4H87A) checked. Verified: 308009. isIdOk: 57. Prob: 0.01851%
1248 code (72397H-CH4H87X) checked. Verified: 308256. isIdOk: 57. Prob: 0.01849%
1249 code (7H0B7H-CH4H811) checked. Verified: 308503. isIdOk: 57. Prob: 0.01848%
1250 code (CEHC7H-CH4HB1T) checked. Verified: 308750. isIdOk: 57. Prob: 0.01846%
1251 code (77T67H-CH4HBXA) checked. Verified: 308997. isIdOk: 57. Prob: 0.01845%
1252 code (CA967H-CH4H4K5) checked. Verified: 309244. isIdOk: 57. Prob: 0.01843%
1253 code (7CBK7H-CH4H443) checked. Verified: 309491. isIdOk: 57. Prob: 0.01842%
1254 code (733H7H-CH4H0XB) checked. Verified: 309738. isIdOk: 57. Prob: 0.0184%
1255 code (CH4C7H-CH43738) checked. Verified: 309985. isIdOk: 57. Prob: 0.01839%
1256 code (7EXT7H-CH437KP) checked. Verified: 310232. isIdOk: 57. Prob: 0.01837%
1257 code (7MP87H-CH43C27) checked. Verified: 310479. isIdOk: 57. Prob: 0.01836%
1258 code (75AM7H-CH43C8E) checked. Verified: 310726. isIdOk: 57. Prob: 0.01834%
1259 code (72XC7H-CH43HK0) checked. Verified: 310973. isIdOk: 57. Prob: 0.01833%
1260 code (7M507H-CH4336X) checked. Verified: 311220. isIdOk: 57. Prob: 0.01832%
1261 code (7MK77H-CH43314) checked. Verified: 311467. isIdOk: 57. Prob: 0.0183%
1262 code (767M7H-CH43T61) checked. Verified: 311714. isIdOk: 57. Prob: 0.01829%
1263 code (75XK7H-CH43TMP) checked. Verified: 311961. isIdOk: 57. Prob: 0.01827%
1264 code (77EC7H-CH435H5) checked. Verified: 312208. isIdOk: 57. Prob: 0.01826%
1265 code (3M9P7H-CH435EK) checked. Verified: 312455. isIdOk: 57. Prob: 0.01824%
1266 code (7C877H-CH432C5) checked. Verified: 312702. isIdOk: 57. Prob: 0.01823%
1267 code (72067H-CH432TE) checked. Verified: 312949. isIdOk: 57. Prob: 0.01821%
1268 code (C2237H-CH43EH2) checked. Verified: 313196. isIdOk: 57. Prob: 0.0182%
1269 code (77MK7H-CH43EEB) checked. Verified: 313443. isIdOk: 57. Prob: 0.01819%
1270 code (7X797H-CH4367P) checked. Verified: 313690. isIdOk: 57. Prob: 0.01817%
1271 code (7T7C7H-CH436B3) checked. Verified: 313937. isIdOk: 57. Prob: 0.01816%
1272 code (786H7H-CH439P8) checked. Verified: 314184. isIdOk: 57. Prob: 0.01814%
1273 code (7TAB7H-CH43K76) checked. Verified: 314431. isIdOk: 58. Prob: 0.01845%
1274 code (C8K67H-CH43K05) checked. Verified: 314678. isIdOk: 58. Prob: 0.01843%
1275 code (7H697H-CH43PXC) checked. Verified: 314925. isIdOk: 58. Prob: 0.01842%
1276 code (H7E07H-CH431M7) checked. Verified: 315172. isIdOk: 58. Prob: 0.0184%
1277 code (73947H-CH43AEC) checked. Verified: 315419. isIdOk: 58. Prob: 0.01839%
1278 code (CCEB7H-CH43A07) checked. Verified: 315666. isIdOk: 58. Prob: 0.01837%
1279 code (7H387H-CH43MPB) checked. Verified: 315913. isIdOk: 58. Prob: 0.01836%
1280 code (7K907H-CH43M87) checked. Verified: 316160. isIdOk: 58. Prob: 0.01835%
1281 code (726E7H-CH43XX7) checked. Verified: 316407. isIdOk: 58. Prob: 0.01833%
1282 code (749B7H-CH43898) checked. Verified: 316654. isIdOk: 58. Prob: 0.01832%
1283 code (79M97H-CH4381P) checked. Verified: 316901. isIdOk: 58. Prob: 0.0183%
1284 code (782M7H-CH43BH1) checked. Verified: 317148. isIdOk: 58. Prob: 0.01829%
1285 code (75E77H-CH43BK2) checked. Verified: 317395. isIdOk: 58. Prob: 0.01827%
1286 code (753T7H-CH43470) checked. Verified: 317642. isIdOk: 58. Prob: 0.01826%
1287 code (7EEE7H-CH4343M) checked. Verified: 317889. isIdOk: 58. Prob: 0.01825%
1288 code (7HAM7H-CH4348T) checked. Verified: 318136. isIdOk: 58. Prob: 0.01823%
1289 code (75CA7H-CH43072) checked. Verified: 318383. isIdOk: 58. Prob: 0.01822%
1290 code (CH577H-CH4309K) checked. Verified: 318630. isIdOk: 58. Prob: 0.0182%
1291 code (CHHE7H-CH4T768) checked. Verified: 318877. isIdOk: 58. Prob: 0.01819%
1292 code (79C77H-CH4T744) checked. Verified: 319124. isIdOk: 58. Prob: 0.01817%
1293 code (7C7T7H-CH4TC1A) checked. Verified: 319371. isIdOk: 58. Prob: 0.01816%
1294 code (73877H-CH4TH22) checked. Verified: 319618. isIdOk: 58. Prob: 0.01815%
1295 code (C7H67H-CH4T32C) checked. Verified: 319865. isIdOk: 58. Prob: 0.01813%
1296 code (788H7H-CH4T32K) checked. Verified: 320112. isIdOk: 59. Prob: 0.01843%
1297 code (73E37H-CH4T3K6) checked. Verified: 320359. isIdOk: 59. Prob: 0.01842%
1298 code (76XC7H-CH4T30B) checked. Verified: 320606. isIdOk: 59. Prob: 0.0184%
1299 code (75BX7H-CH4TT7H) checked. Verified: 320853. isIdOk: 59. Prob: 0.01839%
1300 code (7T827H-CH4TT0E) checked. Verified: 321100. isIdOk: 60. Prob: 0.01869%
1301 code (H69X7H-CH4T275) checked. Verified: 321347. isIdOk: 60. Prob: 0.01867%
1302 code (7T5B7H-CH4T2MT) checked. Verified: 321594. isIdOk: 60. Prob: 0.01866%
1303 code (7C9E7H-CH4TEP4) checked. Verified: 321841. isIdOk: 60. Prob: 0.01864%
1304 code (CM347H-CH4T6H8) checked. Verified: 322088. isIdOk: 60. Prob: 0.01863%
1305 code (7M517H-CH4T6T2) checked. Verified: 322335. isIdOk: 60. Prob: 0.01861%
1306 code (7H197H-CH4T6TA) checked. Verified: 322582. isIdOk: 60. Prob: 0.0186%
1307 code (73T37H-CH4T6K1) checked. Verified: 322829. isIdOk: 60. Prob: 0.01859%
1308 code (73657H-CH4T6M8) checked. Verified: 323076. isIdOk: 60. Prob: 0.01857%
1309 code (75267H-CH4T6XH) checked. Verified: 323323. isIdOk: 60. Prob: 0.01856%
1310 code (CCCC7H-CH4T9TP) checked. Verified: 323570. isIdOk: 60. Prob: 0.01854%
1311 code (7E7T7H-CH4T964) checked. Verified: 323817. isIdOk: 60. Prob: 0.01853%
1312 code (777P7H-CH4T9BA) checked. Verified: 324064. isIdOk: 61. Prob: 0.01882%
1313 code (CMT47H-CH4TK5X) checked. Verified: 324311. isIdOk: 61. Prob: 0.01881%
1314 code (75A97H-CH4TK41) checked. Verified: 324558. isIdOk: 61. Prob: 0.01879%
1315 code (7H5A7H-CH4TPK2) checked. Verified: 324805. isIdOk: 61. Prob: 0.01878%
1316 code (7P327H-CH4TPM9) checked. Verified: 325052. isIdOk: 61. Prob: 0.01877%
1317 code (7H927H-CH4TP8C) checked. Verified: 325299. isIdOk: 61. Prob: 0.01875%
1318 code (7HHE7H-CH4T1PH) checked. Verified: 325546. isIdOk: 61. Prob: 0.01874%
1319 code (7TTA7H-CH4TA35) checked. Verified: 325793. isIdOk: 61. Prob: 0.01872%
1320 code (77MK7H-CH4TATH) checked. Verified: 326040. isIdOk: 62. Prob: 0.01902%
1321 code (72037H-CH4TA48) checked. Verified: 326287. isIdOk: 62. Prob: 0.019%
1322 code (76X17H-CH4TA4B) checked. Verified: 326534. isIdOk: 62. Prob: 0.01899%
1323 code (735X7H-CH4TMK0) checked. Verified: 326781. isIdOk: 62. Prob: 0.01897%
1324 code (7HK07H-CH4TMA0) checked. Verified: 327028. isIdOk: 62. Prob: 0.01896%
1325 code (7MT27H-CH4TXT7) checked. Verified: 327275. isIdOk: 62. Prob: 0.01894%
1326 code (77287H-CH4TX9H) checked. Verified: 327522. isIdOk: 62. Prob: 0.01893%
1327 code (7T3A7H-CH4TXM5) checked. Verified: 327769. isIdOk: 62. Prob: 0.01892%
1328 code (744A7H-CH4T8PX) checked. Verified: 328016. isIdOk: 62. Prob: 0.0189%
1329 code (7H9K7H-CH4TB1A) checked. Verified: 328263. isIdOk: 62. Prob: 0.01889%
1330 code (7H257H-CH4T4TH) checked. Verified: 328510. isIdOk: 63. Prob: 0.01918%
1331 code (72H77H-CH4T4KX) checked. Verified: 328757. isIdOk: 63. Prob: 0.01916%
1332 code (7H657H-CH4T41T) checked. Verified: 329004. isIdOk: 63. Prob: 0.01915%
1333 code (7A5K7H-CH4T0HP) checked. Verified: 329251. isIdOk: 63. Prob: 0.01913%
1334 code (7HE77H-CH4577E) checked. Verified: 329498. isIdOk: 63. Prob: 0.01912%
1335 code (777E7H-CH4575C) checked. Verified: 329745. isIdOk: 63. Prob: 0.01911%
1336 code (737M7H-CH45745) checked. Verified: 329992. isIdOk: 63. Prob: 0.01909%
1337 code (C50E7H-CH45C9P) checked. Verified: 330239. isIdOk: 63. Prob: 0.01908%
1338 code (CT557H-CH45HE9) checked. Verified: 330486. isIdOk: 63. Prob: 0.01906%
1339 code (7C2E7H-CH45H84) checked. Verified: 330733. isIdOk: 63. Prob: 0.01905%
1340 code (7A6H7H-CH45339) checked. Verified: 330980. isIdOk: 63. Prob: 0.01903%
1341 code (732A7H-CH453XT) checked. Verified: 331227. isIdOk: 63. Prob: 0.01902%
1342 code (790P7H-CH45TM7) checked. Verified: 331474. isIdOk: 63. Prob: 0.01901%
1343 code (7B6C7H-CH455CH) checked. Verified: 331721. isIdOk: 63. Prob: 0.01899%
1344 code (732A7H-CH45543) checked. Verified: 331968. isIdOk: 63. Prob: 0.01898%
1345 code (7CC17H-CH45298) checked. Verified: 332215. isIdOk: 63. Prob: 0.01896%
1346 code (7P967H-CH45242) checked. Verified: 332462. isIdOk: 64. Prob: 0.01925%
1347 code (76947H-CH45E59) checked. Verified: 332709. isIdOk: 64. Prob: 0.01924%
1348 code (C3E97H-CH45625) checked. Verified: 332956. isIdOk: 64. Prob: 0.01922%
1349 code (77K37H-CH456E5) checked. Verified: 333203. isIdOk: 64. Prob: 0.01921%
1350 code (7HMC7H-CH4561T) checked. Verified: 333450. isIdOk: 64. Prob: 0.01919%
1351 code (C3117H-CH45996) checked. Verified: 333697. isIdOk: 64. Prob: 0.01918%
1352 code (76837H-CH45K54) checked. Verified: 333944. isIdOk: 64. Prob: 0.01916%
1353 code (7AXX7H-CH45K89) checked. Verified: 334191. isIdOk: 64. Prob: 0.01915%
1354 code (75257H-CH45P77) checked. Verified: 334438. isIdOk: 64. Prob: 0.01914%
1355 code (C9CC7H-CH4517A) checked. Verified: 334685. isIdOk: 64. Prob: 0.01912%
1356 code (C5AH7H-CH451KA) checked. Verified: 334932. isIdOk: 64. Prob: 0.01911%
1357 code (7T1K7H-CH451AE) checked. Verified: 335179. isIdOk: 64. Prob: 0.01909%
1358 code (72917H-CH451A6) checked. Verified: 335426. isIdOk: 64. Prob: 0.01908%
1359 code (7PE77H-CH45AT0) checked. Verified: 335673. isIdOk: 64. Prob: 0.01907%
1360 code (70B07H-CH45A86) checked. Verified: 335920. isIdOk: 64. Prob: 0.01905%
1361 code (738E7H-CH45M23) checked. Verified: 336167. isIdOk: 64. Prob: 0.01904%
1362 code (C2E67H-CH45M91) checked. Verified: 336414. isIdOk: 64. Prob: 0.01902%
1363 code (7CA07H-CH45M0B) checked. Verified: 336661. isIdOk: 64. Prob: 0.01901%
1364 code (76637H-CH45X41) checked. Verified: 336908. isIdOk: 64. Prob: 0.019%
1365 code (7K6K7H-CH45X0M) checked. Verified: 337155. isIdOk: 64. Prob: 0.01898%
1366 code (7A3X7H-CH45892) checked. Verified: 337402. isIdOk: 64. Prob: 0.01897%
1367 code (778A7H-CH45BH0) checked. Verified: 337649. isIdOk: 64. Prob: 0.01895%
1368 code (72457H-CH45478) checked. Verified: 337896. isIdOk: 64. Prob: 0.01894%
1369 code (7TEB7H-CH454M3) checked. Verified: 338143. isIdOk: 64. Prob: 0.01893%
1370 code (76KH7H-CH450C1) checked. Verified: 338390. isIdOk: 64. Prob: 0.01891%
1371 code (7K6K7H-CH4277X) checked. Verified: 338637. isIdOk: 64. Prob: 0.0189%
1372 code (73477H-CH427EH) checked. Verified: 338884. isIdOk: 64. Prob: 0.01889%
1373 code (724A7H-CH42780) checked. Verified: 339131. isIdOk: 64. Prob: 0.01887%
1374 code (7MX87H-CH42CM0) checked. Verified: 339378. isIdOk: 65. Prob: 0.01915%
1375 code (7P627H-CH42C87) checked. Verified: 339625. isIdOk: 65. Prob: 0.01914%
1376 code (73KM7H-CH42HXT) checked. Verified: 339872. isIdOk: 65. Prob: 0.01912%
1377 code (7KXT7H-CH4235C) checked. Verified: 340119. isIdOk: 65. Prob: 0.01911%
1378 code (78P47H-CH4231K) checked. Verified: 340366. isIdOk: 65. Prob: 0.0191%
1379 code (7CM47H-CH42TH4) checked. Verified: 340613. isIdOk: 65. Prob: 0.01908%
1380 code (77627H-CH4253C) checked. Verified: 340860. isIdOk: 65. Prob: 0.01907%
1381 code (7HP37H-CH42562) checked. Verified: 341107. isIdOk: 65. Prob: 0.01906%
1382 code (73H77H-CH4259B) checked. Verified: 341354. isIdOk: 65. Prob: 0.01904%
1383 code (7E307H-CH425M4) checked. Verified: 341601. isIdOk: 65. Prob: 0.01903%
1384 code (7E617H-CH422TC) checked. Verified: 341848. isIdOk: 65. Prob: 0.01901%
1385 code (73B47H-CH42ECB) checked. Verified: 342095. isIdOk: 65. Prob: 0.019%
1386 code (756B7H-CH426HA) checked. Verified: 342342. isIdOk: 65. Prob: 0.01899%
1387 code (77BE7H-CH4269H) checked. Verified: 342589. isIdOk: 65. Prob: 0.01897%
1388 code (7T367H-CH42950) checked. Verified: 342836. isIdOk: 65. Prob: 0.01896%
1389 code (77557H-CH42K52) checked. Verified: 343083. isIdOk: 65. Prob: 0.01895%
1390 code (71CH7H-CH42PCE) checked. Verified: 343330. isIdOk: 65. Prob: 0.01893%
1391 code (7XMC7H-CH421C1) checked. Verified: 343577. isIdOk: 65. Prob: 0.01892%
1392 code (721K7H-CH421B1) checked. Verified: 343824. isIdOk: 65. Prob: 0.01891%
1393 code (7KPC7H-CH42AHE) checked. Verified: 344071. isIdOk: 65. Prob: 0.01889%
1394 code (7CK77H-CH42AAK) checked. Verified: 344318. isIdOk: 65. Prob: 0.01888%
1395 code (7C717H-CH42MC8) checked. Verified: 344565. isIdOk: 65. Prob: 0.01886%
1396 code (73XA7H-CH42MEX) checked. Verified: 344812. isIdOk: 65. Prob: 0.01885%
1397 code (7T427H-CH42X73) checked. Verified: 345059. isIdOk: 65. Prob: 0.01884%
1398 code (77E67H-CH42X2T) checked. Verified: 345306. isIdOk: 65. Prob: 0.01882%
1399 code (76X47H-CH42X41) checked. Verified: 345553. isIdOk: 66. Prob: 0.0191%
1400 code (C2TX7H-CH428C1) checked. Verified: 345800. isIdOk: 66. Prob: 0.01909%
1401 code (7E0T7H-CH42897) checked. Verified: 346047. isIdOk: 66. Prob: 0.01907%
1402 code (7T9K7H-CH42BH3) checked. Verified: 346294. isIdOk: 66. Prob: 0.01906%
1403 code (778X7H-CH424CH) checked. Verified: 346541. isIdOk: 66. Prob: 0.01905%
1404 code (76667H-CH42493) checked. Verified: 346788. isIdOk: 66. Prob: 0.01903%
1405 code (7HEB7H-CH4202E) checked. Verified: 347035. isIdOk: 67. Prob: 0.01931%
1406 code (7CPP7H-CH4E758) checked. Verified: 347282. isIdOk: 67. Prob: 0.01929%
1407 code (717P7H-CH4EC2M) checked. Verified: 347529. isIdOk: 67. Prob: 0.01928%
1408 code (7H087H-CH4EH3E) checked. Verified: 347776. isIdOk: 67. Prob: 0.01927%
1409 code (73257H-CH4EHXK) checked. Verified: 348023. isIdOk: 67. Prob: 0.01925%
1410 code (72T27H-CH4E3P7) checked. Verified: 348270. isIdOk: 67. Prob: 0.01924%
1411 code (7M6B7H-CH4E315) checked. Verified: 348517. isIdOk: 67. Prob: 0.01922%
1412 code (7T797H-CH4ET3T) checked. Verified: 348764. isIdOk: 67. Prob: 0.01921%
1413 code (734X7H-CH4ETAH) checked. Verified: 349011. isIdOk: 67. Prob: 0.0192%
1414 code (7CE67H-CH4ETAE) checked. Verified: 349258. isIdOk: 67. Prob: 0.01918%
1415 code (786X7H-CH4E5M7) checked. Verified: 349505. isIdOk: 67. Prob: 0.01917%
1416 code (757E7H-CH4E2TT) checked. Verified: 349752. isIdOk: 67. Prob: 0.01916%
1417 code (C7867H-CH4E2E6) checked. Verified: 349999. isIdOk: 67. Prob: 0.01914%
1418 code (7CAE7H-CH4E2MH) checked. Verified: 350246. isIdOk: 67. Prob: 0.01913%
1419 code (7T4A7H-CH4EEH0) checked. Verified: 350493. isIdOk: 67. Prob: 0.01912%
1420 code (C07T7H-CH4EE07) checked. Verified: 350740. isIdOk: 67. Prob: 0.0191%
1421 code (73K27H-CH4E6TP) checked. Verified: 350987. isIdOk: 67. Prob: 0.01909%
1422 code (CK4X7H-CH4E6E2) checked. Verified: 351234. isIdOk: 67. Prob: 0.01908%
1423 code (77MK7H-CH4E9EE) checked. Verified: 351481. isIdOk: 67. Prob: 0.01906%
1424 code (70MC7H-CH4E9K5) checked. Verified: 351728. isIdOk: 67. Prob: 0.01905%
1425 code (77TA7H-CH4EK3E) checked. Verified: 351975. isIdOk: 67. Prob: 0.01904%
1426 code (C2PP7H-CH4EK30) checked. Verified: 352222. isIdOk: 67. Prob: 0.01902%
1427 code (7H527H-CH4EKEP) checked. Verified: 352469. isIdOk: 67. Prob: 0.01901%
1428 code (C9777H-CH4EKX8) checked. Verified: 352716. isIdOk: 67. Prob: 0.019%
1429 code (77T77H-CH4EP3H) checked. Verified: 352963. isIdOk: 67. Prob: 0.01898%
1430 code (7HXB7H-CH4EPK8) checked. Verified: 353210. isIdOk: 67. Prob: 0.01897%
1431 code (7EC87H-CH4E1K5) checked. Verified: 353457. isIdOk: 67. Prob: 0.01896%
1432 code (734E7H-CH4EA53) checked. Verified: 353704. isIdOk: 67. Prob: 0.01894%
1433 code (79717H-CH4EA2K) checked. Verified: 353951. isIdOk: 67. Prob: 0.01893%
1434 code (77517H-CH4EA1T) checked. Verified: 354198. isIdOk: 67. Prob: 0.01892%
1435 code (75AA7H-CH4EMCK) checked. Verified: 354445. isIdOk: 67. Prob: 0.0189%
1436 code (752E7H-CH4EMA5) checked. Verified: 354692. isIdOk: 67. Prob: 0.01889%
1437 code (C3B87H-CH4EXMC) checked. Verified: 354939. isIdOk: 67. Prob: 0.01888%
1438 code (7MM97H-CH4EXXH) checked. Verified: 355186. isIdOk: 67. Prob: 0.01886%
1439 code (7BPK7H-CH4E890) checked. Verified: 355433. isIdOk: 67. Prob: 0.01885%
1440 code (71887H-CH4EB3E) checked. Verified: 355680. isIdOk: 67. Prob: 0.01884%
1441 code (7T1K7H-CH4E437) checked. Verified: 355927. isIdOk: 67. Prob: 0.01882%
1442 code (787T7H-CH4E4PM) checked. Verified: 356174. isIdOk: 67. Prob: 0.01881%
1443 code (72MB7H-CH4E09B) checked. Verified: 356421. isIdOk: 67. Prob: 0.0188%
1444 code (7CXE7H-CH467TC) checked. Verified: 356668. isIdOk: 67. Prob: 0.01878%
1445 code (C23H7H-CH467BT) checked. Verified: 356915. isIdOk: 67. Prob: 0.01877%
1446 code (77CX7H-CH46CX2) checked. Verified: 357162. isIdOk: 67. Prob: 0.01876%
1447 code (7HCA7H-CH46CBM) checked. Verified: 357409. isIdOk: 67. Prob: 0.01875%
1448 code (752P7H-CH46H5C) checked. Verified: 357656. isIdOk: 67. Prob: 0.01873%
1449 code (730K7H-CH46HK5) checked. Verified: 357903. isIdOk: 68. Prob: 0.019%
1450 code (7K127H-CH46352) checked. Verified: 358150. isIdOk: 68. Prob: 0.01899%
1451 code (C3MP7H-CH463XE) checked. Verified: 358397. isIdOk: 68. Prob: 0.01897%
1452 code (7KEC7H-CH4638E) checked. Verified: 358644. isIdOk: 68. Prob: 0.01896%
1453 code (729H7H-CH46T26) checked. Verified: 358891. isIdOk: 68. Prob: 0.01895%
1454 code (7B847H-CH46TE6) checked. Verified: 359138. isIdOk: 68. Prob: 0.01893%
1455 code (7MC07H-CH46TM8) checked. Verified: 359385. isIdOk: 68. Prob: 0.01892%
1456 code (768P7H-CH4659M) checked. Verified: 359632. isIdOk: 68. Prob: 0.01891%
1457 code (76917H-CH465KC) checked. Verified: 359879. isIdOk: 68. Prob: 0.0189%
1458 code (75937H-CH462EK) checked. Verified: 360126. isIdOk: 68. Prob: 0.01888%
1459 code (7PHB7H-CH46EE1) checked. Verified: 360373. isIdOk: 68. Prob: 0.01887%
1460 code (77E27H-CH466T7) checked. Verified: 360620. isIdOk: 68. Prob: 0.01886%
1461 code (77X67H-CH466P5) checked. Verified: 360867. isIdOk: 68. Prob: 0.01884%
1462 code (7E137H-CH469C5) checked. Verified: 361114. isIdOk: 68. Prob: 0.01883%
1463 code (7H3K7H-CH4696E) checked. Verified: 361361. isIdOk: 68. Prob: 0.01882%
1464 code (75997H-CH46918) checked. Verified: 361608. isIdOk: 68. Prob: 0.0188%
1465 code (7EH67H-CH46K3C) checked. Verified: 361855. isIdOk: 68. Prob: 0.01879%
1466 code (75007H-CH46K4E) checked. Verified: 362102. isIdOk: 68. Prob: 0.01878%
1467 code (73497H-CH46PX0) checked. Verified: 362349. isIdOk: 68. Prob: 0.01877%
1468 code (74C57H-CH461PE) checked. Verified: 362596. isIdOk: 68. Prob: 0.01875%
1469 code (790H7H-CH46APE) checked. Verified: 362843. isIdOk: 68. Prob: 0.01874%
1470 code (CH837H-CH46M6C) checked. Verified: 363090. isIdOk: 68. Prob: 0.01873%
1471 code (77A57H-CH46X39) checked. Verified: 363337. isIdOk: 68. Prob: 0.01872%
1472 code (7XXX7H-CH46838) checked. Verified: 363584. isIdOk: 68. Prob: 0.0187%
1473 code (728E7H-CH46B30) checked. Verified: 363831. isIdOk: 68. Prob: 0.01869%
1474 code (7XE77H-CH46BK9) checked. Verified: 364078. isIdOk: 68. Prob: 0.01868%
1475 code (77667H-CH46B4K) checked. Verified: 364325. isIdOk: 68. Prob: 0.01866%
1476 code (7T757H-CH46464) checked. Verified: 364572. isIdOk: 68. Prob: 0.01865%
1477 code (7AHH7H-CH464K8) checked. Verified: 364819. isIdOk: 68. Prob: 0.01864%
1478 code (7C4M7H-CH464X8) checked. Verified: 365066. isIdOk: 68. Prob: 0.01863%
1479 code (73CT7H-CH46023) checked. Verified: 365313. isIdOk: 68. Prob: 0.01861%
1480 code (75727H-CH4608C) checked. Verified: 365560. isIdOk: 68. Prob: 0.0186%
1481 code (73M47H-CH497MH) checked. Verified: 365807. isIdOk: 68. Prob: 0.01859%
1482 code (C3X37H-CH49C1H) checked. Verified: 366054. isIdOk: 68. Prob: 0.01858%
1483 code (7PK87H-CH49CXH) checked. Verified: 366301. isIdOk: 68. Prob: 0.01856%
1484 code (7PBA7H-CH49HAP) checked. Verified: 366548. isIdOk: 68. Prob: 0.01855%
1485 code (72T37H-CH493PH) checked. Verified: 366795. isIdOk: 68. Prob: 0.01854%
1486 code (7HT77H-CH4930T) checked. Verified: 367042. isIdOk: 68. Prob: 0.01853%
1487 code (7PH77H-CH49T68) checked. Verified: 367289. isIdOk: 68. Prob: 0.01851%
1488 code (7BK57H-CH49T44) checked. Verified: 367536. isIdOk: 68. Prob: 0.0185%
1489 code (7X377H-CH495H4) checked. Verified: 367783. isIdOk: 68. Prob: 0.01849%
1490 code (7E0A7H-CH495H0) checked. Verified: 368030. isIdOk: 68. Prob: 0.01848%
1491 code (785K7H-CH495E5) checked. Verified: 368277. isIdOk: 68. Prob: 0.01846%
1492 code (C4MC7H-CH492TE) checked. Verified: 368524. isIdOk: 68. Prob: 0.01845%
1493 code (754C7H-CH492K6) checked. Verified: 368771. isIdOk: 68. Prob: 0.01844%
1494 code (7C777H-CH49283) checked. Verified: 369018. isIdOk: 68. Prob: 0.01843%
1495 code (7KH87H-CH49E61) checked. Verified: 369265. isIdOk: 68. Prob: 0.01841%
1496 code (7CBA7H-CH49EA8) checked. Verified: 369512. isIdOk: 68. Prob: 0.0184%
1497 code (7PX57H-CH49615) checked. Verified: 369759. isIdOk: 68. Prob: 0.01839%
1498 code (77787H-CH4993A) checked. Verified: 370006. isIdOk: 68. Prob: 0.01838%
1499 code (C7K47H-CH49KTH) checked. Verified: 370253. isIdOk: 68. Prob: 0.01837%
1500 code (7H607H-CH49K8E) checked. Verified: 370500. isIdOk: 68. Prob: 0.01835%
1501 code (76H07H-CH49PP4) checked. Verified: 370747. isIdOk: 68. Prob: 0.01834%
1502 code (76KA7H-CH49PXE) checked. Verified: 370994. isIdOk: 68. Prob: 0.01833%
1503 code (7P9A7H-CH4919H) checked. Verified: 371241. isIdOk: 68. Prob: 0.01832%
1504 code (74107H-CH491B4) checked. Verified: 371488. isIdOk: 68. Prob: 0.0183%
1505 code (7CA17H-CH49AKA) checked. Verified: 371735. isIdOk: 68. Prob: 0.01829%
1506 code (7TEP7H-CH49M9E) checked. Verified: 371982. isIdOk: 68. Prob: 0.01828%
1507 code (7CA07H-CH49XTT) checked. Verified: 372229. isIdOk: 68. Prob: 0.01827%
1508 code (7K3K7H-CH498H8) checked. Verified: 372476. isIdOk: 68. Prob: 0.01826%
1509 code (7A0P7H-CH498A4) checked. Verified: 372723. isIdOk: 68. Prob: 0.01824%
1510 code (77E97H-CH49BCT) checked. Verified: 372970. isIdOk: 68. Prob: 0.01823%
1511 code (7PE47H-CH49B4P) checked. Verified: 373217. isIdOk: 68. Prob: 0.01822%
1512 code (79TT7H-CH4943E) checked. Verified: 373464. isIdOk: 68. Prob: 0.01821%
1513 code (HT3K7H-CH4948K) checked. Verified: 373711. isIdOk: 68. Prob: 0.0182%
1514 code (7C317H-CH490C4) checked. Verified: 373958. isIdOk: 68. Prob: 0.01818%
1515 code (79C97H-CH49057) checked. Verified: 374205. isIdOk: 68. Prob: 0.01817%
1516 code (7C387H-CH4905C) checked. Verified: 374452. isIdOk: 68. Prob: 0.01816%
1517 code (7T227H-CH49025) checked. Verified: 374699. isIdOk: 68. Prob: 0.01815%
1518 code (C3BB7H-CH4K779) checked. Verified: 374946. isIdOk: 68. Prob: 0.01814%
1519 code (7BM27H-CH4K757) checked. Verified: 375193. isIdOk: 68. Prob: 0.01812%
1520 code (CCM07H-CH4KC7K) checked. Verified: 375440. isIdOk: 68. Prob: 0.01811%
1521 code (CH1H7H-CH4KCM1) checked. Verified: 375687. isIdOk: 68. Prob: 0.0181%
1522 code (771E7H-CH4KH70) checked. Verified: 375934. isIdOk: 68. Prob: 0.01809%
1523 code (CH1X7H-CH4KH0A) checked. Verified: 376181. isIdOk: 68. Prob: 0.01808%
1524 code (77337H-CH4K3B2) checked. Verified: 376428. isIdOk: 68. Prob: 0.01806%
1525 code (794P7H-CH4KT99) checked. Verified: 376675. isIdOk: 68. Prob: 0.01805%
1526 code (7EHP7H-CH4K522) checked. Verified: 376922. isIdOk: 68. Prob: 0.01804%
1527 code (CK817H-CH4K25B) checked. Verified: 377169. isIdOk: 68. Prob: 0.01803%
1528 code (7A1H7H-CH4KETC) checked. Verified: 377416. isIdOk: 68. Prob: 0.01802%
1529 code (75997H-CH4KEMT) checked. Verified: 377663. isIdOk: 68. Prob: 0.01801%
1530 code (7H357H-CH4KE0M) checked. Verified: 377910. isIdOk: 68. Prob: 0.01799%
1531 code (78X27H-CH4K6C7) checked. Verified: 378157. isIdOk: 68. Prob: 0.01798%
1532 code (7A6X7H-CH4K6A3) checked. Verified: 378404. isIdOk: 68. Prob: 0.01797%
1533 code (753T7H-CH4K60H) checked. Verified: 378651. isIdOk: 68. Prob: 0.01796%
1534 code (7A2B7H-CH4K9TE) checked. Verified: 378898. isIdOk: 68. Prob: 0.01795%
1535 code (79C07H-CH4K9PK) checked. Verified: 379145. isIdOk: 68. Prob: 0.01794%
1536 code (C5P67H-CH4KKE2) checked. Verified: 379392. isIdOk: 68. Prob: 0.01792%
1537 code (7HAA7H-CH4KKPA) checked. Verified: 379639. isIdOk: 68. Prob: 0.01791%
1538 code (763X7H-CH4KPH6) checked. Verified: 379886. isIdOk: 68. Prob: 0.0179%
1539 code (7T8A7H-CH4KP49) checked. Verified: 380133. isIdOk: 69. Prob: 0.01815%
1540 code (7C827H-CH4K1C0) checked. Verified: 380380. isIdOk: 69. Prob: 0.01814%
1541 code (7A9T7H-CH4K1E7) checked. Verified: 380627. isIdOk: 69. Prob: 0.01813%
1542 code (7AHC7H-CH4KAEM) checked. Verified: 380874. isIdOk: 69. Prob: 0.01812%
1543 code (7T2H7H-CH4KM6T) checked. Verified: 381121. isIdOk: 69. Prob: 0.0181%
1544 code (710E7H-CH4KM17) checked. Verified: 381368. isIdOk: 69. Prob: 0.01809%
1545 code (7E487H-CH4KM8K) checked. Verified: 381615. isIdOk: 69. Prob: 0.01808%
1546 code (7AA37H-CH4KXAP) checked. Verified: 381862. isIdOk: 69. Prob: 0.01807%
1547 code (73M07H-CH4K8P4) checked. Verified: 382109. isIdOk: 69. Prob: 0.01806%
1548 code (CE5X7H-CH4K888) checked. Verified: 382356. isIdOk: 69. Prob: 0.01805%
1549 code (7E0P7H-CH4KB92) checked. Verified: 382603. isIdOk: 69. Prob: 0.01803%
1550 code (7C587H-CH4K471) checked. Verified: 382850. isIdOk: 69. Prob: 0.01802%
1551 code (3H867H-CH4K4TX) checked. Verified: 383097. isIdOk: 69. Prob: 0.01801%
1552 code (HTTC7H-CH4K0C6) checked. Verified: 383344. isIdOk: 69. Prob: 0.018%
1553 code (7H047H-CH4K0PC) checked. Verified: 383591. isIdOk: 69. Prob: 0.01799%
1554 code (73097H-CH4P767) checked. Verified: 383838. isIdOk: 69. Prob: 0.01798%
1555 code (71B17H-CH4PCHT) checked. Verified: 384085. isIdOk: 69. Prob: 0.01796%
1556 code (7E437H-CH4PC2M) checked. Verified: 384332. isIdOk: 69. Prob: 0.01795%
1557 code (75E67H-CH4PC8A) checked. Verified: 384579. isIdOk: 69. Prob: 0.01794%
1558 code (77717H-CH4PHH2) checked. Verified: 384826. isIdOk: 69. Prob: 0.01793%
1559 code (7HK27H-CH4PHXM) checked. Verified: 385073. isIdOk: 69. Prob: 0.01792%
1560 code (7E977H-CH4P39C) checked. Verified: 385320. isIdOk: 69. Prob: 0.01791%
1561 code (CEBK7H-CH4P3B1) checked. Verified: 385567. isIdOk: 69. Prob: 0.0179%
1562 code (7CX27H-CH4PTM0) checked. Verified: 385814. isIdOk: 69. Prob: 0.01788%
1563 code (72357H-CH4P5M1) checked. Verified: 386061. isIdOk: 69. Prob: 0.01787%
1564 code (79817H-CH4P214) checked. Verified: 386308. isIdOk: 69. Prob: 0.01786%
1565 code (77697H-CH4PEPX) checked. Verified: 386555. isIdOk: 70. Prob: 0.01811%
1566 code (74H37H-CH4P62T) checked. Verified: 386802. isIdOk: 70. Prob: 0.0181%
1567 code (7BTA7H-CH4P6A2) checked. Verified: 387049. isIdOk: 70. Prob: 0.01809%
1568 code (7T1H7H-CH4P681) checked. Verified: 387296. isIdOk: 70. Prob: 0.01807%
1569 code (72PX7H-CH4P64H) checked. Verified: 387543. isIdOk: 70. Prob: 0.01806%
1570 code (74857H-CH4P997) checked. Verified: 387790. isIdOk: 70. Prob: 0.01805%
1571 code (75H47H-CH4PKT2) checked. Verified: 388037. isIdOk: 70. Prob: 0.01804%
1572 code (76617H-CH4PK0M) checked. Verified: 388284. isIdOk: 70. Prob: 0.01803%
1573 code (CTE57H-CH4PP24) checked. Verified: 388531. isIdOk: 70. Prob: 0.01802%
1574 code (738E7H-CH4P1HT) checked. Verified: 388778. isIdOk: 70. Prob: 0.01801%
1575 code (75P87H-CH4P1E1) checked. Verified: 389025. isIdOk: 70. Prob: 0.01799%
1576 code (7B0A7H-CH4P112) checked. Verified: 389272. isIdOk: 70. Prob: 0.01798%
1577 code (HH167H-CH4P108) checked. Verified: 389519. isIdOk: 70. Prob: 0.01797%
1578 code (CK117H-CH4PA59) checked. Verified: 389766. isIdOk: 70. Prob: 0.01796%
1579 code (70P57H-CH4PAAB) checked. Verified: 390013. isIdOk: 70. Prob: 0.01795%
1580 code (730P7H-CH4PMA6) checked. Verified: 390260. isIdOk: 70. Prob: 0.01794%
1581 code (72K67H-CH4PMAM) checked. Verified: 390507. isIdOk: 70. Prob: 0.01793%
1582 code (7C6H7H-CH4PMXE) checked. Verified: 390754. isIdOk: 70. Prob: 0.01791%
1583 code (7E8K7H-CH4PX94) checked. Verified: 391001. isIdOk: 70. Prob: 0.0179%
1584 code (7C587H-CH4PXKC) checked. Verified: 391248. isIdOk: 70. Prob: 0.01789%
1585 code (75317H-CH4PXM0) checked. Verified: 391495. isIdOk: 70. Prob: 0.01788%
1586 code (72PM7H-CH4P874) checked. Verified: 391742. isIdOk: 70. Prob: 0.01787%
1587 code (7TK37H-CH4P897) checked. Verified: 391989. isIdOk: 70. Prob: 0.01786%
1588 code (72167H-CH4P8ME) checked. Verified: 392236. isIdOk: 70. Prob: 0.01785%
1589 code (73TC7H-CH4PBH5) checked. Verified: 392483. isIdOk: 70. Prob: 0.01784%
1590 code (71007H-CH4P43C) checked. Verified: 392730. isIdOk: 70. Prob: 0.01782%
1591 code (79H67H-CH4P438) checked. Verified: 392977. isIdOk: 70. Prob: 0.01781%
1592 code (7PH37H-CH4P49K) checked. Verified: 393224. isIdOk: 70. Prob: 0.0178%
1593 code (7T847H-CH4P449) checked. Verified: 393471. isIdOk: 70. Prob: 0.01779%
1594 code (7EKX7H-CH4P0BE) checked. Verified: 393718. isIdOk: 70. Prob: 0.01778%
1595 code (728P7H-CH4179K) checked. Verified: 393965. isIdOk: 70. Prob: 0.01777%
1596 code (7KA57H-CH417K2) checked. Verified: 394212. isIdOk: 70. Prob: 0.01776%
1597 code (7PMA7H-CH417P1) checked. Verified: 394459. isIdOk: 70. Prob: 0.01775%
1598 code (C0937H-CH417MM) checked. Verified: 394706. isIdOk: 70. Prob: 0.01773%
1599 code (7K4P7H-CH41C37) checked. Verified: 394953. isIdOk: 70. Prob: 0.01772%
1600 code (73B17H-CH41HHX) checked. Verified: 395200. isIdOk: 70. Prob: 0.01771%
1601 code (7MEE7H-CH41H80) checked. Verified: 395447. isIdOk: 70. Prob: 0.0177%
1602 code (77X67H-CH413A9) checked. Verified: 395694. isIdOk: 70. Prob: 0.01769%
1603 code (7T227H-CH41302) checked. Verified: 395941. isIdOk: 70. Prob: 0.01768%
1604 code (77607H-CH41THB) checked. Verified: 396188. isIdOk: 70. Prob: 0.01767%
1605 code (72TK7H-CH41TM9) checked. Verified: 396435. isIdOk: 70. Prob: 0.01766%
1606 code (73CX7H-CH41533) checked. Verified: 396682. isIdOk: 70. Prob: 0.01765%
1607 code (7MMK7H-CH4127B) checked. Verified: 396929. isIdOk: 70. Prob: 0.01764%
1608 code (77767H-CH4124E) checked. Verified: 397176. isIdOk: 70. Prob: 0.01762%
1609 code (7E377H-CH41E67) checked. Verified: 397423. isIdOk: 71. Prob: 0.01787%
1610 code (738K7H-CH41EAE) checked. Verified: 397670. isIdOk: 71. Prob: 0.01785%
1611 code (765B7H-CH41E47) checked. Verified: 397917. isIdOk: 71. Prob: 0.01784%
1612 code (77907H-CH416HP) checked. Verified: 398164. isIdOk: 71. Prob: 0.01783%
1613 code (7KHM7H-CH416K5) checked. Verified: 398411. isIdOk: 71. Prob: 0.01782%
1614 code (CE2C7H-CH4192A) checked. Verified: 398658. isIdOk: 71. Prob: 0.01781%
1615 code (7KP77H-CH41KHE) checked. Verified: 398905. isIdOk: 71. Prob: 0.0178%
1616 code (CH327H-CH41KT9) checked. Verified: 399152. isIdOk: 71. Prob: 0.01779%
1617 code (72X57H-CH41KAM) checked. Verified: 399399. isIdOk: 71. Prob: 0.01778%
1618 code (7MM67H-CH41PM1) checked. Verified: 399646. isIdOk: 71. Prob: 0.01777%
1619 code (7XH97H-CH411E8) checked. Verified: 399893. isIdOk: 71. Prob: 0.01775%
1620 code (7E9C7H-CH41A5A) checked. Verified: 400140. isIdOk: 71. Prob: 0.01774%
1621 code (7H867H-CH41AP7) checked. Verified: 400387. isIdOk: 71. Prob: 0.01773%
1622 code (C73X7H-CH41M67) checked. Verified: 400634. isIdOk: 71. Prob: 0.01772%
1623 code (7E1H7H-CH41M94) checked. Verified: 400881. isIdOk: 71. Prob: 0.01771%
1624 code (CCTA7H-CH41X9M) checked. Verified: 401128. isIdOk: 71. Prob: 0.0177%
1625 code (7H0T7H-CH41851) checked. Verified: 401375. isIdOk: 71. Prob: 0.01769%
1626 code (77957H-CH41B71) checked. Verified: 401622. isIdOk: 71. Prob: 0.01768%
1627 code (73AC7H-CH41B3B) checked. Verified: 401869. isIdOk: 71. Prob: 0.01767%
1628 code (76147H-CH41B90) checked. Verified: 402116. isIdOk: 71. Prob: 0.01766%
1629 code (7C227H-CH41B0E) checked. Verified: 402363. isIdOk: 71. Prob: 0.01765%
1630 code (7HM27H-CH414E1) checked. Verified: 402610. isIdOk: 71. Prob: 0.01763%
1631 code (C1267H-CH4141T) checked. Verified: 402857. isIdOk: 71. Prob: 0.01762%
1632 code (7P0X7H-CH410E1) checked. Verified: 403104. isIdOk: 71. Prob: 0.01761%
1633 code (7M1E7H-CH4A77H) checked. Verified: 403351. isIdOk: 71. Prob: 0.0176%
1634 code (72377H-CH4A728) checked. Verified: 403598. isIdOk: 71. Prob: 0.01759%
1635 code (7XH57H-CH4AC5P) checked. Verified: 403845. isIdOk: 71. Prob: 0.01758%
1636 code (71A37H-CH4AH27) checked. Verified: 404092. isIdOk: 71. Prob: 0.01757%
1637 code (74277H-CH4AHK7) checked. Verified: 404339. isIdOk: 71. Prob: 0.01756%
1638 code (7CCP7H-CH4AH86) checked. Verified: 404586. isIdOk: 72. Prob: 0.0178%
1639 code (7C567H-CH4AH8K) checked. Verified: 404833. isIdOk: 72. Prob: 0.01779%
1640 code (7HT77H-CH4A3X0) checked. Verified: 405080. isIdOk: 72. Prob: 0.01777%
1641 code (7C097H-CH4A3BB) checked. Verified: 405327. isIdOk: 72. Prob: 0.01776%
1642 code (79TB7H-CH4ATB6) checked. Verified: 405574. isIdOk: 72. Prob: 0.01775%
1643 code (78717H-CH4A5K7) checked. Verified: 405821. isIdOk: 72. Prob: 0.01774%
1644 code (7EMA7H-CH4A5P6) checked. Verified: 406068. isIdOk: 72. Prob: 0.01773%
1645 code (7H757H-CH4A2PB) checked. Verified: 406315. isIdOk: 72. Prob: 0.01772%
1646 code (75247H-CH4AE29) checked. Verified: 406562. isIdOk: 72. Prob: 0.01771%
1647 code (78HX7H-CH4AEPM) checked. Verified: 406809. isIdOk: 72. Prob: 0.0177%
1648 code (7TC87H-CH4A6KX) checked. Verified: 407056. isIdOk: 73. Prob: 0.01793%
1649 code (72T07H-CH4A6AB) checked. Verified: 407303. isIdOk: 73. Prob: 0.01792%
1650 code (79597H-CH4A6B7) checked. Verified: 407550. isIdOk: 73. Prob: 0.01791%
1651 code (73CT7H-CH4A6BT) checked. Verified: 407797. isIdOk: 73. Prob: 0.0179%
1652 code (7TT37H-CH4A9HP) checked. Verified: 408044. isIdOk: 73. Prob: 0.01789%
1653 code (7C5T7H-CH4A9E5) checked. Verified: 408291. isIdOk: 73. Prob: 0.01788%
1654 code (7H017H-CH4AKTE) checked. Verified: 408538. isIdOk: 73. Prob: 0.01787%
1655 code (70M77H-CH4AK50) checked. Verified: 408785. isIdOk: 73. Prob: 0.01786%
1656 code (C4107H-CH4AK4T) checked. Verified: 409032. isIdOk: 73. Prob: 0.01785%
1657 code (76A67H-CH4AP92) checked. Verified: 409279. isIdOk: 73. Prob: 0.01784%
1658 code (7KA87H-CH4APP6) checked. Verified: 409526. isIdOk: 74. Prob: 0.01807%
1659 code (7MTH7H-CH4APA2) checked. Verified: 409773. isIdOk: 74. Prob: 0.01806%
1660 code (77177H-CH4AP88) checked. Verified: 410020. isIdOk: 74. Prob: 0.01805%
1661 code (71BA7H-CH4A1T5) checked. Verified: 410267. isIdOk: 74. Prob: 0.01804%
1662 code (7K9C7H-CH4AA78) checked. Verified: 410514. isIdOk: 75. Prob: 0.01827%
1663 code (7MM17H-CH4AA2X) checked. Verified: 410761. isIdOk: 75. Prob: 0.01826%
1664 code (7XX77H-CH4AA1H) checked. Verified: 411008. isIdOk: 75. Prob: 0.01825%
1665 code (7K257H-CH4AAA2) checked. Verified: 411255. isIdOk: 75. Prob: 0.01824%
1666 code (79ME7H-CH4AMAB) checked. Verified: 411502. isIdOk: 75. Prob: 0.01823%
1667 code (77K87H-CH4AM4X) checked. Verified: 411749. isIdOk: 75. Prob: 0.01821%
1668 code (76267H-CH4AX62) checked. Verified: 411996. isIdOk: 75. Prob: 0.0182%
1669 code (7E467H-CH4AXPE) checked. Verified: 412243. isIdOk: 75. Prob: 0.01819%
1670 code (75C97H-CH4A8HH) checked. Verified: 412490. isIdOk: 75. Prob: 0.01818%
1671 code (70277H-CH4A86E) checked. Verified: 412737. isIdOk: 75. Prob: 0.01817%
1672 code (7E217H-CH4A819) checked. Verified: 412984. isIdOk: 75. Prob: 0.01816%
1673 code (71M47H-CH4ABK5) checked. Verified: 413231. isIdOk: 75. Prob: 0.01815%
1674 code (7EB67H-CH4ABP5) checked. Verified: 413478. isIdOk: 75. Prob: 0.01814%
1675 code (728A7H-CH4AB10) checked. Verified: 413725. isIdOk: 75. Prob: 0.01813%
1676 code (77T87H-CH4A42M) checked. Verified: 413972. isIdOk: 75. Prob: 0.01812%
1677 code (7C2C7H-CH4A4K1) checked. Verified: 414219. isIdOk: 75. Prob: 0.01811%
1678 code (77297H-CH4A4K8) checked. Verified: 414466. isIdOk: 75. Prob: 0.0181%
1679 code (C7M67H-CH4A0HC) checked. Verified: 414713. isIdOk: 75. Prob: 0.01808%
1680 code (7HB27H-CH4A0XE) checked. Verified: 414960. isIdOk: 75. Prob: 0.01807%
1681 code (7H507H-CH4M7T5) checked. Verified: 415207. isIdOk: 75. Prob: 0.01806%
1682 code (7CH87H-CH4M7TP) checked. Verified: 415454. isIdOk: 75. Prob: 0.01805%
1683 code (7TH27H-CH4M7EB) checked. Verified: 415701. isIdOk: 75. Prob: 0.01804%
1684 code (7H587H-CH4M7X9) checked. Verified: 415948. isIdOk: 75. Prob: 0.01803%
1685 code (C3497H-CH4MCC2) checked. Verified: 416195. isIdOk: 75. Prob: 0.01802%
1686 code (72TP7H-CH4MCT0) checked. Verified: 416442. isIdOk: 75. Prob: 0.01801%
1687 code (7PAB7H-CH4MC69) checked. Verified: 416689. isIdOk: 76. Prob: 0.01824%
1688 code (776E7H-CH4MC6P) checked. Verified: 416936. isIdOk: 76. Prob: 0.01823%
1689 code (79PX7H-CH4MH2A) checked. Verified: 417183. isIdOk: 76. Prob: 0.01822%
1690 code (7M547H-CH4M3H0) checked. Verified: 417430. isIdOk: 76. Prob: 0.01821%
1691 code (75197H-CH4M3K1) checked. Verified: 417677. isIdOk: 76. Prob: 0.0182%
1692 code (71TB7H-CH4M3X0) checked. Verified: 417924. isIdOk: 76. Prob: 0.01819%
1693 code (77AP7H-CH4MTMM) checked. Verified: 418171. isIdOk: 76. Prob: 0.01817%
1694 code (75MM7H-CH4M51H) checked. Verified: 418418. isIdOk: 76. Prob: 0.01816%
1695 code (CCBH7H-CH4M548) checked. Verified: 418665. isIdOk: 76. Prob: 0.01815%
1696 code (7C917H-CH4M271) checked. Verified: 418912. isIdOk: 76. Prob: 0.01814%
1697 code (72KB7H-CH4M2KH) checked. Verified: 419159. isIdOk: 76. Prob: 0.01813%
1698 code (7C067H-CH4ME9P) checked. Verified: 419406. isIdOk: 76. Prob: 0.01812%
1699 code (76P07H-CH4M639) checked. Verified: 419653. isIdOk: 76. Prob: 0.01811%
1700 code (7C307H-CH4M933) checked. Verified: 419900. isIdOk: 76. Prob: 0.0181%
1701 code (775M7H-CH4M93B) checked. Verified: 420147. isIdOk: 76. Prob: 0.01809%
1702 code (7P767H-CH4M969) checked. Verified: 420394. isIdOk: 76. Prob: 0.01808%
1703 code (75C37H-CH4MKTC) checked. Verified: 420641. isIdOk: 76. Prob: 0.01807%
1704 code (7CKX7H-CH4MPC6) checked. Verified: 420888. isIdOk: 76. Prob: 0.01806%
1705 code (7M507H-CH4MPE0) checked. Verified: 421135. isIdOk: 76. Prob: 0.01805%
1706 code (770A7H-CH4MP15) checked. Verified: 421382. isIdOk: 76. Prob: 0.01804%
1707 code (73H27H-CH4MP01) checked. Verified: 421629. isIdOk: 76. Prob: 0.01803%
1708 code (7HK17H-CH4M116) checked. Verified: 421876. isIdOk: 76. Prob: 0.01801%
1709 code (78037H-CH4MAHA) checked. Verified: 422123. isIdOk: 76. Prob: 0.018%
1710 code (CTX17H-CH4MAT8) checked. Verified: 422370. isIdOk: 76. Prob: 0.01799%
1711 code (78K87H-CH4MAM1) checked. Verified: 422617. isIdOk: 76. Prob: 0.01798%
1712 code (7ETM7H-CH4MM18) checked. Verified: 422864. isIdOk: 76. Prob: 0.01797%
1713 code (722T7H-CH4MXEE) checked. Verified: 423111. isIdOk: 76. Prob: 0.01796%
1714 code (CC017H-CH4MXA3) checked. Verified: 423358. isIdOk: 76. Prob: 0.01795%
1715 code (77C37H-CH4MX0H) checked. Verified: 423605. isIdOk: 76. Prob: 0.01794%
1716 code (7T2E7H-CH4M8XM) checked. Verified: 423852. isIdOk: 76. Prob: 0.01793%
1717 code (7E917H-CH4M840) checked. Verified: 424099. isIdOk: 76. Prob: 0.01792%
1718 code (7ET17H-CH4MBM2) checked. Verified: 424346. isIdOk: 76. Prob: 0.01791%
1719 code (75EM7H-CH4M4M7) checked. Verified: 424593. isIdOk: 78. Prob: 0.01837%
1720 code (C3KB7H-CH4M0E5) checked. Verified: 424840. isIdOk: 78. Prob: 0.01836%
1721 code (7EE27H-CH4M0XT) checked. Verified: 425087. isIdOk: 78. Prob: 0.01835%
1722 code (7HTE7H-CH4X7P3) checked. Verified: 425334. isIdOk: 78. Prob: 0.01834%
1723 code (C3467H-CH4X780) checked. Verified: 425581. isIdOk: 78. Prob: 0.01833%
1724 code (731E7H-CH4X74K) checked. Verified: 425828. isIdOk: 78. Prob: 0.01832%
1725 code (7CM77H-CH4XC47) checked. Verified: 426075. isIdOk: 78. Prob: 0.01831%
1726 code (7H3B7H-CH4XH71) checked. Verified: 426322. isIdOk: 78. Prob: 0.0183%
1727 code (77XT7H-CH4XHX7) checked. Verified: 426569. isIdOk: 78. Prob: 0.01829%
1728 code (7M907H-CH4X317) checked. Verified: 426816. isIdOk: 78. Prob: 0.01827%
1729 code (7E997H-CH4X318) checked. Verified: 427063. isIdOk: 78. Prob: 0.01826%
1730 code (741K7H-CH4XT3B) checked. Verified: 427310. isIdOk: 78. Prob: 0.01825%
1731 code (7P207H-CH4X539) checked. Verified: 427557. isIdOk: 78. Prob: 0.01824%
1732 code (7CPA7H-CH4X2HA) checked. Verified: 427804. isIdOk: 78. Prob: 0.01823%
1733 code (73687H-CH4X24B) checked. Verified: 428051. isIdOk: 78. Prob: 0.01822%
1734 code (75T57H-CH4XEP8) checked. Verified: 428298. isIdOk: 78. Prob: 0.01821%
1735 code (73MA7H-CH4X6CH) checked. Verified: 428545. isIdOk: 78. Prob: 0.0182%
1736 code (7X487H-CH4X6KA) checked. Verified: 428792. isIdOk: 78. Prob: 0.01819%
1737 code (72397H-CH4X951) checked. Verified: 429039. isIdOk: 78. Prob: 0.01818%
1738 code (7C2C7H-CH4X983) checked. Verified: 429286. isIdOk: 78. Prob: 0.01817%
1739 code (75XP7H-CH4X944) checked. Verified: 429533. isIdOk: 78. Prob: 0.01816%
1740 code (72KP7H-CH4XK25) checked. Verified: 429780. isIdOk: 78. Prob: 0.01815%
1741 code (79ME7H-CH4XKAA) checked. Verified: 430027. isIdOk: 78. Prob: 0.01814%
1742 code (72PX7H-CH4XPAB) checked. Verified: 430274. isIdOk: 78. Prob: 0.01813%
1743 code (7X9H7H-CH4X1CK) checked. Verified: 430521. isIdOk: 78. Prob: 0.01812%
1744 code (CH077H-CH4X145) checked. Verified: 430768. isIdOk: 78. Prob: 0.01811%
1745 code (77177H-CH4XAAP) checked. Verified: 431015. isIdOk: 78. Prob: 0.0181%
1746 code (76987H-CH4XMPP) checked. Verified: 431262. isIdOk: 78. Prob: 0.01809%
1747 code (CC937H-CH4XM8H) checked. Verified: 431509. isIdOk: 79. Prob: 0.01831%
1748 code (7HXE7H-CH4XX38) checked. Verified: 431756. isIdOk: 79. Prob: 0.0183%
1749 code (76077H-CH4XX10) checked. Verified: 432003. isIdOk: 79. Prob: 0.01829%
1750 code (7TKK7H-CH4X8EX) checked. Verified: 432250. isIdOk: 79. Prob: 0.01828%
1751 code (CH167H-CH4X89M) checked. Verified: 432497. isIdOk: 79. Prob: 0.01827%
1752 code (7H057H-CH4XBT3) checked. Verified: 432744. isIdOk: 79. Prob: 0.01826%
1753 code (72407H-CH4XB1C) checked. Verified: 432991. isIdOk: 80. Prob: 0.01848%
1754 code (70MK7H-CH4X47H) checked. Verified: 433238. isIdOk: 80. Prob: 0.01847%
1755 code (70X87H-CH4X409) checked. Verified: 433485. isIdOk: 80. Prob: 0.01846%
1756 code (77B17H-CH4X0A6) checked. Verified: 433732. isIdOk: 80. Prob: 0.01844%
1757 code (7KX87H-CH487E0) checked. Verified: 433979. isIdOk: 80. Prob: 0.01843%
1758 code (7T1H7H-CH4870E) checked. Verified: 434226. isIdOk: 80. Prob: 0.01842%
1759 code (72KC7H-CH48C26) checked. Verified: 434473. isIdOk: 80. Prob: 0.01841%
1760 code (7TAT7H-CH48HTH) checked. Verified: 434720. isIdOk: 80. Prob: 0.0184%
1761 code (73P07H-CH48H02) checked. Verified: 434967. isIdOk: 80. Prob: 0.01839%
1762 code (75CA7H-CH483T8) checked. Verified: 435214. isIdOk: 80. Prob: 0.01838%
1763 code (73987H-CH48T3E) checked. Verified: 435461. isIdOk: 80. Prob: 0.01837%
1764 code (7C477H-CH48T9T) checked. Verified: 435708. isIdOk: 80. Prob: 0.01836%
1765 code (7TH57H-CH48TPH) checked. Verified: 435955. isIdOk: 80. Prob: 0.01835%
1766 code (7CKM7H-CH48TBC) checked. Verified: 436202. isIdOk: 80. Prob: 0.01834%
1767 code (7EHP7H-CH485BM) checked. Verified: 436449. isIdOk: 80. Prob: 0.01833%
1768 code (7E1B7H-CH4854T) checked. Verified: 436696. isIdOk: 80. Prob: 0.01832%
1769 code (75XE7H-CH48274) checked. Verified: 436943. isIdOk: 80. Prob: 0.01831%
1770 code (71967H-CH48ECC) checked. Verified: 437190. isIdOk: 80. Prob: 0.0183%
1771 code (7E547H-CH48E6P) checked. Verified: 437437. isIdOk: 80. Prob: 0.01829%
1772 code (75577H-CH48EKH) checked. Verified: 437684. isIdOk: 80. Prob: 0.01828%
1773 code (768E7H-CH4869K) checked. Verified: 437931. isIdOk: 80. Prob: 0.01827%
1774 code (C4PC7H-CH48923) checked. Verified: 438178. isIdOk: 80. Prob: 0.01826%
1775 code (73387H-CH48K2T) checked. Verified: 438425. isIdOk: 80. Prob: 0.01825%
1776 code (777B7H-CH48PTT) checked. Verified: 438672. isIdOk: 80. Prob: 0.01824%
1777 code (76EP7H-CH48P52) checked. Verified: 438919. isIdOk: 80. Prob: 0.01823%
1778 code (75057H-CH48P98) checked. Verified: 439166. isIdOk: 80. Prob: 0.01822%
1779 code (HCBT7H-CH481EB) checked. Verified: 439413. isIdOk: 80. Prob: 0.01821%
1780 code (79H27H-CH48AH5) checked. Verified: 439660. isIdOk: 82. Prob: 0.01865%
1781 code (C9B37H-CH48AX3) checked. Verified: 439907. isIdOk: 82. Prob: 0.01864%
1782 code (7X4H7H-CH48A0P) checked. Verified: 440154. isIdOk: 82. Prob: 0.01863%
1783 code (72587H-CH48M82) checked. Verified: 440401. isIdOk: 82. Prob: 0.01862%
1784 code (7TH47H-CH48X70) checked. Verified: 440648. isIdOk: 82. Prob: 0.01861%
1785 code (7H297H-CH48X32) checked. Verified: 440895. isIdOk: 82. Prob: 0.0186%
1786 code (7H097H-CH48X6A) checked. Verified: 441142. isIdOk: 82. Prob: 0.01859%
1787 code (C3BH7H-CH48X8C) checked. Verified: 441389. isIdOk: 82. Prob: 0.01858%
1788 code (73467H-CH488TB) checked. Verified: 441636. isIdOk: 82. Prob: 0.01857%
1789 code (CM607H-CH48800) checked. Verified: 441883. isIdOk: 82. Prob: 0.01856%
1790 code (7C1B7H-CH48B6E) checked. Verified: 442130. isIdOk: 82. Prob: 0.01855%
1791 code (739M7H-CH4845X) checked. Verified: 442377. isIdOk: 82. Prob: 0.01854%
1792 code (7EH67H-CH484EK) checked. Verified: 442624. isIdOk: 82. Prob: 0.01853%
1793 code (77K17H-CH48496) checked. Verified: 442871. isIdOk: 82. Prob: 0.01852%
1794 code (723A7H-CH48078) checked. Verified: 443118. isIdOk: 82. Prob: 0.01851%
1795 code (7E487H-CH480AC) checked. Verified: 443365. isIdOk: 82. Prob: 0.01849%
1796 code (7C207H-CH4B75T) checked. Verified: 443612. isIdOk: 82. Prob: 0.01848%
1797 code (7CTH7H-CH4B71C) checked. Verified: 443859. isIdOk: 82. Prob: 0.01847%
1798 code (7T807H-CH4BC90) checked. Verified: 444106. isIdOk: 82. Prob: 0.01846%
1799 code (7BMH7H-CH4BH74) checked. Verified: 444353. isIdOk: 82. Prob: 0.01845%
1800 code (7H4M7H-CH4BH36) checked. Verified: 444600. isIdOk: 82. Prob: 0.01844%
1801 code (7PCM7H-CH4BHM9) checked. Verified: 444847. isIdOk: 82. Prob: 0.01843%
1802 code (7PE67H-CH4BHMP) checked. Verified: 445094. isIdOk: 82. Prob: 0.01842%
1803 code (7TH67H-CH4BHX7) checked. Verified: 445341. isIdOk: 82. Prob: 0.01841%
1804 code (7E5X7H-CH4B371) checked. Verified: 445588. isIdOk: 83. Prob: 0.01863%
1805 code (7TA37H-CH4B3B6) checked. Verified: 445835. isIdOk: 83. Prob: 0.01862%
1806 code (79EM7H-CH4BTXT) checked. Verified: 446082. isIdOk: 83. Prob: 0.01861%
1807 code (CCCH7H-CH4BT8K) checked. Verified: 446329. isIdOk: 83. Prob: 0.0186%
1808 code (CEEX7H-CH4B510) checked. Verified: 446576. isIdOk: 83. Prob: 0.01859%
1809 code (754A7H-CH4B2P1) checked. Verified: 446823. isIdOk: 83. Prob: 0.01858%
1810 code (77A87H-CH4B28H) checked. Verified: 447070. isIdOk: 83. Prob: 0.01857%
1811 code (78HK7H-CH4B240) checked. Verified: 447317. isIdOk: 83. Prob: 0.01856%
1812 code (76P57H-CH4BE37) checked. Verified: 447564. isIdOk: 83. Prob: 0.01854%
1813 code (7TX87H-CH4BETB) checked. Verified: 447811. isIdOk: 83. Prob: 0.01853%
1814 code (7HME7H-CH4B638) checked. Verified: 448058. isIdOk: 83. Prob: 0.01852%
1815 code (7T1A7H-CH4B6AB) checked. Verified: 448305. isIdOk: 83. Prob: 0.01851%
1816 code (76ET7H-CH4B971) checked. Verified: 448552. isIdOk: 83. Prob: 0.0185%
1817 code (7EP67H-CH4B96T) checked. Verified: 448799. isIdOk: 83. Prob: 0.01849%
1818 code (7TTT7H-CH4BK61) checked. Verified: 449046. isIdOk: 83. Prob: 0.01848%
1819 code (7AA47H-CH4BKMA) checked. Verified: 449293. isIdOk: 83. Prob: 0.01847%
1820 code (75557H-CH4BP16) checked. Verified: 449540. isIdOk: 83. Prob: 0.01846%
1821 code (72687H-CH4BPME) checked. Verified: 449787. isIdOk: 83. Prob: 0.01845%
1822 code (C5AA7H-CH4B19C) checked. Verified: 450034. isIdOk: 83. Prob: 0.01844%
1823 code (70427H-CH4B1PP) checked. Verified: 450281. isIdOk: 83. Prob: 0.01843%
1824 code (759A7H-CH4B14H) checked. Verified: 450528. isIdOk: 83. Prob: 0.01842%
1825 code (70KX7H-CH4B142) checked. Verified: 450775. isIdOk: 83. Prob: 0.01841%
1826 code (78A57H-CH4BA9M) checked. Verified: 451022. isIdOk: 83. Prob: 0.0184%
1827 code (7T3A7H-CH4BAP3) checked. Verified: 451269. isIdOk: 83. Prob: 0.01839%
1828 code (775E7H-CH4BM37) checked. Verified: 451516. isIdOk: 83. Prob: 0.01838%
1829 code (7T3K7H-CH4BMKT) checked. Verified: 451763. isIdOk: 83. Prob: 0.01837%
1830 code (7K9E7H-CH4BX2H) checked. Verified: 452010. isIdOk: 83. Prob: 0.01836%
1831 code (775M7H-CH4B83T) checked. Verified: 452257. isIdOk: 83. Prob: 0.01835%
1832 code (7T7C7H-CH4B8EB) checked. Verified: 452504. isIdOk: 83. Prob: 0.01834%
1833 code (792X7H-CH4B8PK) checked. Verified: 452751. isIdOk: 83. Prob: 0.01833%
1834 code (79997H-CH4B8A1) checked. Verified: 452998. isIdOk: 83. Prob: 0.01832%
1835 code (7E027H-CH4BB1X) checked. Verified: 453245. isIdOk: 83. Prob: 0.01831%
1836 code (70T17H-CH4BB47) checked. Verified: 453492. isIdOk: 83. Prob: 0.0183%
1837 code (73X57H-CH4B4X7) checked. Verified: 453739. isIdOk: 83. Prob: 0.01829%
1838 code (7P107H-CH4B4B1) checked. Verified: 453986. isIdOk: 83. Prob: 0.01828%
1839 code (7X077H-CH4B09T) checked. Verified: 454233. isIdOk: 83. Prob: 0.01827%
1840 code (HBM57H-CH4B014) checked. Verified: 454480. isIdOk: 83. Prob: 0.01826%
1841 code (76H37H-CH4471X) checked. Verified: 454727. isIdOk: 83. Prob: 0.01825%
1842 code (772B7H-CH447XE) checked. Verified: 454974. isIdOk: 83. Prob: 0.01824%
1843 code (77TE7H-CH44CC0) checked. Verified: 455221. isIdOk: 83. Prob: 0.01823%
1844 code (7TKK7H-CH44H71) checked. Verified: 455468. isIdOk: 83. Prob: 0.01822%
1845 code (756E7H-CH44HC0) checked. Verified: 455715. isIdOk: 83. Prob: 0.01821%
1846 code (7PKK7H-CH443HM) checked. Verified: 455962. isIdOk: 83. Prob: 0.0182%
1847 code (CK257H-CH44317) checked. Verified: 456209. isIdOk: 83. Prob: 0.01819%
1848 code (780K7H-CH44TPH) checked. Verified: 456456. isIdOk: 83. Prob: 0.01818%
1849 code (7C5P7H-CH44T0C) checked. Verified: 456703. isIdOk: 83. Prob: 0.01817%
1850 code (735C7H-CH4452X) checked. Verified: 456950. isIdOk: 83. Prob: 0.01816%
1851 code (7T257H-CH445K9) checked. Verified: 457197. isIdOk: 83. Prob: 0.01815%
1852 code (7PX57H-CH445P4) checked. Verified: 457444. isIdOk: 83. Prob: 0.01814%
1853 code (7HC67H-CH4458B) checked. Verified: 457691. isIdOk: 83. Prob: 0.01813%
1854 code (7EC87H-CH442TA) checked. Verified: 457938. isIdOk: 83. Prob: 0.01812%
1855 code (CE577H-CH442M5) checked. Verified: 458185. isIdOk: 83. Prob: 0.01811%
1856 code (77B27H-CH44EMK) checked. Verified: 458432. isIdOk: 83. Prob: 0.01811%
1857 code (78H37H-CH446T6) checked. Verified: 458679. isIdOk: 83. Prob: 0.0181%
1858 code (75X07H-CH4461H) checked. Verified: 458926. isIdOk: 83. Prob: 0.01809%
1859 code (7C497H-CH449CP) checked. Verified: 459173. isIdOk: 84. Prob: 0.01829%
1860 code (75527H-CH44KC1) checked. Verified: 459420. isIdOk: 84. Prob: 0.01828%
1861 code (7PMH7H-CH44KMA) checked. Verified: 459667. isIdOk: 84. Prob: 0.01827%
1862 code (75CP7H-CH44PX2) checked. Verified: 459914. isIdOk: 85. Prob: 0.01848%
1863 code (7E4X7H-CH441T3) checked. Verified: 460161. isIdOk: 85. Prob: 0.01847%
1864 code (71H97H-CH4415P) checked. Verified: 460408. isIdOk: 85. Prob: 0.01846%
1865 code (7M5C7H-CH4410T) checked. Verified: 460655. isIdOk: 86. Prob: 0.01867%
1866 code (75677H-CH44A8H) checked. Verified: 460902. isIdOk: 86. Prob: 0.01866%
1867 code (7CKC7H-CH44M9K) checked. Verified: 461149. isIdOk: 86. Prob: 0.01865%
1868 code (7KKX7H-CH44MB7) checked. Verified: 461396. isIdOk: 86. Prob: 0.01864%
1869 code (72BM7H-CH44X32) checked. Verified: 461643. isIdOk: 86. Prob: 0.01863%
1870 code (7KAA7H-CH44XK8) checked. Verified: 461890. isIdOk: 86. Prob: 0.01862%
1871 code (7TC17H-CH4486B) checked. Verified: 462137. isIdOk: 86. Prob: 0.01861%
1872 code (H6527H-CH44B5M) checked. Verified: 462384. isIdOk: 86. Prob: 0.0186%
1873 code (7T577H-CH44BA2) checked. Verified: 462631. isIdOk: 86. Prob: 0.01859%
1874 code (7K597H-CH44BX2) checked. Verified: 462878. isIdOk: 87. Prob: 0.0188%
1875 code (7X677H-CH444KH) checked. Verified: 463125. isIdOk: 87. Prob: 0.01879%
1876 code (73KT7H-CH4441H) checked. Verified: 463372. isIdOk: 87. Prob: 0.01878%
1877 code (76707H-CH44066) checked. Verified: 463619. isIdOk: 87. Prob: 0.01877%
1878 code (726P7H-CH440P9) checked. Verified: 463866. isIdOk: 87. Prob: 0.01876%
1879 code (736K7H-CH407EM) checked. Verified: 464113. isIdOk: 87. Prob: 0.01875%
1880 code (700K7H-CH40703) checked. Verified: 464360. isIdOk: 87. Prob: 0.01874%
1881 code (7BK77H-CH40CEC) checked. Verified: 464607. isIdOk: 87. Prob: 0.01873%
1882 code (7H3B7H-CH40CMP) checked. Verified: 464854. isIdOk: 87. Prob: 0.01872%
1883 code (706B7H-CH40CB2) checked. Verified: 465101. isIdOk: 87. Prob: 0.01871%
1884 code (79327H-CH40H67) checked. Verified: 465348. isIdOk: 87. Prob: 0.0187%
1885 code (7EBK7H-CH40H91) checked. Verified: 465595. isIdOk: 87. Prob: 0.01869%
1886 code (CC257H-CH40H07) checked. Verified: 465842. isIdOk: 87. Prob: 0.01868%
1887 code (70CB7H-CH403XC) checked. Verified: 466089. isIdOk: 87. Prob: 0.01867%
1888 code (7TMA7H-CH40TT1) checked. Verified: 466336. isIdOk: 87. Prob: 0.01866%
1889 code (7AB47H-CH40T11) checked. Verified: 466583. isIdOk: 87. Prob: 0.01865%
1890 code (7H417H-CH405PE) checked. Verified: 466830. isIdOk: 87. Prob: 0.01864%
1891 code (73CC7H-CH405MH) checked. Verified: 467077. isIdOk: 87. Prob: 0.01863%
1892 code (CMT87H-CH405B4) checked. Verified: 467324. isIdOk: 87. Prob: 0.01862%
1893 code (7BX47H-CH402A3) checked. Verified: 467571. isIdOk: 87. Prob: 0.01861%
1894 code (7T987H-CH40248) checked. Verified: 467818. isIdOk: 87. Prob: 0.0186%
1895 code (7TK67H-CH40EC7) checked. Verified: 468065. isIdOk: 87. Prob: 0.01859%
1896 code (7K1C7H-CH40E9A) checked. Verified: 468312. isIdOk: 87. Prob: 0.01858%
1897 code (7HK47H-CH40EK8) checked. Verified: 468559. isIdOk: 87. Prob: 0.01857%
1898 code (7ET67H-CH40EP8) checked. Verified: 468806. isIdOk: 87. Prob: 0.01856%
1899 code (7TMB7H-CH406HE) checked. Verified: 469053. isIdOk: 87. Prob: 0.01855%
1900 code (7PH07H-CH40649) checked. Verified: 469300. isIdOk: 87. Prob: 0.01854%
1901 code (7MA87H-CH4092M) checked. Verified: 469547. isIdOk: 87. Prob: 0.01853%
1902 code (72AX7H-CH409X8) checked. Verified: 469794. isIdOk: 87. Prob: 0.01852%
1903 code (CK6C7H-CH40KM7) checked. Verified: 470041. isIdOk: 87. Prob: 0.01851%
1904 code (C3337H-CH40KBB) checked. Verified: 470288. isIdOk: 87. Prob: 0.0185%
1905 code (778E7H-CH40PAE) checked. Verified: 470535. isIdOk: 87. Prob: 0.01849%
1906 code (7CXM7H-CH401C2) checked. Verified: 470782. isIdOk: 87. Prob: 0.01848%
1907 code (CPC77H-CH401B0) checked. Verified: 471029. isIdOk: 87. Prob: 0.01847%
1908 code (72MT7H-CH40AX0) checked. Verified: 471276. isIdOk: 87. Prob: 0.01846%
1909 code (CHCM7H-CH40MM1) checked. Verified: 471523. isIdOk: 87. Prob: 0.01845%
1910 code (76417H-CH40X22) checked. Verified: 471770. isIdOk: 87. Prob: 0.01844%
1911 code (7HTM7H-CH40XK0) checked. Verified: 472017. isIdOk: 87. Prob: 0.01843%
1912 code (79X87H-CH408TH) checked. Verified: 472264. isIdOk: 87. Prob: 0.01842%
1913 code (7A647H-CH40B32) checked. Verified: 472511. isIdOk: 87. Prob: 0.01841%
1914 code (75XK7H-CH40B9C) checked. Verified: 472758. isIdOk: 87. Prob: 0.0184%
1915 code (77H67H-CH40B47) checked. Verified: 473005. isIdOk: 87. Prob: 0.01839%
1916 code (79007H-CH40B4C) checked. Verified: 473252. isIdOk: 87. Prob: 0.01838%
1917 code (766E7H-CH4047M) checked. Verified: 473499. isIdOk: 87. Prob: 0.01837%
1918 code (7K907H-CH4007A) checked. Verified: 473746. isIdOk: 87. Prob: 0.01836%
1919 code (7T1B7H-CH400XK) checked. Verified: 473993. isIdOk: 87. Prob: 0.01835%
1920 code (70H07H-CH077T0) checked. Verified: 474240. isIdOk: 87. Prob: 0.01835%
1921 code (7T397H-CH077X0) checked. Verified: 474487. isIdOk: 88. Prob: 0.01855%
1922 code (74HX7H-CH07C75) checked. Verified: 474734. isIdOk: 88. Prob: 0.01854%
1923 code (7M4E7H-CH07CAC) checked. Verified: 474981. isIdOk: 88. Prob: 0.01853%
1924 code (7KT57H-CH07H24) checked. Verified: 475228. isIdOk: 88. Prob: 0.01852%
1925 code (7M5H7H-CH07HMH) checked. Verified: 475475. isIdOk: 88. Prob: 0.01851%
1926 code (7PEE7H-CH07317) checked. Verified: 475722. isIdOk: 88. Prob: 0.0185%
1927 code (CPH37H-CH073BA) checked. Verified: 475969. isIdOk: 88. Prob: 0.01849%
1928 code (7E1A7H-CH0730C) checked. Verified: 476216. isIdOk: 89. Prob: 0.01869%
1929 code (7C2T7H-CH07T95) checked. Verified: 476463. isIdOk: 90. Prob: 0.01889%
1930 code (777T7H-CH07T96) checked. Verified: 476710. isIdOk: 90. Prob: 0.01888%
1931 code (740B7H-CH07596) checked. Verified: 476957. isIdOk: 90. Prob: 0.01887%
1932 code (C31K7H-CH075PT) checked. Verified: 477204. isIdOk: 90. Prob: 0.01886%
1933 code (71C17H-CH07501) checked. Verified: 477451. isIdOk: 90. Prob: 0.01885%
1934 code (7T827H-CH072T0) checked. Verified: 477698. isIdOk: 90. Prob: 0.01884%
1935 code (CT9M7H-CH072P5) checked. Verified: 477945. isIdOk: 90. Prob: 0.01883%
1936 code (732T7H-CH07E5B) checked. Verified: 478192. isIdOk: 90. Prob: 0.01882%
1937 code (75E57H-CH076C6) checked. Verified: 478439. isIdOk: 90. Prob: 0.01881%
1938 code (73EK7H-CH076B7) checked. Verified: 478686. isIdOk: 90. Prob: 0.0188%
1939 code (76E47H-CH0760A) checked. Verified: 478933. isIdOk: 90. Prob: 0.01879%
1940 code (77M17H-CH079B2) checked. Verified: 479180. isIdOk: 91. Prob: 0.01899%
1941 code (7TB77H-CH07K32) checked. Verified: 479427. isIdOk: 92. Prob: 0.01919%
1942 code (77597H-CH07KAH) checked. Verified: 479674. isIdOk: 92. Prob: 0.01918%
1943 code (77T17H-CH07P9M) checked. Verified: 479921. isIdOk: 92. Prob: 0.01917%
1944 code (7H357H-CH07P40) checked. Verified: 480168. isIdOk: 92. Prob: 0.01916%
1945 code (7AH47H-CH071P2) checked. Verified: 480415. isIdOk: 92. Prob: 0.01915%
1946 code (7E6E7H-CH07A62) checked. Verified: 480662. isIdOk: 92. Prob: 0.01914%
1947 code (CC4A7H-CH07M3B) checked. Verified: 480909. isIdOk: 92. Prob: 0.01913%
1948 code (7T1X7H-CH07X33) checked. Verified: 481156. isIdOk: 92. Prob: 0.01912%
1949 code (7CK07H-CH07XM8) checked. Verified: 481403. isIdOk: 92. Prob: 0.01911%
1950 code (71HB7H-CH078TH) checked. Verified: 481650. isIdOk: 92. Prob: 0.0191%
1951 code (7CHB7H-CH07BT5) checked. Verified: 481897. isIdOk: 92. Prob: 0.01909%
1952 code (C7607H-CH07439) checked. Verified: 482144. isIdOk: 92. Prob: 0.01908%
1953 code (7EB67H-CH074B9) checked. Verified: 482391. isIdOk: 92. Prob: 0.01907%
1954 code (751B7H-CH070MP) checked. Verified: 482638. isIdOk: 92. Prob: 0.01906%
1955 code (7E6C7H-CH0C7T4) checked. Verified: 482885. isIdOk: 92. Prob: 0.01905%
1956 code (77P87H-CH0CCTA) checked. Verified: 483132. isIdOk: 92. Prob: 0.01904%
1957 code (78BP7H-CH0CC60) checked. Verified: 483379. isIdOk: 92. Prob: 0.01903%
1958 code (75H47H-CH0CH73) checked. Verified: 483626. isIdOk: 92. Prob: 0.01902%
1959 code (7T2A7H-CH0CHTB) checked. Verified: 483873. isIdOk: 92. Prob: 0.01901%
1960 code (722P7H-CH0CH5H) checked. Verified: 484120. isIdOk: 92. Prob: 0.019%
1961 code (7CXH7H-CH0C37B) checked. Verified: 484367. isIdOk: 92. Prob: 0.01899%
1962 code (7PP37H-CH0C39X) checked. Verified: 484614. isIdOk: 92. Prob: 0.01898%
1963 code (7HC97H-CH0C3A2) checked. Verified: 484861. isIdOk: 92. Prob: 0.01897%
1964 code (720B7H-CH0C381) checked. Verified: 485108. isIdOk: 92. Prob: 0.01896%
1965 code (77A37H-CH0CTCT) checked. Verified: 485355. isIdOk: 92. Prob: 0.01896%
1966 code (7TK07H-CH0CT27) checked. Verified: 485602. isIdOk: 92. Prob: 0.01895%
1967 code (7A9P7H-CH0C5C2) checked. Verified: 485849. isIdOk: 92. Prob: 0.01894%
1968 code (7CX87H-CH0C5B6) checked. Verified: 486096. isIdOk: 92. Prob: 0.01893%
1969 code (71A07H-CH0C274) checked. Verified: 486343. isIdOk: 92. Prob: 0.01892%
1970 code (73XE7H-CH0C240) checked. Verified: 486590. isIdOk: 92. Prob: 0.01891%
1971 code (70M77H-CH0CETX) checked. Verified: 486837. isIdOk: 92. Prob: 0.0189%
1972 code (C9KA7H-CH0CEAP) checked. Verified: 487084. isIdOk: 92. Prob: 0.01889%
1973 code (704A7H-CH0C61C) checked. Verified: 487331. isIdOk: 92. Prob: 0.01888%
1974 code (766E7H-CH0C68K) checked. Verified: 487578. isIdOk: 93. Prob: 0.01907%
1975 code (75H87H-CH0C6B8) checked. Verified: 487825. isIdOk: 93. Prob: 0.01906%
1976 code (7TH77H-CH0C9AX) checked. Verified: 488072. isIdOk: 93. Prob: 0.01905%
1977 code (73EH7H-CH0C9BB) checked. Verified: 488319. isIdOk: 93. Prob: 0.01904%
1978 code (7CMH7H-CH0CK19) checked. Verified: 488566. isIdOk: 93. Prob: 0.01904%
1979 code (721P7H-CH0CP6K) checked. Verified: 488813. isIdOk: 93. Prob: 0.01903%
1980 code (C7B37H-CH0C131) checked. Verified: 489060. isIdOk: 93. Prob: 0.01902%
1981 code (7EXM7H-CH0C1EM) checked. Verified: 489307. isIdOk: 93. Prob: 0.01901%
1982 code (7T0A7H-CH0C1B6) checked. Verified: 489554. isIdOk: 93. Prob: 0.019%
1983 code (7K5X7H-CH0CACB) checked. Verified: 489801. isIdOk: 93. Prob: 0.01899%
1984 code (7T4C7H-CH0CA01) checked. Verified: 490048. isIdOk: 93. Prob: 0.01898%
1985 code (7AT77H-CH0CMMT) checked. Verified: 490295. isIdOk: 93. Prob: 0.01897%
1986 code (7C9X7H-CH0CXHB) checked. Verified: 490542. isIdOk: 94. Prob: 0.01916%
1987 code (730B7H-CH0CX14) checked. Verified: 490789. isIdOk: 94. Prob: 0.01915%
1988 code (73747H-CH0C869) checked. Verified: 491036. isIdOk: 94. Prob: 0.01914%
1989 code (7XB37H-CH0C846) checked. Verified: 491283. isIdOk: 94. Prob: 0.01913%
1990 code (7MK87H-CH0CBBM) checked. Verified: 491530. isIdOk: 94. Prob: 0.01912%
1991 code (7T9E7H-CH0C46P) checked. Verified: 491777. isIdOk: 94. Prob: 0.01911%
1992 code (77C37H-CH0C49X) checked. Verified: 492024. isIdOk: 94. Prob: 0.0191%
1993 code (7E557H-CH0C4P9) checked. Verified: 492271. isIdOk: 94. Prob: 0.0191%
1994 code (7C437H-CH0C4M5) checked. Verified: 492518. isIdOk: 94. Prob: 0.01909%
1995 code (7T187H-CH0C03A) checked. Verified: 492765. isIdOk: 94. Prob: 0.01908%
1996 code (7M007H-CH0C0TT) checked. Verified: 493012. isIdOk: 95. Prob: 0.01927%
1997 code (748K7H-CH0C0K3) checked. Verified: 493259. isIdOk: 95. Prob: 0.01926%
1998 code (7TXP7H-CH0H7K0) checked. Verified: 493506. isIdOk: 95. Prob: 0.01925%
1999 code (7M5A7H-CH0HC52) checked. Verified: 493753. isIdOk: 95. Prob: 0.01924%
2000 code (781E7H-CH0HCA1) checked. Verified: 494000. isIdOk: 95. Prob: 0.01923%
1
Starting range [1 nln ...]:
2001 code (77037H-TC853MK) checked. Verified: 494247. isIdOk: 95. Prob: 0.01922%
2002 code (HC937H-TC853B0) checked. Verified: 494494. isIdOk: 95. Prob: 0.01921%
2003 code (HHEH7H-TC85T4E) checked. Verified: 494741. isIdOk: 95. Prob: 0.0192%
2004 code (72017H-TC8557M) checked. Verified: 494988. isIdOk: 95. Prob: 0.01919%
2005 code (CC827H-TC855EA) checked. Verified: 495235. isIdOk: 95. Prob: 0.01918%
2006 code (76P37H-TC85583) checked. Verified: 495482. isIdOk: 95. Prob: 0.01917%
2007 code (73757H-TC8550E) checked. Verified: 495729. isIdOk: 95. Prob: 0.01916%
2008 code (76957H-TC852E6) checked. Verified: 495976. isIdOk: 95. Prob: 0.01915%
2009 code (CCHP7H-TC85E79) checked. Verified: 496223. isIdOk: 95. Prob: 0.01914%
2010 code (703A7H-TC85EB8) checked. Verified: 496470. isIdOk: 95. Prob: 0.01914%
2011 code (73KM7H-TC856K0) checked. Verified: 496717. isIdOk: 95. Prob: 0.01913%
2012 code (7P137H-TC85933) checked. Verified: 496964. isIdOk: 95. Prob: 0.01912%
2013 code (75AM7H-TC859EE) checked. Verified: 497211. isIdOk: 95. Prob: 0.01911%
2014 code (73547H-TC85K7M) checked. Verified: 497458. isIdOk: 95. Prob: 0.0191%
2015 code (C3P77H-TC85K21) checked. Verified: 497705. isIdOk: 95. Prob: 0.01909%
2016 code (77A87H-TC85P7T) checked. Verified: 497952. isIdOk: 95. Prob: 0.01908%
2017 code (7HT57H-TC85P3B) checked. Verified: 498199. isIdOk: 95. Prob: 0.01907%
2018 code (7B687H-TC85P83) checked. Verified: 498446. isIdOk: 95. Prob: 0.01906%
2019 code (72C97H-TC851XP) checked. Verified: 498693. isIdOk: 95. Prob: 0.01905%
2020 code (7A7M7H-TC85AX7) checked. Verified: 498940. isIdOk: 95. Prob: 0.01904%
2021 code (7K9B7H-TC85MP9) checked. Verified: 499187. isIdOk: 95. Prob: 0.01903%
2022 code (759X7H-TC85MA3) checked. Verified: 499434. isIdOk: 95. Prob: 0.01902%
2023 code (7AP67H-TC85X29) checked. Verified: 499681. isIdOk: 95. Prob: 0.01901%
2024 code (77377H-TC85X2M) checked. Verified: 499928. isIdOk: 95. Prob: 0.019%
2025 code (H3517H-TC85X48) checked. Verified: 500175. isIdOk: 95. Prob: 0.01899%
2026 code (7PXK7H-TC858XC) checked. Verified: 500422. isIdOk: 95. Prob: 0.01898%
2027 code (7C1P7H-TC85B55) checked. Verified: 500669. isIdOk: 95. Prob: 0.01897%
2028 code (C72E7H-TC8547B) checked. Verified: 500916. isIdOk: 95. Prob: 0.01897%
2029 code (CMEK7H-TC85487) checked. Verified: 501163. isIdOk: 95. Prob: 0.01896%
2030 code (7KXB7H-TC850H4) checked. Verified: 501410. isIdOk: 95. Prob: 0.01895%
2031 code (7A207H-TC827HC) checked. Verified: 501657. isIdOk: 95. Prob: 0.01894%
2032 code (C39M7H-TC827KT) checked. Verified: 501904. isIdOk: 95. Prob: 0.01893%
2033 code (76MX7H-TC827AK) checked. Verified: 502151. isIdOk: 95. Prob: 0.01892%
2034 code (776E7H-TC82C28) checked. Verified: 502398. isIdOk: 95. Prob: 0.01891%
2035 code (7CB37H-TC82CM3) checked. Verified: 502645. isIdOk: 95. Prob: 0.0189%
2036 code (73BC7H-TC82HA3) checked. Verified: 502892. isIdOk: 95. Prob: 0.01889%
2037 code (77A37H-TC82HMX) checked. Verified: 503139. isIdOk: 95. Prob: 0.01888%
2038 code (CH7T7H-TC82HBX) checked. Verified: 503386. isIdOk: 95. Prob: 0.01887%
2039 code (74KE7H-TC823BH) checked. Verified: 503633. isIdOk: 95. Prob: 0.01886%
2040 code (C5K57H-TC82TBE) checked. Verified: 503880. isIdOk: 95. Prob: 0.01885%
2041 code (7E247H-TC82TB6) checked. Verified: 504127. isIdOk: 95. Prob: 0.01884%
2042 code (7X657H-TC82576) checked. Verified: 504374. isIdOk: 96. Prob: 0.01903%
2043 code (70E57H-TC825P7) checked. Verified: 504621. isIdOk: 96. Prob: 0.01902%
2044 code (7C707H-TC822KM) checked. Verified: 504868. isIdOk: 96. Prob: 0.01901%
2045 code (734C7H-TC82ECX) checked. Verified: 505115. isIdOk: 96. Prob: 0.01901%
2046 code (C27P7H-TC82E01) checked. Verified: 505362. isIdOk: 96. Prob: 0.019%
2047 code (7CHT7H-TC826PM) checked. Verified: 505609. isIdOk: 96. Prob: 0.01899%
2048 code (79EX7H-TC829H3) checked. Verified: 505856. isIdOk: 96. Prob: 0.01898%
2049 code (7EPE7H-TC8299X) checked. Verified: 506103. isIdOk: 96. Prob: 0.01897%
2050 code (CCCX7H-TC829BX) checked. Verified: 506350. isIdOk: 96. Prob: 0.01896%
2051 code (CMHM7H-TC82KCH) checked. Verified: 506597. isIdOk: 96. Prob: 0.01895%
2052 code (7EMP7H-TC82K6H) checked. Verified: 506844. isIdOk: 96. Prob: 0.01894%
2053 code (7CB07H-TC82P74) checked. Verified: 507091. isIdOk: 96. Prob: 0.01893%
2054 code (7M7K7H-TC82P5C) checked. Verified: 507338. isIdOk: 96. Prob: 0.01892%
2055 code (C5T47H-TC82P2T) checked. Verified: 507585. isIdOk: 96. Prob: 0.01891%
2056 code (CC467H-TC82PA3) checked. Verified: 507832. isIdOk: 96. Prob: 0.0189%
2057 code (77597H-TC82123) checked. Verified: 508079. isIdOk: 96. Prob: 0.01889%
2058 code (7T7E7H-TC821EA) checked. Verified: 508326. isIdOk: 96. Prob: 0.01889%
2059 code (7CP77H-TC8219C) checked. Verified: 508573. isIdOk: 96. Prob: 0.01888%
2060 code (7K8B7H-TC821X7) checked. Verified: 508820. isIdOk: 96. Prob: 0.01887%
2061 code (7P037H-TC82AP7) checked. Verified: 509067. isIdOk: 96. Prob: 0.01886%
2062 code (785B7H-TC82MHK) checked. Verified: 509314. isIdOk: 96. Prob: 0.01885%
2063 code (7ET47H-TC82M2H) checked. Verified: 509561. isIdOk: 96. Prob: 0.01884%
2064 code (72K97H-TC82MKK) checked. Verified: 509808. isIdOk: 96. Prob: 0.01883%
2065 code (78697H-TC82MPK) checked. Verified: 510055. isIdOk: 97. Prob: 0.01902%
2066 code (7ECK7H-TC82MXE) checked. Verified: 510302. isIdOk: 97. Prob: 0.01901%
2067 code (73M87H-TC82XEX) checked. Verified: 510549. isIdOk: 98. Prob: 0.0192%
2068 code (7C077H-TC82XB9) checked. Verified: 510796. isIdOk: 98. Prob: 0.01919%
2069 code (7MEX7H-TC828XK) checked. Verified: 511043. isIdOk: 98. Prob: 0.01918%
2070 code (C2687H-TC82BCP) checked. Verified: 511290. isIdOk: 98. Prob: 0.01917%
2071 code (76K47H-TC82B59) checked. Verified: 511537. isIdOk: 98. Prob: 0.01916%
2072 code (7HXX7H-TC82B12) checked. Verified: 511784. isIdOk: 98. Prob: 0.01915%
2073 code (7PAK7H-TC824PM) checked. Verified: 512031. isIdOk: 98. Prob: 0.01914%
2074 code (7H927H-TC8206M) checked. Verified: 512278. isIdOk: 98. Prob: 0.01913%
2075 code (77CH7H-TC8E796) checked. Verified: 512525. isIdOk: 98. Prob: 0.01912%
2076 code (73K27H-TC8ECHX) checked. Verified: 512772. isIdOk: 98. Prob: 0.01911%
2077 code (7TB97H-TC8ECB2) checked. Verified: 513019. isIdOk: 98. Prob: 0.0191%
2078 code (727B7H-TC8EHPT) checked. Verified: 513266. isIdOk: 99. Prob: 0.01929%
2079 code (79KK7H-TC8E3E5) checked. Verified: 513513. isIdOk: 99. Prob: 0.01928%
2080 code (721H7H-TC8ET3M) checked. Verified: 513760. isIdOk: 100. Prob: 0.01946%
2081 code (7P497H-TC8ET12) checked. Verified: 514007. isIdOk: 100. Prob: 0.01945%
2082 code (762K7H-TC8E5PX) checked. Verified: 514254. isIdOk: 100. Prob: 0.01945%
2083 code (798C7H-TC8E299) checked. Verified: 514501. isIdOk: 100. Prob: 0.01944%
2084 code (CH7H7H-TC8EE3X) checked. Verified: 514748. isIdOk: 100. Prob: 0.01943%
2085 code (75497H-TC8EE4H) checked. Verified: 514995. isIdOk: 100. Prob: 0.01942%
2086 code (7EP57H-TC8E6KM) checked. Verified: 515242. isIdOk: 100. Prob: 0.01941%
2087 code (7M247H-TC8E9PC) checked. Verified: 515489. isIdOk: 100. Prob: 0.0194%
2088 code (7K207H-TC8EKPA) checked. Verified: 515736. isIdOk: 100. Prob: 0.01939%
2089 code (7H5B7H-TC8EK1K) checked. Verified: 515983. isIdOk: 100. Prob: 0.01938%
2090 code (7CPC7H-TC8EPHT) checked. Verified: 516230. isIdOk: 100. Prob: 0.01937%
2091 code (725T7H-TC8EPT7) checked. Verified: 516477. isIdOk: 101. Prob: 0.01956%
2092 code (77KC7H-TC8EPKP) checked. Verified: 516724. isIdOk: 101. Prob: 0.01955%
2093 code (7EAB7H-TC8E16M) checked. Verified: 516971. isIdOk: 101. Prob: 0.01954%
2094 code (734K7H-TC8E1BH) checked. Verified: 517218. isIdOk: 101. Prob: 0.01953%
2095 code (7P207H-TC8EA27) checked. Verified: 517465. isIdOk: 101. Prob: 0.01952%
2096 code (7P8M7H-TC8EA8C) checked. Verified: 517712. isIdOk: 101. Prob: 0.01951%
2097 code (75AM7H-TC8EMEE) checked. Verified: 517959. isIdOk: 101. Prob: 0.0195%
2098 code (75AA7H-TC8EX2C) checked. Verified: 518206. isIdOk: 101. Prob: 0.01949%
2099 code (70P77H-TC8EX9E) checked. Verified: 518453. isIdOk: 102. Prob: 0.01967%
2100 code (7TE07H-TC8EXP8) checked. Verified: 518700. isIdOk: 102. Prob: 0.01966%
2101 code (CT7K7H-TC8E8CT) checked. Verified: 518947. isIdOk: 102. Prob: 0.01966%
2102 code (7T0X7H-TC8E8T6) checked. Verified: 519194. isIdOk: 102. Prob: 0.01965%
2103 code (77T37H-TC8E8B9) checked. Verified: 519441. isIdOk: 103. Prob: 0.01983%
2104 code (CKC17H-TC8EB45) checked. Verified: 519688. isIdOk: 103. Prob: 0.01982%
2105 code (7C3M7H-TC8E441) checked. Verified: 519935. isIdOk: 103. Prob: 0.01981%
2106 code (C7287H-TC8E0P9) checked. Verified: 520182. isIdOk: 103. Prob: 0.0198%
2107 code (7HH37H-TC8E089) checked. Verified: 520429. isIdOk: 103. Prob: 0.01979%
2108 code (73A67H-TC8E044) checked. Verified: 520676. isIdOk: 103. Prob: 0.01978%
2109 code (7CAC7H-TC86795) checked. Verified: 520923. isIdOk: 103. Prob: 0.01977%
2110 code (7K7C7H-TC86C2E) checked. Verified: 521170. isIdOk: 104. Prob: 0.01996%
2111 code (7TKM7H-TC86C2A) checked. Verified: 521417. isIdOk: 104. Prob: 0.01995%
2112 code (CC5P7H-TC86C1A) checked. Verified: 521664. isIdOk: 105. Prob: 0.02013%
2113 code (743H7H-TC86HT7) checked. Verified: 521911. isIdOk: 105. Prob: 0.02012%
2114 code (7P147H-TC863H6) checked. Verified: 522158. isIdOk: 105. Prob: 0.02011%
2115 code (C79K7H-TC863TT) checked. Verified: 522405. isIdOk: 105. Prob: 0.0201%
2116 code (CMB17H-TC863A3) checked. Verified: 522652. isIdOk: 105. Prob: 0.02009%
2117 code (7EB77H-TC86T91) checked. Verified: 522899. isIdOk: 105. Prob: 0.02008%
2118 code (77HC7H-TC865T8) checked. Verified: 523146. isIdOk: 105. Prob: 0.02007%
2119 code (73MA7H-TC8654A) checked. Verified: 523393. isIdOk: 105. Prob: 0.02006%
2120 code (78HE7H-TC86298) checked. Verified: 523640. isIdOk: 106. Prob: 0.02024%
2121 code (CACA7H-TC86ET8) checked. Verified: 523887. isIdOk: 106. Prob: 0.02023%
2122 code (7TTB7H-TC86670) checked. Verified: 524134. isIdOk: 106. Prob: 0.02022%
2123 code (7XXA7H-TC86650) checked. Verified: 524381. isIdOk: 106. Prob: 0.02021%
2124 code (729A7H-TC869CB) checked. Verified: 524628. isIdOk: 106. Prob: 0.0202%
2125 code (77C37H-TC86KHA) checked. Verified: 524875. isIdOk: 106. Prob: 0.0202%
2126 code (75XX7H-TC86KM9) checked. Verified: 525122. isIdOk: 107. Prob: 0.02038%
2127 code (CAH17H-TC86PH1) checked. Verified: 525369. isIdOk: 107. Prob: 0.02037%
2128 code (7CMX7H-TC861H8) checked. Verified: 525616. isIdOk: 107. Prob: 0.02036%
2129 code (79TA7H-TC86A7A) checked. Verified: 525863. isIdOk: 107. Prob: 0.02035%
2130 code (7PTX7H-TC86A83) checked. Verified: 526110. isIdOk: 107. Prob: 0.02034%
2131 code (75BX7H-TC86MK3) checked. Verified: 526357. isIdOk: 107. Prob: 0.02033%
2132 code (C5267H-TC86X3P) checked. Verified: 526604. isIdOk: 108. Prob: 0.02051%
2133 code (C72C7H-TC86X0K) checked. Verified: 526851. isIdOk: 108. Prob: 0.0205%
2134 code (77487H-TC86X00) checked. Verified: 527098. isIdOk: 108. Prob: 0.02049%
2135 code (76H37H-TC868C3) checked. Verified: 527345. isIdOk: 108. Prob: 0.02048%
2136 code (7M1H7H-TC868KC) checked. Verified: 527592. isIdOk: 108. Prob: 0.02047%
2137 code (7C7H7H-TC86BHP) checked. Verified: 527839. isIdOk: 108. Prob: 0.02046%
2138 code (75C17H-TC86BAB) checked. Verified: 528086. isIdOk: 108. Prob: 0.02045%
2139 code (7C8P7H-TC864PH) checked. Verified: 528333. isIdOk: 108. Prob: 0.02044%
2140 code (7TC27H-TC8607E) checked. Verified: 528580. isIdOk: 108. Prob: 0.02043%
2141 code (7H2M7H-TC86011) checked. Verified: 528827. isIdOk: 108. Prob: 0.02042%
2142 code (771M7H-TC860A7) checked. Verified: 529074. isIdOk: 108. Prob: 0.02041%
2143 code (7K597H-TC897TT) checked. Verified: 529321. isIdOk: 108. Prob: 0.0204%
2144 code (CCBT7H-TC89729) checked. Verified: 529568. isIdOk: 108. Prob: 0.02039%
2145 code (774T7H-TC89780) checked. Verified: 529815. isIdOk: 109. Prob: 0.02057%
2146 code (7H517H-TC89CPK) checked. Verified: 530062. isIdOk: 109. Prob: 0.02056%
2147 code (7B9X7H-TC89C8P) checked. Verified: 530309. isIdOk: 109. Prob: 0.02055%
2148 code (7CT27H-TC89HK2) checked. Verified: 530556. isIdOk: 111. Prob: 0.02092%
2149 code (7E0X7H-TC89H11) checked. Verified: 530803. isIdOk: 111. Prob: 0.02091%
2150 code (7XP47H-TC8932H) checked. Verified: 531050. isIdOk: 111. Prob: 0.0209%
2151 code (77467H-TC8934X) checked. Verified: 531297. isIdOk: 111. Prob: 0.02089%
2152 code (7H577H-TC89TT1) checked. Verified: 531544. isIdOk: 111. Prob: 0.02088%
2153 code (795E7H-TC89T1K) checked. Verified: 531791. isIdOk: 111. Prob: 0.02087%
2154 code (CC4K7H-TC89577) checked. Verified: 532038. isIdOk: 111. Prob: 0.02086%
2155 code (CEC77H-TC89536) checked. Verified: 532285. isIdOk: 111. Prob: 0.02085%
2156 code (CE6B7H-TC895KA) checked. Verified: 532532. isIdOk: 111. Prob: 0.02084%
2157 code (7E1M7H-TC8929H) checked. Verified: 532779. isIdOk: 111. Prob: 0.02083%
2158 code (7A2T7H-TC89E98) checked. Verified: 533026. isIdOk: 111. Prob: 0.02082%
2159 code (75307H-TC8963M) checked. Verified: 533273. isIdOk: 111. Prob: 0.02081%
2160 code (732H7H-TC8961T) checked. Verified: 533520. isIdOk: 111. Prob: 0.02081%
2161 code (C9CB7H-TC896MB) checked. Verified: 533767. isIdOk: 111. Prob: 0.0208%
2162 code (7H147H-TC8968X) checked. Verified: 534014. isIdOk: 111. Prob: 0.02079%
2163 code (761E7H-TC899EX) checked. Verified: 534261. isIdOk: 111. Prob: 0.02078%
2164 code (736A7H-TC89K3B) checked. Verified: 534508. isIdOk: 111. Prob: 0.02077%
2165 code (73CE7H-TC89PHH) checked. Verified: 534755. isIdOk: 111. Prob: 0.02076%
2166 code (7EM17H-TC89P36) checked. Verified: 535002. isIdOk: 111. Prob: 0.02075%
2167 code (CPXM7H-TC89P9P) checked. Verified: 535249. isIdOk: 111. Prob: 0.02074%
2168 code (7TK07H-TC891T5) checked. Verified: 535496. isIdOk: 111. Prob: 0.02073%
2169 code (7K8X7H-TC8911P) checked. Verified: 535743. isIdOk: 111. Prob: 0.02072%
2170 code (7H917H-TC8918A) checked. Verified: 535990. isIdOk: 111. Prob: 0.02071%
2171 code (7C227H-TC8918M) checked. Verified: 536237. isIdOk: 111. Prob: 0.0207%
2172 code (75167H-TC89A64) checked. Verified: 536484. isIdOk: 111. Prob: 0.02069%
2173 code (7CK87H-TC89MHP) checked. Verified: 536731. isIdOk: 111. Prob: 0.02068%
2174 code (3AE07H-TC89X7X) checked. Verified: 536978. isIdOk: 111. Prob: 0.02067%
2175 code (75AK7H-TC89X52) checked. Verified: 537225. isIdOk: 111. Prob: 0.02066%
2176 code (732T7H-TC89X08) checked. Verified: 537472. isIdOk: 112. Prob: 0.02084%
2177 code (7CCE7H-TC89869) checked. Verified: 537719. isIdOk: 112. Prob: 0.02083%
2178 code (7HM77H-TC89B58) checked. Verified: 537966. isIdOk: 112. Prob: 0.02082%
2179 code (73TB7H-TC89BEA) checked. Verified: 538213. isIdOk: 112. Prob: 0.02081%
2180 code (730P7H-TC894CK) checked. Verified: 538460. isIdOk: 112. Prob: 0.0208%
2181 code (7K1X7H-TC89419) checked. Verified: 538707. isIdOk: 112. Prob: 0.02079%
2182 code (736K7H-TC890PA) checked. Verified: 538954. isIdOk: 112. Prob: 0.02078%
2183 code (74857H-TC8K7T1) checked. Verified: 539201. isIdOk: 112. Prob: 0.02077%
2184 code (7CKE7H-TC8K72T) checked. Verified: 539448. isIdOk: 112. Prob: 0.02076%
2185 code (7T147H-TC8K74K) checked. Verified: 539695. isIdOk: 112. Prob: 0.02075%
2186 code (HHHH7H-TC8KCE4) checked. Verified: 539942. isIdOk: 112. Prob: 0.02074%
2187 code (701A7H-TC8KHE4) checked. Verified: 540189. isIdOk: 112. Prob: 0.02073%
2188 code (7CE97H-TC8K35K) checked. Verified: 540436. isIdOk: 112. Prob: 0.02072%
2189 code (77E37H-TC8K3XX) checked. Verified: 540683. isIdOk: 112. Prob: 0.02071%
2190 code (7KC57H-TC8KTP7) checked. Verified: 540930. isIdOk: 112. Prob: 0.02071%
2191 code (7K387H-TC8K5K0) checked. Verified: 541177. isIdOk: 112. Prob: 0.0207%
2192 code (7B017H-TC8K5XK) checked. Verified: 541424. isIdOk: 112. Prob: 0.02069%
2193 code (75CK7H-TC8K218) checked. Verified: 541671. isIdOk: 113. Prob: 0.02086%
2194 code (76457H-TC8KE77) checked. Verified: 541918. isIdOk: 113. Prob: 0.02085%
2195 code (7CB17H-TC8KE60) checked. Verified: 542165. isIdOk: 113. Prob: 0.02084%
2196 code (761M7H-TC8KEX0) checked. Verified: 542412. isIdOk: 113. Prob: 0.02083%
2197 code (7H507H-TC8KE45) checked. Verified: 542659. isIdOk: 113. Prob: 0.02082%
2198 code (7KHX7H-TC8KE48) checked. Verified: 542906. isIdOk: 113. Prob: 0.02081%
2199 code (76617H-TC8K6AT) checked. Verified: 543153. isIdOk: 113. Prob: 0.0208%
2200 code (76HB7H-TC8K6BT) checked. Verified: 543400. isIdOk: 114. Prob: 0.02098%
2201 code (77TK7H-TC8K9A4) checked. Verified: 543647. isIdOk: 114. Prob: 0.02097%
2202 code (7T3M7H-TC8KKKH) checked. Verified: 543894. isIdOk: 114. Prob: 0.02096%
2203 code (761H7H-TC8KKX1) checked. Verified: 544141. isIdOk: 114. Prob: 0.02095%
2204 code (CT147H-TC8KK0H) checked. Verified: 544388. isIdOk: 114. Prob: 0.02094%
2205 code (7TKB7H-TC8KPPE) checked. Verified: 544635. isIdOk: 114. Prob: 0.02093%
2206 code (3T2M7H-TC8K1EE) checked. Verified: 544882. isIdOk: 114. Prob: 0.02092%
2207 code (72897H-TC8K1E6) checked. Verified: 545129. isIdOk: 114. Prob: 0.02091%
2208 code (75637H-TC8KA57) checked. Verified: 545376. isIdOk: 114. Prob: 0.0209%
2209 code (CTP07H-TC8KAAX) checked. Verified: 545623. isIdOk: 114. Prob: 0.02089%
2210 code (7AMP7H-TC8KAB5) checked. Verified: 545870. isIdOk: 114. Prob: 0.02088%
2211 code (CC797H-TC8KMKE) checked. Verified: 546117. isIdOk: 115. Prob: 0.02106%
2212 code (CCX37H-TC8KMM2) checked. Verified: 546364. isIdOk: 115. Prob: 0.02105%
2213 code (778C7H-TC8KX17) checked. Verified: 546611. isIdOk: 115. Prob: 0.02104%
2214 code (73CH7H-TC8K873) checked. Verified: 546858. isIdOk: 115. Prob: 0.02103%
2215 code (77X57H-TC8K89P) checked. Verified: 547105. isIdOk: 115. Prob: 0.02102%
2216 code (7H607H-TC8K8PX) checked. Verified: 547352. isIdOk: 115. Prob: 0.02101%
2217 code (76257H-TC8K8XM) checked. Verified: 547599. isIdOk: 115. Prob: 0.021%
2218 code (7HBH7H-TC8KBP5) checked. Verified: 547846. isIdOk: 115. Prob: 0.02099%
2219 code (7PKT7H-TC8KB0K) checked. Verified: 548093. isIdOk: 115. Prob: 0.02098%
2220 code (CP5A7H-TC8K41B) checked. Verified: 548340. isIdOk: 115. Prob: 0.02097%
2221 code (76P47H-TC8K037) checked. Verified: 548587. isIdOk: 115. Prob: 0.02096%
2222 code (7CE07H-TC8K0KP) checked. Verified: 548834. isIdOk: 115. Prob: 0.02095%
2223 code (7T3X7H-TC8K049) checked. Verified: 549081. isIdOk: 115. Prob: 0.02094%
2224 code (7E0C7H-TC8P714) checked. Verified: 549328. isIdOk: 115. Prob: 0.02093%
2225 code (72B77H-TC8P7MP) checked. Verified: 549575. isIdOk: 115. Prob: 0.02093%
2226 code (77EK7H-TC8PCK3) checked. Verified: 549822. isIdOk: 115. Prob: 0.02092%
2227 code (7HBT7H-TC8PH63) checked. Verified: 550069. isIdOk: 116. Prob: 0.02109%
2228 code (73PE7H-TC8P3CH) checked. Verified: 550316. isIdOk: 116. Prob: 0.02108%
2229 code (7T5H7H-TC8P3C6) checked. Verified: 550563. isIdOk: 116. Prob: 0.02107%
2230 code (7MC67H-TC8P31K) checked. Verified: 550810. isIdOk: 116. Prob: 0.02106%
2231 code (7K8C7H-TC8P340) checked. Verified: 551057. isIdOk: 117. Prob: 0.02123%
2232 code (CCMC7H-TC8PT58) checked. Verified: 551304. isIdOk: 117. Prob: 0.02122%
2233 code (CH027H-TC8P5CK) checked. Verified: 551551. isIdOk: 117. Prob: 0.02121%
2234 code (72E27H-TC8P595) checked. Verified: 551798. isIdOk: 117. Prob: 0.0212%
2235 code (H1KP7H-TC8P5B2) checked. Verified: 552045. isIdOk: 117. Prob: 0.02119%
2236 code (790K7H-TC8P2TX) checked. Verified: 552292. isIdOk: 117. Prob: 0.02118%
2237 code (7C2P7H-TC8P22M) checked. Verified: 552539. isIdOk: 117. Prob: 0.02117%
2238 code (7C407H-TC8P293) checked. Verified: 552786. isIdOk: 117. Prob: 0.02117%
2239 code (7T827H-TC8PE56) checked. Verified: 553033. isIdOk: 117. Prob: 0.02116%
2240 code (7H5H7H-TC8PE90) checked. Verified: 553280. isIdOk: 117. Prob: 0.02115%
2241 code (772E7H-TC8PEP2) checked. Verified: 553527. isIdOk: 117. Prob: 0.02114%
2242 code (762H7H-TC8PE11) checked. Verified: 553774. isIdOk: 117. Prob: 0.02113%
2243 code (79PH7H-TC8P6P6) checked. Verified: 554021. isIdOk: 117. Prob: 0.02112%
2244 code (77227H-TC8P60P) checked. Verified: 554268. isIdOk: 117. Prob: 0.02111%
2245 code (790E7H-TC8P931) checked. Verified: 554515. isIdOk: 117. Prob: 0.0211%
2246 code (7M9K7H-TC8P92E) checked. Verified: 554762. isIdOk: 118. Prob: 0.02127%
2247 code (7EXC7H-TC8P94A) checked. Verified: 555009. isIdOk: 118. Prob: 0.02126%
2248 code (CCT87H-TC8PK23) checked. Verified: 555256. isIdOk: 118. Prob: 0.02125%
2249 code (7HAA7H-TC8PK8P) checked. Verified: 555503. isIdOk: 118. Prob: 0.02124%
2250 code (7EA67H-TC8PP80) checked. Verified: 555750. isIdOk: 119. Prob: 0.02141%
2251 code (CE4C7H-TC8P169) checked. Verified: 555997. isIdOk: 119. Prob: 0.0214%
2252 code (754H7H-TC8PAE3) checked. Verified: 556244. isIdOk: 119. Prob: 0.02139%
2253 code (72BA7H-TC8PA99) checked. Verified: 556491. isIdOk: 119. Prob: 0.02138%
2254 code (795P7H-TC8PAK0) checked. Verified: 556738. isIdOk: 120. Prob: 0.02155%
2255 code (78X17H-TC8PA8E) checked. Verified: 556985. isIdOk: 120. Prob: 0.02154%
2256 code (71XM7H-TC8PMK4) checked. Verified: 557232. isIdOk: 120. Prob: 0.02154%
2257 code (751K7H-TC8PMA7) checked. Verified: 557479. isIdOk: 120. Prob: 0.02153%
2258 code (79HA7H-TC8PM8E) checked. Verified: 557726. isIdOk: 120. Prob: 0.02152%
2259 code (77607H-TC8PXH8) checked. Verified: 557973. isIdOk: 120. Prob: 0.02151%
2260 code (7XK77H-TC8PXT2) checked. Verified: 558220. isIdOk: 120. Prob: 0.0215%
2261 code (7KPA7H-TC8P8C0) checked. Verified: 558467. isIdOk: 120. Prob: 0.02149%
2262 code (79H87H-TC8P82A) checked. Verified: 558714. isIdOk: 120. Prob: 0.02148%
2263 code (79PE7H-TC8P880) checked. Verified: 558961. isIdOk: 120. Prob: 0.02147%
2264 code (7XM37H-TC8PB65) checked. Verified: 559208. isIdOk: 120. Prob: 0.02146%
2265 code (76TB7H-TC8P46E) checked. Verified: 559455. isIdOk: 120. Prob: 0.02145%
2266 code (73XX7H-TC8P4BB) checked. Verified: 559702. isIdOk: 120. Prob: 0.02144%
2267 code (7H1A7H-TC8P0X9) checked. Verified: 559949. isIdOk: 120. Prob: 0.02143%
2268 code (78807H-TC8P003) checked. Verified: 560196. isIdOk: 120. Prob: 0.02142%
2269 code (7PMA7H-TC817EP) checked. Verified: 560443. isIdOk: 120. Prob: 0.02141%
2270 code (75117H-TC81C3E) checked. Verified: 560690. isIdOk: 120. Prob: 0.0214%
2271 code (7HX77H-TC81H36) checked. Verified: 560937. isIdOk: 120. Prob: 0.02139%
2272 code (7HC97H-TC81HT8) checked. Verified: 561184. isIdOk: 120. Prob: 0.02138%
2273 code (714H7H-TC81HK7) checked. Verified: 561431. isIdOk: 120. Prob: 0.02137%
2274 code (76H67H-TC81HXC) checked. Verified: 561678. isIdOk: 121. Prob: 0.02154%
2275 code (7XP47H-TC813T2) checked. Verified: 561925. isIdOk: 121. Prob: 0.02153%
2276 code (7M3M7H-TC81310) checked. Verified: 562172. isIdOk: 121. Prob: 0.02152%
2277 code (75K27H-TC81TCP) checked. Verified: 562419. isIdOk: 121. Prob: 0.02151%
2278 code (72A77H-TC81T1T) checked. Verified: 562666. isIdOk: 121. Prob: 0.0215%
2279 code (73BE7H-TC815HK) checked. Verified: 562913. isIdOk: 121. Prob: 0.0215%
2280 code (7EEP7H-TC815AX) checked. Verified: 563160. isIdOk: 121. Prob: 0.02149%
2281 code (73C07H-TC8121X) checked. Verified: 563407. isIdOk: 121. Prob: 0.02148%
2282 code (C0HB7H-TC81EHX) checked. Verified: 563654. isIdOk: 121. Prob: 0.02147%
2283 code (7T2P7H-TC81E5H) checked. Verified: 563901. isIdOk: 121. Prob: 0.02146%
2284 code (77977H-TC81EB1) checked. Verified: 564148. isIdOk: 121. Prob: 0.02145%
2285 code (C1TX7H-TC81624) checked. Verified: 564395. isIdOk: 121. Prob: 0.02144%
2286 code (7H0E7H-TC81933) checked. Verified: 564642. isIdOk: 121. Prob: 0.02143%
2287 code (72XB7H-TC819TE) checked. Verified: 564889. isIdOk: 121. Prob: 0.02142%
2288 code (77357H-TC81943) checked. Verified: 565136. isIdOk: 121. Prob: 0.02141%
2289 code (79KM7H-TC81K4C) checked. Verified: 565383. isIdOk: 121. Prob: 0.0214%
2290 code (7C747H-TC81PC9) checked. Verified: 565630. isIdOk: 121. Prob: 0.02139%
2291 code (C7637H-TC81PHM) checked. Verified: 565877. isIdOk: 122. Prob: 0.02156%
2292 code (75M17H-TC81P9K) checked. Verified: 566124. isIdOk: 122. Prob: 0.02155%
2293 code (7MBK7H-TC81161) checked. Verified: 566371. isIdOk: 122. Prob: 0.02154%
2294 code (708E7H-TC811KA) checked. Verified: 566618. isIdOk: 122. Prob: 0.02153%
2295 code (7E5E7H-TC811P3) checked. Verified: 566865. isIdOk: 122. Prob: 0.02152%
2296 code (H2B87H-TC81A27) checked. Verified: 567112. isIdOk: 122. Prob: 0.02151%
2297 code (763T7H-TC81M59) checked. Verified: 567359. isIdOk: 122. Prob: 0.0215%
2298 code (7E237H-TC81X51) checked. Verified: 567606. isIdOk: 123. Prob: 0.02167%
2299 code (7KP57H-TC81XMP) checked. Verified: 567853. isIdOk: 123. Prob: 0.02166%
2300 code (7MAT7H-TC818C1) checked. Verified: 568100. isIdOk: 123. Prob: 0.02165%
2301 code (762X7H-TC81867) checked. Verified: 568347. isIdOk: 123. Prob: 0.02164%
2302 code (7A307H-TC818PM) checked. Verified: 568594. isIdOk: 123. Prob: 0.02163%
2303 code (79HP7H-TC81B9H) checked. Verified: 568841. isIdOk: 123. Prob: 0.02162%
2304 code (7E557H-TC81BXX) checked. Verified: 569088. isIdOk: 123. Prob: 0.02161%
2305 code (CC297H-TC814E8) checked. Verified: 569335. isIdOk: 123. Prob: 0.0216%
2306 code (7K9T7H-TC81026) checked. Verified: 569582. isIdOk: 123. Prob: 0.02159%
2307 code (7XM47H-TC810PC) checked. Verified: 569829. isIdOk: 123. Prob: 0.02159%
2308 code (7AHA7H-TC81043) checked. Verified: 570076. isIdOk: 123. Prob: 0.02158%
2309 code (75227H-TC8A7E9) checked. Verified: 570323. isIdOk: 123. Prob: 0.02157%
2310 code (C2B67H-TC8A78X) checked. Verified: 570570. isIdOk: 123. Prob: 0.02156%
2311 code (75487H-TC8AC2A) checked. Verified: 570817. isIdOk: 123. Prob: 0.02155%
2312 code (C1X57H-TC8AH2B) checked. Verified: 571064. isIdOk: 123. Prob: 0.02154%
2313 code (77567H-TC8AHK6) checked. Verified: 571311. isIdOk: 123. Prob: 0.02153%
2314 code (78KK7H-TC8AHA9) checked. Verified: 571558. isIdOk: 123. Prob: 0.02152%
2315 code (72H97H-TC8A3EA) checked. Verified: 571805. isIdOk: 123. Prob: 0.02151%
2316 code (7XPB7H-TC8A302) checked. Verified: 572052. isIdOk: 123. Prob: 0.0215%
2317 code (7T107H-TC8ATKM) checked. Verified: 572299. isIdOk: 123. Prob: 0.02149%
2318 code (7E3A7H-TC8A55A) checked. Verified: 572546. isIdOk: 123. Prob: 0.02148%
2319 code (7MC17H-TC8A58M) checked. Verified: 572793. isIdOk: 123. Prob: 0.02147%
2320 code (72P97H-TC8A5BC) checked. Verified: 573040. isIdOk: 123. Prob: 0.02146%
2321 code (7BB77H-TC8A2PT) checked. Verified: 573287. isIdOk: 123. Prob: 0.02146%
2322 code (72MB7H-TC8AE35) checked. Verified: 573534. isIdOk: 123. Prob: 0.02145%
2323 code (77TK7H-TC8AE4E) checked. Verified: 573781. isIdOk: 123. Prob: 0.02144%
2324 code (778C7H-TC8A6M1) checked. Verified: 574028. isIdOk: 123. Prob: 0.02143%
2325 code (792K7H-TC8A9CC) checked. Verified: 574275. isIdOk: 123. Prob: 0.02142%
2326 code (7HCA7H-TC8A94A) checked. Verified: 574522. isIdOk: 123. Prob: 0.02141%
2327 code (7H337H-TC8AKH2) checked. Verified: 574769. isIdOk: 123. Prob: 0.0214%
2328 code (7H077H-TC8AKKK) checked. Verified: 575016. isIdOk: 123. Prob: 0.02139%
2329 code (7H3H7H-TC8AKPM) checked. Verified: 575263. isIdOk: 123. Prob: 0.02138%
2330 code (710A7H-TC8AP70) checked. Verified: 575510. isIdOk: 123. Prob: 0.02137%
2331 code (7K7A7H-TC8A17C) checked. Verified: 575757. isIdOk: 123. Prob: 0.02136%
2332 code (78467H-TC8A1CA) checked. Verified: 576004. isIdOk: 123. Prob: 0.02135%
2333 code (7XP17H-TC8A155) checked. Verified: 576251. isIdOk: 123. Prob: 0.02134%
2334 code (CEME7H-TC8A197) checked. Verified: 576498. isIdOk: 123. Prob: 0.02134%
2335 code (740B7H-TC8A1MT) checked. Verified: 576745. isIdOk: 123. Prob: 0.02133%
2336 code (78AK7H-TC8AA55) checked. Verified: 576992. isIdOk: 123. Prob: 0.02132%
2337 code (74PK7H-TC8AAPM) checked. Verified: 577239. isIdOk: 123. Prob: 0.02131%
2338 code (77097H-TC8AAB5) checked. Verified: 577486. isIdOk: 123. Prob: 0.0213%
2339 code (72887H-TC8AMHK) checked. Verified: 577733. isIdOk: 123. Prob: 0.02129%
2340 code (3M4P7H-TC8AMTM) checked. Verified: 577980. isIdOk: 123. Prob: 0.02128%
2341 code (7E4X7H-TC8AMEB) checked. Verified: 578227. isIdOk: 123. Prob: 0.02127%
2342 code (7E067H-TC8AMX5) checked. Verified: 578474. isIdOk: 123. Prob: 0.02126%
2343 code (7AP47H-TC8AX38) checked. Verified: 578721. isIdOk: 124. Prob: 0.02143%
2344 code (7MMK7H-TC8A8CM) checked. Verified: 578968. isIdOk: 124. Prob: 0.02142%
2345 code (76AC7H-TC8ABC9) checked. Verified: 579215. isIdOk: 124. Prob: 0.02141%
2346 code (7H957H-TC8AB90) checked. Verified: 579462. isIdOk: 124. Prob: 0.0214%
2347 code (75327H-TC8A479) checked. Verified: 579709. isIdOk: 124. Prob: 0.02139%
2348 code (7T5K7H-TC8A4AC) checked. Verified: 579956. isIdOk: 124. Prob: 0.02138%
2349 code (77657H-TC8A071) checked. Verified: 580203. isIdOk: 124. Prob: 0.02137%
2350 code (7BP77H-TC8A06E) checked. Verified: 580450. isIdOk: 124. Prob: 0.02136%
2351 code (7P717H-TC8A0M0) checked. Verified: 580697. isIdOk: 124. Prob: 0.02135%
2352 code (C6C27H-TC8M7CK) checked. Verified: 580944. isIdOk: 125. Prob: 0.02152%
2353 code (77E67H-TC8M7AE) checked. Verified: 581191. isIdOk: 125. Prob: 0.02151%
2354 code (7TT07H-TC8MCM5) checked. Verified: 581438. isIdOk: 125. Prob: 0.0215%
2355 code (CCP57H-TC8MHKB) checked. Verified: 581685. isIdOk: 125. Prob: 0.02149%
2356 code (73097H-TC8M3H4) checked. Verified: 581932. isIdOk: 126. Prob: 0.02165%
2357 code (721K7H-TC8M360) checked. Verified: 582179. isIdOk: 126. Prob: 0.02164%
2358 code (73P37H-TC8MTEA) checked. Verified: 582426. isIdOk: 126. Prob: 0.02163%
2359 code (72427H-TC8MT9E) checked. Verified: 582673. isIdOk: 126. Prob: 0.02162%
2360 code (703P7H-TC8M57H) checked. Verified: 582920. isIdOk: 126. Prob: 0.02162%
2361 code (7H677H-TC8M5PA) checked. Verified: 583167. isIdOk: 126. Prob: 0.02161%
2362 code (C56M7H-TC8M502) checked. Verified: 583414. isIdOk: 126. Prob: 0.0216%
2363 code (7TXE7H-TC8M29E) checked. Verified: 583661. isIdOk: 126. Prob: 0.02159%
2364 code (CAPA7H-TC8M296) checked. Verified: 583908. isIdOk: 126. Prob: 0.02158%
2365 code (73597H-TC8MEEP) checked. Verified: 584155. isIdOk: 126. Prob: 0.02157%
2366 code (H4EH7H-TC8M6E4) checked. Verified: 584402. isIdOk: 126. Prob: 0.02156%
2367 code (CM6B7H-TC8M6X4) checked. Verified: 584649. isIdOk: 126. Prob: 0.02155%
2368 code (7A8E7H-TC8M9EA) checked. Verified: 584896. isIdOk: 126. Prob: 0.02154%
2369 code (77CC7H-TC8M96C) checked. Verified: 585143. isIdOk: 126. Prob: 0.02153%
2370 code (7PK67H-TC8MKC3) checked. Verified: 585390. isIdOk: 126. Prob: 0.02152%
2371 code (77HC7H-TC8MK63) checked. Verified: 585637. isIdOk: 127. Prob: 0.02169%
2372 code (C29B7H-TC8MK16) checked. Verified: 585884. isIdOk: 127. Prob: 0.02168%
2373 code (7PE27H-TC8MK0C) checked. Verified: 586131. isIdOk: 127. Prob: 0.02167%
2374 code (726P7H-TC8MPB9) checked. Verified: 586378. isIdOk: 127. Prob: 0.02166%
2375 code (7BHA7H-TC8M196) checked. Verified: 586625. isIdOk: 127. Prob: 0.02165%
2376 code (75467H-TC8M1X2) checked. Verified: 586872. isIdOk: 127. Prob: 0.02164%
2377 code (CC9K7H-TC8MA69) checked. Verified: 587119. isIdOk: 127. Prob: 0.02163%
2378 code (C6797H-TC8MAM3) checked. Verified: 587366. isIdOk: 127. Prob: 0.02162%
2379 code (7HK37H-TC8MMK7) checked. Verified: 587613. isIdOk: 127. Prob: 0.02161%
2380 code (7AH97H-TC8MM0H) checked. Verified: 587860. isIdOk: 127. Prob: 0.0216%
2381 code (7KPK7H-TC8MX68) checked. Verified: 588107. isIdOk: 127. Prob: 0.02159%
2382 code (72MB7H-TC8MX4P) checked. Verified: 588354. isIdOk: 127. Prob: 0.02159%
2383 code (758B7H-TC8M83C) checked. Verified: 588601. isIdOk: 127. Prob: 0.02158%
2384 code (CA2P7H-TC8M8M1) checked. Verified: 588848. isIdOk: 127. Prob: 0.02157%
2385 code (CXC37H-TC8MBAC) checked. Verified: 589095. isIdOk: 127. Prob: 0.02156%
2386 code (7TBB7H-TC8M45M) checked. Verified: 589342. isIdOk: 127. Prob: 0.02155%
2387 code (7A4T7H-TC8M057) checked. Verified: 589589. isIdOk: 127. Prob: 0.02154%
2388 code (79K67H-TC8M05A) checked. Verified: 589836. isIdOk: 127. Prob: 0.02153%
2389 code (761C7H-TC8M095) checked. Verified: 590083. isIdOk: 127. Prob: 0.02152%
2390 code (7BC47H-TC8X7CA) checked. Verified: 590330. isIdOk: 128. Prob: 0.02168%
2391 code (70CB7H-TC8X7E2) checked. Verified: 590577. isIdOk: 128. Prob: 0.02167%
2392 code (7CTE7H-TC8XCH7) checked. Verified: 590824. isIdOk: 128. Prob: 0.02166%
2393 code (CT5M7H-TC8XCKX) checked. Verified: 591071. isIdOk: 129. Prob: 0.02182%
2394 code (7EX97H-TC8XHE9) checked. Verified: 591318. isIdOk: 129. Prob: 0.02182%
2395 code (7C0E7H-TC8XH98) checked. Verified: 591565. isIdOk: 129. Prob: 0.02181%
2396 code (7BK27H-TC8X36M) checked. Verified: 591812. isIdOk: 129. Prob: 0.0218%
2397 code (7C0M7H-TC8X315) checked. Verified: 592059. isIdOk: 129. Prob: 0.02179%
2398 code (7CXT7H-TC8XTPH) checked. Verified: 592306. isIdOk: 129. Prob: 0.02178%
2399 code (78CP7H-TC8XTB8) checked. Verified: 592553. isIdOk: 129. Prob: 0.02177%
2400 code (77707H-TC8X5CB) checked. Verified: 592800. isIdOk: 129. Prob: 0.02176%
2401 code (77857H-TC8X56K) checked. Verified: 593047. isIdOk: 129. Prob: 0.02175%
2402 code (72HC7H-TC8X5PX) checked. Verified: 593294. isIdOk: 129. Prob: 0.02174%
2403 code (76827H-TC8X2TE) checked. Verified: 593541. isIdOk: 129. Prob: 0.02173%
2404 code (7PM47H-TC8X267) checked. Verified: 593788. isIdOk: 129. Prob: 0.02172%
2405 code (CXHK7H-TC8X2KM) checked. Verified: 594035. isIdOk: 129. Prob: 0.02172%
2406 code (7XXE7H-TC8X282) checked. Verified: 594282. isIdOk: 130. Prob: 0.02188%
2407 code (7HAC7H-TC8X2BE) checked. Verified: 594529. isIdOk: 130. Prob: 0.02187%
2408 code (75687H-TC8X201) checked. Verified: 594776. isIdOk: 130. Prob: 0.02186%
2409 code (7CXX7H-TC8XECC) checked. Verified: 595023. isIdOk: 130. Prob: 0.02185%
2410 code (7B547H-TC8X674) checked. Verified: 595270. isIdOk: 130. Prob: 0.02184%
2411 code (7H617H-TC8X692) checked. Verified: 595517. isIdOk: 130. Prob: 0.02183%
2412 code (78277H-TC8X959) checked. Verified: 595764. isIdOk: 130. Prob: 0.02182%
2413 code (71607H-TC8X99T) checked. Verified: 596011. isIdOk: 130. Prob: 0.02181%
2414 code (7THT7H-TC8X943) checked. Verified: 596258. isIdOk: 130. Prob: 0.0218%
2415 code (728C7H-TC8X94A) checked. Verified: 596505. isIdOk: 130. Prob: 0.02179%
2416 code (7PBX7H-TC8XKH1) checked. Verified: 596752. isIdOk: 130. Prob: 0.02178%
2417 code (7CTX7H-TC8XK1H) checked. Verified: 596999. isIdOk: 130. Prob: 0.02178%
2418 code (7EAB7H-TC8XKB0) checked. Verified: 597246. isIdOk: 130. Prob: 0.02177%
2419 code (7CHK7H-TC8XP27) checked. Verified: 597493. isIdOk: 130. Prob: 0.02176%
2420 code (CTTA7H-TC8XPXC) checked. Verified: 597740. isIdOk: 130. Prob: 0.02175%
2421 code (77TM7H-TC8X1AM) checked. Verified: 597987. isIdOk: 130. Prob: 0.02174%
2422 code (71087H-TC8X1M5) checked. Verified: 598234. isIdOk: 130. Prob: 0.02173%
2423 code (7KK77H-TC8XAA3) checked. Verified: 598481. isIdOk: 130. Prob: 0.02172%
2424 code (78P57H-TC8XM7P) checked. Verified: 598728. isIdOk: 130. Prob: 0.02171%
2425 code (C9877H-TC8XMC5) checked. Verified: 598975. isIdOk: 130. Prob: 0.0217%
2426 code (77BH7H-TC8XMXH) checked. Verified: 599222. isIdOk: 130. Prob: 0.02169%
2427 code (765C7H-TC8XX63) checked. Verified: 599469. isIdOk: 130. Prob: 0.02169%
2428 code (7KE47H-TC8X85E) checked. Verified: 599716. isIdOk: 130. Prob: 0.02168%
2429 code (7CE17H-TC8XBCP) checked. Verified: 599963. isIdOk: 130. Prob: 0.02167%
2430 code (77KH7H-TC8XB5E) checked. Verified: 600210. isIdOk: 130. Prob: 0.02166%
2431 code (75T87H-TC8X43H) checked. Verified: 600457. isIdOk: 130. Prob: 0.02165%
2432 code (7AM37H-TC8X433) checked. Verified: 600704. isIdOk: 130. Prob: 0.02164%
2433 code (7K957H-TC8X4KA) checked. Verified: 600951. isIdOk: 130. Prob: 0.02163%
2434 code (76067H-TC8X0K5) checked. Verified: 601198. isIdOk: 130. Prob: 0.02162%
2435 code (75107H-TC88759) checked. Verified: 601445. isIdOk: 130. Prob: 0.02161%
2436 code (7PP97H-TC887M6) checked. Verified: 601692. isIdOk: 130. Prob: 0.02161%
2437 code (72K37H-TC88C1E) checked. Verified: 601939. isIdOk: 130. Prob: 0.0216%
2438 code (738E7H-TC88HE2) checked. Verified: 602186. isIdOk: 130. Prob: 0.02159%
2439 code (7C3K7H-TC88HX6) checked. Verified: 602433. isIdOk: 130. Prob: 0.02158%
2440 code (77327H-TC88H49) checked. Verified: 602680. isIdOk: 130. Prob: 0.02157%
2441 code (C97H7H-TC88331) checked. Verified: 602927. isIdOk: 130. Prob: 0.02156%
2442 code (7C557H-TC88T7H) checked. Verified: 603174. isIdOk: 130. Prob: 0.02155%
2443 code (76PA7H-TC88T73) checked. Verified: 603421. isIdOk: 130. Prob: 0.02154%
2444 code (7KM57H-TC88TAH) checked. Verified: 603668. isIdOk: 130. Prob: 0.02154%
2445 code (7C057H-TC885H5) checked. Verified: 603915. isIdOk: 130. Prob: 0.02153%
2446 code (75TM7H-TC8858K) checked. Verified: 604162. isIdOk: 130. Prob: 0.02152%
2447 code (74M57H-TC88290) checked. Verified: 604409. isIdOk: 130. Prob: 0.02151%
2448 code (CB9T7H-TC88E61) checked. Verified: 604656. isIdOk: 130. Prob: 0.0215%
2449 code (7CTE7H-TC886CE) checked. Verified: 604903. isIdOk: 130. Prob: 0.02149%
2450 code (73H27H-TC886HE) checked. Verified: 605150. isIdOk: 130. Prob: 0.02148%
2451 code (75937H-TC886B4) checked. Verified: 605397. isIdOk: 130. Prob: 0.02147%
2452 code (715B7H-TC8896X) checked. Verified: 605644. isIdOk: 130. Prob: 0.02146%
2453 code (757T7H-TC8899E) checked. Verified: 605891. isIdOk: 130. Prob: 0.02146%
2454 code (7E7C7H-TC88K5K) checked. Verified: 606138. isIdOk: 130. Prob: 0.02145%
2455 code (CBMX7H-TC88P50) checked. Verified: 606385. isIdOk: 130. Prob: 0.02144%
2456 code (72007H-TC88PBA) checked. Verified: 606632. isIdOk: 130. Prob: 0.02143%
2457 code (75917H-TC881BP) checked. Verified: 606879. isIdOk: 130. Prob: 0.02142%
2458 code (C1MB7H-TC88A50) checked. Verified: 607126. isIdOk: 130. Prob: 0.02141%
2459 code (73MT7H-TC88AK1) checked. Verified: 607373. isIdOk: 130. Prob: 0.0214%
2460 code (77M27H-TC88MTX) checked. Verified: 607620. isIdOk: 130. Prob: 0.02139%
2461 code (7X967H-TC88M0P) checked. Verified: 607867. isIdOk: 130. Prob: 0.02139%
2462 code (78KH7H-TC88X5H) checked. Verified: 608114. isIdOk: 130. Prob: 0.02138%
2463 code (7TK57H-TC8883M) checked. Verified: 608361. isIdOk: 130. Prob: 0.02137%
2464 code (751P7H-TC8886P) checked. Verified: 608608. isIdOk: 130. Prob: 0.02136%
2465 code (7HPK7H-TC888XX) checked. Verified: 608855. isIdOk: 130. Prob: 0.02135%
2466 code (77PK7H-TC88BMT) checked. Verified: 609102. isIdOk: 130. Prob: 0.02134%
2467 code (7X3B7H-TC884CE) checked. Verified: 609349. isIdOk: 130. Prob: 0.02133%
2468 code (7AM27H-TC884TK) checked. Verified: 609596. isIdOk: 130. Prob: 0.02133%
2469 code (77T67H-TC8845B) checked. Verified: 609843. isIdOk: 130. Prob: 0.02132%
2470 code (79CK7H-TC884M7) checked. Verified: 610090. isIdOk: 130. Prob: 0.02131%
2471 code (CPAB7H-TC880K8) checked. Verified: 610337. isIdOk: 130. Prob: 0.0213%
2472 code (C5KK7H-TC880BX) checked. Verified: 610584. isIdOk: 130. Prob: 0.02129%
2473 code (70P87H-TC8B73A) checked. Verified: 610831. isIdOk: 130. Prob: 0.02128%
2474 code (71P77H-TC8BC71) checked. Verified: 611078. isIdOk: 130. Prob: 0.02127%
2475 code (7PE67H-TC8BC62) checked. Verified: 611325. isIdOk: 130. Prob: 0.02127%
2476 code (7TMK7H-TC8BCK9) checked. Verified: 611572. isIdOk: 130. Prob: 0.02126%
2477 code (7ATX7H-TC8BH56) checked. Verified: 611819. isIdOk: 130. Prob: 0.02125%
2478 code (79X87H-TC8BH94) checked. Verified: 612066. isIdOk: 130. Prob: 0.02124%
2479 code (7HT17H-TC8B367) checked. Verified: 612313. isIdOk: 130. Prob: 0.02123%
2480 code (75H97H-TC8BTHE) checked. Verified: 612560. isIdOk: 130. Prob: 0.02122%
2481 code (7ABA7H-TC8BT6K) checked. Verified: 612807. isIdOk: 130. Prob: 0.02121%
2482 code (75E97H-TC8BTAM) checked. Verified: 613054. isIdOk: 130. Prob: 0.02121%
2483 code (74407H-TC8BT07) checked. Verified: 613301. isIdOk: 130. Prob: 0.0212%
2484 code (77457H-TC8B5MC) checked. Verified: 613548. isIdOk: 130. Prob: 0.02119%
2485 code (7T5X7H-TC8B2EX) checked. Verified: 613795. isIdOk: 130. Prob: 0.02118%
2486 code (7ABT7H-TC8B2P1) checked. Verified: 614042. isIdOk: 130. Prob: 0.02117%
2487 code (75747H-TC8BECA) checked. Verified: 614289. isIdOk: 130. Prob: 0.02116%
2488 code (7HX77H-TC8BET4) checked. Verified: 614536. isIdOk: 130. Prob: 0.02115%
2489 code (7HEX7H-TC8B65H) checked. Verified: 614783. isIdOk: 130. Prob: 0.02115%
2490 code (7T957H-TC8B6B8) checked. Verified: 615030. isIdOk: 130. Prob: 0.02114%
2491 code (77C77H-TC8B947) checked. Verified: 615277. isIdOk: 130. Prob: 0.02113%
2492 code (774P7H-TC8BK44) checked. Verified: 615524. isIdOk: 130. Prob: 0.02112%
2493 code (7PBC7H-TC8BPK7) checked. Verified: 615771. isIdOk: 130. Prob: 0.02111%
2494 code (751C7H-TC8BPAE) checked. Verified: 616018. isIdOk: 130. Prob: 0.0211%
2495 code (781P7H-TC8B1PM) checked. Verified: 616265. isIdOk: 130. Prob: 0.02109%
2496 code (7H817H-TC8B1B5) checked. Verified: 616512. isIdOk: 130. Prob: 0.02109%
2497 code (75P17H-TC8B1B4) checked. Verified: 616759. isIdOk: 130. Prob: 0.02108%
2498 code (79K27H-TC8BAP2) checked. Verified: 617006. isIdOk: 130. Prob: 0.02107%
2499 code (73407H-TC8BMC9) checked. Verified: 617253. isIdOk: 130. Prob: 0.02106%
2500 code (7MTX7H-TC8BMH7) checked. Verified: 617500. isIdOk: 130. Prob: 0.02105%
2501 code (76897H-TC8BXC1) checked. Verified: 617747. isIdOk: 130. Prob: 0.02104%
2502 code (7H897H-TC8BXP9) checked. Verified: 617994. isIdOk: 130. Prob: 0.02104%
2503 code (7HC77H-TC8B8C2) checked. Verified: 618241. isIdOk: 130. Prob: 0.02103%
2504 code (7E0E7H-TC8B8B4) checked. Verified: 618488. isIdOk: 130. Prob: 0.02102%
2505 code (CE7B7H-TC8BBTP) checked. Verified: 618735. isIdOk: 130. Prob: 0.02101%
2506 code (73KH7H-TC8BBEB) checked. Verified: 618982. isIdOk: 130. Prob: 0.021%
2507 code (76PX7H-TC8B43K) checked. Verified: 619229. isIdOk: 130. Prob: 0.02099%
2508 code (730C7H-TC8B0CE) checked. Verified: 619476. isIdOk: 130. Prob: 0.02099%
2509 code (7HA87H-TC8B060) checked. Verified: 619723. isIdOk: 130. Prob: 0.02098%
2510 code (790B7H-TC8B0P4) checked. Verified: 619970. isIdOk: 130. Prob: 0.02097%
2511 code (78M57H-TC8B01A) checked. Verified: 620217. isIdOk: 130. Prob: 0.02096%
2512 code (74E07H-TC84798) checked. Verified: 620464. isIdOk: 130. Prob: 0.02095%
2513 code (7EC17H-TC8470P) checked. Verified: 620711. isIdOk: 130. Prob: 0.02094%
2514 code (C0P67H-TC84C82) checked. Verified: 620958. isIdOk: 130. Prob: 0.02094%
2515 code (7CB87H-TC84C0A) checked. Verified: 621205. isIdOk: 130. Prob: 0.02093%
2516 code (7CP37H-TC84H07) checked. Verified: 621452. isIdOk: 131. Prob: 0.02108%
2517 code (7HKB7H-TC84346) checked. Verified: 621699. isIdOk: 131. Prob: 0.02107%
2518 code (7EMX7H-TC84T86) checked. Verified: 621946. isIdOk: 131. Prob: 0.02106%
2519 code (C4397H-TC845P0) checked. Verified: 622193. isIdOk: 131. Prob: 0.02105%
2520 code (76KP7H-TC84540) checked. Verified: 622440. isIdOk: 131. Prob: 0.02105%
2521 code (75EP7H-TC84259) checked. Verified: 622687. isIdOk: 132. Prob: 0.0212%
2522 code (76C97H-TC84293) checked. Verified: 622934. isIdOk: 132. Prob: 0.02119%
2523 code (78AT7H-TC842BE) checked. Verified: 623181. isIdOk: 132. Prob: 0.02118%
2524 code (7T7A7H-TC84E90) checked. Verified: 623428. isIdOk: 132. Prob: 0.02117%
2525 code (CK217H-TC846TK) checked. Verified: 623675. isIdOk: 132. Prob: 0.02116%
2526 code (CETA7H-TC849T6) checked. Verified: 623922. isIdOk: 132. Prob: 0.02116%
2527 code (77PE7H-TC84947) checked. Verified: 624169. isIdOk: 132. Prob: 0.02115%
2528 code (746P7H-TC84KM2) checked. Verified: 624416. isIdOk: 132. Prob: 0.02114%
2529 code (75A57H-TC84P3H) checked. Verified: 624663. isIdOk: 132. Prob: 0.02113%
2530 code (7C017H-TC84PE7) checked. Verified: 624910. isIdOk: 132. Prob: 0.02112%
2531 code (739E7H-TC8413C) checked. Verified: 625157. isIdOk: 132. Prob: 0.02111%
2532 code (7HT57H-TC84158) checked. Verified: 625404. isIdOk: 132. Prob: 0.02111%
2533 code (772P7H-TC8412K) checked. Verified: 625651. isIdOk: 133. Prob: 0.02126%
2534 code (7TBP7H-TC84188) checked. Verified: 625898. isIdOk: 133. Prob: 0.02125%
2535 code (72C87H-TC84AXH) checked. Verified: 626145. isIdOk: 133. Prob: 0.02124%
2536 code (77687H-TC84M7K) checked. Verified: 626392. isIdOk: 134. Prob: 0.02139%
2537 code (77697H-TC84MX8) checked. Verified: 626639. isIdOk: 134. Prob: 0.02138%
2538 code (778C7H-TC84X5B) checked. Verified: 626886. isIdOk: 134. Prob: 0.02138%
2539 code (7AT67H-TC848TH) checked. Verified: 627133. isIdOk: 134. Prob: 0.02137%
2540 code (73207H-TC848EH) checked. Verified: 627380. isIdOk: 134. Prob: 0.02136%
2541 code (77727H-TC848A2) checked. Verified: 627627. isIdOk: 134. Prob: 0.02135%
2542 code (7TBA7H-TC84888) checked. Verified: 627874. isIdOk: 134. Prob: 0.02134%
2543 code (C6777H-TC84B99) checked. Verified: 628121. isIdOk: 134. Prob: 0.02133%
2544 code (7TB37H-TC844C7) checked. Verified: 628368. isIdOk: 134. Prob: 0.02133%
2545 code (7B977H-TC84420) checked. Verified: 628615. isIdOk: 134. Prob: 0.02132%
2546 code (73KK7H-TC840HH) checked. Verified: 628862. isIdOk: 134. Prob: 0.02131%
2547 code (734H7H-TC840E7) checked. Verified: 629109. isIdOk: 134. Prob: 0.0213%
2548 code (CH6T7H-TC84017) checked. Verified: 629356. isIdOk: 134. Prob: 0.02129%
2549 code (73227H-TC8071K) checked. Verified: 629603. isIdOk: 134. Prob: 0.02128%
2550 code (C8HK7H-TC80C2X) checked. Verified: 629850. isIdOk: 134. Prob: 0.02127%
2551 code (75P07H-TC80CEH) checked. Verified: 630097. isIdOk: 134. Prob: 0.02127%
2552 code (75917H-TC80HH5) checked. Verified: 630344. isIdOk: 134. Prob: 0.02126%
2553 code (73737H-TC80HX0) checked. Verified: 630591. isIdOk: 134. Prob: 0.02125%
2554 code (7PE27H-TC803K1) checked. Verified: 630838. isIdOk: 134. Prob: 0.02124%
2555 code (75MP7H-TC803M2) checked. Verified: 631085. isIdOk: 134. Prob: 0.02123%
2556 code (78607H-TC80TH7) checked. Verified: 631332. isIdOk: 134. Prob: 0.02122%
2557 code (77PC7H-TC80T03) checked. Verified: 631579. isIdOk: 134. Prob: 0.02122%
2558 code (C1T57H-TC805P8) checked. Verified: 631826. isIdOk: 134. Prob: 0.02121%
2559 code (794X7H-TC805BA) checked. Verified: 632073. isIdOk: 134. Prob: 0.0212%
2560 code (72317H-TC802H9) checked. Verified: 632320. isIdOk: 134. Prob: 0.02119%
2561 code (7ECC7H-TC802AC) checked. Verified: 632567. isIdOk: 134. Prob: 0.02118%
2562 code (7PMH7H-TC802B3) checked. Verified: 632814. isIdOk: 134. Prob: 0.02118%
2563 code (76C47H-TC80E91) checked. Verified: 633061. isIdOk: 134. Prob: 0.02117%
2564 code (77PP7H-TC806K7) checked. Verified: 633308. isIdOk: 134. Prob: 0.02116%
2565 code (75127H-TC8097B) checked. Verified: 633555. isIdOk: 134. Prob: 0.02115%
2566 code (76257H-TC809H3) checked. Verified: 633802. isIdOk: 134. Prob: 0.02114%
2567 code (75EK7H-TC809T1) checked. Verified: 634049. isIdOk: 134. Prob: 0.02113%
2568 code (730X7H-TC8096C) checked. Verified: 634296. isIdOk: 134. Prob: 0.02113%
2569 code (7PT57H-TC8091H) checked. Verified: 634543. isIdOk: 134. Prob: 0.02112%
2570 code (7HEE7H-TC80919) checked. Verified: 634790. isIdOk: 134. Prob: 0.02111%
2571 code (77P07H-TC80K7A) checked. Verified: 635037. isIdOk: 134. Prob: 0.0211%
2572 code (C7717H-TC80KCP) checked. Verified: 635284. isIdOk: 134. Prob: 0.02109%
2573 code (725P7H-TC80KHP) checked. Verified: 635531. isIdOk: 134. Prob: 0.02108%
2574 code (71KB7H-TC80PHX) checked. Verified: 635778. isIdOk: 134. Prob: 0.02108%
2575 code (75A97H-TC80P42) checked. Verified: 636025. isIdOk: 134. Prob: 0.02107%
2576 code (CCCC7H-TC8012H) checked. Verified: 636272. isIdOk: 134. Prob: 0.02106%
2577 code (7TCA7H-TC801EA) checked. Verified: 636519. isIdOk: 134. Prob: 0.02105%
2578 code (78387H-TC80AHT) checked. Verified: 636766. isIdOk: 134. Prob: 0.02104%
2579 code (7CB97H-TC80AH8) checked. Verified: 637013. isIdOk: 134. Prob: 0.02104%
2580 code (7E607H-TC80AP4) checked. Verified: 637260. isIdOk: 134. Prob: 0.02103%
2581 code (7CX57H-TC80MPH) checked. Verified: 637507. isIdOk: 134. Prob: 0.02102%
2582 code (7T347H-TC80MB2) checked. Verified: 637754. isIdOk: 134. Prob: 0.02101%
2583 code (79B37H-TC80XKH) checked. Verified: 638001. isIdOk: 134. Prob: 0.021%
2584 code (7CKH7H-TC808E7) checked. Verified: 638248. isIdOk: 134. Prob: 0.02099%
2585 code (CX807H-TC80848) checked. Verified: 638495. isIdOk: 134. Prob: 0.02099%
2586 code (7HX57H-TC80BE8) checked. Verified: 638742. isIdOk: 134. Prob: 0.02098%
2587 code (774H7H-TC80B4M) checked. Verified: 638989. isIdOk: 134. Prob: 0.02097%
2588 code (75267H-TC804P2) checked. Verified: 639236. isIdOk: 135. Prob: 0.02112%
2589 code (CA277H-TC804XC) checked. Verified: 639483. isIdOk: 135. Prob: 0.02111%
2590 code (7M407H-TC800TX) checked. Verified: 639730. isIdOk: 135. Prob: 0.0211%
2591 code (7HT47H-TC80086) checked. Verified: 639977. isIdOk: 135. Prob: 0.02109%
2592 code (C7T67H-TC800B2) checked. Verified: 640224. isIdOk: 135. Prob: 0.02109%
2593 code (7HP87H-TCB779M) checked. Verified: 640471. isIdOk: 135. Prob: 0.02108%
2594 code (75KX7H-TCB77MX) checked. Verified: 640718. isIdOk: 135. Prob: 0.02107%
2595 code (79K57H-TCB7C19) checked. Verified: 640965. isIdOk: 135. Prob: 0.02106%
2596 code (7M4M7H-TCB7H7E) checked. Verified: 641212. isIdOk: 135. Prob: 0.02105%
2597 code (C72M7H-TCB7HAC) checked. Verified: 641459. isIdOk: 135. Prob: 0.02105%
2598 code (7HBB7H-TCB7H89) checked. Verified: 641706. isIdOk: 135. Prob: 0.02104%
2599 code (7C7E7H-TCB73TA) checked. Verified: 641953. isIdOk: 135. Prob: 0.02103%
2600 code (71767H-TCB7352) checked. Verified: 642200. isIdOk: 135. Prob: 0.02102%
2601 code (77777H-TCB7TCH) checked. Verified: 642447. isIdOk: 135. Prob: 0.02101%
2602 code (7M4P7H-TCB7T0K) checked. Verified: 642694. isIdOk: 136. Prob: 0.02116%
2603 code (7A4C7H-TCB75T4) checked. Verified: 642941. isIdOk: 136. Prob: 0.02115%
2604 code (7CM87H-TCB7521) checked. Verified: 643188. isIdOk: 136. Prob: 0.02114%
2605 code (7PPT7H-TCB75AT) checked. Verified: 643435. isIdOk: 136. Prob: 0.02114%
2606 code (77MB7H-TCB75AB) checked. Verified: 643682. isIdOk: 136. Prob: 0.02113%
2607 code (7XB17H-TCB7545) checked. Verified: 643929. isIdOk: 136. Prob: 0.02112%
2608 code (7C967H-TCB72TX) checked. Verified: 644176. isIdOk: 136. Prob: 0.02111%
2609 code (C5CA7H-TCB722K) checked. Verified: 644423. isIdOk: 136. Prob: 0.0211%
2610 code (7H2X7H-TCB7E58) checked. Verified: 644670. isIdOk: 136. Prob: 0.0211%
2611 code (CHK37H-TCB7E1X) checked. Verified: 644917. isIdOk: 136. Prob: 0.02109%
2612 code (7PXM7H-TCB767E) checked. Verified: 645164. isIdOk: 136. Prob: 0.02108%
2613 code (72X57H-TCB76B1) checked. Verified: 645411. isIdOk: 136. Prob: 0.02107%
2614 code (7BK07H-TCB79TE) checked. Verified: 645658. isIdOk: 136. Prob: 0.02106%
2615 code (CHBE7H-TCB7981) checked. Verified: 645905. isIdOk: 136. Prob: 0.02106%
2616 code (7TKC7H-TCB7K8M) checked. Verified: 646152. isIdOk: 136. Prob: 0.02105%
2617 code (HC9E7H-TCB7K01) checked. Verified: 646399. isIdOk: 136. Prob: 0.02104%
2618 code (C3117H-TCB7PHA) checked. Verified: 646646. isIdOk: 136. Prob: 0.02103%
2619 code (7E927H-TCB7PM2) checked. Verified: 646893. isIdOk: 136. Prob: 0.02102%
2620 code (C6447H-TCB7PBC) checked. Verified: 647140. isIdOk: 136. Prob: 0.02102%
2621 code (C58P7H-TCB71H6) checked. Verified: 647387. isIdOk: 136. Prob: 0.02101%
2622 code (77237H-TCB7108) checked. Verified: 647634. isIdOk: 136. Prob: 0.021%
2623 code (7T027H-TCB7AT8) checked. Verified: 647881. isIdOk: 136. Prob: 0.02099%
2624 code (72P07H-TCB7AB6) checked. Verified: 648128. isIdOk: 136. Prob: 0.02098%
2625 code (76BM7H-TCB7MBH) checked. Verified: 648375. isIdOk: 136. Prob: 0.02098%
2626 code (7C837H-TCB7XE6) checked. Verified: 648622. isIdOk: 136. Prob: 0.02097%
2627 code (735P7H-TCB7871) checked. Verified: 648869. isIdOk: 136. Prob: 0.02096%
2628 code (7AA27H-TCB780H) checked. Verified: 649116. isIdOk: 136. Prob: 0.02095%
2629 code (7CC17H-TCB7B4B) checked. Verified: 649363. isIdOk: 136. Prob: 0.02094%
2630 code (75K97H-TCB743X) checked. Verified: 649610. isIdOk: 137. Prob: 0.02109%
2631 code (C7P37H-TCB7458) checked. Verified: 649857. isIdOk: 137. Prob: 0.02108%
2632 code (CE147H-TCB705E) checked. Verified: 650104. isIdOk: 137. Prob: 0.02107%
2633 code (730X7H-TCB70EE) checked. Verified: 650351. isIdOk: 137. Prob: 0.02107%
2634 code (7T567H-TCBC73C) checked. Verified: 650598. isIdOk: 137. Prob: 0.02106%
2635 code (73H37H-TCBC7K0) checked. Verified: 650845. isIdOk: 137. Prob: 0.02105%
2636 code (73E17H-TCBC7PH) checked. Verified: 651092. isIdOk: 137. Prob: 0.02104%
2637 code (74XB7H-TCBCCH0) checked. Verified: 651339. isIdOk: 137. Prob: 0.02103%
2638 code (7T447H-TCBCCK4) checked. Verified: 651586. isIdOk: 137. Prob: 0.02103%
2639 code (77E27H-TCBCH2H) checked. Verified: 651833. isIdOk: 137. Prob: 0.02102%
2640 code (7B4T7H-TCBCHK0) checked. Verified: 652080. isIdOk: 137. Prob: 0.02101%
2641 code (79BB7H-TCBCHB7) checked. Verified: 652327. isIdOk: 138. Prob: 0.02116%
2642 code (7T1C7H-TCBC3XX) checked. Verified: 652574. isIdOk: 138. Prob: 0.02115%
2643 code (73P87H-TCBCTX9) checked. Verified: 652821. isIdOk: 138. Prob: 0.02114%
2644 code (70077H-TCBC512) checked. Verified: 653068. isIdOk: 138. Prob: 0.02113%
2645 code (73K87H-TCBC26M) checked. Verified: 653315. isIdOk: 138. Prob: 0.02112%
2646 code (7T9K7H-TCBCE5C) checked. Verified: 653562. isIdOk: 139. Prob: 0.02127%
2647 code (CHE07H-TCBCEX9) checked. Verified: 653809. isIdOk: 139. Prob: 0.02126%
2648 code (7PB27H-TCBC6KC) checked. Verified: 654056. isIdOk: 139. Prob: 0.02125%
2649 code (75T77H-TCBC61P) checked. Verified: 654303. isIdOk: 139. Prob: 0.02124%
2650 code (7T697H-TCBC6XB) checked. Verified: 654550. isIdOk: 139. Prob: 0.02124%
2651 code (734M7H-TCBC92C) checked. Verified: 654797. isIdOk: 139. Prob: 0.02123%
2652 code (7K7A7H-TCBCKT0) checked. Verified: 655044. isIdOk: 139. Prob: 0.02122%
2653 code (7CX77H-TCBCPHA) checked. Verified: 655291. isIdOk: 140. Prob: 0.02136%
2654 code (7X067H-TCBCP9C) checked. Verified: 655538. isIdOk: 140. Prob: 0.02136%
2655 code (7AA37H-TCBCPM7) checked. Verified: 655785. isIdOk: 140. Prob: 0.02135%
2656 code (C10B7H-TCBC12K) checked. Verified: 656032. isIdOk: 140. Prob: 0.02134%
2657 code (C5507H-TCBC189) checked. Verified: 656279. isIdOk: 140. Prob: 0.02133%
2658 code (7XC67H-TCBC1BP) checked. Verified: 656526. isIdOk: 140. Prob: 0.02132%
2659 code (7A437H-TCBC14T) checked. Verified: 656773. isIdOk: 140. Prob: 0.02132%
2660 code (760M7H-TCBC14B) checked. Verified: 657020. isIdOk: 140. Prob: 0.02131%
2661 code (79827H-TCBCAC3) checked. Verified: 657267. isIdOk: 140. Prob: 0.0213%
2662 code (77T77H-TCBCA35) checked. Verified: 657514. isIdOk: 140. Prob: 0.02129%
2663 code (748A7H-TCBCA0H) checked. Verified: 657761. isIdOk: 140. Prob: 0.02128%
2664 code (7CE87H-TCBCM9T) checked. Verified: 658008. isIdOk: 140. Prob: 0.02128%
2665 code (7HBT7H-TCBCMM7) checked. Verified: 658255. isIdOk: 140. Prob: 0.02127%
2666 code (776P7H-TCBCXCA) checked. Verified: 658502. isIdOk: 141. Prob: 0.02141%
2667 code (73C67H-TCBCX20) checked. Verified: 658749. isIdOk: 141. Prob: 0.0214%
2668 code (7TCT7H-TCBCXXE) checked. Verified: 658996. isIdOk: 141. Prob: 0.0214%
2669 code (75K27H-TCBCXB4) checked. Verified: 659243. isIdOk: 141. Prob: 0.02139%
2670 code (727M7H-TCBC8X6) checked. Verified: 659490. isIdOk: 141. Prob: 0.02138%
2671 code (7HAC7H-TCBCB55) checked. Verified: 659737. isIdOk: 141. Prob: 0.02137%
2672 code (755M7H-TCBCBEM) checked. Verified: 659984. isIdOk: 141. Prob: 0.02136%
2673 code (7C307H-TCBCB8K) checked. Verified: 660231. isIdOk: 141. Prob: 0.02136%
2674 code (7KMP7H-TCBC4K0) checked. Verified: 660478. isIdOk: 141. Prob: 0.02135%
2675 code (HBH47H-TCBC07E) checked. Verified: 660725. isIdOk: 141. Prob: 0.02134%
2676 code (78MX7H-TCBC00K) checked. Verified: 660972. isIdOk: 142. Prob: 0.02148%
2677 code (CCTH7H-TCBH7A3) checked. Verified: 661219. isIdOk: 142. Prob: 0.02148%
2678 code (CEH07H-TCBHCA9) checked. Verified: 661466. isIdOk: 142. Prob: 0.02147%
2679 code (75577H-TCBHCXT) checked. Verified: 661713. isIdOk: 142. Prob: 0.02146%
2680 code (CEE37H-TCBHHXT) checked. Verified: 661960. isIdOk: 142. Prob: 0.02145%
2681 code (766H7H-TCBH3KK) checked. Verified: 662207. isIdOk: 142. Prob: 0.02144%
2682 code (CHA17H-TCBH3KP) checked. Verified: 662454. isIdOk: 142. Prob: 0.02144%
2683 code (7A8C7H-TCBH3X4) checked. Verified: 662701. isIdOk: 142. Prob: 0.02143%
2684 code (74H37H-TCBHT5M) checked. Verified: 662948. isIdOk: 142. Prob: 0.02142%
2685 code (73947H-TCBHT60) checked. Verified: 663195. isIdOk: 142. Prob: 0.02141%
2686 code (768H7H-TCBH5H0) checked. Verified: 663442. isIdOk: 142. Prob: 0.0214%
2687 code (CH557H-TCBH5BB) checked. Verified: 663689. isIdOk: 143. Prob: 0.02155%
2688 code (771K7H-TCBH2K9) checked. Verified: 663936. isIdOk: 144. Prob: 0.02169%
2689 code (CEXE7H-TCBH2XH) checked. Verified: 664183. isIdOk: 144. Prob: 0.02168%
2690 code (7M4T7H-TCBHE2K) checked. Verified: 664430. isIdOk: 144. Prob: 0.02167%
2691 code (72567H-TCBHEEH) checked. Verified: 664677. isIdOk: 145. Prob: 0.02182%
2692 code (CCA87H-TCBH6HX) checked. Verified: 664924. isIdOk: 145. Prob: 0.02181%
2693 code (CE727H-TCBH63A) checked. Verified: 665171. isIdOk: 145. Prob: 0.0218%
2694 code (74A67H-TCBH6MK) checked. Verified: 665418. isIdOk: 145. Prob: 0.02179%
2695 code (72AB7H-TCBH9M6) checked. Verified: 665665. isIdOk: 145. Prob: 0.02178%
2696 code (7EM17H-TCBHK25) checked. Verified: 665912. isIdOk: 145. Prob: 0.02177%
2697 code (758E7H-TCBHKKA) checked. Verified: 666159. isIdOk: 145. Prob: 0.02177%
2698 code (7HT97H-TCBHP79) checked. Verified: 666406. isIdOk: 145. Prob: 0.02176%
2699 code (77BX7H-TCBHPCE) checked. Verified: 666653. isIdOk: 145. Prob: 0.02175%
2700 code (7MM17H-TCBHPT8) checked. Verified: 666900. isIdOk: 145. Prob: 0.02174%
2701 code (73TP7H-TCBHPMM) checked. Verified: 667147. isIdOk: 145. Prob: 0.02173%
2702 code (7HAC7H-TCBH166) checked. Verified: 667394. isIdOk: 145. Prob: 0.02173%
2703 code (CX107H-TCBH1X2) checked. Verified: 667641. isIdOk: 145. Prob: 0.02172%
2704 code (C7B17H-TCBHAMK) checked. Verified: 667888. isIdOk: 145. Prob: 0.02171%
2705 code (7CP57H-TCBHAB8) checked. Verified: 668135. isIdOk: 145. Prob: 0.0217%
2706 code (7C517H-TCBHM88) checked. Verified: 668382. isIdOk: 145. Prob: 0.02169%
2707 code (735X7H-TCBHX7B) checked. Verified: 668629. isIdOk: 145. Prob: 0.02169%
2708 code (CBKE7H-TCBH872) checked. Verified: 668876. isIdOk: 145. Prob: 0.02168%
2709 code (7EBB7H-TCBH8AE) checked. Verified: 669123. isIdOk: 145. Prob: 0.02167%
2710 code (7HEA7H-TCBHBCB) checked. Verified: 669370. isIdOk: 145. Prob: 0.02166%
2711 code (767H7H-TCBHBPM) checked. Verified: 669617. isIdOk: 145. Prob: 0.02165%
2712 code (7H257H-TCBH43A) checked. Verified: 669864. isIdOk: 145. Prob: 0.02165%
2713 code (7HEM7H-TCBH0TK) checked. Verified: 670111. isIdOk: 145. Prob: 0.02164%
2714 code (71157H-TCBH001) checked. Verified: 670358. isIdOk: 145. Prob: 0.02163%
2715 code (79P77H-TCB37TA) checked. Verified: 670605. isIdOk: 145. Prob: 0.02162%
2716 code (78BT7H-TCB3761) checked. Verified: 670852. isIdOk: 145. Prob: 0.02161%
2717 code (7HE47H-TCB3C5E) checked. Verified: 671099. isIdOk: 145. Prob: 0.02161%
2718 code (778B7H-TCB3CP0) checked. Verified: 671346. isIdOk: 145. Prob: 0.0216%
2719 code (79487H-TCB3HHK) checked. Verified: 671593. isIdOk: 145. Prob: 0.02159%
2720 code (7P057H-TCB3H22) checked. Verified: 671840. isIdOk: 146. Prob: 0.02173%
2721 code (713E7H-TCB3H8H) checked. Verified: 672087. isIdOk: 146. Prob: 0.02172%
2722 code (78M37H-TCB33XT) checked. Verified: 672334. isIdOk: 146. Prob: 0.02172%
2723 code (7TPT7H-TCB3T2M) checked. Verified: 672581. isIdOk: 146. Prob: 0.02171%
2724 code (C21M7H-TCB3T92) checked. Verified: 672828. isIdOk: 146. Prob: 0.0217%
2725 code (77X87H-TCB35CB) checked. Verified: 673075. isIdOk: 146. Prob: 0.02169%
2726 code (7C5X7H-TCB359K) checked. Verified: 673322. isIdOk: 146. Prob: 0.02168%
2727 code (C1K37H-TCB351M) checked. Verified: 673569. isIdOk: 146. Prob: 0.02168%
2728 code (75027H-TCB358T) checked. Verified: 673816. isIdOk: 146. Prob: 0.02167%
2729 code (73287H-TCB32XA) checked. Verified: 674063. isIdOk: 146. Prob: 0.02166%
2730 code (774T7H-TCB3E1M) checked. Verified: 674310. isIdOk: 146. Prob: 0.02165%
2731 code (7THE7H-TCB363C) checked. Verified: 674557. isIdOk: 147. Prob: 0.02179%
2732 code (75HX7H-TCB363K) checked. Verified: 674804. isIdOk: 147. Prob: 0.02178%
2733 code (7CP57H-TCB3643) checked. Verified: 675051. isIdOk: 147. Prob: 0.02178%
2734 code (7PHK7H-TCB394M) checked. Verified: 675298. isIdOk: 147. Prob: 0.02177%
2735 code (775H7H-TCB3K9X) checked. Verified: 675545. isIdOk: 147. Prob: 0.02176%
2736 code (7MK67H-TCB3KPX) checked. Verified: 675792. isIdOk: 147. Prob: 0.02175%
2737 code (7X187H-TCB3PPC) checked. Verified: 676039. isIdOk: 147. Prob: 0.02174%
2738 code (72X87H-TCB31P1) checked. Verified: 676286. isIdOk: 147. Prob: 0.02174%
2739 code (7C3H7H-TCB3106) checked. Verified: 676533. isIdOk: 147. Prob: 0.02173%
2740 code (73XC7H-TCB3AXA) checked. Verified: 676780. isIdOk: 147. Prob: 0.02172%
2741 code (7C1K7H-TCB3A09) checked. Verified: 677027. isIdOk: 147. Prob: 0.02171%
2742 code (7HM57H-TCB3M8A) checked. Verified: 677274. isIdOk: 147. Prob: 0.0217%
2743 code (CTHB7H-TCB3XK6) checked. Verified: 677521. isIdOk: 147. Prob: 0.0217%
2744 code (73587H-TCB383E) checked. Verified: 677768. isIdOk: 147. Prob: 0.02169%
2745 code (7CPP7H-TCB3842) checked. Verified: 678015. isIdOk: 147. Prob: 0.02168%
2746 code (750T7H-TCB3BA9) checked. Verified: 678262. isIdOk: 148. Prob: 0.02182%
2747 code (79B87H-TCB342C) checked. Verified: 678509. isIdOk: 148. Prob: 0.02181%
2748 code (7EMH7H-TCB3463) checked. Verified: 678756. isIdOk: 148. Prob: 0.0218%
2749 code (72HA7H-TCB30CB) checked. Verified: 679003. isIdOk: 148. Prob: 0.0218%
2750 code (7XX27H-TCB30P7) checked. Verified: 679250. isIdOk: 148. Prob: 0.02179%
2751 code (7T027H-TCBT7PP) checked. Verified: 679497. isIdOk: 148. Prob: 0.02178%
2752 code (75467H-TCBT7X9) checked. Verified: 679744. isIdOk: 148. Prob: 0.02177%
2753 code (7HH07H-TCBTC17) checked. Verified: 679991. isIdOk: 148. Prob: 0.02176%
2754 code (77T17H-TCBTHPK) checked. Verified: 680238. isIdOk: 148. Prob: 0.02176%
2755 code (CX0T7H-TCBTH48) checked. Verified: 680485. isIdOk: 148. Prob: 0.02175%
2756 code (79937H-TCBT362) checked. Verified: 680732. isIdOk: 148. Prob: 0.02174%
2757 code (7CKK7H-TCBT31C) checked. Verified: 680979. isIdOk: 148. Prob: 0.02173%
2758 code (7TPA7H-TCBT3X3) checked. Verified: 681226. isIdOk: 148. Prob: 0.02173%
2759 code (73H67H-TCBTTCC) checked. Verified: 681473. isIdOk: 148. Prob: 0.02172%
2760 code (76XP7H-TCBTTCT) checked. Verified: 681720. isIdOk: 148. Prob: 0.02171%
2761 code (76467H-TCBTT1M) checked. Verified: 681967. isIdOk: 148. Prob: 0.0217%
2762 code (7TX97H-TCBT511) checked. Verified: 682214. isIdOk: 148. Prob: 0.02169%
2763 code (7CBM7H-TCBT2P6) checked. Verified: 682461. isIdOk: 148. Prob: 0.02169%
2764 code (CTHC7H-TCBT20E) checked. Verified: 682708. isIdOk: 148. Prob: 0.02168%
2765 code (7M6A7H-TCBTEH0) checked. Verified: 682955. isIdOk: 148. Prob: 0.02167%
2766 code (724X7H-TCBTE69) checked. Verified: 683202. isIdOk: 148. Prob: 0.02166%
2767 code (7MP37H-TCBTE93) checked. Verified: 683449. isIdOk: 148. Prob: 0.02165%
2768 code (723B7H-TCBT62C) checked. Verified: 683696. isIdOk: 148. Prob: 0.02165%
2769 code (78B97H-TCBT9HE) checked. Verified: 683943. isIdOk: 148. Prob: 0.02164%
2770 code (7H617H-TCBT9E1) checked. Verified: 684190. isIdOk: 148. Prob: 0.02163%
2771 code (CK077H-TCBT9MB) checked. Verified: 684437. isIdOk: 148. Prob: 0.02162%
2772 code (CTAX7H-TCBT9B8) checked. Verified: 684684. isIdOk: 148. Prob: 0.02162%
2773 code (CP3X7H-TCBTK72) checked. Verified: 684931. isIdOk: 148. Prob: 0.02161%
2774 code (C5XC7H-TCBTKA8) checked. Verified: 685178. isIdOk: 148. Prob: 0.0216%
2775 code (73K97H-TCBTKB6) checked. Verified: 685425. isIdOk: 148. Prob: 0.02159%
2776 code (7HE37H-TCBTP12) checked. Verified: 685672. isIdOk: 148. Prob: 0.02158%
2777 code (7E6P7H-TCBTPBE) checked. Verified: 685919. isIdOk: 148. Prob: 0.02158%
2778 code (759X7H-TCBT15P) checked. Verified: 686166. isIdOk: 148. Prob: 0.02157%
2779 code (77A67H-TCBT1B9) checked. Verified: 686413. isIdOk: 148. Prob: 0.02156%
2780 code (7X5B7H-TCBTATE) checked. Verified: 686660. isIdOk: 148. Prob: 0.02155%
2781 code (765M7H-TCBTA06) checked. Verified: 686907. isIdOk: 148. Prob: 0.02155%
2782 code (7K027H-TCBTMP9) checked. Verified: 687154. isIdOk: 148. Prob: 0.02154%
2783 code (7EXH7H-TCBTM11) checked. Verified: 687401. isIdOk: 149. Prob: 0.02168%
2784 code (C6617H-TCBTX21) checked. Verified: 687648. isIdOk: 149. Prob: 0.02167%
2785 code (74237H-TCBTX6A) checked. Verified: 687895. isIdOk: 149. Prob: 0.02166%
2786 code (7T027H-TCBTXX8) checked. Verified: 688142. isIdOk: 149. Prob: 0.02165%
2787 code (77647H-TCBT877) checked. Verified: 688389. isIdOk: 149. Prob: 0.02164%
2788 code (7TTA7H-TCBT806) checked. Verified: 688636. isIdOk: 149. Prob: 0.02164%
2789 code (7H257H-TCBTBH6) checked. Verified: 688883. isIdOk: 149. Prob: 0.02163%
2790 code (7H7H7H-TCBTB2M) checked. Verified: 689130. isIdOk: 149. Prob: 0.02162%
2791 code (7C2A7H-TCBT43K) checked. Verified: 689377. isIdOk: 149. Prob: 0.02161%
2792 code (C5827H-TCBT4A5) checked. Verified: 689624. isIdOk: 149. Prob: 0.02161%
2793 code (76P57H-TCBT025) checked. Verified: 689871. isIdOk: 149. Prob: 0.0216%
2794 code (7T5A7H-TCB5723) checked. Verified: 690118. isIdOk: 149. Prob: 0.02159%
2795 code (76K87H-TCB57PE) checked. Verified: 690365. isIdOk: 149. Prob: 0.02158%
2796 code (7T827H-TCB5C9B) checked. Verified: 690612. isIdOk: 149. Prob: 0.02158%
2797 code (7EA87H-TCB5H7K) checked. Verified: 690859. isIdOk: 149. Prob: 0.02157%
2798 code (773E7H-TCB5H8A) checked. Verified: 691106. isIdOk: 149. Prob: 0.02156%
2799 code (79KM7H-TCB538A) checked. Verified: 691353. isIdOk: 149. Prob: 0.02155%
2800 code (7E907H-TCB5TK5) checked. Verified: 691600. isIdOk: 149. Prob: 0.02154%
2801 code (77X77H-TCB5TK9) checked. Verified: 691847. isIdOk: 149. Prob: 0.02154%
2802 code (73C47H-TCB5TP8) checked. Verified: 692094. isIdOk: 149. Prob: 0.02153%
2803 code (7AAA7H-TCB5T8H) checked. Verified: 692341. isIdOk: 149. Prob: 0.02152%
2804 code (7CM67H-TCB5T41) checked. Verified: 692588. isIdOk: 149. Prob: 0.02151%
2805 code (7H2H7H-TCB5T4B) checked. Verified: 692835. isIdOk: 149. Prob: 0.02151%
2806 code (7ATM7H-TCB557T) checked. Verified: 693082. isIdOk: 149. Prob: 0.0215%
2807 code (7EM97H-TCB55C5) checked. Verified: 693329. isIdOk: 149. Prob: 0.02149%
2808 code (7A8E7H-TCB554P) checked. Verified: 693576. isIdOk: 149. Prob: 0.02148%
2809 code (75867H-TCB5228) checked. Verified: 693823. isIdOk: 149. Prob: 0.02148%
2810 code (76CH7H-TCB5E3A) checked. Verified: 694070. isIdOk: 149. Prob: 0.02147%
2811 code (77707H-TCB5ETM) checked. Verified: 694317. isIdOk: 150. Prob: 0.0216%
2812 code (CAC67H-TCB56CE) checked. Verified: 694564. isIdOk: 150. Prob: 0.0216%
2813 code (77T17H-TCB565A) checked. Verified: 694811. isIdOk: 150. Prob: 0.02159%
2814 code (77KH7H-TCB569H) checked. Verified: 695058. isIdOk: 150. Prob: 0.02158%
2815 code (70PM7H-TCB59E0) checked. Verified: 695305. isIdOk: 150. Prob: 0.02157%
2816 code (7AP57H-TCB5KCT) checked. Verified: 695552. isIdOk: 150. Prob: 0.02157%
2817 code (7K577H-TCB5KEE) checked. Verified: 695799. isIdOk: 150. Prob: 0.02156%
2818 code (7T887H-TCB5P54) checked. Verified: 696046. isIdOk: 150. Prob: 0.02155%
2819 code (CHK77H-TCB5PMH) checked. Verified: 696293. isIdOk: 150. Prob: 0.02154%
2820 code (75PT7H-TCB51P9) checked. Verified: 696540. isIdOk: 150. Prob: 0.02154%
2821 code (79XM7H-TCB5A55) checked. Verified: 696787. isIdOk: 150. Prob: 0.02153%
2822 code (7K0T7H-TCB5AXM) checked. Verified: 697034. isIdOk: 150. Prob: 0.02152%
2823 code (72B57H-TCB5MCM) checked. Verified: 697281. isIdOk: 150. Prob: 0.02151%
2824 code (7CCH7H-TCB5MTM) checked. Verified: 697528. isIdOk: 150. Prob: 0.0215%
2825 code (774P7H-TCB5MEA) checked. Verified: 697775. isIdOk: 150. Prob: 0.0215%
2826 code (73677H-TCB5X32) checked. Verified: 698022. isIdOk: 150. Prob: 0.02149%
2827 code (777A7H-TCB5X8C) checked. Verified: 698269. isIdOk: 150. Prob: 0.02148%
2828 code (77877H-TCB5XB5) checked. Verified: 698516. isIdOk: 150. Prob: 0.02147%
2829 code (7CBM7H-TCB5866) checked. Verified: 698763. isIdOk: 150. Prob: 0.02147%
2830 code (7TM67H-TCB5B37) checked. Verified: 699010. isIdOk: 150. Prob: 0.02146%
2831 code (CCPP7H-TCB5BK7) checked. Verified: 699257. isIdOk: 150. Prob: 0.02145%
2832 code (7X0M7H-TCB5437) checked. Verified: 699504. isIdOk: 150. Prob: 0.02144%
2833 code (7HAA7H-TCB54P3) checked. Verified: 699751. isIdOk: 150. Prob: 0.02144%
2834 code (7CH17H-TCB54XM) checked. Verified: 699998. isIdOk: 150. Prob: 0.02143%
2835 code (7HMM7H-TCB50AB) checked. Verified: 700245. isIdOk: 150. Prob: 0.02142%
2836 code (7PT87H-TCB27M7) checked. Verified: 700492. isIdOk: 150. Prob: 0.02141%
2837 code (76047H-TCB2705) checked. Verified: 700739. isIdOk: 150. Prob: 0.02141%
2838 code (7C747H-TCB2C8X) checked. Verified: 700986. isIdOk: 150. Prob: 0.0214%
2839 code (76677H-TCB2HK2) checked. Verified: 701233. isIdOk: 150. Prob: 0.02139%
2840 code (724T7H-TCB2HP8) checked. Verified: 701480. isIdOk: 150. Prob: 0.02138%
2841 code (7K4T7H-TCB23P2) checked. Verified: 701727. isIdOk: 150. Prob: 0.02138%
2842 code (C85B7H-TCB23A8) checked. Verified: 701974. isIdOk: 150. Prob: 0.02137%
2843 code (7C307H-TCB2T3H) checked. Verified: 702221. isIdOk: 150. Prob: 0.02136%
2844 code (7PHA7H-TCB2TKT) checked. Verified: 702468. isIdOk: 150. Prob: 0.02135%
2845 code (700C7H-TCB2TP9) checked. Verified: 702715. isIdOk: 150. Prob: 0.02135%
2846 code (7CKA7H-TCB2T1K) checked. Verified: 702962. isIdOk: 150. Prob: 0.02134%
2847 code (79E67H-TCB2TA7) checked. Verified: 703209. isIdOk: 150. Prob: 0.02133%
2848 code (7X6E7H-TCB2T49) checked. Verified: 703456. isIdOk: 150. Prob: 0.02132%
2849 code (756B7H-TCB257E) checked. Verified: 703703. isIdOk: 150. Prob: 0.02132%
2850 code (79BE7H-TCB25C0) checked. Verified: 703950. isIdOk: 150. Prob: 0.02131%
2851 code (7T2K7H-TCB25BP) checked. Verified: 704197. isIdOk: 150. Prob: 0.0213%
2852 code (7T547H-TCB226B) checked. Verified: 704444. isIdOk: 150. Prob: 0.02129%
2853 code (7TTC7H-TCB2E30) checked. Verified: 704691. isIdOk: 150. Prob: 0.02129%
2854 code (7KBP7H-TCB2EBM) checked. Verified: 704938. isIdOk: 150. Prob: 0.02128%
2855 code (7X6P7H-TCB26TK) checked. Verified: 705185. isIdOk: 150. Prob: 0.02127%
2856 code (75737H-TCB26P0) checked. Verified: 705432. isIdOk: 150. Prob: 0.02126%
2857 code (75X77H-TCB2619) checked. Verified: 705679. isIdOk: 150. Prob: 0.02126%
2858 code (720H7H-TCB260H) checked. Verified: 705926. isIdOk: 150. Prob: 0.02125%
2859 code (72537H-TCB290M) checked. Verified: 706173. isIdOk: 151. Prob: 0.02138%
2860 code (7TH67H-TCB2K02) checked. Verified: 706420. isIdOk: 151. Prob: 0.02138%
2861 code (73K27H-TCB2PA3) checked. Verified: 706667. isIdOk: 151. Prob: 0.02137%
2862 code (7K4K7H-TCB2154) checked. Verified: 706914. isIdOk: 151. Prob: 0.02136%
2863 code (7C9B7H-TCB21K8) checked. Verified: 707161. isIdOk: 151. Prob: 0.02135%
2864 code (72227H-TCB21X7) checked. Verified: 707408. isIdOk: 151. Prob: 0.02135%
2865 code (7EA87H-TCB2AKT) checked. Verified: 707655. isIdOk: 151. Prob: 0.02134%
2866 code (73937H-TCB2A87) checked. Verified: 707902. isIdOk: 151. Prob: 0.02133%
2867 code (7CEM7H-TCB2M1H) checked. Verified: 708149. isIdOk: 151. Prob: 0.02132%
2868 code (73667H-TCB2X31) checked. Verified: 708396. isIdOk: 151. Prob: 0.02132%
2869 code (C3KP7H-TCB28C2) checked. Verified: 708643. isIdOk: 151. Prob: 0.02131%
2870 code (7C737H-TCB2887) checked. Verified: 708890. isIdOk: 151. Prob: 0.0213%
2871 code (HC1H7H-TCB2BK1) checked. Verified: 709137. isIdOk: 151. Prob: 0.02129%
2872 code (C63P7H-TCB243M) checked. Verified: 709384. isIdOk: 151. Prob: 0.02129%
2873 code (7BE77H-TCB240K) checked. Verified: 709631. isIdOk: 151. Prob: 0.02128%
2874 code (7TEE7H-TCB20EP) checked. Verified: 709878. isIdOk: 151. Prob: 0.02127%
2875 code (7H907H-TCBE77K) checked. Verified: 710125. isIdOk: 151. Prob: 0.02126%
2876 code (76TA7H-TCBECC2) checked. Verified: 710372. isIdOk: 151. Prob: 0.02126%
2877 code (C2K57H-TCBECA2) checked. Verified: 710619. isIdOk: 151. Prob: 0.02125%
2878 code (73E27H-TCBEH9T) checked. Verified: 710866. isIdOk: 151. Prob: 0.02124%
2879 code (7HH97H-TCBEHAA) checked. Verified: 711113. isIdOk: 151. Prob: 0.02123%
2880 code (7C767H-TCBE3MH) checked. Verified: 711360. isIdOk: 151. Prob: 0.02123%
2881 code (71T27H-TCBETHC) checked. Verified: 711607. isIdOk: 151. Prob: 0.02122%
2882 code (758K7H-TCBETXX) checked. Verified: 711854. isIdOk: 151. Prob: 0.02121%
2883 code (76HT7H-TCBE5P5) checked. Verified: 712101. isIdOk: 151. Prob: 0.0212%
2884 code (7AK87H-TCBE25T) checked. Verified: 712348. isIdOk: 151. Prob: 0.0212%
2885 code (CCMB7H-TCBEE77) checked. Verified: 712595. isIdOk: 151. Prob: 0.02119%
2886 code (79E87H-TCBEEX8) checked. Verified: 712842. isIdOk: 151. Prob: 0.02118%
2887 code (CAX47H-TCBE66T) checked. Verified: 713089. isIdOk: 151. Prob: 0.02118%
2888 code (7TM17H-TCBE9HP) checked. Verified: 713336. isIdOk: 151. Prob: 0.02117%
2889 code (77537H-TCBE9BX) checked. Verified: 713583. isIdOk: 151. Prob: 0.02116%
2890 code (73TH7H-TCBEKB8) checked. Verified: 713830. isIdOk: 151. Prob: 0.02115%
2891 code (752P7H-TCBEK04) checked. Verified: 714077. isIdOk: 151. Prob: 0.02115%
2892 code (75K87H-TCBEPCX) checked. Verified: 714324. isIdOk: 151. Prob: 0.02114%
2893 code (73ET7H-TCBEP1C) checked. Verified: 714571. isIdOk: 151. Prob: 0.02113%
2894 code (727E7H-TCBE1H8) checked. Verified: 714818. isIdOk: 151. Prob: 0.02112%
2895 code (71567H-TCBE1TB) checked. Verified: 715065. isIdOk: 151. Prob: 0.02112%
2896 code (72MC7H-TCBEA5P) checked. Verified: 715312. isIdOk: 151. Prob: 0.02111%
2897 code (7K047H-TCBEAB6) checked. Verified: 715559. isIdOk: 151. Prob: 0.0211%
2898 code (C0897H-TCBEMKX) checked. Verified: 715806. isIdOk: 151. Prob: 0.0211%
2899 code (CPEK7H-TCBEX2A) checked. Verified: 716053. isIdOk: 151. Prob: 0.02109%
2900 code (77P37H-TCBEXP8) checked. Verified: 716300. isIdOk: 151. Prob: 0.02108%
2901 code (78A17H-TCBE817) checked. Verified: 716547. isIdOk: 151. Prob: 0.02107%
2902 code (76007H-TCBE811) checked. Verified: 716794. isIdOk: 151. Prob: 0.02107%
2903 code (7EMC7H-TCBEB79) checked. Verified: 717041. isIdOk: 151. Prob: 0.02106%
2904 code (72T97H-TCBEBP3) checked. Verified: 717288. isIdOk: 151. Prob: 0.02105%
2905 code (73647H-TCBEB11) checked. Verified: 717535. isIdOk: 151. Prob: 0.02104%
2906 code (75747H-TCBE4AE) checked. Verified: 717782. isIdOk: 151. Prob: 0.02104%
2907 code (7HK67H-TCBE442) checked. Verified: 718029. isIdOk: 151. Prob: 0.02103%
2908 code (75X27H-TCBE0PC) checked. Verified: 718276. isIdOk: 151. Prob: 0.02102%
2909 code (7M2B7H-TCBE00P) checked. Verified: 718523. isIdOk: 151. Prob: 0.02102%
2910 code (7T4B7H-TCB670X) checked. Verified: 718770. isIdOk: 151. Prob: 0.02101%
2911 code (789M7H-TCB6C01) checked. Verified: 719017. isIdOk: 151. Prob: 0.021%
2912 code (7PC77H-TCB6HM3) checked. Verified: 719264. isIdOk: 151. Prob: 0.02099%
2913 code (756H7H-TCB6H8B) checked. Verified: 719511. isIdOk: 151. Prob: 0.02099%
2914 code (70AE7H-TCB6369) checked. Verified: 719758. isIdOk: 151. Prob: 0.02098%
2915 code (79A97H-TCB6307) checked. Verified: 720005. isIdOk: 151. Prob: 0.02097%
2916 code (CKMC7H-TCB6T0E) checked. Verified: 720252. isIdOk: 151. Prob: 0.02096%
2917 code (72147H-TCB653P) checked. Verified: 720499. isIdOk: 151. Prob: 0.02096%
2918 code (785M7H-TCB65EC) checked. Verified: 720746. isIdOk: 151. Prob: 0.02095%
2919 code (71PH7H-TCB625M) checked. Verified: 720993. isIdOk: 151. Prob: 0.02094%
2920 code (72C07H-TCB629H) checked. Verified: 721240. isIdOk: 151. Prob: 0.02094%
2921 code (794B7H-TCB6EC6) checked. Verified: 721487. isIdOk: 151. Prob: 0.02093%
2922 code (7CTK7H-TCB6E9H) checked. Verified: 721734. isIdOk: 151. Prob: 0.02092%
2923 code (7CT77H-TCB6663) checked. Verified: 721981. isIdOk: 151. Prob: 0.02091%
2924 code (7CA87H-TCB6959) checked. Verified: 722228. isIdOk: 151. Prob: 0.02091%
2925 code (77527H-TCB6K7A) checked. Verified: 722475. isIdOk: 151. Prob: 0.0209%
2926 code (775E7H-TCB6KB7) checked. Verified: 722722. isIdOk: 151. Prob: 0.02089%
2927 code (7CT57H-TCB6P8E) checked. Verified: 722969. isIdOk: 151. Prob: 0.02089%
2928 code (77A77H-TCB61H6) checked. Verified: 723216. isIdOk: 151. Prob: 0.02088%
2929 code (7T4C7H-TCB61E6) checked. Verified: 723463. isIdOk: 151. Prob: 0.02087%
2930 code (73TP7H-TCB6AEB) checked. Verified: 723710. isIdOk: 151. Prob: 0.02086%
2931 code (75PM7H-TCB6A6M) checked. Verified: 723957. isIdOk: 151. Prob: 0.02086%
2932 code (7XP57H-TCB6A91) checked. Verified: 724204. isIdOk: 151. Prob: 0.02085%
2933 code (71M97H-TCB6AK0) checked. Verified: 724451. isIdOk: 151. Prob: 0.02084%
2934 code (C8467H-TCB6M38) checked. Verified: 724698. isIdOk: 151. Prob: 0.02084%
2935 code (7T497H-TCB6XCM) checked. Verified: 724945. isIdOk: 151. Prob: 0.02083%
2936 code (7TK17H-TCB6X8H) checked. Verified: 725192. isIdOk: 151. Prob: 0.02082%
2937 code (79KP7H-TCB686C) checked. Verified: 725439. isIdOk: 151. Prob: 0.02081%
2938 code (79P77H-TCB6866) checked. Verified: 725686. isIdOk: 151. Prob: 0.02081%
2939 code (73K77H-TCB6880) checked. Verified: 725933. isIdOk: 151. Prob: 0.0208%
2940 code (7MT47H-TCB6BMP) checked. Verified: 726180. isIdOk: 151. Prob: 0.02079%
2941 code (78HT7H-TCB641C) checked. Verified: 726427. isIdOk: 152. Prob: 0.02092%
2942 code (7EAH7H-TCB64BA) checked. Verified: 726674. isIdOk: 152. Prob: 0.02092%
2943 code (CTBE7H-TCB60E0) checked. Verified: 726921. isIdOk: 152. Prob: 0.02091%
2944 code (7X807H-TCB60B4) checked. Verified: 727168. isIdOk: 152. Prob: 0.0209%
2945 code (78MH7H-TCB979A) checked. Verified: 727415. isIdOk: 152. Prob: 0.0209%
2946 code (C7047H-TCB9C2K) checked. Verified: 727662. isIdOk: 152. Prob: 0.02089%
2947 code (7CX07H-TCB9C80) checked. Verified: 727909. isIdOk: 152. Prob: 0.02088%
2948 code (7C6X7H-TCB9HBB) checked. Verified: 728156. isIdOk: 152. Prob: 0.02087%
2949 code (77MX7H-TCB934E) checked. Verified: 728403. isIdOk: 153. Prob: 0.021%
2950 code (79AT7H-TCB9T5H) checked. Verified: 728650. isIdOk: 153. Prob: 0.021%
2951 code (7HKP7H-TCB9T63) checked. Verified: 728897. isIdOk: 153. Prob: 0.02099%
2952 code (7HM97H-TCB9539) checked. Verified: 729144. isIdOk: 153. Prob: 0.02098%
2953 code (76X47H-TCB95B0) checked. Verified: 729391. isIdOk: 153. Prob: 0.02098%
2954 code (771H7H-TCB92AP) checked. Verified: 729638. isIdOk: 153. Prob: 0.02097%
2955 code (7CT37H-TCB9209) checked. Verified: 729885. isIdOk: 153. Prob: 0.02096%
2956 code (7E547H-TCB9E55) checked. Verified: 730132. isIdOk: 153. Prob: 0.02096%
2957 code (7HT27H-TCB9EKE) checked. Verified: 730379. isIdOk: 153. Prob: 0.02095%
2958 code (77947H-TCB96CT) checked. Verified: 730626. isIdOk: 153. Prob: 0.02094%
2959 code (72P67H-TCB96H2) checked. Verified: 730873. isIdOk: 153. Prob: 0.02093%
2960 code (70KK7H-TCB966C) checked. Verified: 731120. isIdOk: 153. Prob: 0.02093%
2961 code (7PM97H-TCB9978) checked. Verified: 731367. isIdOk: 153. Prob: 0.02092%
2962 code (75HM7H-TCB99XP) checked. Verified: 731614. isIdOk: 153. Prob: 0.02091%
2963 code (C6H27H-TCB9KM0) checked. Verified: 731861. isIdOk: 153. Prob: 0.02091%
2964 code (75E67H-TCB9P96) checked. Verified: 732108. isIdOk: 153. Prob: 0.0209%
2965 code (789P7H-TCB9P8A) checked. Verified: 732355. isIdOk: 153. Prob: 0.02089%
2966 code (758C7H-TCB91TT) checked. Verified: 732602. isIdOk: 153. Prob: 0.02088%
2967 code (7CM47H-TCB9A3P) checked. Verified: 732849. isIdOk: 153. Prob: 0.02088%
2968 code (7H5P7H-TCB9ATX) checked. Verified: 733096. isIdOk: 153. Prob: 0.02087%
2969 code (7PP17H-TCB9AKB) checked. Verified: 733343. isIdOk: 153. Prob: 0.02086%
2970 code (7M6M7H-TCB9AX9) checked. Verified: 733590. isIdOk: 153. Prob: 0.02086%
2971 code (7AC77H-TCB9MCE) checked. Verified: 733837. isIdOk: 153. Prob: 0.02085%
2972 code (H8257H-TCB9M67) checked. Verified: 734084. isIdOk: 153. Prob: 0.02084%
2973 code (C3287H-TCB9M99) checked. Verified: 734331. isIdOk: 153. Prob: 0.02084%
2974 code (7B3T7H-TCB9X7K) checked. Verified: 734578. isIdOk: 154. Prob: 0.02096%
2975 code (76797H-TCB9XET) checked. Verified: 734825. isIdOk: 154. Prob: 0.02096%
2976 code (77E47H-TCB98CP) checked. Verified: 735072. isIdOk: 154. Prob: 0.02095%
2977 code (7HT47H-TCB981C) checked. Verified: 735319. isIdOk: 154. Prob: 0.02094%
2978 code (7BE97H-TCB9BTE) checked. Verified: 735566. isIdOk: 154. Prob: 0.02094%
2979 code (75CE7H-TCB9BME) checked. Verified: 735813. isIdOk: 154. Prob: 0.02093%
2980 code (C56B7H-TCB94HT) checked. Verified: 736060. isIdOk: 154. Prob: 0.02092%
2981 code (7H227H-TCB90C3) checked. Verified: 736307. isIdOk: 154. Prob: 0.02092%
2982 code (77BM7H-TCB90H6) checked. Verified: 736554. isIdOk: 154. Prob: 0.02091%
2983 code (76357H-TCB9006) checked. Verified: 736801. isIdOk: 154. Prob: 0.0209%
2984 code (7EP97H-TCBK75H) checked. Verified: 737048. isIdOk: 155. Prob: 0.02103%
2985 code (7HPH7H-TCBK785) checked. Verified: 737295. isIdOk: 155. Prob: 0.02102%
2986 code (7AP77H-TCBKCX5) checked. Verified: 737542. isIdOk: 155. Prob: 0.02102%
2987 code (CETE7H-TCBKH75) checked. Verified: 737789. isIdOk: 155. Prob: 0.02101%
2988 code (7E447H-TCBKH6M) checked. Verified: 738036. isIdOk: 155. Prob: 0.021%
2989 code (7HA07H-TCBK33M) checked. Verified: 738283. isIdOk: 155. Prob: 0.02099%
2990 code (7KC97H-TCBK39E) checked. Verified: 738530. isIdOk: 155. Prob: 0.02099%
2991 code (C7HT7H-TCBKTE1) checked. Verified: 738777. isIdOk: 155. Prob: 0.02098%
2992 code (CA0C7H-TCBK57X) checked. Verified: 739024. isIdOk: 155. Prob: 0.02097%
2993 code (7C847H-TCBK5CH) checked. Verified: 739271. isIdOk: 155. Prob: 0.02097%
2994 code (CH3K7H-TCBK550) checked. Verified: 739518. isIdOk: 156. Prob: 0.02109%
2995 code (7HX27H-TCBK5PT) checked. Verified: 739765. isIdOk: 156. Prob: 0.02109%
2996 code (C7577H-TCBK5AK) checked. Verified: 740012. isIdOk: 156. Prob: 0.02108%
2997 code (7MAE7H-TCBK27H) checked. Verified: 740259. isIdOk: 156. Prob: 0.02107%
2998 code (7HXH7H-TCBK2A5) checked. Verified: 740506. isIdOk: 156. Prob: 0.02107%
2999 code (72ET7H-TCBKECP) checked. Verified: 740753. isIdOk: 156. Prob: 0.02106%
3000 code (7C5E7H-TCBKE9E) checked. Verified: 741000. isIdOk: 156. Prob: 0.02105%
10
Starting range [10 nln ...]:
3001 code (772373-AP71M3M) checked. Verified: 741247. isIdOk: 156. Prob: 0.02105%
3002 code (7TH173-AP71M9X) checked. Verified: 741494. isIdOk: 156. Prob: 0.02104%
3003 code (764773-AP71MBT) checked. Verified: 741741. isIdOk: 156. Prob: 0.02103%
3004 code (7TA273-AP71XM5) checked. Verified: 741988. isIdOk: 156. Prob: 0.02102%
3005 code (7H7K73-AP7182H) checked. Verified: 742235. isIdOk: 156. Prob: 0.02102%
3006 code (7HMB73-AP718A6) checked. Verified: 742482. isIdOk: 156. Prob: 0.02101%
3007 code (782C73-AP71B9B) checked. Verified: 742729. isIdOk: 156. Prob: 0.021%
3008 code (7K2573-AP71BPK) checked. Verified: 742976. isIdOk: 156. Prob: 0.021%
3009 code (7TB573-AP714C9) checked. Verified: 743223. isIdOk: 156. Prob: 0.02099%
3010 code (7E2X73-AP7144B) checked. Verified: 743470. isIdOk: 156. Prob: 0.02098%
3011 code (755173-AP71079) checked. Verified: 743717. isIdOk: 156. Prob: 0.02098%
3012 code (7C5E73-AP710TK) checked. Verified: 743964. isIdOk: 157. Prob: 0.0211%
3013 code (778H73-AP71084) checked. Verified: 744211. isIdOk: 157. Prob: 0.0211%
3014 code (755C73-AP7A7PH) checked. Verified: 744458. isIdOk: 157. Prob: 0.02109%
3015 code (775T73-AP7A749) checked. Verified: 744705. isIdOk: 157. Prob: 0.02108%
3016 code (7B0B73-AP7AC12) checked. Verified: 744952. isIdOk: 157. Prob: 0.02108%
3017 code (784A73-AP7AC0X) checked. Verified: 745199. isIdOk: 157. Prob: 0.02107%
3018 code (761173-AP7AHCT) checked. Verified: 745446. isIdOk: 157. Prob: 0.02106%
3019 code (CAKA73-AP7A3C5) checked. Verified: 745693. isIdOk: 157. Prob: 0.02105%
3020 code (755573-AP7A34X) checked. Verified: 745940. isIdOk: 157. Prob: 0.02105%
3021 code (7BM073-AP7AT60) checked. Verified: 746187. isIdOk: 157. Prob: 0.02104%
3022 code (7C6173-AP7AT18) checked. Verified: 746434. isIdOk: 157. Prob: 0.02103%
3023 code (7KAX73-AP7A59B) checked. Verified: 746681. isIdOk: 157. Prob: 0.02103%
3024 code (7A3673-AP7A518) checked. Verified: 746928. isIdOk: 157. Prob: 0.02102%
3025 code (716P73-AP7A583) checked. Verified: 747175. isIdOk: 157. Prob: 0.02101%
3026 code (7P7K73-AP7A2X2) checked. Verified: 747422. isIdOk: 157. Prob: 0.02101%
3027 code (7C9073-AP7AEH7) checked. Verified: 747669. isIdOk: 159. Prob: 0.02127%
3028 code (7K8673-AP7AE50) checked. Verified: 747916. isIdOk: 159. Prob: 0.02126%
3029 code (CK3173-AP7AEA2) checked. Verified: 748163. isIdOk: 159. Prob: 0.02125%
3030 code (7BK573-AP7A6MT) checked. Verified: 748410. isIdOk: 159. Prob: 0.02125%
3031 code (7H0373-AP7A6X7) checked. Verified: 748657. isIdOk: 159. Prob: 0.02124%
3032 code (CT8M73-AP7A915) checked. Verified: 748904. isIdOk: 159. Prob: 0.02123%
3033 code (CT5M73-AP7AK34) checked. Verified: 749151. isIdOk: 159. Prob: 0.02122%
3034 code (707P73-AP7AKK9) checked. Verified: 749398. isIdOk: 159. Prob: 0.02122%
3035 code (779B73-AP7AK15) checked. Verified: 749645. isIdOk: 159. Prob: 0.02121%
3036 code (7EB673-AP7APH5) checked. Verified: 749892. isIdOk: 159. Prob: 0.0212%
3037 code (72K773-AP7AP1K) checked. Verified: 750139. isIdOk: 159. Prob: 0.0212%
3038 code (790K73-AP7A152) checked. Verified: 750386. isIdOk: 159. Prob: 0.02119%
3039 code (72PK73-AP7A151) checked. Verified: 750633. isIdOk: 159. Prob: 0.02118%
3040 code (7T2P73-AP7A1BX) checked. Verified: 750880. isIdOk: 159. Prob: 0.02118%
3041 code (75KK73-AP7AAEH) checked. Verified: 751127. isIdOk: 159. Prob: 0.02117%
3042 code (7T4873-AP7AA9X) checked. Verified: 751374. isIdOk: 159. Prob: 0.02116%
3043 code (7EX773-AP7AMEB) checked. Verified: 751621. isIdOk: 159. Prob: 0.02115%
3044 code (7P8673-AP7AMB9) checked. Verified: 751868. isIdOk: 159. Prob: 0.02115%
3045 code (7H8873-AP7AX32) checked. Verified: 752115. isIdOk: 159. Prob: 0.02114%
3046 code (7C3C73-AP7AX23) checked. Verified: 752362. isIdOk: 159. Prob: 0.02113%
3047 code (731E73-AP7A87B) checked. Verified: 752609. isIdOk: 159. Prob: 0.02113%
3048 code (73A273-AP7A8A6) checked. Verified: 752856. isIdOk: 159. Prob: 0.02112%
3049 code (7X0P73-AP7A84A) checked. Verified: 753103. isIdOk: 159. Prob: 0.02111%
3050 code (777273-AP7ABMX) checked. Verified: 753350. isIdOk: 159. Prob: 0.02111%
3051 code (7PB973-AP7A4EX) checked. Verified: 753597. isIdOk: 159. Prob: 0.0211%
3052 code (7C3K73-AP7A497) checked. Verified: 753844. isIdOk: 159. Prob: 0.02109%
3053 code (7PT873-AP7A032) checked. Verified: 754091. isIdOk: 159. Prob: 0.02108%
3054 code (7AB873-AP7A08K) checked. Verified: 754338. isIdOk: 159. Prob: 0.02108%
3055 code (7PP773-AP7M7M9) checked. Verified: 754585. isIdOk: 159. Prob: 0.02107%
3056 code (72TX73-AP7MC28) checked. Verified: 754832. isIdOk: 159. Prob: 0.02106%
3057 code (732X73-AP7MC48) checked. Verified: 755079. isIdOk: 159. Prob: 0.02106%
3058 code (C6EC73-AP7MH9A) checked. Verified: 755326. isIdOk: 160. Prob: 0.02118%
3059 code (7E5K73-AP7MHX2) checked. Verified: 755573. isIdOk: 160. Prob: 0.02118%
3060 code (797673-AP7MH00) checked. Verified: 755820. isIdOk: 160. Prob: 0.02117%
3061 code (712A73-AP7M3E8) checked. Verified: 756067. isIdOk: 160. Prob: 0.02116%
3062 code (795173-AP7MT3M) checked. Verified: 756314. isIdOk: 160. Prob: 0.02116%
3063 code (77PT73-AP7MT03) checked. Verified: 756561. isIdOk: 160. Prob: 0.02115%
3064 code (761873-AP7M54P) checked. Verified: 756808. isIdOk: 160. Prob: 0.02114%
3065 code (77B973-AP7M27A) checked. Verified: 757055. isIdOk: 160. Prob: 0.02113%
3066 code (7EA973-AP7M2K7) checked. Verified: 757302. isIdOk: 160. Prob: 0.02113%
3067 code (710273-AP7MEKA) checked. Verified: 757549. isIdOk: 160. Prob: 0.02112%
3068 code (73X973-AP7MEX0) checked. Verified: 757796. isIdOk: 160. Prob: 0.02111%
3069 code (CK8B73-AP7M6EE) checked. Verified: 758043. isIdOk: 160. Prob: 0.02111%
3070 code (769H73-AP7M9TK) checked. Verified: 758290. isIdOk: 160. Prob: 0.0211%
3071 code (CTB573-AP7M9EM) checked. Verified: 758537. isIdOk: 160. Prob: 0.02109%
3072 code (HC4H73-AP7M9KP) checked. Verified: 758784. isIdOk: 160. Prob: 0.02109%
3073 code (7AMX73-AP7MKEB) checked. Verified: 759031. isIdOk: 160. Prob: 0.02108%
3074 code (77HA73-AP7MPTH) checked. Verified: 759278. isIdOk: 161. Prob: 0.0212%
3075 code (75XK73-AP7MPB6) checked. Verified: 759525. isIdOk: 161. Prob: 0.0212%
3076 code (726H73-AP7M11E) checked. Verified: 759772. isIdOk: 161. Prob: 0.02119%
3077 code (71B673-AP7M1M1) checked. Verified: 760019. isIdOk: 161. Prob: 0.02118%
3078 code (766873-AP7MA95) checked. Verified: 760266. isIdOk: 161. Prob: 0.02118%
3079 code (761073-AP7MM38) checked. Verified: 760513. isIdOk: 161. Prob: 0.02117%
3080 code (734B73-AP7MM67) checked. Verified: 760760. isIdOk: 161. Prob: 0.02116%
3081 code (721473-AP7MMX3) checked. Verified: 761007. isIdOk: 161. Prob: 0.02116%
3082 code (7K2173-AP7MX68) checked. Verified: 761254. isIdOk: 161. Prob: 0.02115%
3083 code (7HK973-AP7MX4B) checked. Verified: 761501. isIdOk: 161. Prob: 0.02114%
3084 code (7XBK73-AP7M8MT) checked. Verified: 761748. isIdOk: 161. Prob: 0.02114%
3085 code (74T373-AP7MB9A) checked. Verified: 761995. isIdOk: 161. Prob: 0.02113%
3086 code (72HA73-AP7MB4E) checked. Verified: 762242. isIdOk: 161. Prob: 0.02112%
3087 code (7H6973-AP7M48T) checked. Verified: 762489. isIdOk: 162. Prob: 0.02125%
3088 code (H46X73-AP7M01X) checked. Verified: 762736. isIdOk: 162. Prob: 0.02124%
3089 code (776673-AP7M0X2) checked. Verified: 762983. isIdOk: 162. Prob: 0.02123%
3090 code (76KK73-AP7X7ME) checked. Verified: 763230. isIdOk: 162. Prob: 0.02123%
3091 code (732773-AP7X7M0) checked. Verified: 763477. isIdOk: 162. Prob: 0.02122%
3092 code (7C3973-AP7XC13) checked. Verified: 763724. isIdOk: 162. Prob: 0.02121%
3093 code (770773-AP7XC1B) checked. Verified: 763971. isIdOk: 162. Prob: 0.0212%
3094 code (725273-AP7XH9T) checked. Verified: 764218. isIdOk: 162. Prob: 0.0212%
3095 code (7P5773-AP7X3TP) checked. Verified: 764465. isIdOk: 162. Prob: 0.02119%
3096 code (CC0H73-AP7X35E) checked. Verified: 764712. isIdOk: 162. Prob: 0.02118%
3097 code (7THB73-AP7X3E7) checked. Verified: 764959. isIdOk: 162. Prob: 0.02118%
3098 code (73TC73-AP7X390) checked. Verified: 765206. isIdOk: 162. Prob: 0.02117%
3099 code (7M6973-AP7XTK9) checked. Verified: 765453. isIdOk: 162. Prob: 0.02116%
3100 code (7EBC73-AP7X57T) checked. Verified: 765700. isIdOk: 162. Prob: 0.02116%
3101 code (77B773-AP7X597) checked. Verified: 765947. isIdOk: 162. Prob: 0.02115%
3102 code (7PMK73-AP7X2CA) checked. Verified: 766194. isIdOk: 162. Prob: 0.02114%
3103 code (CBA673-AP7X2M4) checked. Verified: 766441. isIdOk: 162. Prob: 0.02114%
3104 code (7HT973-AP7XE39) checked. Verified: 766688. isIdOk: 162. Prob: 0.02113%
3105 code (7TBX73-AP7XE1P) checked. Verified: 766935. isIdOk: 162. Prob: 0.02112%
3106 code (77MX73-AP7XE8H) checked. Verified: 767182. isIdOk: 162. Prob: 0.02112%
3107 code (75EH73-AP7X6A5) checked. Verified: 767429. isIdOk: 162. Prob: 0.02111%
3108 code (73EH73-AP7X99H) checked. Verified: 767676. isIdOk: 162. Prob: 0.0211%
3109 code (76MT73-AP7XK27) checked. Verified: 767923. isIdOk: 162. Prob: 0.0211%
3110 code (76H773-AP7XK67) checked. Verified: 768170. isIdOk: 162. Prob: 0.02109%
3111 code (7K4C73-AP7XKM4) checked. Verified: 768417. isIdOk: 162. Prob: 0.02108%
3112 code (7EBH73-AP7XPH7) checked. Verified: 768664. isIdOk: 163. Prob: 0.02121%
3113 code (7PP473-AP7XP98) checked. Verified: 768911. isIdOk: 163. Prob: 0.0212%
3114 code (C19873-AP7XPP9) checked. Verified: 769158. isIdOk: 163. Prob: 0.02119%
3115 code (732X73-AP7X1CT) checked. Verified: 769405. isIdOk: 163. Prob: 0.02119%
3116 code (7E1K73-AP7X13C) checked. Verified: 769652. isIdOk: 164. Prob: 0.02131%
3117 code (7HB273-AP7X1B9) checked. Verified: 769899. isIdOk: 164. Prob: 0.0213%
3118 code (7K6573-AP7XA35) checked. Verified: 770146. isIdOk: 164. Prob: 0.02129%
3119 code (CH1373-AP7XAB7) checked. Verified: 770393. isIdOk: 164. Prob: 0.02129%
3120 code (7MM173-AP7XM75) checked. Verified: 770640. isIdOk: 164. Prob: 0.02128%
3121 code (769973-AP7XM52) checked. Verified: 770887. isIdOk: 164. Prob: 0.02127%
3122 code (768H73-AP7XX71) checked. Verified: 771134. isIdOk: 164. Prob: 0.02127%
3123 code (7C5K73-AP7XX2B) checked. Verified: 771381. isIdOk: 164. Prob: 0.02126%
3124 code (751A73-AP7X838) checked. Verified: 771628. isIdOk: 164. Prob: 0.02125%
3125 code (76P273-AP7X846) checked. Verified: 771875. isIdOk: 164. Prob: 0.02125%
3126 code (CC7573-AP7XBBM) checked. Verified: 772122. isIdOk: 164. Prob: 0.02124%
3127 code (7C2C73-AP7X42H) checked. Verified: 772369. isIdOk: 164. Prob: 0.02123%
3128 code (71A573-AP7X4AC) checked. Verified: 772616. isIdOk: 164. Prob: 0.02123%
3129 code (74K573-AP7X4A8) checked. Verified: 772863. isIdOk: 164. Prob: 0.02122%
3130 code (7T0M73-AP7X4XH) checked. Verified: 773110. isIdOk: 165. Prob: 0.02134%
3131 code (7TX873-AP7X06C) checked. Verified: 773357. isIdOk: 165. Prob: 0.02134%
3132 code (7X2273-AP787EE) checked. Verified: 773604. isIdOk: 166. Prob: 0.02146%
3133 code (78MT73-AP78C5M) checked. Verified: 773851. isIdOk: 166. Prob: 0.02145%
3134 code (745073-AP78C1K) checked. Verified: 774098. isIdOk: 166. Prob: 0.02144%
3135 code (711A73-AP78HEP) checked. Verified: 774345. isIdOk: 166. Prob: 0.02144%
3136 code (76P073-AP78HK3) checked. Verified: 774592. isIdOk: 166. Prob: 0.02143%
3137 code (7H8A73-AP7839C) checked. Verified: 774839. isIdOk: 166. Prob: 0.02142%
3138 code (7X1373-AP78T3B) checked. Verified: 775086. isIdOk: 166. Prob: 0.02142%
3139 code (70A473-AP78T63) checked. Verified: 775333. isIdOk: 166. Prob: 0.02141%
3140 code (7T7M73-AP78T04) checked. Verified: 775580. isIdOk: 166. Prob: 0.0214%
3141 code (7EX173-AP78T00) checked. Verified: 775827. isIdOk: 167. Prob: 0.02153%
3142 code (7C0673-AP7827A) checked. Verified: 776074. isIdOk: 167. Prob: 0.02152%
3143 code (77EP73-AP78E76) checked. Verified: 776321. isIdOk: 167. Prob: 0.02151%
3144 code (CBA573-AP78EA8) checked. Verified: 776568. isIdOk: 167. Prob: 0.0215%
3145 code (7C3173-AP7861C) checked. Verified: 776815. isIdOk: 167. Prob: 0.0215%
3146 code (7H4M73-AP78979) checked. Verified: 777062. isIdOk: 167. Prob: 0.02149%
3147 code (C6P873-AP789C7) checked. Verified: 777309. isIdOk: 167. Prob: 0.02148%
3148 code (7MTP73-AP78938) checked. Verified: 777556. isIdOk: 167. Prob: 0.02148%
3149 code (77CA73-AP789MK) checked. Verified: 777803. isIdOk: 167. Prob: 0.02147%
3150 code (775T73-AP78K5M) checked. Verified: 778050. isIdOk: 167. Prob: 0.02146%
3151 code (72AB73-AP78K4H) checked. Verified: 778297. isIdOk: 167. Prob: 0.02146%
3152 code (7E8B73-AP78K06) checked. Verified: 778544. isIdOk: 167. Prob: 0.02145%
3153 code (71AH73-AP78P36) checked. Verified: 778791. isIdOk: 167. Prob: 0.02144%
3154 code (78EP73-AP78PE7) checked. Verified: 779038. isIdOk: 167. Prob: 0.02144%
3155 code (767K73-AP78PXA) checked. Verified: 779285. isIdOk: 167. Prob: 0.02143%
3156 code (7K2H73-AP7813X) checked. Verified: 779532. isIdOk: 168. Prob: 0.02155%
3157 code (75E673-AP78168) checked. Verified: 779779. isIdOk: 168. Prob: 0.02154%
3158 code (7T0973-AP78AEX) checked. Verified: 780026. isIdOk: 168. Prob: 0.02154%
3159 code (72H473-AP78AM9) checked. Verified: 780273. isIdOk: 168. Prob: 0.02153%
3160 code (732M73-AP78AB9) checked. Verified: 780520. isIdOk: 168. Prob: 0.02152%
3161 code (7M0K73-AP78MTB) checked. Verified: 780767. isIdOk: 168. Prob: 0.02152%
3162 code (72EH73-AP78M09) checked. Verified: 781014. isIdOk: 168. Prob: 0.02151%
3163 code (7H1H73-AP78X29) checked. Verified: 781261. isIdOk: 168. Prob: 0.0215%
3164 code (791T73-AP788T4) checked. Verified: 781508. isIdOk: 169. Prob: 0.02162%
3165 code (7T7073-AP788M2) checked. Verified: 781755. isIdOk: 169. Prob: 0.02162%
3166 code (CA4X73-AP78B95) checked. Verified: 782002. isIdOk: 169. Prob: 0.02161%
3167 code (7C9B73-AP78B92) checked. Verified: 782249. isIdOk: 169. Prob: 0.0216%
3168 code (76X973-AP784C4) checked. Verified: 782496. isIdOk: 169. Prob: 0.0216%
3169 code (763473-AP78425) checked. Verified: 782743. isIdOk: 169. Prob: 0.02159%
3170 code (7HPE73-AP784K8) checked. Verified: 782990. isIdOk: 169. Prob: 0.02158%
3171 code (7CAK73-AP7809P) checked. Verified: 783237. isIdOk: 169. Prob: 0.02158%
3172 code (7T1H73-AP7801T) checked. Verified: 783484. isIdOk: 169. Prob: 0.02157%
3173 code (7TBP73-AP780M3) checked. Verified: 783731. isIdOk: 169. Prob: 0.02156%
3174 code (74ET73-AP780XT) checked. Verified: 783978. isIdOk: 169. Prob: 0.02156%
3175 code (7EHA73-AP7B76P) checked. Verified: 784225. isIdOk: 169. Prob: 0.02155%
3176 code (715E73-AP7B783) checked. Verified: 784472. isIdOk: 169. Prob: 0.02154%
3177 code (7T6773-AP7BCT2) checked. Verified: 784719. isIdOk: 169. Prob: 0.02154%
3178 code (7H9873-AP7BC92) checked. Verified: 784966. isIdOk: 169. Prob: 0.02153%
3179 code (7X5K73-AP7BCA0) checked. Verified: 785213. isIdOk: 169. Prob: 0.02152%
3180 code (777B73-AP7BH16) checked. Verified: 785460. isIdOk: 169. Prob: 0.02152%
3181 code (79A573-AP7BHAP) checked. Verified: 785707. isIdOk: 170. Prob: 0.02164%
3182 code (CT4373-AP7B3A2) checked. Verified: 785954. isIdOk: 170. Prob: 0.02163%
3183 code (CEXB73-AP7BT3C) checked. Verified: 786201. isIdOk: 170. Prob: 0.02162%
3184 code (755473-AP7BT4B) checked. Verified: 786448. isIdOk: 170. Prob: 0.02162%
3185 code (33PA73-AP7B5H9) checked. Verified: 786695. isIdOk: 170. Prob: 0.02161%
3186 code (7PE673-AP7B5H8) checked. Verified: 786942. isIdOk: 170. Prob: 0.0216%
3187 code (79P673-AP7B53C) checked. Verified: 787189. isIdOk: 170. Prob: 0.0216%
3188 code (7HC473-AP7B5PB) checked. Verified: 787436. isIdOk: 170. Prob: 0.02159%
3189 code (78AX73-AP7B212) checked. Verified: 787683. isIdOk: 170. Prob: 0.02158%
3190 code (7T0C73-AP7B2MA) checked. Verified: 787930. isIdOk: 170. Prob: 0.02158%
3191 code (7CM673-AP7BE35) checked. Verified: 788177. isIdOk: 170. Prob: 0.02157%
3192 code (77TC73-AP7BE6H) checked. Verified: 788424. isIdOk: 170. Prob: 0.02156%
3193 code (73XK73-AP7BE9M) checked. Verified: 788671. isIdOk: 170. Prob: 0.02156%
3194 code (7C7573-AP7BEA2) checked. Verified: 788918. isIdOk: 170. Prob: 0.02155%
3195 code (7K0073-AP7BEM0) checked. Verified: 789165. isIdOk: 170. Prob: 0.02154%
3196 code (7KC373-AP7B6H9) checked. Verified: 789412. isIdOk: 170. Prob: 0.02154%
3197 code (77X673-AP7B661) checked. Verified: 789659. isIdOk: 170. Prob: 0.02153%
3198 code (7T3A73-AP7B6X5) checked. Verified: 789906. isIdOk: 170. Prob: 0.02152%
3199 code (C7TB73-AP7B683) checked. Verified: 790153. isIdOk: 170. Prob: 0.02151%
3200 code (7H7E73-AP7B9EK) checked. Verified: 790400. isIdOk: 171. Prob: 0.02163%
3201 code (71TC73-AP7BKHK) checked. Verified: 790647. isIdOk: 171. Prob: 0.02163%
3202 code (75BB73-AP7BPC8) checked. Verified: 790894. isIdOk: 171. Prob: 0.02162%
3203 code (78TB73-AP7BPTA) checked. Verified: 791141. isIdOk: 171. Prob: 0.02161%
3204 code (79E373-AP7BP57) checked. Verified: 791388. isIdOk: 171. Prob: 0.02161%
3205 code (7EC373-AP7BP93) checked. Verified: 791635. isIdOk: 171. Prob: 0.0216%
3206 code (76PT73-AP7BP8T) checked. Verified: 791882. isIdOk: 171. Prob: 0.02159%
3207 code (771873-AP7BP4X) checked. Verified: 792129. isIdOk: 171. Prob: 0.02159%
3208 code (73PH73-AP7B1T4) checked. Verified: 792376. isIdOk: 171. Prob: 0.02158%
3209 code (7X6373-AP7B163) checked. Verified: 792623. isIdOk: 171. Prob: 0.02157%
3210 code (71X673-AP7BA71) checked. Verified: 792870. isIdOk: 171. Prob: 0.02157%
3211 code (7C5973-AP7BAX2) checked. Verified: 793117. isIdOk: 171. Prob: 0.02156%
3212 code (77HT73-AP7BME5) checked. Verified: 793364. isIdOk: 171. Prob: 0.02155%
3213 code (7T2973-AP7BMPB) checked. Verified: 793611. isIdOk: 171. Prob: 0.02155%
3214 code (7P1573-AP7BX94) checked. Verified: 793858. isIdOk: 171. Prob: 0.02154%
3215 code (7XX873-AP7B86A) checked. Verified: 794105. isIdOk: 171. Prob: 0.02153%
3216 code (7CMP73-AP7B8BB) checked. Verified: 794352. isIdOk: 171. Prob: 0.02153%
3217 code (754H73-AP7BBM2) checked. Verified: 794599. isIdOk: 171. Prob: 0.02152%
3218 code (7K0M73-AP7B4KP) checked. Verified: 794846. isIdOk: 171. Prob: 0.02151%
3219 code (CM7H73-AP7B4A1) checked. Verified: 795093. isIdOk: 171. Prob: 0.02151%
3220 code (7HHM73-AP7B40C) checked. Verified: 795340. isIdOk: 171. Prob: 0.0215%
3221 code (72K073-AP7B07X) checked. Verified: 795587. isIdOk: 171. Prob: 0.02149%
3222 code (HEB173-AP7B021) checked. Verified: 795834. isIdOk: 171. Prob: 0.02149%
3223 code (CE2173-AP7B0A2) checked. Verified: 796081. isIdOk: 171. Prob: 0.02148%
3224 code (7HX173-AP747E6) checked. Verified: 796328. isIdOk: 171. Prob: 0.02147%
3225 code (729873-AP7476T) checked. Verified: 796575. isIdOk: 171. Prob: 0.02147%
3226 code (7A5473-AP74746) checked. Verified: 796822. isIdOk: 171. Prob: 0.02146%
3227 code (719T73-AP74C0C) checked. Verified: 797069. isIdOk: 171. Prob: 0.02145%
3228 code (7HH073-AP74HC9) checked. Verified: 797316. isIdOk: 171. Prob: 0.02145%
3229 code (7H4073-AP743CB) checked. Verified: 797563. isIdOk: 171. Prob: 0.02144%
3230 code (773673-AP7439B) checked. Verified: 797810. isIdOk: 171. Prob: 0.02143%
3231 code (740773-AP74T63) checked. Verified: 798057. isIdOk: 171. Prob: 0.02143%
3232 code (C4TC73-AP74T05) checked. Verified: 798304. isIdOk: 171. Prob: 0.02142%
3233 code (728M73-AP74549) checked. Verified: 798551. isIdOk: 171. Prob: 0.02141%
3234 code (70H873-AP7429B) checked. Verified: 798798. isIdOk: 171. Prob: 0.02141%
3235 code (795773-AP7424X) checked. Verified: 799045. isIdOk: 171. Prob: 0.0214%
3236 code (7H9H73-AP74EHH) checked. Verified: 799292. isIdOk: 171. Prob: 0.02139%
3237 code (7H7E73-AP74EP8) checked. Verified: 799539. isIdOk: 171. Prob: 0.02139%
3238 code (77HA73-AP74E1T) checked. Verified: 799786. isIdOk: 171. Prob: 0.02138%
3239 code (7T4873-AP74633) checked. Verified: 800033. isIdOk: 171. Prob: 0.02137%
3240 code (7H7073-AP7464T) checked. Verified: 800280. isIdOk: 171. Prob: 0.02137%
3241 code (76EX73-AP749CC) checked. Verified: 800527. isIdOk: 171. Prob: 0.02136%
3242 code (7E1673-AP749PB) checked. Verified: 800774. isIdOk: 171. Prob: 0.02135%
3243 code (C86673-AP749M5) checked. Verified: 801021. isIdOk: 171. Prob: 0.02135%
3244 code (7HM073-AP74KE3) checked. Verified: 801268. isIdOk: 171. Prob: 0.02134%
3245 code (7E3A73-AP74P54) checked. Verified: 801515. isIdOk: 171. Prob: 0.02133%
3246 code (7TE773-AP74PPT) checked. Verified: 801762. isIdOk: 171. Prob: 0.02133%
3247 code (7BHB73-AP741H2) checked. Verified: 802009. isIdOk: 171. Prob: 0.02132%
3248 code (7CAM73-AP741P3) checked. Verified: 802256. isIdOk: 171. Prob: 0.02131%
3249 code (770573-AP74142) checked. Verified: 802503. isIdOk: 171. Prob: 0.02131%
3250 code (C2KC73-AP74AET) checked. Verified: 802750. isIdOk: 171. Prob: 0.0213%
3251 code (73PT73-AP74M22) checked. Verified: 802997. isIdOk: 171. Prob: 0.0213%
3252 code (77B973-AP74M6P) checked. Verified: 803244. isIdOk: 171. Prob: 0.02129%
3253 code (7TM373-AP74MK8) checked. Verified: 803491. isIdOk: 171. Prob: 0.02128%
3254 code (7K6K73-AP74M4A) checked. Verified: 803738. isIdOk: 171. Prob: 0.02128%
3255 code (CM5P73-AP74XH0) checked. Verified: 803985. isIdOk: 171. Prob: 0.02127%
3256 code (7PEC73-AP74XT8) checked. Verified: 804232. isIdOk: 171. Prob: 0.02126%
3257 code (7HB073-AP74XPE) checked. Verified: 804479. isIdOk: 171. Prob: 0.02126%
3258 code (7XXE73-AP74XM2) checked. Verified: 804726. isIdOk: 171. Prob: 0.02125%
3259 code (796T73-AP748TX) checked. Verified: 804973. isIdOk: 171. Prob: 0.02124%
3260 code (7KP673-AP7484H) checked. Verified: 805220. isIdOk: 171. Prob: 0.02124%
3261 code (C70373-AP74BA0) checked. Verified: 805467. isIdOk: 171. Prob: 0.02123%
3262 code (C5P073-AP74474) checked. Verified: 805714. isIdOk: 171. Prob: 0.02122%
3263 code (777M73-AP744T0) checked. Verified: 805961. isIdOk: 171. Prob: 0.02122%
3264 code (7C7M73-AP744K5) checked. Verified: 806208. isIdOk: 171. Prob: 0.02121%
3265 code (765K73-AP744PE) checked. Verified: 806455. isIdOk: 171. Prob: 0.0212%
3266 code (776373-AP74403) checked. Verified: 806702. isIdOk: 171. Prob: 0.0212%
3267 code (C6X573-AP7408E) checked. Verified: 806949. isIdOk: 171. Prob: 0.02119%
3268 code (7M2173-AP70724) checked. Verified: 807196. isIdOk: 172. Prob: 0.02131%
3269 code (7BKM73-AP7074K) checked. Verified: 807443. isIdOk: 172. Prob: 0.0213%
3270 code (7XAC73-AP7074M) checked. Verified: 807690. isIdOk: 172. Prob: 0.0213%
3271 code (711T73-AP70CEX) checked. Verified: 807937. isIdOk: 172. Prob: 0.02129%
3272 code (7C7B73-AP70C9A) checked. Verified: 808184. isIdOk: 172. Prob: 0.02128%
3273 code (78K373-AP70H2C) checked. Verified: 808431. isIdOk: 172. Prob: 0.02128%
3274 code (72A273-AP70339) checked. Verified: 808678. isIdOk: 172. Prob: 0.02127%
3275 code (7H1373-AP70307) checked. Verified: 808925. isIdOk: 172. Prob: 0.02126%
3276 code (7MAT73-AP70T1X) checked. Verified: 809172. isIdOk: 172. Prob: 0.02126%
3277 code (7HH873-AP70TXX) checked. Verified: 809419. isIdOk: 172. Prob: 0.02125%
3278 code (7P4C73-AP7057B) checked. Verified: 809666. isIdOk: 172. Prob: 0.02124%
3279 code (75BM73-AP70518) checked. Verified: 809913. isIdOk: 172. Prob: 0.02124%
3280 code (7CET73-AP7025H) checked. Verified: 810160. isIdOk: 173. Prob: 0.02135%
3281 code (787973-AP70283) checked. Verified: 810407. isIdOk: 173. Prob: 0.02135%
3282 code (774073-AP70E92) checked. Verified: 810654. isIdOk: 173. Prob: 0.02134%
3283 code (H4KB73-AP706T0) checked. Verified: 810901. isIdOk: 173. Prob: 0.02133%
3284 code (77X973-AP7062X) checked. Verified: 811148. isIdOk: 173. Prob: 0.02133%
3285 code (726M73-AP7092K) checked. Verified: 811395. isIdOk: 173. Prob: 0.02132%
3286 code (77KA73-AP70KCP) checked. Verified: 811642. isIdOk: 173. Prob: 0.02131%
3287 code (7EE973-AP70K1C) checked. Verified: 811889. isIdOk: 173. Prob: 0.02131%
3288 code (7XC773-AP70P7P) checked. Verified: 812136. isIdOk: 173. Prob: 0.0213%
3289 code (CH4M73-AP70PH4) checked. Verified: 812383. isIdOk: 173. Prob: 0.0213%
3290 code (752P73-AP70P4X) checked. Verified: 812630. isIdOk: 173. Prob: 0.02129%
3291 code (7E7K73-AP701TM) checked. Verified: 812877. isIdOk: 173. Prob: 0.02128%
3292 code (7C6373-AP701PC) checked. Verified: 813124. isIdOk: 173. Prob: 0.02128%
3293 code (74E373-AP70148) checked. Verified: 813371. isIdOk: 173. Prob: 0.02127%
3294 code (7H3873-AP70A22) checked. Verified: 813618. isIdOk: 173. Prob: 0.02126%
3295 code (CK4M73-AP70A9K) checked. Verified: 813865. isIdOk: 173. Prob: 0.02126%
3296 code (7CXT73-AP70ABP) checked. Verified: 814112. isIdOk: 173. Prob: 0.02125%
3297 code (7P5P73-AP70MXM) checked. Verified: 814359. isIdOk: 173. Prob: 0.02124%
3298 code (74X473-AP70X28) checked. Verified: 814606. isIdOk: 173. Prob: 0.02124%
3299 code (79TT73-AP70X6K) checked. Verified: 814853. isIdOk: 173. Prob: 0.02123%
3300 code (779773-AP708HA) checked. Verified: 815100. isIdOk: 173. Prob: 0.02122%
3301 code (74E373-AP708A9) checked. Verified: 815347. isIdOk: 173. Prob: 0.02122%
3302 code (71P773-AP70BAC) checked. Verified: 815594. isIdOk: 173. Prob: 0.02121%
3303 code (77MX73-AP704TA) checked. Verified: 815841. isIdOk: 173. Prob: 0.02121%
3304 code (77B573-AP704XP) checked. Verified: 816088. isIdOk: 173. Prob: 0.0212%
3305 code (7C7373-AP70054) checked. Verified: 816335. isIdOk: 173. Prob: 0.02119%
3306 code (7PXE73-AP70049) checked. Verified: 816582. isIdOk: 173. Prob: 0.02119%
3307 code (778773-APC77EM) checked. Verified: 816829. isIdOk: 173. Prob: 0.02118%
3308 code (C13C73-APC7CCB) checked. Verified: 817076. isIdOk: 173. Prob: 0.02117%
3309 code (7H3A73-APC7CX3) checked. Verified: 817323. isIdOk: 173. Prob: 0.02117%
3310 code (71PH73-APC7H23) checked. Verified: 817570. isIdOk: 173. Prob: 0.02116%
3311 code (796273-APC7H10) checked. Verified: 817817. isIdOk: 173. Prob: 0.02115%
3312 code (727873-APC736M) checked. Verified: 818064. isIdOk: 173. Prob: 0.02115%
3313 code (78B073-APC7TT3) checked. Verified: 818311. isIdOk: 173. Prob: 0.02114%
3314 code (72EM73-APC7T66) checked. Verified: 818558. isIdOk: 173. Prob: 0.02113%
3315 code (74TE73-APC7T15) checked. Verified: 818805. isIdOk: 173. Prob: 0.02113%
3316 code (753373-APC759B) checked. Verified: 819052. isIdOk: 173. Prob: 0.02112%
3317 code (7CMT73-APC75A7) checked. Verified: 819299. isIdOk: 173. Prob: 0.02112%
3318 code (7PT673-APC7504) checked. Verified: 819546. isIdOk: 173. Prob: 0.02111%
3319 code (7B5B73-APC7239) checked. Verified: 819793. isIdOk: 173. Prob: 0.0211%
3320 code (7AK173-APC72X5) checked. Verified: 820040. isIdOk: 173. Prob: 0.0211%
3321 code (7X4K73-APC7EHX) checked. Verified: 820287. isIdOk: 173. Prob: 0.02109%
3322 code (7C7273-APC7EEM) checked. Verified: 820534. isIdOk: 174. Prob: 0.02121%
3323 code (7XT973-APC7E8P) checked. Verified: 820781. isIdOk: 174. Prob: 0.0212%
3324 code (7PKA73-APC76C2) checked. Verified: 821028. isIdOk: 174. Prob: 0.02119%
3325 code (H9C773-APC76BE) checked. Verified: 821275. isIdOk: 174. Prob: 0.02119%
3326 code (77MP73-APC7976) checked. Verified: 821522. isIdOk: 174. Prob: 0.02118%
3327 code (CP8T73-APC79P0) checked. Verified: 821769. isIdOk: 174. Prob: 0.02117%
3328 code (756973-APC7K94) checked. Verified: 822016. isIdOk: 174. Prob: 0.02117%
3329 code (7CKM73-APC7PT7) checked. Verified: 822263. isIdOk: 174. Prob: 0.02116%
3330 code (7ACT73-APC7P48) checked. Verified: 822510. isIdOk: 174. Prob: 0.02115%
3331 code (725M73-APC7P04) checked. Verified: 822757. isIdOk: 174. Prob: 0.02115%
3332 code (7HHP73-APC71BE) checked. Verified: 823004. isIdOk: 174. Prob: 0.02114%
3333 code (75H373-APC7A24) checked. Verified: 823251. isIdOk: 175. Prob: 0.02126%
3334 code (7TXB73-APC7MCP) checked. Verified: 823498. isIdOk: 175. Prob: 0.02125%
3335 code (C99C73-APC7MT9) checked. Verified: 823745. isIdOk: 175. Prob: 0.02124%
3336 code (7CKX73-APC7M81) checked. Verified: 823992. isIdOk: 175. Prob: 0.02124%
3337 code (C62873-APC7M8B) checked. Verified: 824239. isIdOk: 175. Prob: 0.02123%
3338 code (7C7673-APC7XA0) checked. Verified: 824486. isIdOk: 175. Prob: 0.02123%
3339 code (783K73-APC7896) checked. Verified: 824733. isIdOk: 175. Prob: 0.02122%
3340 code (753973-APC78BC) checked. Verified: 824980. isIdOk: 175. Prob: 0.02121%
3341 code (7H1T73-APC7B23) checked. Verified: 825227. isIdOk: 175. Prob: 0.02121%
3342 code (7CEK73-APC7BKA) checked. Verified: 825474. isIdOk: 175. Prob: 0.0212%
3343 code (7PEC73-APC7498) checked. Verified: 825721. isIdOk: 175. Prob: 0.02119%
3344 code (73P473-APC70E4) checked. Verified: 825968. isIdOk: 175. Prob: 0.02119%
3345 code (7AE473-APCC7TC) checked. Verified: 826215. isIdOk: 175. Prob: 0.02118%
3346 code (C14C73-APCC7TM) checked. Verified: 826462. isIdOk: 175. Prob: 0.02117%
3347 code (7BX673-APCC7AA) checked. Verified: 826709. isIdOk: 175. Prob: 0.02117%
3348 code (779X73-APCCC60) checked. Verified: 826956. isIdOk: 175. Prob: 0.02116%
3349 code (7HA673-APCCCB6) checked. Verified: 827203. isIdOk: 175. Prob: 0.02116%
3350 code (789E73-APCCH3A) checked. Verified: 827450. isIdOk: 175. Prob: 0.02115%
3351 code (C30973-APCCH99) checked. Verified: 827697. isIdOk: 175. Prob: 0.02114%
3352 code (7MM273-APCCHBB) checked. Verified: 827944. isIdOk: 175. Prob: 0.02114%
3353 code (773573-APCC3HB) checked. Verified: 828191. isIdOk: 175. Prob: 0.02113%
3354 code (7E2973-APCCT7A) checked. Verified: 828438. isIdOk: 175. Prob: 0.02112%
3355 code (71EB73-APCCT29) checked. Verified: 828685. isIdOk: 175. Prob: 0.02112%
3356 code (7A7473-APCC57C) checked. Verified: 828932. isIdOk: 175. Prob: 0.02111%
3357 code (C2K773-APCC502) checked. Verified: 829179. isIdOk: 175. Prob: 0.02111%
3358 code (722873-APCC22M) checked. Verified: 829426. isIdOk: 175. Prob: 0.0211%
3359 code (773X73-APCCE71) checked. Verified: 829673. isIdOk: 175. Prob: 0.02109%
3360 code (7E4273-APCCE48) checked. Verified: 829920. isIdOk: 175. Prob: 0.02109%
3361 code (7HHK73-APCC6MX) checked. Verified: 830167. isIdOk: 175. Prob: 0.02108%
3362 code (C35X73-APCC9PC) checked. Verified: 830414. isIdOk: 175. Prob: 0.02107%
3363 code (733073-APCCKT8) checked. Verified: 830661. isIdOk: 175. Prob: 0.02107%
3364 code (7C3373-APCCK12) checked. Verified: 830908. isIdOk: 175. Prob: 0.02106%
3365 code (77XP73-APCCP12) checked. Verified: 831155. isIdOk: 176. Prob: 0.02118%
3366 code (751X73-APCCPAA) checked. Verified: 831402. isIdOk: 176. Prob: 0.02117%
3367 code (711873-APCCP4A) checked. Verified: 831649. isIdOk: 176. Prob: 0.02116%
3368 code (7BKC73-APCC144) checked. Verified: 831896. isIdOk: 176. Prob: 0.02116%
3369 code (7T0473-APCCA92) checked. Verified: 832143. isIdOk: 176. Prob: 0.02115%
3370 code (7M1773-APCCAP5) checked. Verified: 832390. isIdOk: 176. Prob: 0.02114%
3371 code (CX2K73-APCCME1) checked. Verified: 832637. isIdOk: 176. Prob: 0.02114%
3372 code (76TP73-APCCME4) checked. Verified: 832884. isIdOk: 176. Prob: 0.02113%
3373 code (769273-APCCMBP) checked. Verified: 833131. isIdOk: 176. Prob: 0.02113%
3374 code (C81X73-APCCX99) checked. Verified: 833378. isIdOk: 176. Prob: 0.02112%
3375 code (7C5373-APCCXXA) checked. Verified: 833625. isIdOk: 176. Prob: 0.02111%
3376 code (7PB273-APCC8KA) checked. Verified: 833872. isIdOk: 176. Prob: 0.02111%
3377 code (75AK73-APCC8M4) checked. Verified: 834119. isIdOk: 176. Prob: 0.0211%
3378 code (7P6273-APCCBM8) checked. Verified: 834366. isIdOk: 176. Prob: 0.02109%
3379 code (7XTB73-APCCB48) checked. Verified: 834613. isIdOk: 176. Prob: 0.02109%
3380 code (714273-APCC49M) checked. Verified: 834860. isIdOk: 176. Prob: 0.02108%
3381 code (7P7H73-APCC4P3) checked. Verified: 835107. isIdOk: 176. Prob: 0.02108%
3382 code (73PE73-APCC0E1) checked. Verified: 835354. isIdOk: 176. Prob: 0.02107%
3383 code (72C973-APCH720) checked. Verified: 835601. isIdOk: 176. Prob: 0.02106%
3384 code (7ABX73-APCHC3P) checked. Verified: 835848. isIdOk: 176. Prob: 0.02106%
3385 code (7C6P73-APCHC2K) checked. Verified: 836095. isIdOk: 176. Prob: 0.02105%
3386 code (7HAC73-APCHCK9) checked. Verified: 836342. isIdOk: 176. Prob: 0.02104%
3387 code (C36B73-APCHCBB) checked. Verified: 836589. isIdOk: 176. Prob: 0.02104%
3388 code (7EC173-APCHH98) checked. Verified: 836836. isIdOk: 176. Prob: 0.02103%
3389 code (727E73-APCH3C2) checked. Verified: 837083. isIdOk: 176. Prob: 0.02103%
3390 code (73T373-APCH3PE) checked. Verified: 837330. isIdOk: 177. Prob: 0.02114%
3391 code (C6HC73-APCH3MC) checked. Verified: 837577. isIdOk: 177. Prob: 0.02113%
3392 code (705473-APCHT5B) checked. Verified: 837824. isIdOk: 177. Prob: 0.02113%
3393 code (7EE173-APCHTX6) checked. Verified: 838071. isIdOk: 177. Prob: 0.02112%
3394 code (CAT673-APCHTB3) checked. Verified: 838318. isIdOk: 178. Prob: 0.02123%
3395 code (C7P673-APCH55B) checked. Verified: 838565. isIdOk: 178. Prob: 0.02123%
3396 code (73AA73-APCH5P6) checked. Verified: 838812. isIdOk: 178. Prob: 0.02122%
3397 code (7MBE73-APCH2E8) checked. Verified: 839059. isIdOk: 178. Prob: 0.02121%
3398 code (77XE73-APCHEC4) checked. Verified: 839306. isIdOk: 178. Prob: 0.02121%
3399 code (73T473-APCHEAE) checked. Verified: 839553. isIdOk: 178. Prob: 0.0212%
3400 code (7EBK73-APCHE82) checked. Verified: 839800. isIdOk: 179. Prob: 0.02131%
3401 code (792P73-APCH668) checked. Verified: 840047. isIdOk: 179. Prob: 0.02131%
3402 code (767173-APCH970) checked. Verified: 840294. isIdOk: 179. Prob: 0.0213%
3403 code (72A173-APCH9XP) checked. Verified: 840541. isIdOk: 179. Prob: 0.0213%
3404 code (75M873-APCHKEB) checked. Verified: 840788. isIdOk: 179. Prob: 0.02129%
3405 code (764T73-APCHK01) checked. Verified: 841035. isIdOk: 179. Prob: 0.02128%
3406 code (76P373-APCHPMH) checked. Verified: 841282. isIdOk: 179. Prob: 0.02128%
3407 code (7HE073-APCHP0H) checked. Verified: 841529. isIdOk: 179. Prob: 0.02127%
3408 code (721H73-APCH1CP) checked. Verified: 841776. isIdOk: 179. Prob: 0.02126%
3409 code (C4H873-APCH157) checked. Verified: 842023. isIdOk: 179. Prob: 0.02126%
3410 code (79M073-APCH16M) checked. Verified: 842270. isIdOk: 179. Prob: 0.02125%
3411 code (7C5A73-APCHAEB) checked. Verified: 842517. isIdOk: 179. Prob: 0.02125%
3412 code (CEE573-APCHA00) checked. Verified: 842764. isIdOk: 179. Prob: 0.02124%
3413 code (7TTA73-APCHX7B) checked. Verified: 843011. isIdOk: 179. Prob: 0.02123%
3414 code (7C4173-APCHXKX) checked. Verified: 843258. isIdOk: 179. Prob: 0.02123%
3415 code (77H873-APCH8TX) checked. Verified: 843505. isIdOk: 180. Prob: 0.02134%
3416 code (7TAX73-APCH84H) checked. Verified: 843752. isIdOk: 181. Prob: 0.02145%
3417 code (74KM73-APCHBP5) checked. Verified: 843999. isIdOk: 181. Prob: 0.02145%
3418 code (7EC973-APCH4TP) checked. Verified: 844246. isIdOk: 181. Prob: 0.02144%
3419 code (726X73-APCH41E) checked. Verified: 844493. isIdOk: 181. Prob: 0.02143%
3420 code (765C73-APCH4M1) checked. Verified: 844740. isIdOk: 181. Prob: 0.02143%
3421 code (775C73-APCH028) checked. Verified: 844987. isIdOk: 181. Prob: 0.02142%
3422 code (7E8P73-APC372K) checked. Verified: 845234. isIdOk: 181. Prob: 0.02141%
3423 code (79K373-APC3CH4) checked. Verified: 845481. isIdOk: 181. Prob: 0.02141%
3424 code (7P8073-APC3C3E) checked. Verified: 845728. isIdOk: 181. Prob: 0.0214%
3425 code (778H73-APC3CPP) checked. Verified: 845975. isIdOk: 181. Prob: 0.0214%
3426 code (7M5A73-APC3C12) checked. Verified: 846222. isIdOk: 182. Prob: 0.02151%
3427 code (725073-APC3HC9) checked. Verified: 846469. isIdOk: 182. Prob: 0.0215%
3428 code (738B73-APC33CX) checked. Verified: 846716. isIdOk: 182. Prob: 0.02149%
3429 code (7P9973-APC3394) checked. Verified: 846963. isIdOk: 182. Prob: 0.02149%
3430 code (7KP573-APC3T7H) checked. Verified: 847210. isIdOk: 182. Prob: 0.02148%
3431 code (7C5T73-APC3T2E) checked. Verified: 847457. isIdOk: 182. Prob: 0.02148%
3432 code (7E9673-APC35TB) checked. Verified: 847704. isIdOk: 182. Prob: 0.02147%
3433 code (CCHB73-APC35E6) checked. Verified: 847951. isIdOk: 182. Prob: 0.02146%
3434 code (757T73-APC35AC) checked. Verified: 848198. isIdOk: 182. Prob: 0.02146%
3435 code (C36773-APC35A0) checked. Verified: 848445. isIdOk: 182. Prob: 0.02145%
3436 code (78KP73-APC35XE) checked. Verified: 848692. isIdOk: 182. Prob: 0.02144%
3437 code (726073-APC3293) checked. Verified: 848939. isIdOk: 182. Prob: 0.02144%
3438 code (72BT73-APC3E5E) checked. Verified: 849186. isIdOk: 182. Prob: 0.02143%
3439 code (7C6673-APC3E2B) checked. Verified: 849433. isIdOk: 182. Prob: 0.02143%
3440 code (75A073-APC3E1E) checked. Verified: 849680. isIdOk: 182. Prob: 0.02142%
3441 code (7TMA73-APC3699) checked. Verified: 849927. isIdOk: 182. Prob: 0.02141%
3442 code (7EM073-APC396H) checked. Verified: 850174. isIdOk: 182. Prob: 0.02141%
3443 code (721C73-APC3KHA) checked. Verified: 850421. isIdOk: 182. Prob: 0.0214%
3444 code (7K6473-APC3K59) checked. Verified: 850668. isIdOk: 182. Prob: 0.02139%
3445 code (7APP73-APC3PC3) checked. Verified: 850915. isIdOk: 182. Prob: 0.02139%
3446 code (792573-APC3P0M) checked. Verified: 851162. isIdOk: 182. Prob: 0.02138%
3447 code (7TP073-APC319P) checked. Verified: 851409. isIdOk: 182. Prob: 0.02138%
3448 code (77X373-APC3A51) checked. Verified: 851656. isIdOk: 182. Prob: 0.02137%
3449 code (7H4473-APC3M77) checked. Verified: 851903. isIdOk: 182. Prob: 0.02136%
3450 code (779473-APC3M99) checked. Verified: 852150. isIdOk: 182. Prob: 0.02136%
3451 code (75AH73-APC3M07) checked. Verified: 852397. isIdOk: 182. Prob: 0.02135%
3452 code (760H73-APC3XK0) checked. Verified: 852644. isIdOk: 182. Prob: 0.02135%
3453 code (758B73-APC38E5) checked. Verified: 852891. isIdOk: 182. Prob: 0.02134%
3454 code (7KKH73-APC3B34) checked. Verified: 853138. isIdOk: 182. Prob: 0.02133%
3455 code (77C673-APC3B13) checked. Verified: 853385. isIdOk: 182. Prob: 0.02133%
3456 code (7X7H73-APC3B8A) checked. Verified: 853632. isIdOk: 182. Prob: 0.02132%
3457 code (799873-APC34E1) checked. Verified: 853879. isIdOk: 182. Prob: 0.02131%
3458 code (7K6X73-APC34AC) checked. Verified: 854126. isIdOk: 182. Prob: 0.02131%
3459 code (7EE573-APC34B0) checked. Verified: 854373. isIdOk: 182. Prob: 0.0213%
3460 code (792673-APC30B4) checked. Verified: 854620. isIdOk: 182. Prob: 0.0213%
3461 code (7HXM73-APCT7E1) checked. Verified: 854867. isIdOk: 182. Prob: 0.02129%
3462 code (760173-APCT765) checked. Verified: 855114. isIdOk: 182. Prob: 0.02128%
3463 code (768273-APCTCTE) checked. Verified: 855361. isIdOk: 182. Prob: 0.02128%
3464 code (70AE73-APCTC02) checked. Verified: 855608. isIdOk: 182. Prob: 0.02127%
3465 code (CATP73-APCTHH5) checked. Verified: 855855. isIdOk: 182. Prob: 0.02127%
3466 code (75KT73-APCT3C7) checked. Verified: 856102. isIdOk: 182. Prob: 0.02126%
3467 code (7K4373-APCT3PH) checked. Verified: 856349. isIdOk: 182. Prob: 0.02125%
3468 code (75PC73-APCT3X7) checked. Verified: 856596. isIdOk: 182. Prob: 0.02125%
3469 code (7P6373-APCTTC8) checked. Verified: 856843. isIdOk: 182. Prob: 0.02124%
3470 code (722E73-APCTT40) checked. Verified: 857090. isIdOk: 182. Prob: 0.02123%
3471 code (72H173-APCT57K) checked. Verified: 857337. isIdOk: 182. Prob: 0.02123%
3472 code (7H1K73-APCT581) checked. Verified: 857584. isIdOk: 182. Prob: 0.02122%
3473 code (76CT73-APCT27M) checked. Verified: 857831. isIdOk: 183. Prob: 0.02133%
3474 code (7TKB73-APCT2P9) checked. Verified: 858078. isIdOk: 183. Prob: 0.02133%
3475 code (7MM273-APCTE3A) checked. Verified: 858325. isIdOk: 183. Prob: 0.02132%
3476 code (CTP373-APCTEXE) checked. Verified: 858572. isIdOk: 183. Prob: 0.02131%
3477 code (7C0573-APCT69H) checked. Verified: 858819. isIdOk: 183. Prob: 0.02131%
3478 code (7BET73-APCT6KB) checked. Verified: 859066. isIdOk: 183. Prob: 0.0213%
3479 code (7CK473-APCT643) checked. Verified: 859313. isIdOk: 183. Prob: 0.0213%
3480 code (779773-APCT992) checked. Verified: 859560. isIdOk: 183. Prob: 0.02129%
3481 code (HE8173-APCTK91) checked. Verified: 859807. isIdOk: 183. Prob: 0.02128%
3482 code (7KH773-APCTK0C) checked. Verified: 860054. isIdOk: 183. Prob: 0.02128%
3483 code (7CE873-APCTPE7) checked. Verified: 860301. isIdOk: 183. Prob: 0.02127%
3484 code (7K0B73-APCT122) checked. Verified: 860548. isIdOk: 183. Prob: 0.02127%
3485 code (7EP873-APCT1X1) checked. Verified: 860795. isIdOk: 183. Prob: 0.02126%
3486 code (78P673-APCTACX) checked. Verified: 861042. isIdOk: 183. Prob: 0.02125%
3487 code (753H73-APCTA06) checked. Verified: 861289. isIdOk: 183. Prob: 0.02125%
3488 code (7T8773-APCTM39) checked. Verified: 861536. isIdOk: 183. Prob: 0.02124%
3489 code (77A873-APCTMM5) checked. Verified: 861783. isIdOk: 183. Prob: 0.02124%
3490 code (71H073-APCTXK6) checked. Verified: 862030. isIdOk: 183. Prob: 0.02123%
3491 code (723T73-APCTXB9) checked. Verified: 862277. isIdOk: 183. Prob: 0.02122%
3492 code (7P9973-APCT87H) checked. Verified: 862524. isIdOk: 183. Prob: 0.02122%
3493 code (7B8T73-APCT84P) checked. Verified: 862771. isIdOk: 183. Prob: 0.02121%
3494 code (7CT773-APCTB06) checked. Verified: 863018. isIdOk: 184. Prob: 0.02132%
3495 code (7PBB73-APCT4XB) checked. Verified: 863265. isIdOk: 185. Prob: 0.02143%
3496 code (75BA73-APCT447) checked. Verified: 863512. isIdOk: 185. Prob: 0.02142%
3497 code (7PHC73-APCT0X7) checked. Verified: 863759. isIdOk: 185. Prob: 0.02142%
3498 code (717T73-APCT04B) checked. Verified: 864006. isIdOk: 185. Prob: 0.02141%
3499 code (71KH73-APC5738) checked. Verified: 864253. isIdOk: 185. Prob: 0.02141%
3500 code (C53273-APC57E0) checked. Verified: 864500. isIdOk: 185. Prob: 0.0214%
3501 code (7HK173-APC5CH2) checked. Verified: 864747. isIdOk: 185. Prob: 0.02139%
3502 code (H3M773-APC5HHX) checked. Verified: 864994. isIdOk: 185. Prob: 0.02139%
3503 code (C57A73-APC5HMK) checked. Verified: 865241. isIdOk: 185. Prob: 0.02138%
3504 code (722273-APC536P) checked. Verified: 865488. isIdOk: 185. Prob: 0.02138%
3505 code (7HCT73-APC53XH) checked. Verified: 865735. isIdOk: 185. Prob: 0.02137%
3506 code (CK0H73-APC5T2H) checked. Verified: 865982. isIdOk: 185. Prob: 0.02136%
3507 code (756B73-APC5TAC) checked. Verified: 866229. isIdOk: 186. Prob: 0.02147%
3508 code (7T5M73-APC5596) checked. Verified: 866476. isIdOk: 186. Prob: 0.02147%
3509 code (H37X73-APC52EK) checked. Verified: 866723. isIdOk: 186. Prob: 0.02146%
3510 code (C19373-APC5ET4) checked. Verified: 866970. isIdOk: 186. Prob: 0.02145%
3511 code (7A1173-APC56T0) checked. Verified: 867217. isIdOk: 186. Prob: 0.02145%
3512 code (730573-APC5614) checked. Verified: 867464. isIdOk: 186. Prob: 0.02144%
3513 code (7T8273-APC59C2) checked. Verified: 867711. isIdOk: 186. Prob: 0.02144%
3514 code (7TC073-APC5917) checked. Verified: 867958. isIdOk: 186. Prob: 0.02143%
3515 code (73EE73-APC59A6) checked. Verified: 868205. isIdOk: 186. Prob: 0.02142%
3516 code (75BA73-APC59MK) checked. Verified: 868452. isIdOk: 186. Prob: 0.02142%
3517 code (775C73-APC5KAT) checked. Verified: 868699. isIdOk: 186. Prob: 0.02141%
3518 code (7K6573-APC5PAM) checked. Verified: 868946. isIdOk: 186. Prob: 0.02141%
3519 code (771C73-APC5PM1) checked. Verified: 869193. isIdOk: 186. Prob: 0.0214%
3520 code (7PBE73-APC517P) checked. Verified: 869440. isIdOk: 186. Prob: 0.02139%
3521 code (7H4P73-APC51C3) checked. Verified: 869687. isIdOk: 186. Prob: 0.02139%
3522 code (7KT673-APC514C) checked. Verified: 869934. isIdOk: 186. Prob: 0.02138%
3523 code (7E9H73-APC5A8E) checked. Verified: 870181. isIdOk: 186. Prob: 0.02137%
3524 code (735173-APC5M9E) checked. Verified: 870428. isIdOk: 186. Prob: 0.02137%
3525 code (776473-APC5M1H) checked. Verified: 870675. isIdOk: 186. Prob: 0.02136%
3526 code (72M473-APC5M07) checked. Verified: 870922. isIdOk: 186. Prob: 0.02136%
3527 code (74A973-APC5XK0) checked. Verified: 871169. isIdOk: 186. Prob: 0.02135%
3528 code (7XK473-APC5X0A) checked. Verified: 871416. isIdOk: 186. Prob: 0.02134%
3529 code (75XB73-APC58B8) checked. Verified: 871663. isIdOk: 187. Prob: 0.02145%
3530 code (73EH73-APC5BT1) checked. Verified: 871910. isIdOk: 187. Prob: 0.02145%
3531 code (7C6P73-APC5BP3) checked. Verified: 872157. isIdOk: 187. Prob: 0.02144%
3532 code (7CM673-APC54H1) checked. Verified: 872404. isIdOk: 187. Prob: 0.02144%
3533 code (76K773-APC54B5) checked. Verified: 872651. isIdOk: 187. Prob: 0.02143%
3534 code (7C4A73-APC5022) checked. Verified: 872898. isIdOk: 187. Prob: 0.02142%
3535 code (72KK73-APC277C) checked. Verified: 873145. isIdOk: 187. Prob: 0.02142%
3536 code (795A73-APC279H) checked. Verified: 873392. isIdOk: 187. Prob: 0.02141%
3537 code (7CPC73-APC27P3) checked. Verified: 873639. isIdOk: 187. Prob: 0.0214%
3538 code (7P5973-APC2C23) checked. Verified: 873886. isIdOk: 187. Prob: 0.0214%
3539 code (7ATT73-APC2C17) checked. Verified: 874133. isIdOk: 187. Prob: 0.02139%
3540 code (7B2X73-APC2HK7) checked. Verified: 874380. isIdOk: 187. Prob: 0.02139%
3541 code (CXCH73-APC23H5) checked. Verified: 874627. isIdOk: 187. Prob: 0.02138%
3542 code (77B673-APC23KP) checked. Verified: 874874. isIdOk: 187. Prob: 0.02137%
3543 code (CKAP73-APC23PT) checked. Verified: 875121. isIdOk: 187. Prob: 0.02137%
3544 code (707B73-APC2TP8) checked. Verified: 875368. isIdOk: 187. Prob: 0.02136%
3545 code (79H873-APC2553) checked. Verified: 875615. isIdOk: 187. Prob: 0.02136%
3546 code (7M8573-APC2558) checked. Verified: 875862. isIdOk: 187. Prob: 0.02135%
3547 code (7HH473-APC22CB) checked. Verified: 876109. isIdOk: 187. Prob: 0.02134%
3548 code (769173-APC22XH) checked. Verified: 876356. isIdOk: 187. Prob: 0.02134%
3549 code (7CA273-APC2248) checked. Verified: 876603. isIdOk: 187. Prob: 0.02133%
3550 code (739K73-APC2ETT) checked. Verified: 876850. isIdOk: 187. Prob: 0.02133%
3551 code (7H4P73-APC2E1B) checked. Verified: 877097. isIdOk: 187. Prob: 0.02132%
3552 code (7K5073-APC2EB5) checked. Verified: 877344. isIdOk: 187. Prob: 0.02131%
3553 code (7TB473-APC26BC) checked. Verified: 877591. isIdOk: 187. Prob: 0.02131%
3554 code (737973-APC298B) checked. Verified: 877838. isIdOk: 187. Prob: 0.0213%
3555 code (721173-APC2K69) checked. Verified: 878085. isIdOk: 187. Prob: 0.0213%
3556 code (7M2M73-APC2KB0) checked. Verified: 878332. isIdOk: 187. Prob: 0.02129%
3557 code (774273-APC2PEH) checked. Verified: 878579. isIdOk: 187. Prob: 0.02128%
3558 code (7T3B73-APC2PP0) checked. Verified: 878826. isIdOk: 187. Prob: 0.02128%
3559 code (7CA573-APC2PA4) checked. Verified: 879073. isIdOk: 187. Prob: 0.02127%
3560 code (7KPT73-APC21KA) checked. Verified: 879320. isIdOk: 187. Prob: 0.02127%
3561 code (7H9P73-APC211B) checked. Verified: 879567. isIdOk: 187. Prob: 0.02126%
3562 code (C75073-APC2APE) checked. Verified: 879814. isIdOk: 187. Prob: 0.02125%
3563 code (7T2X73-APC2A18) checked. Verified: 880061. isIdOk: 187. Prob: 0.02125%
3564 code (765673-APC2MA1) checked. Verified: 880308. isIdOk: 187. Prob: 0.02124%
3565 code (769P73-APC2XP0) checked. Verified: 880555. isIdOk: 187. Prob: 0.02124%
3566 code (76EC73-APC283T) checked. Verified: 880802. isIdOk: 187. Prob: 0.02123%
3567 code (7HXH73-APC28E6) checked. Verified: 881049. isIdOk: 187. Prob: 0.02122%
3568 code (CCKK73-APC28E9) checked. Verified: 881296. isIdOk: 187. Prob: 0.02122%
3569 code (7H0X73-APC286E) checked. Verified: 881543. isIdOk: 187. Prob: 0.02121%
3570 code (7HH673-APC2866) checked. Verified: 881790. isIdOk: 187. Prob: 0.02121%
3571 code (7EXK73-APC2809) checked. Verified: 882037. isIdOk: 187. Prob: 0.0212%
3572 code (78M873-APC2B0H) checked. Verified: 882284. isIdOk: 187. Prob: 0.02119%
3573 code (7ECH73-APC2493) checked. Verified: 882531. isIdOk: 187. Prob: 0.02119%
3574 code (704873-APC24P9) checked. Verified: 882778. isIdOk: 187. Prob: 0.02118%
3575 code (7C1673-APC2054) checked. Verified: 883025. isIdOk: 187. Prob: 0.02118%
3576 code (CT4273-APC20AK) checked. Verified: 883272. isIdOk: 187. Prob: 0.02117%
3577 code (755673-APCE711) checked. Verified: 883519. isIdOk: 188. Prob: 0.02128%
3578 code (7A1E73-APCE7MX) checked. Verified: 883766. isIdOk: 188. Prob: 0.02127%
3579 code (765173-APCEC23) checked. Verified: 884013. isIdOk: 188. Prob: 0.02127%
3580 code (790573-APCEC6E) checked. Verified: 884260. isIdOk: 188. Prob: 0.02126%
3581 code (7KX573-APCECAT) checked. Verified: 884507. isIdOk: 188. Prob: 0.02125%
3582 code (7TC273-APCECMM) checked. Verified: 884754. isIdOk: 189. Prob: 0.02136%
3583 code (72A873-APCEH71) checked. Verified: 885001. isIdOk: 189. Prob: 0.02136%
3584 code (C35073-APCEHX5) checked. Verified: 885248. isIdOk: 189. Prob: 0.02135%
3585 code (7BTH73-APCE3AH) checked. Verified: 885495. isIdOk: 189. Prob: 0.02134%
3586 code (C1C173-APCET65) checked. Verified: 885742. isIdOk: 189. Prob: 0.02134%
3587 code (7HM373-APCETB1) checked. Verified: 885989. isIdOk: 189. Prob: 0.02133%
3588 code (76HX73-APCE52M) checked. Verified: 886236. isIdOk: 189. Prob: 0.02133%
3589 code (7K4H73-APCE2TK) checked. Verified: 886483. isIdOk: 189. Prob: 0.02132%
3590 code (799373-APCE214) checked. Verified: 886730. isIdOk: 189. Prob: 0.02131%
3591 code (C59P73-APCEEAC) checked. Verified: 886977. isIdOk: 189. Prob: 0.02131%
3592 code (7MEA73-APCE6CK) checked. Verified: 887224. isIdOk: 189. Prob: 0.0213%
3593 code (777673-APCE6TB) checked. Verified: 887471. isIdOk: 189. Prob: 0.0213%
3594 code (732473-APCE69X) checked. Verified: 887718. isIdOk: 189. Prob: 0.02129%
3595 code (7T4873-APCE96T) checked. Verified: 887965. isIdOk: 189. Prob: 0.02128%
3596 code (7KE373-APCE99M) checked. Verified: 888212. isIdOk: 189. Prob: 0.02128%
3597 code (7E7P73-APCEK9A) checked. Verified: 888459. isIdOk: 189. Prob: 0.02127%
3598 code (70B873-APCEPEA) checked. Verified: 888706. isIdOk: 189. Prob: 0.02127%
3599 code (79BB73-APCEP4K) checked. Verified: 888953. isIdOk: 189. Prob: 0.02126%
3600 code (7KE573-APCE1B2) checked. Verified: 889200. isIdOk: 189. Prob: 0.02126%
3601 code (7HP773-APCEAA1) checked. Verified: 889447. isIdOk: 189. Prob: 0.02125%
3602 code (76EB73-APCEAA0) checked. Verified: 889694. isIdOk: 189. Prob: 0.02124%
3603 code (73BX73-APCEMHE) checked. Verified: 889941. isIdOk: 189. Prob: 0.02124%
3604 code (C68A73-APCEM2A) checked. Verified: 890188. isIdOk: 189. Prob: 0.02123%
3605 code (79K573-APCEXH2) checked. Verified: 890435. isIdOk: 189. Prob: 0.02123%
3606 code (7X1173-APCEX42) checked. Verified: 890682. isIdOk: 189. Prob: 0.02122%
3607 code (7HP673-APCE8A6) checked. Verified: 890929. isIdOk: 189. Prob: 0.02121%
3608 code (726M73-APCE8X8) checked. Verified: 891176. isIdOk: 189. Prob: 0.02121%
3609 code (7ETP73-APCE84A) checked. Verified: 891423. isIdOk: 189. Prob: 0.0212%
3610 code (C7HP73-APCEB6P) checked. Verified: 891670. isIdOk: 189. Prob: 0.0212%
3611 code (7K2573-APCE434) checked. Verified: 891917. isIdOk: 189. Prob: 0.02119%
3612 code (77P373-APCE45K) checked. Verified: 892164. isIdOk: 189. Prob: 0.02118%
3613 code (762M73-APCE4P0) checked. Verified: 892411. isIdOk: 189. Prob: 0.02118%
3614 code (C6TB73-APCE0C0) checked. Verified: 892658. isIdOk: 189. Prob: 0.02117%
3615 code (73M073-APC67C3) checked. Verified: 892905. isIdOk: 189. Prob: 0.02117%
3616 code (7CKP73-APC67K5) checked. Verified: 893152. isIdOk: 189. Prob: 0.02116%
3617 code (75H273-APC6700) checked. Verified: 893399. isIdOk: 189. Prob: 0.02116%
3618 code (C30M73-APC6C68) checked. Verified: 893646. isIdOk: 189. Prob: 0.02115%
3619 code (752173-APC6C80) checked. Verified: 893893. isIdOk: 189. Prob: 0.02114%
3620 code (76M373-APC6HKM) checked. Verified: 894140. isIdOk: 189. Prob: 0.02114%
3621 code (7HEX73-APC6HA2) checked. Verified: 894387. isIdOk: 189. Prob: 0.02113%
3622 code (7CC773-APC631T) checked. Verified: 894634. isIdOk: 189. Prob: 0.02113%
3623 code (771573-APC63B1) checked. Verified: 894881. isIdOk: 189. Prob: 0.02112%
3624 code (77E973-APC6TP6) checked. Verified: 895128. isIdOk: 189. Prob: 0.02111%
3625 code (7KXK73-APC6573) checked. Verified: 895375. isIdOk: 189. Prob: 0.02111%
3626 code (7E6E73-APC65X0) checked. Verified: 895622. isIdOk: 189. Prob: 0.0211%
3627 code (7PEP73-APC62ET) checked. Verified: 895869. isIdOk: 189. Prob: 0.0211%
3628 code (CTH973-APC6EEX) checked. Verified: 896116. isIdOk: 189. Prob: 0.02109%
3629 code (7H0473-APC6EPK) checked. Verified: 896363. isIdOk: 189. Prob: 0.02109%
3630 code (HKA073-APC66PK) checked. Verified: 896610. isIdOk: 189. Prob: 0.02108%
3631 code (7HCM73-APC66B3) checked. Verified: 896857. isIdOk: 189. Prob: 0.02107%
3632 code (7HCB73-APC6924) checked. Verified: 897104. isIdOk: 190. Prob: 0.02118%
3633 code (70BK73-APC69K0) checked. Verified: 897351. isIdOk: 190. Prob: 0.02117%
3634 code (762673-APC6KPP) checked. Verified: 897598. isIdOk: 191. Prob: 0.02128%
3635 code (770173-APC6P77) checked. Verified: 897845. isIdOk: 191. Prob: 0.02127%
3636 code (7MMK73-APC6PH9) checked. Verified: 898092. isIdOk: 191. Prob: 0.02127%
3637 code (73H173-APC6133) checked. Verified: 898339. isIdOk: 191. Prob: 0.02126%
3638 code (7HBA73-APC613M) checked. Verified: 898586. isIdOk: 191. Prob: 0.02126%
3639 code (7AT573-APC61PX) checked. Verified: 898833. isIdOk: 191. Prob: 0.02125%
3640 code (7X4E73-APC618H) checked. Verified: 899080. isIdOk: 191. Prob: 0.02124%
3641 code (713473-APC6A78) checked. Verified: 899327. isIdOk: 191. Prob: 0.02124%
3642 code (777H73-APC6M7H) checked. Verified: 899574. isIdOk: 191. Prob: 0.02123%
3643 code (7HEA73-APC6MHH) checked. Verified: 899821. isIdOk: 191. Prob: 0.02123%
3644 code (7P2M73-APC6M4T) checked. Verified: 900068. isIdOk: 192. Prob: 0.02133%
3645 code (7APX73-APC6XPA) checked. Verified: 900315. isIdOk: 192. Prob: 0.02133%
3646 code (7MC173-APC681T) checked. Verified: 900562. isIdOk: 192. Prob: 0.02132%
3647 code (73MC73-APC6BAH) checked. Verified: 900809. isIdOk: 193. Prob: 0.02143%
3648 code (73H273-APC647X) checked. Verified: 901056. isIdOk: 193. Prob: 0.02142%
3649 code (774973-APC64X1) checked. Verified: 901303. isIdOk: 193. Prob: 0.02141%
3650 code (7TTH73-APC60MT) checked. Verified: 901550. isIdOk: 193. Prob: 0.02141%
3651 code (7KX673-APC60XH) checked. Verified: 901797. isIdOk: 193. Prob: 0.0214%
3652 code (728773-APC97A1) checked. Verified: 902044. isIdOk: 193. Prob: 0.0214%
3653 code (7TE173-APC9C11) checked. Verified: 902291. isIdOk: 193. Prob: 0.02139%
3654 code (758673-APC9HC0) checked. Verified: 902538. isIdOk: 193. Prob: 0.02138%
3655 code (7HK273-APC9HH4) checked. Verified: 902785. isIdOk: 193. Prob: 0.02138%
3656 code (729H73-APC9HP0) checked. Verified: 903032. isIdOk: 193. Prob: 0.02137%
3657 code (7A7573-APC93HE) checked. Verified: 903279. isIdOk: 193. Prob: 0.02137%
3658 code (7MM673-APC93H6) checked. Verified: 903526. isIdOk: 193. Prob: 0.02136%
3659 code (776B73-APC9T7H) checked. Verified: 903773. isIdOk: 193. Prob: 0.02135%
3660 code (7TC373-APC9TC2) checked. Verified: 904020. isIdOk: 193. Prob: 0.02135%
3661 code (773973-APC957E) checked. Verified: 904267. isIdOk: 193. Prob: 0.02134%
3662 code (CTEA73-APC950B) checked. Verified: 904514. isIdOk: 193. Prob: 0.02134%
3663 code (73K573-APC9224) checked. Verified: 904761. isIdOk: 193. Prob: 0.02133%
3664 code (CC5273-APC9EHA) checked. Verified: 905008. isIdOk: 193. Prob: 0.02133%
3665 code (7E5773-APC9E18) checked. Verified: 905255. isIdOk: 193. Prob: 0.02132%
3666 code (C70773-APC9E44) checked. Verified: 905502. isIdOk: 193. Prob: 0.02131%
3667 code (C2BT73-APC96C7) checked. Verified: 905749. isIdOk: 193. Prob: 0.02131%
3668 code (749673-APC9655) checked. Verified: 905996. isIdOk: 193. Prob: 0.0213%
3669 code (C9CT73-APC965E) checked. Verified: 906243. isIdOk: 193. Prob: 0.0213%
3670 code (788K73-APC9688) checked. Verified: 906490. isIdOk: 193. Prob: 0.02129%
3671 code (7CPK73-APC99HB) checked. Verified: 906737. isIdOk: 193. Prob: 0.02129%
3672 code (7TMX73-APC993B) checked. Verified: 906984. isIdOk: 193. Prob: 0.02128%
3673 code (7TK173-APC9KHC) checked. Verified: 907231. isIdOk: 193. Prob: 0.02127%
3674 code (738T73-APC9PCB) checked. Verified: 907478. isIdOk: 193. Prob: 0.02127%
3675 code (CT0373-APC9PX1) checked. Verified: 907725. isIdOk: 193. Prob: 0.02126%
3676 code (7M7973-APC9PBA) checked. Verified: 907972. isIdOk: 193. Prob: 0.02126%
3677 code (72TC73-APC918C) checked. Verified: 908219. isIdOk: 193. Prob: 0.02125%
3678 code (76T373-APC9106) checked. Verified: 908466. isIdOk: 193. Prob: 0.02124%
3679 code (C24973-APC9AP5) checked. Verified: 908713. isIdOk: 193. Prob: 0.02124%
3680 code (C9EK73-APC9MT6) checked. Verified: 908960. isIdOk: 193. Prob: 0.02123%
3681 code (7PE473-APC9MET) checked. Verified: 909207. isIdOk: 193. Prob: 0.02123%
3682 code (7C5P73-APC9XH2) checked. Verified: 909454. isIdOk: 193. Prob: 0.02122%
3683 code (75M573-APC9X91) checked. Verified: 909701. isIdOk: 193. Prob: 0.02122%
3684 code (CXX173-APC98KT) checked. Verified: 909948. isIdOk: 193. Prob: 0.02121%
3685 code (7HB373-APC9B90) checked. Verified: 910195. isIdOk: 194. Prob: 0.02131%
3686 code (73MT73-APC9BPK) checked. Verified: 910442. isIdOk: 194. Prob: 0.02131%
3687 code (73MP73-APC94CH) checked. Verified: 910689. isIdOk: 194. Prob: 0.0213%
3688 code (7KKC73-APC949X) checked. Verified: 910936. isIdOk: 194. Prob: 0.0213%
3689 code (73M673-APC94PA) checked. Verified: 911183. isIdOk: 194. Prob: 0.02129%
3690 code (75HK73-APC90H4) checked. Verified: 911430. isIdOk: 194. Prob: 0.02129%
3691 code (7A3873-APC90A2) checked. Verified: 911677. isIdOk: 194. Prob: 0.02128%
3692 code (7TTB73-APCK797) checked. Verified: 911924. isIdOk: 194. Prob: 0.02127%
3693 code (78AB73-APCKC29) checked. Verified: 912171. isIdOk: 194. Prob: 0.02127%
3694 code (C8HX73-APCKHH4) checked. Verified: 912418. isIdOk: 194. Prob: 0.02126%
3695 code (7XM073-APCKHXH) checked. Verified: 912665. isIdOk: 194. Prob: 0.02126%
3696 code (78EK73-APCK3T1) checked. Verified: 912912. isIdOk: 194. Prob: 0.02125%
3697 code (795C73-APCK36C) checked. Verified: 913159. isIdOk: 194. Prob: 0.02124%
3698 code (7H7773-APCKTTH) checked. Verified: 913406. isIdOk: 194. Prob: 0.02124%
3699 code (71PX73-APCK5C4) checked. Verified: 913653. isIdOk: 194. Prob: 0.02123%
3700 code (76XB73-APCK58K) checked. Verified: 913900. isIdOk: 194. Prob: 0.02123%
3701 code (CKCA73-APCK22E) checked. Verified: 914147. isIdOk: 194. Prob: 0.02122%
3702 code (HT6173-APCK228) checked. Verified: 914394. isIdOk: 194. Prob: 0.02122%
3703 code (7EHH73-APCK294) checked. Verified: 914641. isIdOk: 194. Prob: 0.02121%
3704 code (7H0373-APCK2MT) checked. Verified: 914888. isIdOk: 194. Prob: 0.0212%
3705 code (7K0173-APCK2X1) checked. Verified: 915135. isIdOk: 194. Prob: 0.0212%
3706 code (79H773-APCKE59) checked. Verified: 915382. isIdOk: 194. Prob: 0.02119%
3707 code (7T3473-APCKEAE) checked. Verified: 915629. isIdOk: 194. Prob: 0.02119%
3708 code (730B73-APCK67P) checked. Verified: 915876. isIdOk: 194. Prob: 0.02118%
3709 code (77P773-APCK69C) checked. Verified: 916123. isIdOk: 194. Prob: 0.02118%
3710 code (7C7373-APCK99H) checked. Verified: 916370. isIdOk: 194. Prob: 0.02117%
3711 code (C24M73-APCK908) checked. Verified: 916617. isIdOk: 194. Prob: 0.02116%
3712 code (7KT673-APCKKHK) checked. Verified: 916864. isIdOk: 194. Prob: 0.02116%
3713 code (72EB73-APCKKM0) checked. Verified: 917111. isIdOk: 194. Prob: 0.02115%
3714 code (733873-APCKPT1) checked. Verified: 917358. isIdOk: 194. Prob: 0.02115%
3715 code (708273-APCKP62) checked. Verified: 917605. isIdOk: 194. Prob: 0.02114%
3716 code (7H3273-APCKPM1) checked. Verified: 917852. isIdOk: 194. Prob: 0.02114%
3717 code (774C73-APCK178) checked. Verified: 918099. isIdOk: 194. Prob: 0.02113%
3718 code (7MM073-APCK144) checked. Verified: 918346. isIdOk: 194. Prob: 0.02112%
3719 code (7K5X73-APCKA59) checked. Verified: 918593. isIdOk: 194. Prob: 0.02112%
3720 code (77H173-APCKAK5) checked. Verified: 918840. isIdOk: 194. Prob: 0.02111%
3721 code (724C73-APCKM92) checked. Verified: 919087. isIdOk: 194. Prob: 0.02111%
3722 code (756B73-APCKM10) checked. Verified: 919334. isIdOk: 194. Prob: 0.0211%
3723 code (737373-APCKMX8) checked. Verified: 919581. isIdOk: 194. Prob: 0.0211%
3724 code (77PC73-APCKXH5) checked. Verified: 919828. isIdOk: 194. Prob: 0.02109%
3725 code (771A73-APCKX6E) checked. Verified: 920075. isIdOk: 194. Prob: 0.02109%
3726 code (7C5T73-APCK86C) checked. Verified: 920322. isIdOk: 194. Prob: 0.02108%
3727 code (7P7T73-APCK80M) checked. Verified: 920569. isIdOk: 194. Prob: 0.02107%
3728 code (7XH673-APCKBA1) checked. Verified: 920816. isIdOk: 195. Prob: 0.02118%
3729 code (7XB773-APCK45H) checked. Verified: 921063. isIdOk: 195. Prob: 0.02117%
3730 code (778373-APCK428) checked. Verified: 921310. isIdOk: 195. Prob: 0.02117%
3731 code (7H6973-APCK02M) checked. Verified: 921557. isIdOk: 195. Prob: 0.02116%
3732 code (7C6E73-APCK0B2) checked. Verified: 921804. isIdOk: 195. Prob: 0.02115%
3733 code (7TK773-APCK008) checked. Verified: 922051. isIdOk: 195. Prob: 0.02115%
3734 code (778973-APCP7XX) checked. Verified: 922298. isIdOk: 195. Prob: 0.02114%
3735 code (7HBE73-APCPCH9) checked. Verified: 922545. isIdOk: 195. Prob: 0.02114%
3736 code (77T573-APCPCMB) checked. Verified: 922792. isIdOk: 195. Prob: 0.02113%
3737 code (7T7873-APCPHA9) checked. Verified: 923039. isIdOk: 195. Prob: 0.02113%
3738 code (HT3473-APCPH89) checked. Verified: 923286. isIdOk: 195. Prob: 0.02112%
3739 code (C3TX73-APCPHBX) checked. Verified: 923533. isIdOk: 195. Prob: 0.02111%
3740 code (734373-APCP3C9) checked. Verified: 923780. isIdOk: 195. Prob: 0.02111%
3741 code (70BM73-APCP329) checked. Verified: 924027. isIdOk: 195. Prob: 0.0211%
3742 code (743X73-APCP361) checked. Verified: 924274. isIdOk: 195. Prob: 0.0211%
3743 code (7HEH73-APCPTH5) checked. Verified: 924521. isIdOk: 195. Prob: 0.02109%
3744 code (77B873-APCPTM5) checked. Verified: 924768. isIdOk: 195. Prob: 0.02109%
3745 code (77AP73-APCP51X) checked. Verified: 925015. isIdOk: 195. Prob: 0.02108%
3746 code (7C5P73-APCP218) checked. Verified: 925262. isIdOk: 195. Prob: 0.02108%
3747 code (78K373-APCP280) checked. Verified: 925509. isIdOk: 195. Prob: 0.02107%
3748 code (C73773-APCPEB2) checked. Verified: 925756. isIdOk: 195. Prob: 0.02106%
3749 code (C8K773-APCP6AE) checked. Verified: 926003. isIdOk: 195. Prob: 0.02106%
3750 code (70MT73-APCP9K7) checked. Verified: 926250. isIdOk: 195. Prob: 0.02105%
3751 code (7CP373-APCP9KB) checked. Verified: 926497. isIdOk: 195. Prob: 0.02105%
3752 code (7HBC73-APCPKP7) checked. Verified: 926744. isIdOk: 195. Prob: 0.02104%
3753 code (C59973-APCPKPC) checked. Verified: 926991. isIdOk: 195. Prob: 0.02104%
3754 code (7A3X73-APCPPH4) checked. Verified: 927238. isIdOk: 195. Prob: 0.02103%
3755 code (7X3273-APCP1CP) checked. Verified: 927485. isIdOk: 195. Prob: 0.02102%
3756 code (7H3173-APCP11A) checked. Verified: 927732. isIdOk: 195. Prob: 0.02102%
3757 code (73KP73-APCP14C) checked. Verified: 927979. isIdOk: 195. Prob: 0.02101%
3758 code (7M8073-APCPAP9) checked. Verified: 928226. isIdOk: 195. Prob: 0.02101%
3759 code (768C73-APCPAMK) checked. Verified: 928473. isIdOk: 195. Prob: 0.021%
3760 code (778573-APCPM3B) checked. Verified: 928720. isIdOk: 195. Prob: 0.021%
3761 code (752B73-APCPMX3) checked. Verified: 928967. isIdOk: 195. Prob: 0.02099%
3762 code (790T73-APCPX60) checked. Verified: 929214. isIdOk: 195. Prob: 0.02099%
3763 code (737B73-APCP876) checked. Verified: 929461. isIdOk: 195. Prob: 0.02098%
3764 code (744773-APCP8T7) checked. Verified: 929708. isIdOk: 195. Prob: 0.02097%
3765 code (7TK973-APCP809) checked. Verified: 929955. isIdOk: 195. Prob: 0.02097%
3766 code (792P73-APCPBH2) checked. Verified: 930202. isIdOk: 195. Prob: 0.02096%
3767 code (H55H73-APCPBXA) checked. Verified: 930449. isIdOk: 195. Prob: 0.02096%
3768 code (71KX73-APCPB4M) checked. Verified: 930696. isIdOk: 195. Prob: 0.02095%
3769 code (7HC173-APCP4ME) checked. Verified: 930943. isIdOk: 195. Prob: 0.02095%
3770 code (77CH73-APCP44C) checked. Verified: 931190. isIdOk: 195. Prob: 0.02094%
3771 code (7HX573-APCP018) checked. Verified: 931437. isIdOk: 195. Prob: 0.02094%
3772 code (7M1T73-APC17E0) checked. Verified: 931684. isIdOk: 195. Prob: 0.02093%
3773 code (CX1M73-APC17M5) checked. Verified: 931931. isIdOk: 195. Prob: 0.02092%
3774 code (7TP273-APC1C94) checked. Verified: 932178. isIdOk: 195. Prob: 0.02092%
3775 code (7EKK73-APC1CX3) checked. Verified: 932425. isIdOk: 195. Prob: 0.02091%
3776 code (CT7173-APC1H5E) checked. Verified: 932672. isIdOk: 195. Prob: 0.02091%
3777 code (75EK73-APC1HPM) checked. Verified: 932919. isIdOk: 195. Prob: 0.0209%
3778 code (71B873-APC13K6) checked. Verified: 933166. isIdOk: 195. Prob: 0.0209%
3779 code (7ETC73-APC13PK) checked. Verified: 933413. isIdOk: 195. Prob: 0.02089%
3780 code (7KP373-APC1382) checked. Verified: 933660. isIdOk: 195. Prob: 0.02089%
3781 code (H5TM73-APC1T21) checked. Verified: 933907. isIdOk: 195. Prob: 0.02088%
3782 code (HEX173-APC1T1C) checked. Verified: 934154. isIdOk: 195. Prob: 0.02087%
3783 code (7MCK73-APC15PB) checked. Verified: 934401. isIdOk: 195. Prob: 0.02087%
3784 code (CHCX73-APC151A) checked. Verified: 934648. isIdOk: 195. Prob: 0.02086%
3785 code (7TCH73-APC12K1) checked. Verified: 934895. isIdOk: 195. Prob: 0.02086%
3786 code (73CC73-APC12PB) checked. Verified: 935142. isIdOk: 196. Prob: 0.02096%
3787 code (7E4H73-APC1ECB) checked. Verified: 935389. isIdOk: 196. Prob: 0.02095%
3788 code (754173-APC1E47) checked. Verified: 935636. isIdOk: 196. Prob: 0.02095%
3789 code (7TP873-APC16TH) checked. Verified: 935883. isIdOk: 196. Prob: 0.02094%
3790 code (777573-APC162T) checked. Verified: 936130. isIdOk: 196. Prob: 0.02094%
3791 code (C7BH73-APC16BX) checked. Verified: 936377. isIdOk: 196. Prob: 0.02093%
3792 code (CKH873-APC19EB) checked. Verified: 936624. isIdOk: 196. Prob: 0.02093%
3793 code (7T1T73-APC19B4) checked. Verified: 936871. isIdOk: 196. Prob: 0.02092%
3794 code (799273-APC194X) checked. Verified: 937118. isIdOk: 196. Prob: 0.02092%
3795 code (7C7373-APC1KC4) checked. Verified: 937365. isIdOk: 196. Prob: 0.02091%
3796 code (726T73-APC1KB8) checked. Verified: 937612. isIdOk: 196. Prob: 0.0209%
3797 code (7H8E73-APC1P75) checked. Verified: 937859. isIdOk: 196. Prob: 0.0209%
3798 code (7H7373-APC1P10) checked. Verified: 938106. isIdOk: 196. Prob: 0.02089%
3799 code (7E8173-APC1126) checked. Verified: 938353. isIdOk: 196. Prob: 0.02089%
3800 code (77T773-APC11A2) checked. Verified: 938600. isIdOk: 196. Prob: 0.02088%
3801 code (77P873-APC1109) checked. Verified: 938847. isIdOk: 196. Prob: 0.02088%
3802 code (727P73-APC1AAC) checked. Verified: 939094. isIdOk: 196. Prob: 0.02087%
3803 code (779K73-APC1ABH) checked. Verified: 939341. isIdOk: 196. Prob: 0.02087%
3804 code (72M473-APC1M66) checked. Verified: 939588. isIdOk: 196. Prob: 0.02086%
3805 code (7M5E73-APC1X6H) checked. Verified: 939835. isIdOk: 196. Prob: 0.02085%
3806 code (7HEM73-APC1838) checked. Verified: 940082. isIdOk: 196. Prob: 0.02085%
3807 code (770473-APC1BHK) checked. Verified: 940329. isIdOk: 196. Prob: 0.02084%
3808 code (799473-APC1B4E) checked. Verified: 940576. isIdOk: 196. Prob: 0.02084%
3809 code (738X73-APC14HM) checked. Verified: 940823. isIdOk: 196. Prob: 0.02083%
3810 code (73E973-APC10C4) checked. Verified: 941070. isIdOk: 196. Prob: 0.02083%
3811 code (7KT073-APC10X7) checked. Verified: 941317. isIdOk: 196. Prob: 0.02082%
3812 code (738673-APCA7M5) checked. Verified: 941564. isIdOk: 196. Prob: 0.02082%
3813 code (712M73-APCAC14) checked. Verified: 941811. isIdOk: 196. Prob: 0.02081%
3814 code (7K0B73-APCAHE8) checked. Verified: 942058. isIdOk: 196. Prob: 0.02081%
3815 code (CC1K73-APCAH60) checked. Verified: 942305. isIdOk: 196. Prob: 0.0208%
3816 code (751773-APCA35A) checked. Verified: 942552. isIdOk: 197. Prob: 0.0209%
3817 code (7HEB73-APCATH4) checked. Verified: 942799. isIdOk: 197. Prob: 0.0209%
3818 code (7H2873-APCATPK) checked. Verified: 943046. isIdOk: 197. Prob: 0.02089%
3819 code (C36773-APCAT40) checked. Verified: 943293. isIdOk: 197. Prob: 0.02088%
3820 code (7KXH73-APCA5PM) checked. Verified: 943540. isIdOk: 197. Prob: 0.02088%
3821 code (77B973-APCA5A2) checked. Verified: 943787. isIdOk: 197. Prob: 0.02087%
3822 code (7HB673-APCA26C) checked. Verified: 944034. isIdOk: 197. Prob: 0.02087%
3823 code (C40373-APCA2AT) checked. Verified: 944281. isIdOk: 197. Prob: 0.02086%
3824 code (71C873-APCAEP7) checked. Verified: 944528. isIdOk: 197. Prob: 0.02086%
3825 code (75XC73-APCAEAH) checked. Verified: 944775. isIdOk: 198. Prob: 0.02096%
3826 code (7TT873-APCA63M) checked. Verified: 945022. isIdOk: 198. Prob: 0.02095%
3827 code (7C2M73-APCA68X) checked. Verified: 945269. isIdOk: 199. Prob: 0.02105%
3828 code (7T0B73-APCA971) checked. Verified: 945516. isIdOk: 199. Prob: 0.02105%
3829 code (7HK473-APCA912) checked. Verified: 945763. isIdOk: 199. Prob: 0.02104%
3830 code (7HKX73-APCA9XH) checked. Verified: 946010. isIdOk: 199. Prob: 0.02104%
3831 code (C63673-APCAKP4) checked. Verified: 946257. isIdOk: 199. Prob: 0.02103%
3832 code (759673-APCAK8K) checked. Verified: 946504. isIdOk: 199. Prob: 0.02102%
3833 code (73EC73-APCAPBE) checked. Verified: 946751. isIdOk: 199. Prob: 0.02102%
3834 code (7M1373-APCA124) checked. Verified: 946998. isIdOk: 200. Prob: 0.02112%
3835 code (73MX73-APCA165) checked. Verified: 947245. isIdOk: 200. Prob: 0.02111%
3836 code (7E3573-APCAA79) checked. Verified: 947492. isIdOk: 200. Prob: 0.02111%
3837 code (77M873-APCAA8M) checked. Verified: 947739. isIdOk: 200. Prob: 0.0211%
3838 code (H3C273-APCAMXM) checked. Verified: 947986. isIdOk: 200. Prob: 0.0211%
3839 code (CT8E73-APCAX7A) checked. Verified: 948233. isIdOk: 200. Prob: 0.02109%
3840 code (7CT273-APCAX41) checked. Verified: 948480. isIdOk: 200. Prob: 0.02109%
3841 code (7AHP73-APCA8H9) checked. Verified: 948727. isIdOk: 200. Prob: 0.02108%
3842 code (792T73-APCABCX) checked. Verified: 948974. isIdOk: 200. Prob: 0.02108%
3843 code (C12673-APCABC8) checked. Verified: 949221. isIdOk: 200. Prob: 0.02107%
3844 code (7PKP73-APCABE7) checked. Verified: 949468. isIdOk: 200. Prob: 0.02106%
3845 code (78MC73-APCABM4) checked. Verified: 949715. isIdOk: 200. Prob: 0.02106%
3846 code (73HA73-APCA4AA) checked. Verified: 949962. isIdOk: 200. Prob: 0.02105%
3847 code (787B73-APCA0A0) checked. Verified: 950209. isIdOk: 200. Prob: 0.02105%
3848 code (7XET73-APCA0BH) checked. Verified: 950456. isIdOk: 200. Prob: 0.02104%
3849 code (721P73-APCM7A1) checked. Verified: 950703. isIdOk: 200. Prob: 0.02104%
3850 code (7HHB73-APCMCPC) checked. Verified: 950950. isIdOk: 200. Prob: 0.02103%
3851 code (7PAX73-APCMC8B) checked. Verified: 951197. isIdOk: 200. Prob: 0.02103%
3852 code (7A2873-APCMH51) checked. Verified: 951444. isIdOk: 200. Prob: 0.02102%
3853 code (77K073-APCM3TA) checked. Verified: 951691. isIdOk: 200. Prob: 0.02102%
3854 code (7H3773-APCMTTC) checked. Verified: 951938. isIdOk: 200. Prob: 0.02101%
3855 code (7M2273-APCMTXE) checked. Verified: 952185. isIdOk: 200. Prob: 0.021%
3856 code (7EA073-APCM59X) checked. Verified: 952432. isIdOk: 200. Prob: 0.021%
3857 code (CC5773-APCM5A6) checked. Verified: 952679. isIdOk: 200. Prob: 0.02099%
3858 code (79K073-APCM2CM) checked. Verified: 952926. isIdOk: 200. Prob: 0.02099%
3859 code (75EM73-APCM26K) checked. Verified: 953173. isIdOk: 200. Prob: 0.02098%
3860 code (7MCB73-APCM2M7) checked. Verified: 953420. isIdOk: 200. Prob: 0.02098%
3861 code (768T73-APCM201) checked. Verified: 953667. isIdOk: 200. Prob: 0.02097%
3862 code (7P3073-APCME6M) checked. Verified: 953914. isIdOk: 200. Prob: 0.02097%
3863 code (7T7A73-APCMEB6) checked. Verified: 954161. isIdOk: 200. Prob: 0.02096%
3864 code (77HC73-APCM6M6) checked. Verified: 954408. isIdOk: 200. Prob: 0.02096%
3865 code (7X4H73-APCM9H7) checked. Verified: 954655. isIdOk: 200. Prob: 0.02095%
3866 code (707173-APCM966) checked. Verified: 954902. isIdOk: 200. Prob: 0.02094%
3867 code (752473-APCM9X8) checked. Verified: 955149. isIdOk: 200. Prob: 0.02094%
3868 code (77P473-APCMK55) checked. Verified: 955396. isIdOk: 200. Prob: 0.02093%
3869 code (7HK273-APCMK49) checked. Verified: 955643. isIdOk: 200. Prob: 0.02093%
3870 code (77CE73-APCMPA0) checked. Verified: 955890. isIdOk: 200. Prob: 0.02092%
3871 code (7HA873-APCM1M7) checked. Verified: 956137. isIdOk: 200. Prob: 0.02092%
3872 code (768C73-APCMAK6) checked. Verified: 956384. isIdOk: 200. Prob: 0.02091%
3873 code (C81373-APCMA87) checked. Verified: 956631. isIdOk: 200. Prob: 0.02091%
3874 code (7T8M73-APCMMP3) checked. Verified: 956878. isIdOk: 200. Prob: 0.0209%
3875 code (77T473-APCMM06) checked. Verified: 957125. isIdOk: 200. Prob: 0.0209%
3876 code (76XP73-APCMX1H) checked. Verified: 957372. isIdOk: 200. Prob: 0.02089%
3877 code (7CXB73-APCM814) checked. Verified: 957619. isIdOk: 200. Prob: 0.02089%
3878 code (751B73-APCMBP8) checked. Verified: 957866. isIdOk: 200. Prob: 0.02088%
3879 code (7HCB73-APCM4PE) checked. Verified: 958113. isIdOk: 200. Prob: 0.02087%
3880 code (7K0073-APCM0HM) checked. Verified: 958360. isIdOk: 200. Prob: 0.02087%
3881 code (7E1X73-APCM0E4) checked. Verified: 958607. isIdOk: 200. Prob: 0.02086%
3882 code (729573-APCX7TK) checked. Verified: 958854. isIdOk: 200. Prob: 0.02086%
3883 code (7HHM73-APCXC52) checked. Verified: 959101. isIdOk: 200. Prob: 0.02085%
3884 code (7A0C73-APCXH3K) checked. Verified: 959348. isIdOk: 201. Prob: 0.02095%
3885 code (7C7C73-APCXHT8) checked. Verified: 959595. isIdOk: 201. Prob: 0.02095%
3886 code (7CK273-APCXH23) checked. Verified: 959842. isIdOk: 201. Prob: 0.02094%
3887 code (708E73-APCXHBH) checked. Verified: 960089. isIdOk: 201. Prob: 0.02094%
3888 code (7H0973-APCX3P1) checked. Verified: 960336. isIdOk: 201. Prob: 0.02093%
3889 code (713573-APCX34K) checked. Verified: 960583. isIdOk: 201. Prob: 0.02092%
3890 code (758K73-APCXT66) checked. Verified: 960830. isIdOk: 201. Prob: 0.02092%
3891 code (734473-APCXT6P) checked. Verified: 961077. isIdOk: 201. Prob: 0.02091%
3892 code (7B0473-APCXT9K) checked. Verified: 961324. isIdOk: 201. Prob: 0.02091%
3893 code (7AH373-APCX55E) checked. Verified: 961571. isIdOk: 201. Prob: 0.0209%
3894 code (7TBC73-APCX598) checked. Verified: 961818. isIdOk: 201. Prob: 0.0209%
3895 code (713A73-APCX58B) checked. Verified: 962065. isIdOk: 201. Prob: 0.02089%
3896 code (73C573-APCX2AX) checked. Verified: 962312. isIdOk: 201. Prob: 0.02089%
3897 code (7KB373-APCXEK3) checked. Verified: 962559. isIdOk: 201. Prob: 0.02088%
3898 code (7TCE73-APCX6EM) checked. Verified: 962806. isIdOk: 201. Prob: 0.02088%
3899 code (77BM73-APCX9CC) checked. Verified: 963053. isIdOk: 201. Prob: 0.02087%
3900 code (745M73-APCX9MA) checked. Verified: 963300. isIdOk: 201. Prob: 0.02087%
3901 code (759E73-APCX941) checked. Verified: 963547. isIdOk: 201. Prob: 0.02086%
3902 code (7C4A73-APCXK44) checked. Verified: 963794. isIdOk: 201. Prob: 0.02086%
3903 code (762H73-APCXP2B) checked. Verified: 964041. isIdOk: 201. Prob: 0.02085%
3904 code (76M073-APCXPM5) checked. Verified: 964288. isIdOk: 201. Prob: 0.02084%
3905 code (C7XA73-APCXPXC) checked. Verified: 964535. isIdOk: 201. Prob: 0.02084%
3906 code (795C73-APCXP01) checked. Verified: 964782. isIdOk: 201. Prob: 0.02083%
3907 code (730K73-APCX14K) checked. Verified: 965029. isIdOk: 201. Prob: 0.02083%
3908 code (7HMK73-APCXAK7) checked. Verified: 965276. isIdOk: 201. Prob: 0.02082%
3909 code (75X673-APCXM28) checked. Verified: 965523. isIdOk: 201. Prob: 0.02082%
3910 code (7HC973-APCXM84) checked. Verified: 965770. isIdOk: 201. Prob: 0.02081%
3911 code (76EK73-APCXX16) checked. Verified: 966017. isIdOk: 201. Prob: 0.02081%
3912 code (736H73-APCX8A5) checked. Verified: 966264. isIdOk: 201. Prob: 0.0208%
3913 code (73B873-APCX8B4) checked. Verified: 966511. isIdOk: 201. Prob: 0.0208%
3914 code (7T1C73-APCX8B0) checked. Verified: 966758. isIdOk: 201. Prob: 0.02079%
3915 code (77MX73-APCXBA8) checked. Verified: 967005. isIdOk: 201. Prob: 0.02079%
3916 code (C6AX73-APCX4CT) checked. Verified: 967252. isIdOk: 201. Prob: 0.02078%
3917 code (C93K73-APCX4EA) checked. Verified: 967499. isIdOk: 201. Prob: 0.02078%
3918 code (C1M473-APCX4KB) checked. Verified: 967746. isIdOk: 201. Prob: 0.02077%
3919 code (7X1A73-APCX0K3) checked. Verified: 967993. isIdOk: 201. Prob: 0.02076%
3920 code (751M73-APC8752) checked. Verified: 968240. isIdOk: 201. Prob: 0.02076%
3921 code (7A8873-APC87K7) checked. Verified: 968487. isIdOk: 201. Prob: 0.02075%
3922 code (7A4273-APC8C51) checked. Verified: 968734. isIdOk: 201. Prob: 0.02075%
3923 code (71E873-APC8CEM) checked. Verified: 968981. isIdOk: 201. Prob: 0.02074%
3924 code (C2H273-APC8H5P) checked. Verified: 969228. isIdOk: 201. Prob: 0.02074%
3925 code (C78873-APC8H5X) checked. Verified: 969475. isIdOk: 201. Prob: 0.02073%
3926 code (CCET73-APC83H5) checked. Verified: 969722. isIdOk: 201. Prob: 0.02073%
3927 code (7TP973-APC8T7A) checked. Verified: 969969. isIdOk: 201. Prob: 0.02072%
3928 code (75K073-APC8T33) checked. Verified: 970216. isIdOk: 201. Prob: 0.02072%
3929 code (77C273-APC8T5X) checked. Verified: 970463. isIdOk: 202. Prob: 0.02081%
3930 code (760073-APC85TM) checked. Verified: 970710. isIdOk: 202. Prob: 0.02081%
3931 code (78K873-APC85BK) checked. Verified: 970957. isIdOk: 202. Prob: 0.0208%
3932 code (7PH073-APC827A) checked. Verified: 971204. isIdOk: 202. Prob: 0.0208%
3933 code (7PBM73-APC82XP) checked. Verified: 971451. isIdOk: 202. Prob: 0.02079%
3934 code (770973-APC8E91) checked. Verified: 971698. isIdOk: 204. Prob: 0.02099%
3935 code (7C6C73-APC86C8) checked. Verified: 971945. isIdOk: 204. Prob: 0.02099%
3936 code (713273-APC89C9) checked. Verified: 972192. isIdOk: 204. Prob: 0.02098%
3937 code (707473-APC899C) checked. Verified: 972439. isIdOk: 204. Prob: 0.02098%
3938 code (7C7B73-APC89K1) checked. Verified: 972686. isIdOk: 204. Prob: 0.02097%
3939 code (74CB73-APC8KK0) checked. Verified: 972933. isIdOk: 204. Prob: 0.02097%
3940 code (7C8H73-APC8K40) checked. Verified: 973180. isIdOk: 204. Prob: 0.02096%
3941 code (C7H073-APC8PKH) checked. Verified: 973427. isIdOk: 204. Prob: 0.02096%
3942 code (CH1B73-APC81HK) checked. Verified: 973674. isIdOk: 204. Prob: 0.02095%
3943 code (7A4T73-APC81HP) checked. Verified: 973921. isIdOk: 204. Prob: 0.02095%
3944 code (7X4H73-APC8AH8) checked. Verified: 974168. isIdOk: 204. Prob: 0.02094%
3945 code (70EM73-APC8AE0) checked. Verified: 974415. isIdOk: 204. Prob: 0.02094%
3946 code (7PT373-APC8AX3) checked. Verified: 974662. isIdOk: 204. Prob: 0.02093%
3947 code (714H73-APC8MHE) checked. Verified: 974909. isIdOk: 204. Prob: 0.02093%
3948 code (CTH573-APC8MP9) checked. Verified: 975156. isIdOk: 204. Prob: 0.02092%
3949 code (7K6B73-APC8MP1) checked. Verified: 975403. isIdOk: 204. Prob: 0.02091%
3950 code (7TEB73-APC8M8A) checked. Verified: 975650. isIdOk: 204. Prob: 0.02091%
3951 code (7C2373-APC8X67) checked. Verified: 975897. isIdOk: 204. Prob: 0.0209%
3952 code (73AE73-APC8X1K) checked. Verified: 976144. isIdOk: 204. Prob: 0.0209%
3953 code (7CH473-APC8836) checked. Verified: 976391. isIdOk: 204. Prob: 0.02089%
3954 code (7BC273-APC88M5) checked. Verified: 976638. isIdOk: 204. Prob: 0.02089%
3955 code (78AX73-APC8B3E) checked. Verified: 976885. isIdOk: 204. Prob: 0.02088%
3956 code (7BEM73-APC8432) checked. Verified: 977132. isIdOk: 204. Prob: 0.02088%
3957 code (7X6073-APC8403) checked. Verified: 977379. isIdOk: 204. Prob: 0.02087%
3958 code (7KKP73-APC801M) checked. Verified: 977626. isIdOk: 204. Prob: 0.02087%
3959 code (7PTP73-APCB735) checked. Verified: 977873. isIdOk: 204. Prob: 0.02086%
3960 code (7C1373-APCB785) checked. Verified: 978120. isIdOk: 204. Prob: 0.02086%
3961 code (75X973-APCBCA8) checked. Verified: 978367. isIdOk: 204. Prob: 0.02085%
3962 code (7H5573-APCBC0C) checked. Verified: 978614. isIdOk: 204. Prob: 0.02085%
3963 code (7HK873-APCBH52) checked. Verified: 978861. isIdOk: 204. Prob: 0.02084%
3964 code (7KKT73-APCBHP7) checked. Verified: 979108. isIdOk: 204. Prob: 0.02084%
3965 code (C32P73-APCB35X) checked. Verified: 979355. isIdOk: 204. Prob: 0.02083%
3966 code (7C2773-APCBT7X) checked. Verified: 979602. isIdOk: 204. Prob: 0.02082%
3967 code (7P6073-APCBTB4) checked. Verified: 979849. isIdOk: 204. Prob: 0.02082%
3968 code (7TH873-APCB55M) checked. Verified: 980096. isIdOk: 204. Prob: 0.02081%
3969 code (77XK73-APCB236) checked. Verified: 980343. isIdOk: 204. Prob: 0.02081%
3970 code (7C9B73-APCBE3K) checked. Verified: 980590. isIdOk: 204. Prob: 0.0208%
3971 code (CC8X73-APCBEE8) checked. Verified: 980837. isIdOk: 204. Prob: 0.0208%
3972 code (756573-APCBEM5) checked. Verified: 981084. isIdOk: 204. Prob: 0.02079%
3973 code (740H73-APCB6T3) checked. Verified: 981331. isIdOk: 204. Prob: 0.02079%
3974 code (7AE973-APCB6M5) checked. Verified: 981578. isIdOk: 204. Prob: 0.02078%
3975 code (C9BC73-APCB9E6) checked. Verified: 981825. isIdOk: 204. Prob: 0.02078%
3976 code (C7TT73-APCBKEH) checked. Verified: 982072. isIdOk: 204. Prob: 0.02077%
3977 code (CT7K73-APCBP36) checked. Verified: 982319. isIdOk: 204. Prob: 0.02077%
3978 code (7KBT73-APCBP00) checked. Verified: 982566. isIdOk: 204. Prob: 0.02076%
3979 code (7B4773-APCB195) checked. Verified: 982813. isIdOk: 204. Prob: 0.02076%
3980 code (C73M73-APCBACM) checked. Verified: 983060. isIdOk: 204. Prob: 0.02075%
3981 code (CHXC73-APCBAMP) checked. Verified: 983307. isIdOk: 204. Prob: 0.02075%
3982 code (727573-APCBA8X) checked. Verified: 983554. isIdOk: 204. Prob: 0.02074%
3983 code (73HA73-APCBM27) checked. Verified: 983801. isIdOk: 204. Prob: 0.02074%
3984 code (79HM73-APCBM9K) checked. Verified: 984048. isIdOk: 204. Prob: 0.02073%
3985 code (73MM73-APCBMAE) checked. Verified: 984295. isIdOk: 204. Prob: 0.02073%
3986 code (761T73-APCBXE4) checked. Verified: 984542. isIdOk: 204. Prob: 0.02072%
3987 code (7T4973-APCB8H6) checked. Verified: 984789. isIdOk: 204. Prob: 0.02072%
3988 code (77AH73-APCB89B) checked. Verified: 985036. isIdOk: 204. Prob: 0.02071%
3989 code (752T73-APCBB3E) checked. Verified: 985283. isIdOk: 204. Prob: 0.0207%
3990 code (7T6173-APCBB0X) checked. Verified: 985530. isIdOk: 204. Prob: 0.0207%
3991 code (77KX73-APCB4H9) checked. Verified: 985777. isIdOk: 204. Prob: 0.02069%
3992 code (750P73-APCB40H) checked. Verified: 986024. isIdOk: 204. Prob: 0.02069%
3993 code (7XKE73-APCB017) checked. Verified: 986271. isIdOk: 204. Prob: 0.02068%
3994 code (CM1C73-APCB0BK) checked. Verified: 986518. isIdOk: 204. Prob: 0.02068%
3995 code (7TKX73-APC4779) checked. Verified: 986765. isIdOk: 204. Prob: 0.02067%
3996 code (7C1B73-APC47P1) checked. Verified: 987012. isIdOk: 204. Prob: 0.02067%
3997 code (7TCA73-APC4C7B) checked. Verified: 987259. isIdOk: 204. Prob: 0.02066%
3998 code (77AK73-APC4CCH) checked. Verified: 987506. isIdOk: 204. Prob: 0.02066%
3999 code (7K6373-APC4CCE) checked. Verified: 987753. isIdOk: 204. Prob: 0.02065%
4000 code (7TB173-APC4CP0) checked. Verified: 988000. isIdOk: 204. Prob: 0.02065%
50
Starting range [50 nln ...]:
4001 code (724E7K-T9X1A11) checked. Verified: 988247. isIdOk: 204. Prob: 0.02064%
4002 code (75427K-T9X1M7B) checked. Verified: 988494. isIdOk: 204. Prob: 0.02064%
4003 code (78E07K-T9X1M01) checked. Verified: 988741. isIdOk: 204. Prob: 0.02063%
4004 code (7CHA7K-T9X1XTA) checked. Verified: 988988. isIdOk: 204. Prob: 0.02063%
4005 code (7K9A7K-T9X1X9K) checked. Verified: 989235. isIdOk: 204. Prob: 0.02062%
4006 code (CT657K-T9X1890) checked. Verified: 989482. isIdOk: 204. Prob: 0.02062%
4007 code (7H5T7K-T9X1BC2) checked. Verified: 989729. isIdOk: 204. Prob: 0.02061%
4008 code (75557K-T9X14C1) checked. Verified: 989976. isIdOk: 204. Prob: 0.02061%
4009 code (7PPH7K-T9X10C8) checked. Verified: 990223. isIdOk: 204. Prob: 0.0206%
4010 code (789T7K-T9X10X9) checked. Verified: 990470. isIdOk: 204. Prob: 0.0206%
4011 code (79B07K-T9XA759) checked. Verified: 990717. isIdOk: 204. Prob: 0.02059%
4012 code (7X0T7K-T9XA74T) checked. Verified: 990964. isIdOk: 204. Prob: 0.02059%
4013 code (79EX7K-T9XAC6H) checked. Verified: 991211. isIdOk: 204. Prob: 0.02058%
4014 code (715T7K-T9XAH53) checked. Verified: 991458. isIdOk: 204. Prob: 0.02058%
4015 code (70PC7K-T9XAH8T) checked. Verified: 991705. isIdOk: 204. Prob: 0.02057%
4016 code (7C9E7K-T9XA329) checked. Verified: 991952. isIdOk: 204. Prob: 0.02057%
4017 code (CK4C7K-T9XA3K7) checked. Verified: 992199. isIdOk: 204. Prob: 0.02056%
4018 code (77M47K-T9XA3B1) checked. Verified: 992446. isIdOk: 204. Prob: 0.02056%
4019 code (7H8X7K-T9XATB8) checked. Verified: 992693. isIdOk: 204. Prob: 0.02055%
4020 code (79637K-T9XA5MT) checked. Verified: 992940. isIdOk: 204. Prob: 0.02055%
4021 code (7E0H7K-T9XA26M) checked. Verified: 993187. isIdOk: 204. Prob: 0.02054%
4022 code (74HA7K-T9XA2AP) checked. Verified: 993434. isIdOk: 204. Prob: 0.02053%
4023 code (72H87K-T9XAETP) checked. Verified: 993681. isIdOk: 205. Prob: 0.02063%
4024 code (7X9P7K-T9XAEK6) checked. Verified: 993928. isIdOk: 205. Prob: 0.02063%
4025 code (750P7K-T9XAE8H) checked. Verified: 994175. isIdOk: 205. Prob: 0.02062%
4026 code (7C557K-T9XA6P6) checked. Verified: 994422. isIdOk: 206. Prob: 0.02072%
4027 code (7EHA7K-T9XA922) checked. Verified: 994669. isIdOk: 206. Prob: 0.02071%
4028 code (79K47K-T9XA90K) checked. Verified: 994916. isIdOk: 206. Prob: 0.02071%
4029 code (711P7K-T9XAK2M) checked. Verified: 995163. isIdOk: 206. Prob: 0.0207%
4030 code (73277K-T9XAKXA) checked. Verified: 995410. isIdOk: 207. Prob: 0.0208%
4031 code (7PTM7K-T9XAP6T) checked. Verified: 995657. isIdOk: 207. Prob: 0.02079%
4032 code (73M17K-T9XA151) checked. Verified: 995904. isIdOk: 207. Prob: 0.02079%
4033 code (742M7K-T9XAA57) checked. Verified: 996151. isIdOk: 207. Prob: 0.02078%
4034 code (77M77K-T9XAM5P) checked. Verified: 996398. isIdOk: 207. Prob: 0.02077%
4035 code (757X7K-T9XAM8K) checked. Verified: 996645. isIdOk: 207. Prob: 0.02077%
4036 code (7XHA7K-T9XAM46) checked. Verified: 996892. isIdOk: 207. Prob: 0.02076%
4037 code (777A7K-T9XAX2T) checked. Verified: 997139. isIdOk: 207. Prob: 0.02076%
4038 code (77907K-T9XAXKP) checked. Verified: 997386. isIdOk: 207. Prob: 0.02075%
4039 code (7AMP7K-T9XA830) checked. Verified: 997633. isIdOk: 209. Prob: 0.02095%
4040 code (7TKT7K-T9XAB75) checked. Verified: 997880. isIdOk: 209. Prob: 0.02094%
4041 code (75187K-T9XAB1B) checked. Verified: 998127. isIdOk: 209. Prob: 0.02094%
4042 code (7P787K-T9XABAM) checked. Verified: 998374. isIdOk: 209. Prob: 0.02093%
4043 code (751M7K-T9XA47A) checked. Verified: 998621. isIdOk: 209. Prob: 0.02093%
4044 code (CM9E7K-T9XA4KE) checked. Verified: 998868. isIdOk: 209. Prob: 0.02092%
4045 code (C7EX7K-T9XA0H9) checked. Verified: 999115. isIdOk: 210. Prob: 0.02102%
4046 code (H0EM7K-T9XA04H) checked. Verified: 999362. isIdOk: 210. Prob: 0.02101%
4047 code (7T417K-T9XM7E6) checked. Verified: 999609. isIdOk: 210. Prob: 0.02101%
4048 code (739P7K-T9XMC24) checked. Verified: 999856. isIdOk: 210. Prob: 0.021%
4049 code (794M7K-T9XMCEK) checked. Verified: 1000103. isIdOk: 210. Prob: 0.021%
4050 code (72HT7K-T9XMHH9) checked. Verified: 1000350. isIdOk: 210. Prob: 0.02099%
4051 code (77077K-T9XMHM6) checked. Verified: 1000597. isIdOk: 210. Prob: 0.02099%
4052 code (77CK7K-T9XM35T) checked. Verified: 1000844. isIdOk: 210. Prob: 0.02098%
4053 code (7TTA7K-T9XMTT5) checked. Verified: 1001091. isIdOk: 210. Prob: 0.02098%
4054 code (7M5E7K-T9XMT2X) checked. Verified: 1001338. isIdOk: 210. Prob: 0.02097%
4055 code (7MP97K-T9XMT4C) checked. Verified: 1001585. isIdOk: 210. Prob: 0.02097%
4056 code (79HE7K-T9XM519) checked. Verified: 1001832. isIdOk: 210. Prob: 0.02096%
4057 code (7C337K-T9XM262) checked. Verified: 1002079. isIdOk: 210. Prob: 0.02096%
4058 code (7T5A7K-T9XME5E) checked. Verified: 1002326. isIdOk: 210. Prob: 0.02095%
4059 code (CE477K-T9XMEE6) checked. Verified: 1002573. isIdOk: 210. Prob: 0.02095%
4060 code (7KB77K-T9XME6K) checked. Verified: 1002820. isIdOk: 210. Prob: 0.02094%
4061 code (779E7K-T9XMEK6) checked. Verified: 1003067. isIdOk: 210. Prob: 0.02094%
4062 code (7TM27K-T9XM63C) checked. Verified: 1003314. isIdOk: 210. Prob: 0.02093%
4063 code (7CKT7K-T9XM6E2) checked. Verified: 1003561. isIdOk: 210. Prob: 0.02093%
4064 code (7T9C7K-T9XM6XB) checked. Verified: 1003808. isIdOk: 210. Prob: 0.02092%
4065 code (720M7K-T9XM917) checked. Verified: 1004055. isIdOk: 210. Prob: 0.02092%
4066 code (72817K-T9XMKEA) checked. Verified: 1004302. isIdOk: 210. Prob: 0.02091%
4067 code (79P07K-T9XMPT9) checked. Verified: 1004549. isIdOk: 210. Prob: 0.0209%
4068 code (77037K-T9XMPX3) checked. Verified: 1004796. isIdOk: 210. Prob: 0.0209%
4069 code (7EEB7K-T9XM1CC) checked. Verified: 1005043. isIdOk: 210. Prob: 0.02089%
4070 code (73797K-T9XM12C) checked. Verified: 1005290. isIdOk: 210. Prob: 0.02089%
4071 code (76157K-T9XM198) checked. Verified: 1005537. isIdOk: 210. Prob: 0.02088%
4072 code (7K0M7K-T9XMA22) checked. Verified: 1005784. isIdOk: 210. Prob: 0.02088%
4073 code (7A737K-T9XMM27) checked. Verified: 1006031. isIdOk: 210. Prob: 0.02087%
4074 code (712A7K-T9XMM63) checked. Verified: 1006278. isIdOk: 210. Prob: 0.02087%
4075 code (7E5X7K-T9XMXTB) checked. Verified: 1006525. isIdOk: 210. Prob: 0.02086%
4076 code (777M7K-T9XM8TT) checked. Verified: 1006772. isIdOk: 210. Prob: 0.02086%
4077 code (7C8T7K-T9XM854) checked. Verified: 1007019. isIdOk: 210. Prob: 0.02085%
4078 code (72H47K-T9XM850) checked. Verified: 1007266. isIdOk: 211. Prob: 0.02095%
4079 code (75C27K-T9XM81A) checked. Verified: 1007513. isIdOk: 211. Prob: 0.02094%
4080 code (76PK7K-T9XMBC2) checked. Verified: 1007760. isIdOk: 211. Prob: 0.02094%
4081 code (70C37K-T9XMBM3) checked. Verified: 1008007. isIdOk: 211. Prob: 0.02093%
4082 code (7E4P7K-T9XM46B) checked. Verified: 1008254. isIdOk: 211. Prob: 0.02093%
4083 code (7E0E7K-T9XM065) checked. Verified: 1008501. isIdOk: 211. Prob: 0.02092%
4084 code (77T07K-T9XM0X8) checked. Verified: 1008748. isIdOk: 211. Prob: 0.02092%
4085 code (72K37K-T9XM009) checked. Verified: 1008995. isIdOk: 211. Prob: 0.02091%
4086 code (75647K-T9XX77M) checked. Verified: 1009242. isIdOk: 211. Prob: 0.02091%
4087 code (7TKK7K-T9XX79H) checked. Verified: 1009489. isIdOk: 212. Prob: 0.021%
4088 code (C31T7K-T9XX70C) checked. Verified: 1009736. isIdOk: 212. Prob: 0.021%
4089 code (79TC7K-T9XXC99) checked. Verified: 1009983. isIdOk: 212. Prob: 0.02099%
4090 code (74XT7K-T9XXH52) checked. Verified: 1010230. isIdOk: 212. Prob: 0.02099%
4091 code (7MBX7K-T9XX3TA) checked. Verified: 1010477. isIdOk: 212. Prob: 0.02098%
4092 code (C48X7K-T9XX3KC) checked. Verified: 1010724. isIdOk: 212. Prob: 0.02098%
4093 code (7CX97K-T9XXTH4) checked. Verified: 1010971. isIdOk: 212. Prob: 0.02097%
4094 code (7EEM7K-T9XXT5M) checked. Verified: 1011218. isIdOk: 212. Prob: 0.02096%
4095 code (CTM07K-T9XX5H5) checked. Verified: 1011465. isIdOk: 212. Prob: 0.02096%
4096 code (77M47K-T9XX27T) checked. Verified: 1011712. isIdOk: 212. Prob: 0.02095%
4097 code (73M07K-T9XX28C) checked. Verified: 1011959. isIdOk: 212. Prob: 0.02095%
4098 code (773T7K-T9XXEAC) checked. Verified: 1012206. isIdOk: 212. Prob: 0.02094%
4099 code (7B377K-T9XXE01) checked. Verified: 1012453. isIdOk: 212. Prob: 0.02094%
4100 code (7HH67K-T9XXE0A) checked. Verified: 1012700. isIdOk: 212. Prob: 0.02093%
4101 code (7H8E7K-T9XX97E) checked. Verified: 1012947. isIdOk: 212. Prob: 0.02093%
4102 code (760T7K-T9XX9A0) checked. Verified: 1013194. isIdOk: 212. Prob: 0.02092%
4103 code (77KE7K-T9XX90C) checked. Verified: 1013441. isIdOk: 212. Prob: 0.02092%
4104 code (7EA17K-T9XXKMB) checked. Verified: 1013688. isIdOk: 212. Prob: 0.02091%
4105 code (7HBX7K-T9XXP35) checked. Verified: 1013935. isIdOk: 212. Prob: 0.02091%
4106 code (79H87K-T9XXP90) checked. Verified: 1014182. isIdOk: 212. Prob: 0.0209%
4107 code (79487K-T9XX13A) checked. Verified: 1014429. isIdOk: 212. Prob: 0.0209%
4108 code (73HM7K-T9XX1TA) checked. Verified: 1014676. isIdOk: 212. Prob: 0.02089%
4109 code (7TEP7K-T9XX1TM) checked. Verified: 1014923. isIdOk: 212. Prob: 0.02089%
4110 code (7PAP7K-T9XXATP) checked. Verified: 1015170. isIdOk: 212. Prob: 0.02088%
4111 code (CC367K-T9XXM79) checked. Verified: 1015417. isIdOk: 212. Prob: 0.02088%
4112 code (7H6B7K-T9XXM90) checked. Verified: 1015664. isIdOk: 212. Prob: 0.02087%
4113 code (7CP27K-T9XXX2K) checked. Verified: 1015911. isIdOk: 212. Prob: 0.02087%
4114 code (75X27K-T9XX8C0) checked. Verified: 1016158. isIdOk: 212. Prob: 0.02086%
4115 code (72647K-T9XX854) checked. Verified: 1016405. isIdOk: 212. Prob: 0.02086%
4116 code (79217K-T9XX8XH) checked. Verified: 1016652. isIdOk: 212. Prob: 0.02085%
4117 code (7A207K-T9XX805) checked. Verified: 1016899. isIdOk: 212. Prob: 0.02085%
4118 code (75AA7K-T9XXB49) checked. Verified: 1017146. isIdOk: 212. Prob: 0.02084%
4119 code (7K717K-T9XXB4P) checked. Verified: 1017393. isIdOk: 212. Prob: 0.02084%
4120 code (CH9T7K-T9XX4XA) checked. Verified: 1017640. isIdOk: 212. Prob: 0.02083%
4121 code (7TH17K-T9XX0C2) checked. Verified: 1017887. isIdOk: 212. Prob: 0.02083%
4122 code (7AP27K-T9XX093) checked. Verified: 1018134. isIdOk: 212. Prob: 0.02082%
4123 code (75B17K-T9X87T9) checked. Verified: 1018381. isIdOk: 213. Prob: 0.02092%
4124 code (73997K-T9X87ET) checked. Verified: 1018628. isIdOk: 213. Prob: 0.02091%
4125 code (70AH7K-T9X8C5C) checked. Verified: 1018875. isIdOk: 213. Prob: 0.02091%
4126 code (7C707K-T9X8HT4) checked. Verified: 1019122. isIdOk: 214. Prob: 0.021%
4127 code (7PCC7K-T9X837P) checked. Verified: 1019369. isIdOk: 214. Prob: 0.02099%
4128 code (7T597K-T9X83K1) checked. Verified: 1019616. isIdOk: 214. Prob: 0.02099%
4129 code (7P7C7K-T9X8T63) checked. Verified: 1019863. isIdOk: 214. Prob: 0.02098%
4130 code (C7EP7K-T9X85H1) checked. Verified: 1020110. isIdOk: 214. Prob: 0.02098%
4131 code (72MA7K-T9X8531) checked. Verified: 1020357. isIdOk: 214. Prob: 0.02097%
4132 code (71787K-T9X82T2) checked. Verified: 1020604. isIdOk: 214. Prob: 0.02097%
4133 code (77757K-T9X826P) checked. Verified: 1020851. isIdOk: 214. Prob: 0.02096%
4134 code (75477K-T9X821B) checked. Verified: 1021098. isIdOk: 214. Prob: 0.02096%
4135 code (7PT17K-T9X82M6) checked. Verified: 1021345. isIdOk: 214. Prob: 0.02095%
4136 code (7B377K-T9X8EK7) checked. Verified: 1021592. isIdOk: 214. Prob: 0.02095%
4137 code (7CHA7K-T9X8EA5) checked. Verified: 1021839. isIdOk: 214. Prob: 0.02094%
4138 code (C1BP7K-T9X8657) checked. Verified: 1022086. isIdOk: 214. Prob: 0.02094%
4139 code (7TBX7K-T9X86KP) checked. Verified: 1022333. isIdOk: 214. Prob: 0.02093%
4140 code (CMAH7K-T9X86P8) checked. Verified: 1022580. isIdOk: 214. Prob: 0.02093%
4141 code (7XXH7K-T9X89K3) checked. Verified: 1022827. isIdOk: 214. Prob: 0.02092%
4142 code (CP3H7K-T9X89M7) checked. Verified: 1023074. isIdOk: 214. Prob: 0.02092%
4143 code (7T1P7K-T9X8KAX) checked. Verified: 1023321. isIdOk: 214. Prob: 0.02091%
4144 code (7C447K-T9X8KMM) checked. Verified: 1023568. isIdOk: 215. Prob: 0.021%
4145 code (CB207K-T9X8P3K) checked. Verified: 1023815. isIdOk: 215. Prob: 0.021%
4146 code (77M77K-T9X8PB2) checked. Verified: 1024062. isIdOk: 215. Prob: 0.02099%
4147 code (76PX7K-T9X81KE) checked. Verified: 1024309. isIdOk: 215. Prob: 0.02099%
4148 code (7T167K-T9X8115) checked. Verified: 1024556. isIdOk: 215. Prob: 0.02098%
4149 code (7KTB7K-T9X8A90) checked. Verified: 1024803. isIdOk: 215. Prob: 0.02098%
4150 code (7EPE7K-T9X8A11) checked. Verified: 1025050. isIdOk: 215. Prob: 0.02097%
4151 code (7K297K-T9X8MA9) checked. Verified: 1025297. isIdOk: 215. Prob: 0.02097%
4152 code (71797K-T9X8XP6) checked. Verified: 1025544. isIdOk: 215. Prob: 0.02096%
4153 code (77ET7K-T9X8XMK) checked. Verified: 1025791. isIdOk: 215. Prob: 0.02096%
4154 code (HTA77K-T9X8XMP) checked. Verified: 1026038. isIdOk: 215. Prob: 0.02095%
4155 code (745A7K-T9X88MP) checked. Verified: 1026285. isIdOk: 215. Prob: 0.02095%
4156 code (7C1P7K-T9X88MA) checked. Verified: 1026532. isIdOk: 215. Prob: 0.02094%
4157 code (7KEE7K-T9X8BKC) checked. Verified: 1026779. isIdOk: 215. Prob: 0.02094%
4158 code (78XC7K-T9X8B4K) checked. Verified: 1027026. isIdOk: 215. Prob: 0.02093%
4159 code (797P7K-T9X8B0P) checked. Verified: 1027273. isIdOk: 215. Prob: 0.02093%
4160 code (737A7K-T9X84EE) checked. Verified: 1027520. isIdOk: 215. Prob: 0.02092%
4161 code (7C5K7K-T9X84KH) checked. Verified: 1027767. isIdOk: 216. Prob: 0.02102%
4162 code (76997K-T9X80KT) checked. Verified: 1028014. isIdOk: 216. Prob: 0.02101%
4163 code (7HME7K-T9XB7HP) checked. Verified: 1028261. isIdOk: 216. Prob: 0.02101%
4164 code (7CK67K-T9XB72E) checked. Verified: 1028508. isIdOk: 216. Prob: 0.021%
4165 code (797A7K-T9XBCH1) checked. Verified: 1028755. isIdOk: 216. Prob: 0.021%
4166 code (77T27K-T9XBC2B) checked. Verified: 1029002. isIdOk: 216. Prob: 0.02099%
4167 code (CAH87K-T9XBHEP) checked. Verified: 1029249. isIdOk: 216. Prob: 0.02099%
4168 code (CECB7K-T9XB36H) checked. Verified: 1029496. isIdOk: 216. Prob: 0.02098%
4169 code (73MC7K-T9XB302) checked. Verified: 1029743. isIdOk: 217. Prob: 0.02107%
4170 code (7ET07K-T9XBT58) checked. Verified: 1029990. isIdOk: 218. Prob: 0.02117%
4171 code (73C57K-T9XBT92) checked. Verified: 1030237. isIdOk: 218. Prob: 0.02116%
4172 code (7EMB7K-T9XBTKA) checked. Verified: 1030484. isIdOk: 218. Prob: 0.02116%
4173 code (77M57K-T9XB5EA) checked. Verified: 1030731. isIdOk: 218. Prob: 0.02115%
4174 code (CPHP7K-T9XB5X0) checked. Verified: 1030978. isIdOk: 218. Prob: 0.02114%
4175 code (7CXA7K-T9XB2MA) checked. Verified: 1031225. isIdOk: 218. Prob: 0.02114%
4176 code (718X7K-T9XBEA1) checked. Verified: 1031472. isIdOk: 218. Prob: 0.02113%
4177 code (77TE7K-T9XBEXA) checked. Verified: 1031719. isIdOk: 218. Prob: 0.02113%
4178 code (7T787K-T9XB6K8) checked. Verified: 1031966. isIdOk: 218. Prob: 0.02112%
4179 code (7K8T7K-T9XB9TM) checked. Verified: 1032213. isIdOk: 218. Prob: 0.02112%
4180 code (7HHB7K-T9XB990) checked. Verified: 1032460. isIdOk: 218. Prob: 0.02111%
4181 code (7T697K-T9XBK3B) checked. Verified: 1032707. isIdOk: 218. Prob: 0.02111%
4182 code (7C1K7K-T9XBKX0) checked. Verified: 1032954. isIdOk: 218. Prob: 0.0211%
4183 code (72T57K-T9XBPP6) checked. Verified: 1033201. isIdOk: 219. Prob: 0.0212%
4184 code (7CCK7K-T9XB1T4) checked. Verified: 1033448. isIdOk: 219. Prob: 0.02119%
4185 code (7CT17K-T9XB10X) checked. Verified: 1033695. isIdOk: 219. Prob: 0.02119%
4186 code (7K487K-T9XBA46) checked. Verified: 1033942. isIdOk: 219. Prob: 0.02118%
4187 code (7T3A7K-T9XBM27) checked. Verified: 1034189. isIdOk: 219. Prob: 0.02118%
4188 code (7CEM7K-T9XBME6) checked. Verified: 1034436. isIdOk: 219. Prob: 0.02117%
4189 code (79K67K-T9XBMPX) checked. Verified: 1034683. isIdOk: 220. Prob: 0.02126%
4190 code (7KPC7K-T9XBXT6) checked. Verified: 1034930. isIdOk: 220. Prob: 0.02126%
4191 code (7H9M7K-T9XBX2P) checked. Verified: 1035177. isIdOk: 220. Prob: 0.02125%
4192 code (7HTK7K-T9XBX19) checked. Verified: 1035424. isIdOk: 220. Prob: 0.02125%
4193 code (77117K-T9XBX1K) checked. Verified: 1035671. isIdOk: 220. Prob: 0.02124%
4194 code (3T6K7K-T9XB85E) checked. Verified: 1035918. isIdOk: 220. Prob: 0.02124%
4195 code (7MTM7K-T9XBBHM) checked. Verified: 1036165. isIdOk: 220. Prob: 0.02123%
4196 code (73XE7K-T9XBBXM) checked. Verified: 1036412. isIdOk: 220. Prob: 0.02123%
4197 code (77T97K-T9XB4CK) checked. Verified: 1036659. isIdOk: 220. Prob: 0.02122%
4198 code (C56X7K-T9XB0CP) checked. Verified: 1036906. isIdOk: 220. Prob: 0.02122%
4199 code (7XMC7K-T9XB0X4) checked. Verified: 1037153. isIdOk: 220. Prob: 0.02121%
4200 code (75B67K-T9XB0BH) checked. Verified: 1037400. isIdOk: 220. Prob: 0.02121%
4201 code (7EET7K-T9XB006) checked. Verified: 1037647. isIdOk: 220. Prob: 0.0212%
4202 code (C6167K-T9X47CP) checked. Verified: 1037894. isIdOk: 220. Prob: 0.0212%
4203 code (C87A7K-T9X4CC9) checked. Verified: 1038141. isIdOk: 220. Prob: 0.02119%
4204 code (7EC67K-T9X4HCB) checked. Verified: 1038388. isIdOk: 220. Prob: 0.02119%
4205 code (7XK17K-T9X4HMK) checked. Verified: 1038635. isIdOk: 220. Prob: 0.02118%
4206 code (7C727K-T9X43X3) checked. Verified: 1038882. isIdOk: 220. Prob: 0.02118%
4207 code (7CK67K-T9X4T9T) checked. Verified: 1039129. isIdOk: 220. Prob: 0.02117%
4208 code (75H37K-T9X4T87) checked. Verified: 1039376. isIdOk: 220. Prob: 0.02117%
4209 code (7C8C7K-T9X45E2) checked. Verified: 1039623. isIdOk: 220. Prob: 0.02116%
4210 code (7C077K-T9X45B1) checked. Verified: 1039870. isIdOk: 220. Prob: 0.02116%
4211 code (7HB27K-T9X42TH) checked. Verified: 1040117. isIdOk: 220. Prob: 0.02115%
4212 code (CBP57K-T9X4EHE) checked. Verified: 1040364. isIdOk: 220. Prob: 0.02115%
4213 code (7M2M7K-T9X4E6B) checked. Verified: 1040611. isIdOk: 221. Prob: 0.02124%
4214 code (7M7E7K-T9X46T8) checked. Verified: 1040858. isIdOk: 221. Prob: 0.02123%
4215 code (C1TP7K-T9X464A) checked. Verified: 1041105. isIdOk: 221. Prob: 0.02123%
4216 code (71CE7K-T9X495M) checked. Verified: 1041352. isIdOk: 221. Prob: 0.02122%
4217 code (775C7K-T9X492E) checked. Verified: 1041599. isIdOk: 221. Prob: 0.02122%
4218 code (77AB7K-T9X499H) checked. Verified: 1041846. isIdOk: 221. Prob: 0.02121%
4219 code (79TP7K-T9X4KT5) checked. Verified: 1042093. isIdOk: 221. Prob: 0.02121%
4220 code (73207K-T9X4PHM) checked. Verified: 1042340. isIdOk: 221. Prob: 0.0212%
4221 code (7H727K-T9X417A) checked. Verified: 1042587. isIdOk: 221. Prob: 0.0212%
4222 code (7CBE7K-T9X410B) checked. Verified: 1042834. isIdOk: 221. Prob: 0.02119%
4223 code (7BK57K-T9X4A5B) checked. Verified: 1043081. isIdOk: 221. Prob: 0.02119%
4224 code (7E407K-T9X4MHX) checked. Verified: 1043328. isIdOk: 221. Prob: 0.02118%
4225 code (77BM7K-T9X4ME4) checked. Verified: 1043575. isIdOk: 221. Prob: 0.02118%
4226 code (76EM7K-T9X4M1P) checked. Verified: 1043822. isIdOk: 221. Prob: 0.02117%
4227 code (73K37K-T9X4MM6) checked. Verified: 1044069. isIdOk: 221. Prob: 0.02117%
4228 code (7C407K-T9X4MXH) checked. Verified: 1044316. isIdOk: 221. Prob: 0.02116%
4229 code (7E0C7K-T9X4MX9) checked. Verified: 1044563. isIdOk: 221. Prob: 0.02116%
4230 code (C8K37K-T9X4XT2) checked. Verified: 1044810. isIdOk: 221. Prob: 0.02115%
4231 code (7HKK7K-T9X483M) checked. Verified: 1045057. isIdOk: 221. Prob: 0.02115%
4232 code (7TP67K-T9X48K2) checked. Verified: 1045304. isIdOk: 221. Prob: 0.02114%
4233 code (7CXM7K-T9X48P9) checked. Verified: 1045551. isIdOk: 221. Prob: 0.02114%
4234 code (7C937K-T9X4B2X) checked. Verified: 1045798. isIdOk: 221. Prob: 0.02113%
4235 code (7X517K-T9X4BK6) checked. Verified: 1046045. isIdOk: 221. Prob: 0.02113%
4236 code (7A5M7K-T9X4BAA) checked. Verified: 1046292. isIdOk: 221. Prob: 0.02112%
4237 code (71627K-T9X44HB) checked. Verified: 1046539. isIdOk: 221. Prob: 0.02112%
4238 code (78987K-T9X44M8) checked. Verified: 1046786. isIdOk: 222. Prob: 0.02121%
4239 code (75457K-T9X40X7) checked. Verified: 1047033. isIdOk: 222. Prob: 0.0212%
4240 code (72M57K-T9X40BK) checked. Verified: 1047280. isIdOk: 222. Prob: 0.0212%
4241 code (H94E7K-T9X07KH) checked. Verified: 1047527. isIdOk: 222. Prob: 0.02119%
4242 code (7P367K-T9X0CK2) checked. Verified: 1047774. isIdOk: 222. Prob: 0.02119%
4243 code (H7C27K-T9X0C16) checked. Verified: 1048021. isIdOk: 222. Prob: 0.02118%
4244 code (7HP87K-T9X0C4P) checked. Verified: 1048268. isIdOk: 222. Prob: 0.02118%
4245 code (75A97K-T9X0HA0) checked. Verified: 1048515. isIdOk: 222. Prob: 0.02117%
4246 code (7ATT7K-T9X035B) checked. Verified: 1048762. isIdOk: 222. Prob: 0.02117%
4247 code (7H2A7K-T9X03EC) checked. Verified: 1049009. isIdOk: 222. Prob: 0.02116%
4248 code (7C7E7K-T9X03KX) checked. Verified: 1049256. isIdOk: 222. Prob: 0.02116%
4249 code (72K27K-T9X0TCM) checked. Verified: 1049503. isIdOk: 222. Prob: 0.02115%
4250 code (7XM27K-T9X0TH2) checked. Verified: 1049750. isIdOk: 222. Prob: 0.02115%
4251 code (C5MM7K-T9X0T3A) checked. Verified: 1049997. isIdOk: 223. Prob: 0.02124%
4252 code (7BTT7K-T9X0TTX) checked. Verified: 1050244. isIdOk: 223. Prob: 0.02123%
4253 code (7EXH7K-T9X0TE7) checked. Verified: 1050491. isIdOk: 223. Prob: 0.02123%
4254 code (7P537K-T9X0T8C) checked. Verified: 1050738. isIdOk: 223. Prob: 0.02122%
4255 code (77907K-T9X05P2) checked. Verified: 1050985. isIdOk: 223. Prob: 0.02122%
4256 code (CAEB7K-T9X02E8) checked. Verified: 1051232. isIdOk: 223. Prob: 0.02121%
4257 code (CTC47K-T9X026B) checked. Verified: 1051479. isIdOk: 223. Prob: 0.02121%
4258 code (72H57K-T9X02MC) checked. Verified: 1051726. isIdOk: 223. Prob: 0.0212%
4259 code (7P207K-T9X0E1E) checked. Verified: 1051973. isIdOk: 223. Prob: 0.0212%
4260 code (7KT57K-T9X06T2) checked. Verified: 1052220. isIdOk: 223. Prob: 0.02119%
4261 code (7H7H7K-T9X0621) checked. Verified: 1052467. isIdOk: 223. Prob: 0.02119%
4262 code (732P7K-T9X09HE) checked. Verified: 1052714. isIdOk: 223. Prob: 0.02118%
4263 code (76P47K-T9X09EC) checked. Verified: 1052961. isIdOk: 223. Prob: 0.02118%
4264 code (71717K-T9X09KT) checked. Verified: 1053208. isIdOk: 223. Prob: 0.02117%
4265 code (73E27K-T9X09M7) checked. Verified: 1053455. isIdOk: 223. Prob: 0.02117%
4266 code (39187K-T9X0KPM) checked. Verified: 1053702. isIdOk: 223. Prob: 0.02116%
4267 code (7CPP7K-T9X0P98) checked. Verified: 1053949. isIdOk: 224. Prob: 0.02125%
4268 code (77TP7K-T9X0134) checked. Verified: 1054196. isIdOk: 224. Prob: 0.02125%
4269 code (73E97K-T9X01TM) checked. Verified: 1054443. isIdOk: 224. Prob: 0.02124%
4270 code (71567K-T9X010T) checked. Verified: 1054690. isIdOk: 224. Prob: 0.02124%
4271 code (7EA97K-T9X0A61) checked. Verified: 1054937. isIdOk: 224. Prob: 0.02123%
4272 code (7MA27K-T9X0A4E) checked. Verified: 1055184. isIdOk: 224. Prob: 0.02123%
4273 code (7CHC7K-T9X0MPA) checked. Verified: 1055431. isIdOk: 224. Prob: 0.02122%
4274 code (79PT7K-T9X0M04) checked. Verified: 1055678. isIdOk: 224. Prob: 0.02122%
4275 code (7C7P7K-T9X087X) checked. Verified: 1055925. isIdOk: 224. Prob: 0.02121%
4276 code (7H357K-T9X0853) checked. Verified: 1056172. isIdOk: 224. Prob: 0.02121%
4277 code (76EM7K-T9X085E) checked. Verified: 1056419. isIdOk: 224. Prob: 0.0212%
4278 code (74BT7K-T9X0BTK) checked. Verified: 1056666. isIdOk: 224. Prob: 0.0212%
4279 code (33H27K-T9X0B0X) checked. Verified: 1056913. isIdOk: 224. Prob: 0.02119%
4280 code (7X657K-T9X04B6) checked. Verified: 1057160. isIdOk: 225. Prob: 0.02128%
4281 code (775H7K-T9X00X2) checked. Verified: 1057407. isIdOk: 225. Prob: 0.02128%
4282 code (7T677K-T987754) checked. Verified: 1057654. isIdOk: 225. Prob: 0.02127%
4283 code (77757K-T987782) checked. Verified: 1057901. isIdOk: 225. Prob: 0.02127%
4284 code (7T5E7K-T987CC2) checked. Verified: 1058148. isIdOk: 225. Prob: 0.02126%
4285 code (762E7K-T987CPX) checked. Verified: 1058395. isIdOk: 225. Prob: 0.02126%
4286 code (7M087K-T987C8B) checked. Verified: 1058642. isIdOk: 225. Prob: 0.02125%
4287 code (7PA67K-T987H6B) checked. Verified: 1058889. isIdOk: 225. Prob: 0.02125%
4288 code (77457K-T987H1H) checked. Verified: 1059136. isIdOk: 225. Prob: 0.02124%
4289 code (7AXK7K-T9873H1) checked. Verified: 1059383. isIdOk: 225. Prob: 0.02124%
4290 code (C1P17K-T987T3E) checked. Verified: 1059630. isIdOk: 225. Prob: 0.02123%
4291 code (7B927K-T987TBC) checked. Verified: 1059877. isIdOk: 225. Prob: 0.02123%
4292 code (765M7K-T987TBK) checked. Verified: 1060124. isIdOk: 225. Prob: 0.02122%
4293 code (72537K-T98757X) checked. Verified: 1060371. isIdOk: 225. Prob: 0.02122%
4294 code (C5387K-T9875AP) checked. Verified: 1060618. isIdOk: 225. Prob: 0.02121%
4295 code (79147K-T9875MP) checked. Verified: 1060865. isIdOk: 225. Prob: 0.02121%
4296 code (7K527K-T9872P3) checked. Verified: 1061112. isIdOk: 225. Prob: 0.0212%
4297 code (75537K-T98728M) checked. Verified: 1061359. isIdOk: 225. Prob: 0.0212%
4298 code (7C5H7K-T987E7M) checked. Verified: 1061606. isIdOk: 225. Prob: 0.02119%
4299 code (73TT7K-T987EEX) checked. Verified: 1061853. isIdOk: 225. Prob: 0.02119%
4300 code (73XM7K-T987EBH) checked. Verified: 1062100. isIdOk: 225. Prob: 0.02118%
4301 code (73XC7K-T987E4A) checked. Verified: 1062347. isIdOk: 225. Prob: 0.02118%
4302 code (71T57K-T98763H) checked. Verified: 1062594. isIdOk: 226. Prob: 0.02127%
4303 code (C7T47K-T9876B7) checked. Verified: 1062841. isIdOk: 226. Prob: 0.02126%
4304 code (7C3A7K-T98797K) checked. Verified: 1063088. isIdOk: 226. Prob: 0.02126%
4305 code (C2MK7K-T987969) checked. Verified: 1063335. isIdOk: 226. Prob: 0.02125%
4306 code (77217K-T9879PX) checked. Verified: 1063582. isIdOk: 226. Prob: 0.02125%
4307 code (77P37K-T987KEH) checked. Verified: 1063829. isIdOk: 226. Prob: 0.02124%
4308 code (75T37K-T987KAB) checked. Verified: 1064076. isIdOk: 226. Prob: 0.02124%
4309 code (7TTC7K-T987P7M) checked. Verified: 1064323. isIdOk: 226. Prob: 0.02123%
4310 code (7T4H7K-T987PK5) checked. Verified: 1064570. isIdOk: 226. Prob: 0.02123%
4311 code (76357K-T9871C1) checked. Verified: 1064817. isIdOk: 226. Prob: 0.02122%
4312 code (7M017K-T9871K7) checked. Verified: 1065064. isIdOk: 226. Prob: 0.02122%
4313 code (72H27K-T987101) checked. Verified: 1065311. isIdOk: 226. Prob: 0.02121%
4314 code (713T7K-T987AE7) checked. Verified: 1065558. isIdOk: 227. Prob: 0.0213%
4315 code (777E7K-T987APA) checked. Verified: 1065805. isIdOk: 227. Prob: 0.0213%
4316 code (CAX57K-T987AAH) checked. Verified: 1066052. isIdOk: 228. Prob: 0.02139%
4317 code (C4607K-T987AXH) checked. Verified: 1066299. isIdOk: 228. Prob: 0.02138%
4318 code (764C7K-T987A82) checked. Verified: 1066546. isIdOk: 229. Prob: 0.02147%
4319 code (7PCH7K-T987M10) checked. Verified: 1066793. isIdOk: 229. Prob: 0.02147%
4320 code (7AE47K-T987X3C) checked. Verified: 1067040. isIdOk: 229. Prob: 0.02146%
4321 code (7C067K-T987XBC) checked. Verified: 1067287. isIdOk: 229. Prob: 0.02146%
4322 code (75P97K-T9878CT) checked. Verified: 1067534. isIdOk: 229. Prob: 0.02145%
4323 code (773A7K-T987827) checked. Verified: 1067781. isIdOk: 229. Prob: 0.02145%
4324 code (7XHB7K-T987BCM) checked. Verified: 1068028. isIdOk: 229. Prob: 0.02144%
4325 code (7CB07K-T987BK7) checked. Verified: 1068275. isIdOk: 229. Prob: 0.02144%
4326 code (7CMA7K-T987BK1) checked. Verified: 1068522. isIdOk: 229. Prob: 0.02143%
4327 code (7C6A7K-T987BKB) checked. Verified: 1068769. isIdOk: 230. Prob: 0.02152%
4328 code (C6C27K-T987BB4) checked. Verified: 1069016. isIdOk: 230. Prob: 0.02152%
4329 code (7HPK7K-T98747E) checked. Verified: 1069263. isIdOk: 230. Prob: 0.02151%
4330 code (72597K-T987478) checked. Verified: 1069510. isIdOk: 230. Prob: 0.02151%
4331 code (7E9P7K-T9874CC) checked. Verified: 1069757. isIdOk: 230. Prob: 0.0215%
4332 code (7PPB7K-T98742B) checked. Verified: 1070004. isIdOk: 230. Prob: 0.0215%
4333 code (77X87K-T98703K) checked. Verified: 1070251. isIdOk: 230. Prob: 0.02149%
4334 code (7C9T7K-T98C77X) checked. Verified: 1070498. isIdOk: 230. Prob: 0.02149%
4335 code (77TP7K-T98C73K) checked. Verified: 1070745. isIdOk: 230. Prob: 0.02148%
4336 code (CAC87K-T98C7BM) checked. Verified: 1070992. isIdOk: 230. Prob: 0.02148%
4337 code (76837K-T98CCHX) checked. Verified: 1071239. isIdOk: 230. Prob: 0.02147%
4338 code (C9K27K-T98CC56) checked. Verified: 1071486. isIdOk: 230. Prob: 0.02147%
4339 code (77337K-T98CH3C) checked. Verified: 1071733. isIdOk: 230. Prob: 0.02146%
4340 code (720B7K-T98CHXA) checked. Verified: 1071980. isIdOk: 230. Prob: 0.02146%
4341 code (7E527K-T98C393) checked. Verified: 1072227. isIdOk: 230. Prob: 0.02145%
4342 code (77037K-T98C384) checked. Verified: 1072474. isIdOk: 230. Prob: 0.02145%
4343 code (C3B37K-T98C34B) checked. Verified: 1072721. isIdOk: 230. Prob: 0.02144%
4344 code (C34M7K-T98C30A) checked. Verified: 1072968. isIdOk: 230. Prob: 0.02144%
4345 code (7PMP7K-T98CTX5) checked. Verified: 1073215. isIdOk: 230. Prob: 0.02143%
4346 code (72887K-T98C5MT) checked. Verified: 1073462. isIdOk: 230. Prob: 0.02143%
4347 code (7C687K-T98C25P) checked. Verified: 1073709. isIdOk: 230. Prob: 0.02142%
4348 code (7HXA7K-T98CECB) checked. Verified: 1073956. isIdOk: 230. Prob: 0.02142%
4349 code (7MME7K-T98CEX9) checked. Verified: 1074203. isIdOk: 230. Prob: 0.02141%
4350 code (CKPH7K-T98C6T4) checked. Verified: 1074450. isIdOk: 230. Prob: 0.02141%
4351 code (72117K-T98C695) checked. Verified: 1074697. isIdOk: 230. Prob: 0.0214%
4352 code (7ET07K-T98C966) checked. Verified: 1074944. isIdOk: 230. Prob: 0.0214%
4353 code (C2X97K-T98CK2H) checked. Verified: 1075191. isIdOk: 230. Prob: 0.02139%
4354 code (C2HH7K-T98CK05) checked. Verified: 1075438. isIdOk: 230. Prob: 0.02139%
4355 code (7HH67K-T98CPK0) checked. Verified: 1075685. isIdOk: 231. Prob: 0.02147%
4356 code (76K27K-T98C133) checked. Verified: 1075932. isIdOk: 231. Prob: 0.02147%
4357 code (7E007K-T98C18H) checked. Verified: 1076179. isIdOk: 231. Prob: 0.02146%
4358 code (7P307K-T98CA80) checked. Verified: 1076426. isIdOk: 231. Prob: 0.02146%
4359 code (71TB7K-T98CA08) checked. Verified: 1076673. isIdOk: 231. Prob: 0.02145%
4360 code (749T7K-T98CMM6) checked. Verified: 1076920. isIdOk: 231. Prob: 0.02145%
4361 code (76XM7K-T98CXT3) checked. Verified: 1077167. isIdOk: 231. Prob: 0.02145%
4362 code (7P547K-T98C8HX) checked. Verified: 1077414. isIdOk: 231. Prob: 0.02144%
4363 code (7KPX7K-T98CB7T) checked. Verified: 1077661. isIdOk: 231. Prob: 0.02144%
4364 code (772H7K-T98CB37) checked. Verified: 1077908. isIdOk: 232. Prob: 0.02152%
4365 code (C3477K-T98CBX5) checked. Verified: 1078155. isIdOk: 232. Prob: 0.02152%
4366 code (7KX27K-T98C4K4) checked. Verified: 1078402. isIdOk: 232. Prob: 0.02151%
4367 code (7K337K-T98C0T7) checked. Verified: 1078649. isIdOk: 232. Prob: 0.02151%
4368 code (718C7K-T98C009) checked. Verified: 1078896. isIdOk: 232. Prob: 0.0215%
4369 code (7CBH7K-T98H7MT) checked. Verified: 1079143. isIdOk: 233. Prob: 0.02159%
4370 code (74BK7K-T98HC7E) checked. Verified: 1079390. isIdOk: 233. Prob: 0.02159%
4371 code (7AX97K-T98HCPP) checked. Verified: 1079637. isIdOk: 233. Prob: 0.02158%
4372 code (7C0K7K-T98HC1P) checked. Verified: 1079884. isIdOk: 233. Prob: 0.02158%
4373 code (7AX47K-T98HHC2) checked. Verified: 1080131. isIdOk: 233. Prob: 0.02157%
4374 code (776E7K-T98HH66) checked. Verified: 1080378. isIdOk: 233. Prob: 0.02157%
4375 code (71867K-T98HHXC) checked. Verified: 1080625. isIdOk: 233. Prob: 0.02156%
4376 code (7X4E7K-T98H3C1) checked. Verified: 1080872. isIdOk: 233. Prob: 0.02156%
4377 code (76077K-T98H30E) checked. Verified: 1081119. isIdOk: 233. Prob: 0.02155%
4378 code (7T9P7K-T98H304) checked. Verified: 1081366. isIdOk: 234. Prob: 0.02164%
4379 code (7AKE7K-T98HTH5) checked. Verified: 1081613. isIdOk: 234. Prob: 0.02163%
4380 code (78EP7K-T98HTA5) checked. Verified: 1081860. isIdOk: 234. Prob: 0.02163%
4381 code (7EHM7K-T98H5C1) checked. Verified: 1082107. isIdOk: 234. Prob: 0.02162%
4382 code (72127K-T98H5E3) checked. Verified: 1082354. isIdOk: 234. Prob: 0.02162%
4383 code (CE457K-T98H564) checked. Verified: 1082601. isIdOk: 234. Prob: 0.02161%
4384 code (78927K-T98H234) checked. Verified: 1082848. isIdOk: 234. Prob: 0.02161%
4385 code (74157K-T98H24A) checked. Verified: 1083095. isIdOk: 234. Prob: 0.0216%
4386 code (7X6B7K-T98HE2M) checked. Verified: 1083342. isIdOk: 234. Prob: 0.0216%
4387 code (CCEC7K-T98HEP2) checked. Verified: 1083589. isIdOk: 234. Prob: 0.02159%
4388 code (7KAC7K-T98HE46) checked. Verified: 1083836. isIdOk: 234. Prob: 0.02159%
4389 code (7HA17K-T98HE48) checked. Verified: 1084083. isIdOk: 234. Prob: 0.02159%
4390 code (770X7K-T98H6A4) checked. Verified: 1084330. isIdOk: 234. Prob: 0.02158%
4391 code (C6EC7K-T98H9KC) checked. Verified: 1084577. isIdOk: 234. Prob: 0.02158%
4392 code (7K127K-T98H91C) checked. Verified: 1084824. isIdOk: 234. Prob: 0.02157%
4393 code (75E07K-T98HK25) checked. Verified: 1085071. isIdOk: 234. Prob: 0.02157%
4394 code (C9467K-T98HKEA) checked. Verified: 1085318. isIdOk: 234. Prob: 0.02156%
4395 code (73187K-T98HPEP) checked. Verified: 1085565. isIdOk: 234. Prob: 0.02156%
4396 code (77C87K-T98H1CP) checked. Verified: 1085812. isIdOk: 234. Prob: 0.02155%
4397 code (78617K-T98H1XH) checked. Verified: 1086059. isIdOk: 234. Prob: 0.02155%
4398 code (764C7K-T98HA7B) checked. Verified: 1086306. isIdOk: 234. Prob: 0.02154%
4399 code (77KE7K-T98HAP8) checked. Verified: 1086553. isIdOk: 234. Prob: 0.02154%
4400 code (7T787K-T98HME1) checked. Verified: 1086800. isIdOk: 234. Prob: 0.02153%
4401 code (7HTA7K-T98HXH2) checked. Verified: 1087047. isIdOk: 234. Prob: 0.02153%
4402 code (76537K-T98H8H3) checked. Verified: 1087294. isIdOk: 234. Prob: 0.02152%
4403 code (79M77K-T98HBHC) checked. Verified: 1087541. isIdOk: 235. Prob: 0.02161%
4404 code (79TB7K-T98HB0X) checked. Verified: 1087788. isIdOk: 235. Prob: 0.0216%
4405 code (7M6C7K-T98H07C) checked. Verified: 1088035. isIdOk: 235. Prob: 0.0216%
4406 code (7P927K-T98H078) checked. Verified: 1088282. isIdOk: 235. Prob: 0.02159%
4407 code (7E3B7K-T98H0AX) checked. Verified: 1088529. isIdOk: 235. Prob: 0.02159%
4408 code (77BH7K-T9837ET) checked. Verified: 1088776. isIdOk: 235. Prob: 0.02158%
4409 code (74M67K-T9837MB) checked. Verified: 1089023. isIdOk: 235. Prob: 0.02158%
4410 code (CA597K-T983CPT) checked. Verified: 1089270. isIdOk: 235. Prob: 0.02157%
4411 code (725P7K-T983HH0) checked. Verified: 1089517. isIdOk: 235. Prob: 0.02157%
4412 code (7TXK7K-T983379) checked. Verified: 1089764. isIdOk: 235. Prob: 0.02156%
4413 code (73M17K-T9833AX) checked. Verified: 1090011. isIdOk: 235. Prob: 0.02156%
4414 code (7E327K-T983TC4) checked. Verified: 1090258. isIdOk: 235. Prob: 0.02155%
4415 code (75PK7K-T983T8K) checked. Verified: 1090505. isIdOk: 235. Prob: 0.02155%
4416 code (7C967K-T9835TM) checked. Verified: 1090752. isIdOk: 235. Prob: 0.02154%
4417 code (75A37K-T9835MA) checked. Verified: 1090999. isIdOk: 235. Prob: 0.02154%
4418 code (CECE7K-T983270) checked. Verified: 1091246. isIdOk: 235. Prob: 0.02154%
4419 code (7TA47K-T9832AA) checked. Verified: 1091493. isIdOk: 235. Prob: 0.02153%
4420 code (73PX7K-T983E5K) checked. Verified: 1091740. isIdOk: 235. Prob: 0.02153%
4421 code (7KPB7K-T9836H2) checked. Verified: 1091987. isIdOk: 235. Prob: 0.02152%
4422 code (CH837K-T9836EB) checked. Verified: 1092234. isIdOk: 235. Prob: 0.02152%
4423 code (C7P57K-T98366C) checked. Verified: 1092481. isIdOk: 235. Prob: 0.02151%
4424 code (7T317K-T9836P0) checked. Verified: 1092728. isIdOk: 235. Prob: 0.02151%
4425 code (798K7K-T983974) checked. Verified: 1092975. isIdOk: 235. Prob: 0.0215%
4426 code (774P7K-T983995) checked. Verified: 1093222. isIdOk: 236. Prob: 0.02159%
4427 code (76A17K-T98390M) checked. Verified: 1093469. isIdOk: 236. Prob: 0.02158%
4428 code (7M6T7K-T983900) checked. Verified: 1093716. isIdOk: 236. Prob: 0.02158%
4429 code (7KMA7K-T983K43) checked. Verified: 1093963. isIdOk: 236. Prob: 0.02157%
4430 code (CE217K-T983PXP) checked. Verified: 1094210. isIdOk: 236. Prob: 0.02157%
4431 code (79BK7K-T9831K0) checked. Verified: 1094457. isIdOk: 236. Prob: 0.02156%
4432 code (73957K-T983A7B) checked. Verified: 1094704. isIdOk: 236. Prob: 0.02156%
4433 code (74T17K-T983A16) checked. Verified: 1094951. isIdOk: 236. Prob: 0.02155%
4434 code (75C27K-T983AMM) checked. Verified: 1095198. isIdOk: 236. Prob: 0.02155%
4435 code (CK4M7K-T983MAE) checked. Verified: 1095445. isIdOk: 236. Prob: 0.02154%
4436 code (77X37K-T983MB1) checked. Verified: 1095692. isIdOk: 236. Prob: 0.02154%
4437 code (7KH17K-T983XPT) checked. Verified: 1095939. isIdOk: 236. Prob: 0.02153%
4438 code (71K17K-T983XPX) checked. Verified: 1096186. isIdOk: 236. Prob: 0.02153%
4439 code (C2P87K-T983XBX) checked. Verified: 1096433. isIdOk: 236. Prob: 0.02152%
4440 code (73T17K-T983820) checked. Verified: 1096680. isIdOk: 236. Prob: 0.02152%
4441 code (7EEP7K-T983B32) checked. Verified: 1096927. isIdOk: 236. Prob: 0.02151%
4442 code (7AKH7K-T983BA7) checked. Verified: 1097174. isIdOk: 236. Prob: 0.02151%
4443 code (77097K-T9834EM) checked. Verified: 1097421. isIdOk: 236. Prob: 0.0215%
4444 code (77B87K-T983033) checked. Verified: 1097668. isIdOk: 236. Prob: 0.0215%
4445 code (71B47K-T983096) checked. Verified: 1097915. isIdOk: 236. Prob: 0.0215%
4446 code (CM077K-T98T7K2) checked. Verified: 1098162. isIdOk: 236. Prob: 0.02149%
4447 code (7KX37K-T98T7P9) checked. Verified: 1098409. isIdOk: 236. Prob: 0.02149%
4448 code (738X7K-T98T7MC) checked. Verified: 1098656. isIdOk: 236. Prob: 0.02148%
4449 code (7MTC7K-T98TC56) checked. Verified: 1098903. isIdOk: 236. Prob: 0.02148%
4450 code (7H2A7K-T98TCPE) checked. Verified: 1099150. isIdOk: 236. Prob: 0.02147%
4451 code (7HXC7K-T98THC1) checked. Verified: 1099397. isIdOk: 236. Prob: 0.02147%
4452 code (72M67K-T98THE9) checked. Verified: 1099644. isIdOk: 236. Prob: 0.02146%
4453 code (75A87K-T98T356) checked. Verified: 1099891. isIdOk: 236. Prob: 0.02146%
4454 code (CHX17K-T98T31C) checked. Verified: 1100138. isIdOk: 236. Prob: 0.02145%
4455 code (77067K-T98TT5E) checked. Verified: 1100385. isIdOk: 236. Prob: 0.02145%
4456 code (77A77K-T98TT6E) checked. Verified: 1100632. isIdOk: 236. Prob: 0.02144%
4457 code (7CK87K-T98TTBH) checked. Verified: 1100879. isIdOk: 236. Prob: 0.02144%
4458 code (71347K-T98T53T) checked. Verified: 1101126. isIdOk: 236. Prob: 0.02143%
4459 code (768T7K-T98T56K) checked. Verified: 1101373. isIdOk: 236. Prob: 0.02143%
4460 code (75P87K-T98T2T2) checked. Verified: 1101620. isIdOk: 236. Prob: 0.02142%
4461 code (77EE7K-T98T20B) checked. Verified: 1101867. isIdOk: 237. Prob: 0.02151%
4462 code (7K617K-T98TEMC) checked. Verified: 1102114. isIdOk: 237. Prob: 0.0215%
4463 code (77K27K-T98T6PC) checked. Verified: 1102361. isIdOk: 237. Prob: 0.0215%
4464 code (7KBE7K-T98T9H5) checked. Verified: 1102608. isIdOk: 237. Prob: 0.02149%
4465 code (76757K-T98T93H) checked. Verified: 1102855. isIdOk: 237. Prob: 0.02149%
4466 code (712M7K-T98T93P) checked. Verified: 1103102. isIdOk: 238. Prob: 0.02158%
4467 code (7E2H7K-T98T925) checked. Verified: 1103349. isIdOk: 238. Prob: 0.02157%
4468 code (754A7K-T98T96B) checked. Verified: 1103596. isIdOk: 238. Prob: 0.02157%
4469 code (73817K-T98T9BK) checked. Verified: 1103843. isIdOk: 239. Prob: 0.02165%
4470 code (7PK27K-T98TKET) checked. Verified: 1104090. isIdOk: 239. Prob: 0.02165%
4471 code (731P7K-T98TKEK) checked. Verified: 1104337. isIdOk: 239. Prob: 0.02164%
4472 code (770P7K-T98TKM3) checked. Verified: 1104584. isIdOk: 239. Prob: 0.02164%
4473 code (7MHA7K-T98TPP8) checked. Verified: 1104831. isIdOk: 239. Prob: 0.02163%
4474 code (7A237K-T98T1EC) checked. Verified: 1105078. isIdOk: 239. Prob: 0.02163%
4475 code (C7957K-T98T1XK) checked. Verified: 1105325. isIdOk: 239. Prob: 0.02162%
4476 code (H3MX7K-T98TA61) checked. Verified: 1105572. isIdOk: 239. Prob: 0.02162%
4477 code (76CX7K-T98TMT1) checked. Verified: 1105819. isIdOk: 239. Prob: 0.02161%
4478 code (77HP7K-T98TM47) checked. Verified: 1106066. isIdOk: 239. Prob: 0.02161%
4479 code (74TM7K-T98TXP7) checked. Verified: 1106313. isIdOk: 239. Prob: 0.0216%
4480 code (7C0T7K-T98T8C7) checked. Verified: 1106560. isIdOk: 239. Prob: 0.0216%
4481 code (7H6B7K-T98T84P) checked. Verified: 1106807. isIdOk: 239. Prob: 0.02159%
4482 code (75H37K-T98TB9A) checked. Verified: 1107054. isIdOk: 239. Prob: 0.02159%
4483 code (751T7K-T98TBPA) checked. Verified: 1107301. isIdOk: 239. Prob: 0.02158%
4484 code (77K17K-T98TB1X) checked. Verified: 1107548. isIdOk: 239. Prob: 0.02158%
4485 code (7TK67K-T98T42C) checked. Verified: 1107795. isIdOk: 239. Prob: 0.02157%
4486 code (C9457K-T98T0HM) checked. Verified: 1108042. isIdOk: 240. Prob: 0.02166%
4487 code (7T0C7K-T98T01P) checked. Verified: 1108289. isIdOk: 240. Prob: 0.02166%
4488 code (76C37K-T98T01X) checked. Verified: 1108536. isIdOk: 240. Prob: 0.02165%
4489 code (76257K-T985750) checked. Verified: 1108783. isIdOk: 240. Prob: 0.02165%
4490 code (7CT87K-T9857A9) checked. Verified: 1109030. isIdOk: 240. Prob: 0.02164%
4491 code (7H507K-T985C75) checked. Verified: 1109277. isIdOk: 241. Prob: 0.02173%
4492 code (CKMH7K-T985C8B) checked. Verified: 1109524. isIdOk: 241. Prob: 0.02172%
4493 code (7C0T7K-T985HP6) checked. Verified: 1109771. isIdOk: 241. Prob: 0.02172%
4494 code (77K97K-T985H09) checked. Verified: 1110018. isIdOk: 241. Prob: 0.02171%
4495 code (7TAT7K-T9853KM) checked. Verified: 1110265. isIdOk: 241. Prob: 0.02171%
4496 code (7M5P7K-T9853A1) checked. Verified: 1110512. isIdOk: 241. Prob: 0.0217%
4497 code (7A5H7K-T985T5B) checked. Verified: 1110759. isIdOk: 241. Prob: 0.0217%
4498 code (76357K-T9855H4) checked. Verified: 1111006. isIdOk: 241. Prob: 0.02169%
4499 code (76KX7K-T985503) checked. Verified: 1111253. isIdOk: 241. Prob: 0.02169%
4500 code (7T6H7K-T985287) checked. Verified: 1111500. isIdOk: 241. Prob: 0.02168%
4501 code (72K77K-T985EH1) checked. Verified: 1111747. isIdOk: 241. Prob: 0.02168%
4502 code (7HT77K-T985675) checked. Verified: 1111994. isIdOk: 241. Prob: 0.02167%
4503 code (79B17K-T98564B) checked. Verified: 1112241. isIdOk: 241. Prob: 0.02167%
4504 code (7E227K-T985987) checked. Verified: 1112488. isIdOk: 241. Prob: 0.02166%
4505 code (7K387K-T985K27) checked. Verified: 1112735. isIdOk: 241. Prob: 0.02166%
4506 code (CAC17K-T985KPC) checked. Verified: 1112982. isIdOk: 241. Prob: 0.02165%
4507 code (75H57K-T985PC7) checked. Verified: 1113229. isIdOk: 241. Prob: 0.02165%
4508 code (7H617K-T985PHM) checked. Verified: 1113476. isIdOk: 241. Prob: 0.02164%
4509 code (7EH87K-T985P0P) checked. Verified: 1113723. isIdOk: 241. Prob: 0.02164%
4510 code (7HKK7K-T985123) checked. Verified: 1113970. isIdOk: 241. Prob: 0.02163%
4511 code (75187K-T9851P8) checked. Verified: 1114217. isIdOk: 241. Prob: 0.02163%
4512 code (7TCT7K-T985AT3) checked. Verified: 1114464. isIdOk: 241. Prob: 0.02162%
4513 code (7H4M7K-T985AMK) checked. Verified: 1114711. isIdOk: 241. Prob: 0.02162%
4514 code (C9P67K-T985AX7) checked. Verified: 1114958. isIdOk: 241. Prob: 0.02162%
4515 code (77617K-T985MP8) checked. Verified: 1115205. isIdOk: 241. Prob: 0.02161%
4516 code (77147K-T985X6A) checked. Verified: 1115452. isIdOk: 241. Prob: 0.02161%
4517 code (71HM7K-T985XPC) checked. Verified: 1115699. isIdOk: 241. Prob: 0.0216%
4518 code (7K217K-T985X0C) checked. Verified: 1115946. isIdOk: 241. Prob: 0.0216%
4519 code (778M7K-T985810) checked. Verified: 1116193. isIdOk: 242. Prob: 0.02168%
4520 code (7P047K-T985B7K) checked. Verified: 1116440. isIdOk: 242. Prob: 0.02168%
4521 code (70E97K-T985B6C) checked. Verified: 1116687. isIdOk: 242. Prob: 0.02167%
4522 code (7E0A7K-T98547H) checked. Verified: 1116934. isIdOk: 242. Prob: 0.02167%
4523 code (7T547K-T98548X) checked. Verified: 1117181. isIdOk: 242. Prob: 0.02166%
4524 code (7C7P7K-T98506C) checked. Verified: 1117428. isIdOk: 242. Prob: 0.02166%
4525 code (75857K-T985000) checked. Verified: 1117675. isIdOk: 242. Prob: 0.02165%
4526 code (7HE37K-T98274M) checked. Verified: 1117922. isIdOk: 242. Prob: 0.02165%
4527 code (72737K-T982CTA) checked. Verified: 1118169. isIdOk: 242. Prob: 0.02164%
4528 code (7XBB7K-T982HH1) checked. Verified: 1118416. isIdOk: 242. Prob: 0.02164%
4529 code (7CE27K-T982HAK) checked. Verified: 1118663. isIdOk: 242. Prob: 0.02163%
4530 code (7BB57K-T9823E1) checked. Verified: 1118910. isIdOk: 242. Prob: 0.02163%
4531 code (C7A37K-T982T5H) checked. Verified: 1119157. isIdOk: 242. Prob: 0.02162%
4532 code (7HEA7K-T982TA2) checked. Verified: 1119404. isIdOk: 242. Prob: 0.02162%
4533 code (7HCP7K-T982536) checked. Verified: 1119651. isIdOk: 242. Prob: 0.02161%
4534 code (7T6K7K-T9825T7) checked. Verified: 1119898. isIdOk: 242. Prob: 0.02161%
4535 code (73087K-T9825X2) checked. Verified: 1120145. isIdOk: 242. Prob: 0.0216%
4536 code (7H1B7K-T98221X) checked. Verified: 1120392. isIdOk: 242. Prob: 0.0216%
4537 code (79137K-T982ECE) checked. Verified: 1120639. isIdOk: 242. Prob: 0.02159%
4538 code (77MA7K-T982EK5) checked. Verified: 1120886. isIdOk: 242. Prob: 0.02159%
4539 code (7BPE7K-T982EBK) checked. Verified: 1121133. isIdOk: 242. Prob: 0.02159%
4540 code (7C147K-T9826X5) checked. Verified: 1121380. isIdOk: 243. Prob: 0.02167%
4541 code (7KHM7K-T9829PM) checked. Verified: 1121627. isIdOk: 243. Prob: 0.02166%
4542 code (776M7K-T982KKB) checked. Verified: 1121874. isIdOk: 243. Prob: 0.02166%
4543 code (7E637K-T982PKT) checked. Verified: 1122121. isIdOk: 243. Prob: 0.02166%
4544 code (7HA07K-T9821KB) checked. Verified: 1122368. isIdOk: 243. Prob: 0.02165%
4545 code (CK087K-T982A2T) checked. Verified: 1122615. isIdOk: 243. Prob: 0.02165%
4546 code (7H0E7K-T982AET) checked. Verified: 1122862. isIdOk: 243. Prob: 0.02164%
4547 code (79817K-T982A9A) checked. Verified: 1123109. isIdOk: 243. Prob: 0.02164%
4548 code (71CP7K-T982M3P) checked. Verified: 1123356. isIdOk: 243. Prob: 0.02163%
4549 code (73K17K-T982MTT) checked. Verified: 1123603. isIdOk: 243. Prob: 0.02163%
4550 code (79MB7K-T982M1K) checked. Verified: 1123850. isIdOk: 243. Prob: 0.02162%
4551 code (79T57K-T982X5M) checked. Verified: 1124097. isIdOk: 243. Prob: 0.02162%
4552 code (7X3A7K-T982XAA) checked. Verified: 1124344. isIdOk: 244. Prob: 0.0217%
4553 code (HKEB7K-T9828E8) checked. Verified: 1124591. isIdOk: 244. Prob: 0.0217%
4554 code (7PPT7K-T982889) checked. Verified: 1124838. isIdOk: 244. Prob: 0.02169%
4555 code (C73M7K-T982BH9) checked. Verified: 1125085. isIdOk: 244. Prob: 0.02169%
4556 code (7P8M7K-T982B4A) checked. Verified: 1125332. isIdOk: 244. Prob: 0.02168%
4557 code (7M617K-T98242B) checked. Verified: 1125579. isIdOk: 244. Prob: 0.02168%
4558 code (C2A67K-T9824E9) checked. Verified: 1125826. isIdOk: 244. Prob: 0.02167%
4559 code (7K007K-T9820T7) checked. Verified: 1126073. isIdOk: 244. Prob: 0.02167%
4560 code (77H97K-T98202B) checked. Verified: 1126320. isIdOk: 244. Prob: 0.02166%
4561 code (7HBH7K-T9820M0) checked. Verified: 1126567. isIdOk: 244. Prob: 0.02166%
4562 code (77PK7K-T98E716) checked. Verified: 1126814. isIdOk: 244. Prob: 0.02165%
4563 code (73H87K-T98EC30) checked. Verified: 1127061. isIdOk: 244. Prob: 0.02165%
4564 code (716H7K-T98EH30) checked. Verified: 1127308. isIdOk: 244. Prob: 0.02164%
4565 code (7H957K-T98EHM2) checked. Verified: 1127555. isIdOk: 244. Prob: 0.02164%
4566 code (7X657K-T98E3HA) checked. Verified: 1127802. isIdOk: 244. Prob: 0.02164%
4567 code (72637K-T98E3M8) checked. Verified: 1128049. isIdOk: 244. Prob: 0.02163%
4568 code (7E5K7K-T98ETXT) checked. Verified: 1128296. isIdOk: 244. Prob: 0.02163%
4569 code (738M7K-T98E531) checked. Verified: 1128543. isIdOk: 244. Prob: 0.02162%
4570 code (75A37K-T98E2H9) checked. Verified: 1128790. isIdOk: 244. Prob: 0.02162%
4571 code (7HB97K-T98E2K1) checked. Verified: 1129037. isIdOk: 244. Prob: 0.02161%
4572 code (79T07K-T98EE57) checked. Verified: 1129284. isIdOk: 244. Prob: 0.02161%
4573 code (778H7K-T98E670) checked. Verified: 1129531. isIdOk: 245. Prob: 0.02169%
4574 code (7T5B7K-T98E6PT) checked. Verified: 1129778. isIdOk: 245. Prob: 0.02169%
4575 code (7CXH7K-T98E6PE) checked. Verified: 1130025. isIdOk: 245. Prob: 0.02168%
4576 code (7HH37K-T98E921) checked. Verified: 1130272. isIdOk: 245. Prob: 0.02168%
4577 code (7C5B7K-T98E960) checked. Verified: 1130519. isIdOk: 245. Prob: 0.02167%
4578 code (7TA67K-T98E9K3) checked. Verified: 1130766. isIdOk: 245. Prob: 0.02167%
4579 code (77X97K-T98E947) checked. Verified: 1131013. isIdOk: 245. Prob: 0.02166%
4580 code (73927K-T98EKM3) checked. Verified: 1131260. isIdOk: 246. Prob: 0.02175%
4581 code (7TMK7K-T98EP7K) checked. Verified: 1131507. isIdOk: 246. Prob: 0.02174%
4582 code (7T8X7K-T98EP8H) checked. Verified: 1131754. isIdOk: 246. Prob: 0.02174%
4583 code (C6MX7K-T98E1AB) checked. Verified: 1132001. isIdOk: 246. Prob: 0.02173%
4584 code (7KPB7K-T98E147) checked. Verified: 1132248. isIdOk: 246. Prob: 0.02173%
4585 code (725X7K-T98E142) checked. Verified: 1132495. isIdOk: 246. Prob: 0.02172%
4586 code (7KKK7K-T98EATC) checked. Verified: 1132742. isIdOk: 246. Prob: 0.02172%
4587 code (727P7K-T98EMT9) checked. Verified: 1132989. isIdOk: 246. Prob: 0.02171%
4588 code (7T197K-T98EM51) checked. Verified: 1133236. isIdOk: 246. Prob: 0.02171%
4589 code (7CTB7K-T98EM4K) checked. Verified: 1133483. isIdOk: 246. Prob: 0.0217%
4590 code (7KM37K-T98EXHC) checked. Verified: 1133730. isIdOk: 246. Prob: 0.0217%
4591 code (7E517K-T98EX53) checked. Verified: 1133977. isIdOk: 246. Prob: 0.02169%
4592 code (7H7H7K-T98E8C1) checked. Verified: 1134224. isIdOk: 246. Prob: 0.02169%
4593 code (77E27K-T98EB72) checked. Verified: 1134471. isIdOk: 246. Prob: 0.02168%
4594 code (71757K-T98EB2X) checked. Verified: 1134718. isIdOk: 246. Prob: 0.02168%
4595 code (73K87K-T98EBBC) checked. Verified: 1134965. isIdOk: 246. Prob: 0.02167%
4596 code (7E877K-T98E4T0) checked. Verified: 1135212. isIdOk: 247. Prob: 0.02176%
4597 code (7EBX7K-T98E45M) checked. Verified: 1135459. isIdOk: 247. Prob: 0.02175%
4598 code (77A07K-T98E427) checked. Verified: 1135706. isIdOk: 247. Prob: 0.02175%
4599 code (713T7K-T98E405) checked. Verified: 1135953. isIdOk: 247. Prob: 0.02174%
4600 code (7KMH7K-T98E0AX) checked. Verified: 1136200. isIdOk: 247. Prob: 0.02174%
4601 code (74HX7K-T9867TK) checked. Verified: 1136447. isIdOk: 247. Prob: 0.02173%
4602 code (7P807K-T986726) checked. Verified: 1136694. isIdOk: 247. Prob: 0.02173%
4603 code (777B7K-T9867E3) checked. Verified: 1136941. isIdOk: 247. Prob: 0.02172%
4604 code (73E17K-T98671H) checked. Verified: 1137188. isIdOk: 247. Prob: 0.02172%
4605 code (7T0H7K-T986C31) checked. Verified: 1137435. isIdOk: 247. Prob: 0.02172%
4606 code (H3C37K-T986C91) checked. Verified: 1137682. isIdOk: 247. Prob: 0.02171%
4607 code (7HE67K-T986CXM) checked. Verified: 1137929. isIdOk: 247. Prob: 0.02171%
4608 code (74BA7K-T986HTA) checked. Verified: 1138176. isIdOk: 247. Prob: 0.0217%
4609 code (7H9B7K-T9863CP) checked. Verified: 1138423. isIdOk: 248. Prob: 0.02178%
4610 code (73XA7K-T986380) checked. Verified: 1138670. isIdOk: 248. Prob: 0.02178%
4611 code (7TX57K-T986T72) checked. Verified: 1138917. isIdOk: 248. Prob: 0.02178%
4612 code (7HKC7K-T986TA9) checked. Verified: 1139164. isIdOk: 248. Prob: 0.02177%
4613 code (7XX17K-T986T4K) checked. Verified: 1139411. isIdOk: 249. Prob: 0.02185%
4614 code (7HXP7K-T9865H5) checked. Verified: 1139658. isIdOk: 249. Prob: 0.02185%
4615 code (770P7K-T986563) checked. Verified: 1139905. isIdOk: 249. Prob: 0.02184%
4616 code (7M497K-T9865A3) checked. Verified: 1140152. isIdOk: 249. Prob: 0.02184%
4617 code (7X8H7K-T9862TT) checked. Verified: 1140399. isIdOk: 249. Prob: 0.02183%
4618 code (75B87K-T986ET6) checked. Verified: 1140646. isIdOk: 249. Prob: 0.02183%
4619 code (77687K-T98667B) checked. Verified: 1140893. isIdOk: 250. Prob: 0.02191%
4620 code (790A7K-T98664B) checked. Verified: 1141140. isIdOk: 250. Prob: 0.02191%
4621 code (7BT77K-T9869E5) checked. Verified: 1141387. isIdOk: 250. Prob: 0.0219%
4622 code (73MA7K-T986914) checked. Verified: 1141634. isIdOk: 250. Prob: 0.0219%
4623 code (713M7K-T986KKM) checked. Verified: 1141881. isIdOk: 250. Prob: 0.02189%
4624 code (72AT7K-T986P9K) checked. Verified: 1142128. isIdOk: 250. Prob: 0.02189%
4625 code (7HEK7K-T986P8X) checked. Verified: 1142375. isIdOk: 250. Prob: 0.02188%
4626 code (77HC7K-T98611H) checked. Verified: 1142622. isIdOk: 250. Prob: 0.02188%
4627 code (C5H67K-T98610E) checked. Verified: 1142869. isIdOk: 250. Prob: 0.02187%
4628 code (7HXA7K-T986AH6) checked. Verified: 1143116. isIdOk: 250. Prob: 0.02187%
4629 code (7THC7K-T986AX5) checked. Verified: 1143363. isIdOk: 250. Prob: 0.02187%
4630 code (C7907K-T986A08) checked. Verified: 1143610. isIdOk: 250. Prob: 0.02186%
4631 code (7H3X7K-T986M76) checked. Verified: 1143857. isIdOk: 250. Prob: 0.02186%
4632 code (734A7K-T986M9M) checked. Verified: 1144104. isIdOk: 250. Prob: 0.02185%
4633 code (7HM57K-T986M1A) checked. Verified: 1144351. isIdOk: 250. Prob: 0.02185%
4634 code (73EX7K-T986XKB) checked. Verified: 1144598. isIdOk: 250. Prob: 0.02184%
4635 code (7KBC7K-T986X4B) checked. Verified: 1144845. isIdOk: 250. Prob: 0.02184%
4636 code (7BE77K-T98688A) checked. Verified: 1145092. isIdOk: 251. Prob: 0.02192%
4637 code (720C7K-T98684X) checked. Verified: 1145339. isIdOk: 251. Prob: 0.02191%
4638 code (75737K-T986BKM) checked. Verified: 1145586. isIdOk: 251. Prob: 0.02191%
4639 code (7EM77K-T986B40) checked. Verified: 1145833. isIdOk: 251. Prob: 0.02191%
4640 code (CCA17K-T98644H) checked. Verified: 1146080. isIdOk: 251. Prob: 0.0219%
4641 code (CC9X7K-T98601E) checked. Verified: 1146327. isIdOk: 251. Prob: 0.0219%
4642 code (7HTH7K-T9897TC) checked. Verified: 1146574. isIdOk: 251. Prob: 0.02189%
4643 code (77167K-T989780) checked. Verified: 1146821. isIdOk: 251. Prob: 0.02189%
4644 code (7C7T7K-T989CEH) checked. Verified: 1147068. isIdOk: 251. Prob: 0.02188%
4645 code (C76H7K-T989C92) checked. Verified: 1147315. isIdOk: 251. Prob: 0.02188%
4646 code (761A7K-T989H69) checked. Verified: 1147562. isIdOk: 251. Prob: 0.02187%
4647 code (7H5M7K-T989364) checked. Verified: 1147809. isIdOk: 251. Prob: 0.02187%
4648 code (7C2B7K-T989TC1) checked. Verified: 1148056. isIdOk: 251. Prob: 0.02186%
4649 code (CT6A7K-T989T6X) checked. Verified: 1148303. isIdOk: 251. Prob: 0.02186%
4650 code (796A7K-T989TBT) checked. Verified: 1148550. isIdOk: 251. Prob: 0.02185%
4651 code (7H7B7K-T9895TT) checked. Verified: 1148797. isIdOk: 251. Prob: 0.02185%
4652 code (7EM47K-T989556) checked. Verified: 1149044. isIdOk: 251. Prob: 0.02184%
4653 code (7ETH7K-T989590) checked. Verified: 1149291. isIdOk: 251. Prob: 0.02184%
4654 code (784A7K-T989222) checked. Verified: 1149538. isIdOk: 251. Prob: 0.02183%
4655 code (7A757K-T9892MX) checked. Verified: 1149785. isIdOk: 252. Prob: 0.02192%
4656 code (758M7K-T989E3E) checked. Verified: 1150032. isIdOk: 252. Prob: 0.02191%
4657 code (7EEX7K-T989E20) checked. Verified: 1150279. isIdOk: 252. Prob: 0.02191%
4658 code (73H97K-T989E1T) checked. Verified: 1150526. isIdOk: 252. Prob: 0.0219%
4659 code (7HHT7K-T989618) checked. Verified: 1150773. isIdOk: 252. Prob: 0.0219%
4660 code (73977K-T98993B) checked. Verified: 1151020. isIdOk: 252. Prob: 0.02189%
4661 code (72M47K-T98990K) checked. Verified: 1151267. isIdOk: 252. Prob: 0.02189%
4662 code (C6387K-T989KE2) checked. Verified: 1151514. isIdOk: 252. Prob: 0.02188%
4663 code (7E1B7K-T989K6X) checked. Verified: 1151761. isIdOk: 252. Prob: 0.02188%
4664 code (76427K-T989KB0) checked. Verified: 1152008. isIdOk: 252. Prob: 0.02187%
4665 code (726E7K-T989P1B) checked. Verified: 1152255. isIdOk: 252. Prob: 0.02187%
4666 code (71257K-T98915T) checked. Verified: 1152502. isIdOk: 252. Prob: 0.02187%
4667 code (72257K-T989A3B) checked. Verified: 1152749. isIdOk: 252. Prob: 0.02186%
4668 code (7T0P7K-T989AE2) checked. Verified: 1152996. isIdOk: 252. Prob: 0.02186%
4669 code (7X547K-T989M20) checked. Verified: 1153243. isIdOk: 252. Prob: 0.02185%
4670 code (785M7K-T989MMP) checked. Verified: 1153490. isIdOk: 252. Prob: 0.02185%
4671 code (H1257K-T989XA6) checked. Verified: 1153737. isIdOk: 252. Prob: 0.02184%
4672 code (72AE7K-T98987M) checked. Verified: 1153984. isIdOk: 252. Prob: 0.02184%
4673 code (745P7K-T9898K1) checked. Verified: 1154231. isIdOk: 252. Prob: 0.02183%
4674 code (7P917K-T9898P0) checked. Verified: 1154478. isIdOk: 252. Prob: 0.02183%
4675 code (73K27K-T989B64) checked. Verified: 1154725. isIdOk: 252. Prob: 0.02182%
4676 code (78427K-T98949E) checked. Verified: 1154972. isIdOk: 252. Prob: 0.02182%
4677 code (C7X87K-T9890TC) checked. Verified: 1155219. isIdOk: 252. Prob: 0.02181%
4678 code (707H7K-T9890XH) checked. Verified: 1155466. isIdOk: 252. Prob: 0.02181%
4679 code (7HPM7K-T98K7PH) checked. Verified: 1155713. isIdOk: 252. Prob: 0.0218%
4680 code (7XH17K-T98KC2K) checked. Verified: 1155960. isIdOk: 252. Prob: 0.0218%
4681 code (C70X7K-T98KCP3) checked. Verified: 1156207. isIdOk: 252. Prob: 0.0218%
4682 code (76107K-T98KCXE) checked. Verified: 1156454. isIdOk: 252. Prob: 0.02179%
4683 code (7M677K-T98KHAK) checked. Verified: 1156701. isIdOk: 252. Prob: 0.02179%
4684 code (7BEA7K-T98KHA0) checked. Verified: 1156948. isIdOk: 252. Prob: 0.02178%
4685 code (72ME7K-T98K32T) checked. Verified: 1157195. isIdOk: 252. Prob: 0.02178%
4686 code (777T7K-T98K32X) checked. Verified: 1157442. isIdOk: 252. Prob: 0.02177%
4687 code (74787K-T98KTT8) checked. Verified: 1157689. isIdOk: 252. Prob: 0.02177%
4688 code (7C297K-T98KTXP) checked. Verified: 1157936. isIdOk: 252. Prob: 0.02176%
4689 code (730M7K-T98K55B) checked. Verified: 1158183. isIdOk: 252. Prob: 0.02176%
4690 code (7C3T7K-T98K561) checked. Verified: 1158430. isIdOk: 253. Prob: 0.02184%
4691 code (79917K-T98K59A) checked. Verified: 1158677. isIdOk: 253. Prob: 0.02184%
4692 code (73EK7K-T98K5XE) checked. Verified: 1158924. isIdOk: 253. Prob: 0.02183%
4693 code (709A7K-T98K274) checked. Verified: 1159171. isIdOk: 253. Prob: 0.02183%
4694 code (72H97K-T98KE72) checked. Verified: 1159418. isIdOk: 253. Prob: 0.02182%
4695 code (7M417K-T98KEX0) checked. Verified: 1159665. isIdOk: 253. Prob: 0.02182%
4696 code (73K87K-T98KE09) checked. Verified: 1159912. isIdOk: 253. Prob: 0.02181%
4697 code (72EC7K-T98K68P) checked. Verified: 1160159. isIdOk: 253. Prob: 0.02181%
4698 code (7A357K-T98K649) checked. Verified: 1160406. isIdOk: 253. Prob: 0.0218%
4699 code (71977K-T98K952) checked. Verified: 1160653. isIdOk: 253. Prob: 0.0218%
4700 code (C5C47K-T98K9BH) checked. Verified: 1160900. isIdOk: 253. Prob: 0.02179%
4701 code (7H767K-T98KK2C) checked. Verified: 1161147. isIdOk: 254. Prob: 0.02187%
4702 code (7T237K-T98KP53) checked. Verified: 1161394. isIdOk: 254. Prob: 0.02187%
4703 code (7HCM7K-T98K1T5) checked. Verified: 1161641. isIdOk: 254. Prob: 0.02187%
4704 code (75MB7K-T98K1BX) checked. Verified: 1161888. isIdOk: 254. Prob: 0.02186%
4705 code (728C7K-T98KAK0) checked. Verified: 1162135. isIdOk: 254. Prob: 0.02186%
4706 code (7CP87K-T98KM59) checked. Verified: 1162382. isIdOk: 254. Prob: 0.02185%
4707 code (77347K-T98KXCH) checked. Verified: 1162629. isIdOk: 254. Prob: 0.02185%
4708 code (7CH17K-T98KX47) checked. Verified: 1162876. isIdOk: 254. Prob: 0.02184%
4709 code (70BE7K-T98K871) checked. Verified: 1163123. isIdOk: 254. Prob: 0.02184%
4710 code (7MMK7K-T98K8AA) checked. Verified: 1163370. isIdOk: 254. Prob: 0.02183%
4711 code (7HEP7K-T98KBEA) checked. Verified: 1163617. isIdOk: 254. Prob: 0.02183%
4712 code (C32C7K-T98K4T3) checked. Verified: 1163864. isIdOk: 254. Prob: 0.02182%
4713 code (79KP7K-T98K490) checked. Verified: 1164111. isIdOk: 254. Prob: 0.02182%
4714 code (76B77K-T98K05T) checked. Verified: 1164358. isIdOk: 254. Prob: 0.02181%
4715 code (77E37K-T98K0MK) checked. Verified: 1164605. isIdOk: 254. Prob: 0.02181%
4716 code (CT027K-T98P7MP) checked. Verified: 1164852. isIdOk: 254. Prob: 0.02181%
4717 code (7C6T7K-T98PCX7) checked. Verified: 1165099. isIdOk: 254. Prob: 0.0218%
4718 code (77227K-T98PH64) checked. Verified: 1165346. isIdOk: 254. Prob: 0.0218%
4719 code (78197K-T98P373) checked. Verified: 1165593. isIdOk: 254. Prob: 0.02179%
4720 code (719A7K-T98P3E6) checked. Verified: 1165840. isIdOk: 254. Prob: 0.02179%
4721 code (7PBM7K-T98P3XH) checked. Verified: 1166087. isIdOk: 254. Prob: 0.02178%
4722 code (73917K-T98PTHE) checked. Verified: 1166334. isIdOk: 254. Prob: 0.02178%
4723 code (717M7K-T98PTBB) checked. Verified: 1166581. isIdOk: 254. Prob: 0.02177%
4724 code (79177K-T98P545) checked. Verified: 1166828. isIdOk: 254. Prob: 0.02177%
4725 code (72EE7K-T98P261) checked. Verified: 1167075. isIdOk: 254. Prob: 0.02176%
4726 code (75X87K-T98P289) checked. Verified: 1167322. isIdOk: 254. Prob: 0.02176%
4727 code (790X7K-T98PE21) checked. Verified: 1167569. isIdOk: 254. Prob: 0.02175%
4728 code (719P7K-T98P63E) checked. Verified: 1167816. isIdOk: 254. Prob: 0.02175%
4729 code (7XC27K-T98P60E) checked. Verified: 1168063. isIdOk: 254. Prob: 0.02175%
4730 code (7T8E7K-T98P99K) checked. Verified: 1168310. isIdOk: 254. Prob: 0.02174%
4731 code (73A57K-T98P9M6) checked. Verified: 1168557. isIdOk: 254. Prob: 0.02174%
4732 code (7H287K-T98PK24) checked. Verified: 1168804. isIdOk: 254. Prob: 0.02173%
4733 code (78A97K-T98PK9K) checked. Verified: 1169051. isIdOk: 254. Prob: 0.02173%
4734 code (71897K-T98PK19) checked. Verified: 1169298. isIdOk: 254. Prob: 0.02172%
4735 code (7EXT7K-T98PKBB) checked. Verified: 1169545. isIdOk: 254. Prob: 0.02172%
4736 code (798B7K-T98PP71) checked. Verified: 1169792. isIdOk: 254. Prob: 0.02171%
4737 code (CEAH7K-T98PPB6) checked. Verified: 1170039. isIdOk: 254. Prob: 0.02171%
4738 code (7E4C7K-T98P1T9) checked. Verified: 1170286. isIdOk: 254. Prob: 0.0217%
4739 code (7TK87K-T98P1T1) checked. Verified: 1170533. isIdOk: 254. Prob: 0.0217%
4740 code (73BH7K-T98PA53) checked. Verified: 1170780. isIdOk: 254. Prob: 0.02169%
4741 code (7MMK7K-T98PA4T) checked. Verified: 1171027. isIdOk: 254. Prob: 0.02169%
4742 code (75097K-T98PM31) checked. Verified: 1171274. isIdOk: 254. Prob: 0.02169%
4743 code (7HHC7K-T98PM2A) checked. Verified: 1171521. isIdOk: 254. Prob: 0.02168%
4744 code (CC487K-T98PM61) checked. Verified: 1171768. isIdOk: 254. Prob: 0.02168%
4745 code (77667K-T98PMPX) checked. Verified: 1172015. isIdOk: 254. Prob: 0.02167%
4746 code (74CX7K-T98PM16) checked. Verified: 1172262. isIdOk: 254. Prob: 0.02167%
4747 code (706A7K-T98PX7K) checked. Verified: 1172509. isIdOk: 255. Prob: 0.02175%
4748 code (7M5T7K-T98P87P) checked. Verified: 1172756. isIdOk: 255. Prob: 0.02174%
4749 code (7CM97K-T98P8BT) checked. Verified: 1173003. isIdOk: 256. Prob: 0.02182%
4750 code (7E567K-T98PBBE) checked. Verified: 1173250. isIdOk: 257. Prob: 0.0219%
4751 code (CT5E7K-T98P4BC) checked. Verified: 1173497. isIdOk: 257. Prob: 0.0219%
4752 code (75P97K-T98P0T3) checked. Verified: 1173744. isIdOk: 258. Prob: 0.02198%
4753 code (7AP67K-T98P056) checked. Verified: 1173991. isIdOk: 258. Prob: 0.02198%
4754 code (729H7K-T98P0EP) checked. Verified: 1174238. isIdOk: 258. Prob: 0.02197%
4755 code (73B07K-T98P0XE) checked. Verified: 1174485. isIdOk: 258. Prob: 0.02197%
4756 code (758B7K-T98P08P) checked. Verified: 1174732. isIdOk: 258. Prob: 0.02196%
4757 code (769K7K-T9817M2) checked. Verified: 1174979. isIdOk: 258. Prob: 0.02196%
4758 code (78K87K-T981CTA) checked. Verified: 1175226. isIdOk: 258. Prob: 0.02195%
4759 code (C25C7K-T981HT0) checked. Verified: 1175473. isIdOk: 258. Prob: 0.02195%
4760 code (7HET7K-T981HBP) checked. Verified: 1175720. isIdOk: 258. Prob: 0.02194%
4761 code (76H27K-T98131A) checked. Verified: 1175967. isIdOk: 258. Prob: 0.02194%
4762 code (72T27K-T981T56) checked. Verified: 1176214. isIdOk: 258. Prob: 0.02193%
4763 code (76MB7K-T981TMK) checked. Verified: 1176461. isIdOk: 258. Prob: 0.02193%
4764 code (7T257K-T9815PB) checked. Verified: 1176708. isIdOk: 258. Prob: 0.02193%
4765 code (7T227K-T9812P3) checked. Verified: 1176955. isIdOk: 258. Prob: 0.02192%
4766 code (7AM07K-T981E20) checked. Verified: 1177202. isIdOk: 258. Prob: 0.02192%
4767 code (76M67K-T981E91) checked. Verified: 1177449. isIdOk: 258. Prob: 0.02191%
4768 code (77XE7K-T981EA2) checked. Verified: 1177696. isIdOk: 258. Prob: 0.02191%
4769 code (7TEB7K-T981EX1) checked. Verified: 1177943. isIdOk: 258. Prob: 0.0219%
4770 code (H7027K-T9816HP) checked. Verified: 1178190. isIdOk: 258. Prob: 0.0219%
4771 code (CEH77K-T9816X6) checked. Verified: 1178437. isIdOk: 258. Prob: 0.02189%
4772 code (7T3K7K-T981644) checked. Verified: 1178684. isIdOk: 258. Prob: 0.02189%
4773 code (7TX37K-T98199K) checked. Verified: 1178931. isIdOk: 258. Prob: 0.02188%
4774 code (77887K-T981906) checked. Verified: 1179178. isIdOk: 258. Prob: 0.02188%
4775 code (7HBA7K-T981K7H) checked. Verified: 1179425. isIdOk: 258. Prob: 0.02188%
4776 code (7EET7K-T981K54) checked. Verified: 1179672. isIdOk: 258. Prob: 0.02187%
4777 code (CPK27K-T981K0B) checked. Verified: 1179919. isIdOk: 258. Prob: 0.02187%
4778 code (7C9P7K-T981P1A) checked. Verified: 1180166. isIdOk: 258. Prob: 0.02186%
4779 code (72AH7K-T981195) checked. Verified: 1180413. isIdOk: 258. Prob: 0.02186%
4780 code (71H17K-T981A3M) checked. Verified: 1180660. isIdOk: 258. Prob: 0.02185%
4781 code (7CPC7K-T981AA3) checked. Verified: 1180907. isIdOk: 258. Prob: 0.02185%
4782 code (7P6K7K-T981MAC) checked. Verified: 1181154. isIdOk: 258. Prob: 0.02184%
4783 code (70B97K-T981XC6) checked. Verified: 1181401. isIdOk: 258. Prob: 0.02184%
4784 code (7B3P7K-T981XBP) checked. Verified: 1181648. isIdOk: 258. Prob: 0.02183%
4785 code (CTA17K-T98187C) checked. Verified: 1181895. isIdOk: 258. Prob: 0.02183%
4786 code (7H2K7K-T981B73) checked. Verified: 1182142. isIdOk: 258. Prob: 0.02182%
4787 code (78KT7K-T981B5C) checked. Verified: 1182389. isIdOk: 258. Prob: 0.02182%
4788 code (70167K-T981BPT) checked. Verified: 1182636. isIdOk: 258. Prob: 0.02182%
4789 code (CH837K-T981438) checked. Verified: 1182883. isIdOk: 258. Prob: 0.02181%
4790 code (73MK7K-T9814EK) checked. Verified: 1183130. isIdOk: 258. Prob: 0.02181%
4791 code (7X277K-T9814B4) checked. Verified: 1183377. isIdOk: 258. Prob: 0.0218%
4792 code (CHM17K-T981089) checked. Verified: 1183624. isIdOk: 258. Prob: 0.0218%
4793 code (7PTH7K-T981001) checked. Verified: 1183871. isIdOk: 258. Prob: 0.02179%
4794 code (7HEB7K-T98A7K1) checked. Verified: 1184118. isIdOk: 258. Prob: 0.02179%
4795 code (70077K-T98A70X) checked. Verified: 1184365. isIdOk: 258. Prob: 0.02178%
4796 code (71AE7K-T98AC91) checked. Verified: 1184612. isIdOk: 258. Prob: 0.02178%
4797 code (75E27K-T98AC46) checked. Verified: 1184859. isIdOk: 258. Prob: 0.02177%
4798 code (75KK7K-T98AH32) checked. Verified: 1185106. isIdOk: 258. Prob: 0.02177%
4799 code (72BH7K-T98AH00) checked. Verified: 1185353. isIdOk: 258. Prob: 0.02177%
4800 code (7TP07K-T98A3E3) checked. Verified: 1185600. isIdOk: 258. Prob: 0.02176%
4801 code (7BB47K-T98AT3M) checked. Verified: 1185847. isIdOk: 258. Prob: 0.02176%
4802 code (7H267K-T98ATA6) checked. Verified: 1186094. isIdOk: 258. Prob: 0.02175%
4803 code (7ECH7K-T98A530) checked. Verified: 1186341. isIdOk: 259. Prob: 0.02183%
4804 code (C0P17K-T98A278) checked. Verified: 1186588. isIdOk: 259. Prob: 0.02183%
4805 code (768A7K-T98A2MX) checked. Verified: 1186835. isIdOk: 259. Prob: 0.02182%
4806 code (7E6H7K-T98AET3) checked. Verified: 1187082. isIdOk: 259. Prob: 0.02182%
4807 code (75TH7K-T98AEMH) checked. Verified: 1187329. isIdOk: 259. Prob: 0.02181%
4808 code (7PT07K-T98AE0H) checked. Verified: 1187576. isIdOk: 259. Prob: 0.02181%
4809 code (7HM97K-T98A6B0) checked. Verified: 1187823. isIdOk: 259. Prob: 0.0218%
4810 code (7H2T7K-T98A9C6) checked. Verified: 1188070. isIdOk: 260. Prob: 0.02188%
4811 code (758B7K-T98A9HA) checked. Verified: 1188317. isIdOk: 260. Prob: 0.02188%
4812 code (7E827K-T98A9PP) checked. Verified: 1188564. isIdOk: 260. Prob: 0.02188%
4813 code (H9PE7K-T98A940) checked. Verified: 1188811. isIdOk: 260. Prob: 0.02187%
4814 code (CT087K-T98A90T) checked. Verified: 1189058. isIdOk: 260. Prob: 0.02187%
4815 code (7AHM7K-T98AK29) checked. Verified: 1189305. isIdOk: 260. Prob: 0.02186%
4816 code (79X27K-T98APTT) checked. Verified: 1189552. isIdOk: 260. Prob: 0.02186%
4817 code (CHP57K-T98AP19) checked. Verified: 1189799. isIdOk: 261. Prob: 0.02194%
4818 code (7C8M7K-T98APM5) checked. Verified: 1190046. isIdOk: 261. Prob: 0.02193%
4819 code (CTK47K-T98APBA) checked. Verified: 1190293. isIdOk: 261. Prob: 0.02193%
4820 code (729K7K-T98A14C) checked. Verified: 1190540. isIdOk: 261. Prob: 0.02192%
4821 code (7TE77K-T98AA9A) checked. Verified: 1190787. isIdOk: 261. Prob: 0.02192%
4822 code (7CPA7K-T98AA4C) checked. Verified: 1191034. isIdOk: 261. Prob: 0.02191%
4823 code (7T547K-T98AM86) checked. Verified: 1191281. isIdOk: 261. Prob: 0.02191%
4824 code (7HPX7K-T98AX1H) checked. Verified: 1191528. isIdOk: 261. Prob: 0.0219%
4825 code (7APP7K-T98A836) checked. Verified: 1191775. isIdOk: 261. Prob: 0.0219%
4826 code (CHX67K-T98A8TM) checked. Verified: 1192022. isIdOk: 261. Prob: 0.0219%
4827 code (73K67K-T98A8PK) checked. Verified: 1192269. isIdOk: 261. Prob: 0.02189%
4828 code (7PT07K-T98ABHX) checked. Verified: 1192516. isIdOk: 261. Prob: 0.02189%
4829 code (C07M7K-T98ABPA) checked. Verified: 1192763. isIdOk: 261. Prob: 0.02188%
4830 code (767H7K-T98A43M) checked. Verified: 1193010. isIdOk: 261. Prob: 0.02188%
4831 code (76C97K-T98A413) checked. Verified: 1193257. isIdOk: 261. Prob: 0.02187%
4832 code (75T67K-T98A07M) checked. Verified: 1193504. isIdOk: 261. Prob: 0.02187%
4833 code (C83P7K-T98M779) checked. Verified: 1193751. isIdOk: 261. Prob: 0.02186%
4834 code (75217K-T98M767) checked. Verified: 1193998. isIdOk: 261. Prob: 0.02186%
4835 code (75TB7K-T98MCTC) checked. Verified: 1194245. isIdOk: 261. Prob: 0.02185%
4836 code (7K817K-T98MHH2) checked. Verified: 1194492. isIdOk: 261. Prob: 0.02185%
4837 code (7P7B7K-T98MHM2) checked. Verified: 1194739. isIdOk: 261. Prob: 0.02185%
4838 code (77367K-T98M366) checked. Verified: 1194986. isIdOk: 261. Prob: 0.02184%
4839 code (7P437K-T98M3PX) checked. Verified: 1195233. isIdOk: 262. Prob: 0.02192%
4840 code (CK887K-T98MTKB) checked. Verified: 1195480. isIdOk: 263. Prob: 0.022%
4841 code (79X37K-T98M598) checked. Verified: 1195727. isIdOk: 263. Prob: 0.02199%
4842 code (7PAE7K-T98M295) checked. Verified: 1195974. isIdOk: 263. Prob: 0.02199%
4843 code (73EB7K-T98M2PC) checked. Verified: 1196221. isIdOk: 263. Prob: 0.02199%
4844 code (7C8K7K-T98M24H) checked. Verified: 1196468. isIdOk: 263. Prob: 0.02198%
4845 code (7HMH7K-T98ME5X) checked. Verified: 1196715. isIdOk: 263. Prob: 0.02198%
4846 code (77XT7K-T98MEXT) checked. Verified: 1196962. isIdOk: 263. Prob: 0.02197%
4847 code (7E5T7K-T98M634) checked. Verified: 1197209. isIdOk: 263. Prob: 0.02197%
4848 code (7TA07K-T98M97E) checked. Verified: 1197456. isIdOk: 263. Prob: 0.02196%
4849 code (7CMH7K-T98M982) checked. Verified: 1197703. isIdOk: 263. Prob: 0.02196%
4850 code (76397K-T98MKK9) checked. Verified: 1197950. isIdOk: 263. Prob: 0.02195%
4851 code (CB0M7K-T98MP58) checked. Verified: 1198197. isIdOk: 263. Prob: 0.02195%
4852 code (7T707K-T98MPBH) checked. Verified: 1198444. isIdOk: 263. Prob: 0.02195%
4853 code (737E7K-T98M11B) checked. Verified: 1198691. isIdOk: 263. Prob: 0.02194%
4854 code (74477K-T98MA25) checked. Verified: 1198938. isIdOk: 263. Prob: 0.02194%
4855 code (7CTE7K-T98MAE2) checked. Verified: 1199185. isIdOk: 263. Prob: 0.02193%
4856 code (72497K-T98MMT4) checked. Verified: 1199432. isIdOk: 263. Prob: 0.02193%
4857 code (70EA7K-T98MXH8) checked. Verified: 1199679. isIdOk: 263. Prob: 0.02192%
4858 code (7HTP7K-T98MX5A) checked. Verified: 1199926. isIdOk: 263. Prob: 0.02192%
4859 code (7K0A7K-T98M8T9) checked. Verified: 1200173. isIdOk: 263. Prob: 0.02191%
4860 code (79EP7K-T98M8M8) checked. Verified: 1200420. isIdOk: 263. Prob: 0.02191%
4861 code (7PBX7K-T98MBA5) checked. Verified: 1200667. isIdOk: 263. Prob: 0.0219%
4862 code (778B7K-T98MB0E) checked. Verified: 1200914. isIdOk: 263. Prob: 0.0219%
4863 code (7TC57K-T98M4H0) checked. Verified: 1201161. isIdOk: 263. Prob: 0.0219%
4864 code (C15P7K-T98M420) checked. Verified: 1201408. isIdOk: 263. Prob: 0.02189%
4865 code (7H4P7K-T98M481) checked. Verified: 1201655. isIdOk: 263. Prob: 0.02189%
4866 code (79117K-T98M02H) checked. Verified: 1201902. isIdOk: 263. Prob: 0.02188%
4867 code (77BX7K-T98M01K) checked. Verified: 1202149. isIdOk: 263. Prob: 0.02188%
4868 code (79X47K-T98X7C1) checked. Verified: 1202396. isIdOk: 263. Prob: 0.02187%
4869 code (7BAX7K-T98XC7K) checked. Verified: 1202643. isIdOk: 263. Prob: 0.02187%
4870 code (713X7K-T98XCH8) checked. Verified: 1202890. isIdOk: 263. Prob: 0.02186%
4871 code (70TA7K-T98XCA8) checked. Verified: 1203137. isIdOk: 264. Prob: 0.02194%
4872 code (7EBP7K-T98XHH3) checked. Verified: 1203384. isIdOk: 264. Prob: 0.02194%
4873 code (74PP7K-T98XH03) checked. Verified: 1203631. isIdOk: 264. Prob: 0.02193%
4874 code (736P7K-T98X3CB) checked. Verified: 1203878. isIdOk: 264. Prob: 0.02193%
4875 code (71X37K-T98X3KH) checked. Verified: 1204125. isIdOk: 264. Prob: 0.02192%
4876 code (76307K-T98X383) checked. Verified: 1204372. isIdOk: 264. Prob: 0.02192%
4877 code (7MK57K-T98XT80) checked. Verified: 1204619. isIdOk: 264. Prob: 0.02192%
4878 code (7KH97K-T98X5HB) checked. Verified: 1204866. isIdOk: 264. Prob: 0.02191%
4879 code (C3797K-T98X58B) checked. Verified: 1205113. isIdOk: 264. Prob: 0.02191%
4880 code (7K1X7K-T98X5BX) checked. Verified: 1205360. isIdOk: 264. Prob: 0.0219%
4881 code (7K497K-T98X2E1) checked. Verified: 1205607. isIdOk: 264. Prob: 0.0219%
4882 code (C6A27K-T98X2EB) checked. Verified: 1205854. isIdOk: 264. Prob: 0.02189%
4883 code (7CXB7K-T98XE39) checked. Verified: 1206101. isIdOk: 264. Prob: 0.02189%
4884 code (77537K-T98X6H5) checked. Verified: 1206348. isIdOk: 264. Prob: 0.02188%
4885 code (7CK57K-T98X68H) checked. Verified: 1206595. isIdOk: 264. Prob: 0.02188%
4886 code (773M7K-T98X64B) checked. Verified: 1206842. isIdOk: 264. Prob: 0.02188%
4887 code (7H4M7K-T98X9T8) checked. Verified: 1207089. isIdOk: 265. Prob: 0.02195%
4888 code (7M1H7K-T98X9BE) checked. Verified: 1207336. isIdOk: 265. Prob: 0.02195%
4889 code (773B7K-T98XKA8) checked. Verified: 1207583. isIdOk: 265. Prob: 0.02194%
4890 code (C7PP7K-T98XP9E) checked. Verified: 1207830. isIdOk: 265. Prob: 0.02194%
4891 code (7X407K-T98XP46) checked. Verified: 1208077. isIdOk: 265. Prob: 0.02194%
4892 code (7XC37K-T98X131) checked. Verified: 1208324. isIdOk: 265. Prob: 0.02193%
4893 code (7E4T7K-T98XATT) checked. Verified: 1208571. isIdOk: 265. Prob: 0.02193%
4894 code (C5H27K-T98XMCH) checked. Verified: 1208818. isIdOk: 265. Prob: 0.02192%
4895 code (7CH77K-T98XXCE) checked. Verified: 1209065. isIdOk: 265. Prob: 0.02192%
4896 code (7PB67K-T98XXTK) checked. Verified: 1209312. isIdOk: 265. Prob: 0.02191%
4897 code (75XX7K-T98XX5E) checked. Verified: 1209559. isIdOk: 265. Prob: 0.02191%
4898 code (7CT67K-T98XX84) checked. Verified: 1209806. isIdOk: 265. Prob: 0.0219%
4899 code (76AP7K-T98X8M7) checked. Verified: 1210053. isIdOk: 265. Prob: 0.0219%
4900 code (7C007K-T98X8BB) checked. Verified: 1210300. isIdOk: 266. Prob: 0.02198%
4901 code (72267K-T98XBMC) checked. Verified: 1210547. isIdOk: 266. Prob: 0.02197%
4902 code (7A967K-T98XB4E) checked. Verified: 1210794. isIdOk: 266. Prob: 0.02197%
4903 code (7HPT7K-T98X4C8) checked. Verified: 1211041. isIdOk: 266. Prob: 0.02196%
4904 code (73PA7K-T98X488) checked. Verified: 1211288. isIdOk: 266. Prob: 0.02196%
4905 code (C7X57K-T98X056) checked. Verified: 1211535. isIdOk: 266. Prob: 0.02196%
4906 code (72527K-T98X0K5) checked. Verified: 1211782. isIdOk: 267. Prob: 0.02203%
4907 code (7CTB7K-T98879M) checked. Verified: 1212029. isIdOk: 267. Prob: 0.02203%
4908 code (7CT07K-T9887X6) checked. Verified: 1212276. isIdOk: 267. Prob: 0.02202%
4909 code (7HMM7K-T988C71) checked. Verified: 1212523. isIdOk: 267. Prob: 0.02202%
4910 code (75947K-T988CA3) checked. Verified: 1212770. isIdOk: 267. Prob: 0.02202%
4911 code (72617K-T988H2K) checked. Verified: 1213017. isIdOk: 267. Prob: 0.02201%
4912 code (C61P7K-T988376) checked. Verified: 1213264. isIdOk: 267. Prob: 0.02201%
4913 code (7C2T7K-T9883C2) checked. Verified: 1213511. isIdOk: 267. Prob: 0.022%
4914 code (CHPC7K-T98834X) checked. Verified: 1213758. isIdOk: 267. Prob: 0.022%
4915 code (7HCB7K-T988T9B) checked. Verified: 1214005. isIdOk: 267. Prob: 0.02199%
4916 code (7C6T7K-T988557) checked. Verified: 1214252. isIdOk: 267. Prob: 0.02199%
4917 code (79K97K-T98827T) checked. Verified: 1214499. isIdOk: 267. Prob: 0.02198%
4918 code (7HKK7K-T98821M) checked. Verified: 1214746. isIdOk: 267. Prob: 0.02198%
4919 code (7C7H7K-T988EEH) checked. Verified: 1214993. isIdOk: 267. Prob: 0.02198%
4920 code (72E27K-T988EK3) checked. Verified: 1215240. isIdOk: 267. Prob: 0.02197%
4921 code (79767K-T988EBT) checked. Verified: 1215487. isIdOk: 267. Prob: 0.02197%
4922 code (7EB47K-T9886TX) checked. Verified: 1215734. isIdOk: 267. Prob: 0.02196%
4923 code (72T67K-T988936) checked. Verified: 1215981. isIdOk: 267. Prob: 0.02196%
4924 code (7CKC7K-T988987) checked. Verified: 1216228. isIdOk: 267. Prob: 0.02195%
4925 code (77HC7K-T988K1C) checked. Verified: 1216475. isIdOk: 267. Prob: 0.02195%
4926 code (7EEB7K-T988KA6) checked. Verified: 1216722. isIdOk: 267. Prob: 0.02194%
4927 code (738M7K-T988KMA) checked. Verified: 1216969. isIdOk: 267. Prob: 0.02194%
4928 code (79XH7K-T988P60) checked. Verified: 1217216. isIdOk: 268. Prob: 0.02202%
4929 code (71KX7K-T98812E) checked. Verified: 1217463. isIdOk: 268. Prob: 0.02201%
4930 code (77A67K-T9881B7) checked. Verified: 1217710. isIdOk: 268. Prob: 0.02201%
4931 code (795E7K-T988A36) checked. Verified: 1217957. isIdOk: 268. Prob: 0.022%
4932 code (7E237K-T988APB) checked. Verified: 1218204. isIdOk: 268. Prob: 0.022%
4933 code (72917K-T988ABT) checked. Verified: 1218451. isIdOk: 268. Prob: 0.022%
4934 code (CH5H7K-T988MTA) checked. Verified: 1218698. isIdOk: 268. Prob: 0.02199%
4935 code (CT817K-T988XC0) checked. Verified: 1218945. isIdOk: 268. Prob: 0.02199%
4936 code (739E7K-T988X60) checked. Verified: 1219192. isIdOk: 268. Prob: 0.02198%
4937 code (77EA7K-T9888H1) checked. Verified: 1219439. isIdOk: 268. Prob: 0.02198%
4938 code (CAME7K-T988B3K) checked. Verified: 1219686. isIdOk: 268. Prob: 0.02197%
4939 code (751E7K-T988BB9) checked. Verified: 1219933. isIdOk: 269. Prob: 0.02205%
4940 code (7AHK7K-T988411) checked. Verified: 1220180. isIdOk: 269. Prob: 0.02205%
4941 code (7E637K-T9880H4) checked. Verified: 1220427. isIdOk: 269. Prob: 0.02204%
4942 code (75BP7K-T9880M6) checked. Verified: 1220674. isIdOk: 269. Prob: 0.02204%
4943 code (7A5C7K-T98B7EB) checked. Verified: 1220921. isIdOk: 269. Prob: 0.02203%
4944 code (7K797K-T98B7M4) checked. Verified: 1221168. isIdOk: 269. Prob: 0.02203%
4945 code (7C2H7K-T98BCEX) checked. Verified: 1221415. isIdOk: 269. Prob: 0.02202%
4946 code (7ETP7K-T98BCKX) checked. Verified: 1221662. isIdOk: 269. Prob: 0.02202%
4947 code (77C57K-T98BCMM) checked. Verified: 1221909. isIdOk: 269. Prob: 0.02201%
4948 code (7CC37K-T98BHT8) checked. Verified: 1222156. isIdOk: 269. Prob: 0.02201%
4949 code (7E4H7K-T98BH45) checked. Verified: 1222403. isIdOk: 269. Prob: 0.02201%
4950 code (722H7K-T98B3XE) checked. Verified: 1222650. isIdOk: 269. Prob: 0.022%
4951 code (7HTM7K-T98BT54) checked. Verified: 1222897. isIdOk: 269. Prob: 0.022%
4952 code (7TX17K-T98B5TP) checked. Verified: 1223144. isIdOk: 269. Prob: 0.02199%
4953 code (7MCM7K-T98B555) checked. Verified: 1223391. isIdOk: 269. Prob: 0.02199%
4954 code (7PCB7K-T98B522) checked. Verified: 1223638. isIdOk: 269. Prob: 0.02198%
4955 code (C2E37K-T98B2EC) checked. Verified: 1223885. isIdOk: 269. Prob: 0.02198%
4956 code (7M687K-T98B2E3) checked. Verified: 1224132. isIdOk: 269. Prob: 0.02197%
4957 code (796X7K-T98B2A8) checked. Verified: 1224379. isIdOk: 269. Prob: 0.02197%
4958 code (75MX7K-T98B2AB) checked. Verified: 1224626. isIdOk: 269. Prob: 0.02197%
4959 code (7CK07K-T98B2M5) checked. Verified: 1224873. isIdOk: 269. Prob: 0.02196%
4960 code (7HH97K-T98BETT) checked. Verified: 1225120. isIdOk: 269. Prob: 0.02196%
4961 code (72757K-T98BE54) checked. Verified: 1225367. isIdOk: 269. Prob: 0.02195%
4962 code (74XB7K-T98B67X) checked. Verified: 1225614. isIdOk: 269. Prob: 0.02195%
4963 code (76T57K-T98B628) checked. Verified: 1225861. isIdOk: 269. Prob: 0.02194%
4964 code (75T67K-T98B93A) checked. Verified: 1226108. isIdOk: 269. Prob: 0.02194%
4965 code (7ETP7K-T98B902) checked. Verified: 1226355. isIdOk: 270. Prob: 0.02202%
4966 code (7KHH7K-T98BK06) checked. Verified: 1226602. isIdOk: 270. Prob: 0.02201%
4967 code (7CPC7K-T98BP8B) checked. Verified: 1226849. isIdOk: 270. Prob: 0.02201%
4968 code (CT137K-T98B1CX) checked. Verified: 1227096. isIdOk: 270. Prob: 0.022%
4969 code (7TCK7K-T98B1P0) checked. Verified: 1227343. isIdOk: 270. Prob: 0.022%
4970 code (CEEC7K-T98BA7H) checked. Verified: 1227590. isIdOk: 270. Prob: 0.02199%
4971 code (72E57K-T98BAPA) checked. Verified: 1227837. isIdOk: 270. Prob: 0.02199%
4972 code (71007K-T98BMH5) checked. Verified: 1228084. isIdOk: 270. Prob: 0.02199%
4973 code (7EPK7K-T98BM56) checked. Verified: 1228331. isIdOk: 270. Prob: 0.02198%
4974 code (72717K-T98BM21) checked. Verified: 1228578. isIdOk: 270. Prob: 0.02198%
4975 code (733M7K-T98BM19) checked. Verified: 1228825. isIdOk: 270. Prob: 0.02197%
4976 code (7CMT7K-T98BMA7) checked. Verified: 1229072. isIdOk: 270. Prob: 0.02197%
4977 code (7H657K-T98BX60) checked. Verified: 1229319. isIdOk: 270. Prob: 0.02196%
4978 code (76B37K-T98BXAA) checked. Verified: 1229566. isIdOk: 271. Prob: 0.02204%
4979 code (7HMC7K-T98B8A6) checked. Verified: 1229813. isIdOk: 271. Prob: 0.02204%
4980 code (72K77K-T98BBAE) checked. Verified: 1230060. isIdOk: 271. Prob: 0.02203%
4981 code (7E297K-T98BB81) checked. Verified: 1230307. isIdOk: 271. Prob: 0.02203%
4982 code (7P317K-T98B4AX) checked. Verified: 1230554. isIdOk: 271. Prob: 0.02202%
4983 code (72407K-T98B40H) checked. Verified: 1230801. isIdOk: 271. Prob: 0.02202%
4984 code (7XEM7K-T98B0HC) checked. Verified: 1231048. isIdOk: 271. Prob: 0.02201%
4985 code (7KK77K-T98B0X8) checked. Verified: 1231295. isIdOk: 271. Prob: 0.02201%
4986 code (77847K-T984778) checked. Verified: 1231542. isIdOk: 271. Prob: 0.022%
4987 code (79237K-T9847PK) checked. Verified: 1231789. isIdOk: 271. Prob: 0.022%
4988 code (75597K-T984C76) checked. Verified: 1232036. isIdOk: 271. Prob: 0.022%
4989 code (7HC87K-T984CT9) checked. Verified: 1232283. isIdOk: 271. Prob: 0.02199%
4990 code (7C927K-T984H3M) checked. Verified: 1232530. isIdOk: 271. Prob: 0.02199%
4991 code (79037K-T984H98) checked. Verified: 1232777. isIdOk: 272. Prob: 0.02206%
4992 code (730X7K-T984H05) checked. Verified: 1233024. isIdOk: 272. Prob: 0.02206%
4993 code (78KX7K-T984303) checked. Verified: 1233271. isIdOk: 272. Prob: 0.02206%
4994 code (CCAK7K-T98430A) checked. Verified: 1233518. isIdOk: 272. Prob: 0.02205%
4995 code (777K7K-T984TE4) checked. Verified: 1233765. isIdOk: 272. Prob: 0.02205%
4996 code (752X7K-T984TK1) checked. Verified: 1234012. isIdOk: 272. Prob: 0.02204%
4997 code (C7TH7K-T9845P9) checked. Verified: 1234259. isIdOk: 272. Prob: 0.02204%
4998 code (CK6C7K-T984294) checked. Verified: 1234506. isIdOk: 272. Prob: 0.02203%
4999 code (7EX17K-T984E30) checked. Verified: 1234753. isIdOk: 272. Prob: 0.02203%
5000 code (77AB7K-T984E9K) checked. Verified: 1235000. isIdOk: 272. Prob: 0.02202%
100
Starting range [100 nln ...]:
5001 code (74TB74-63TEAM3) checked. Verified: 1235247. isIdOk: 272. Prob: 0.02202%
5002 code (77B374-63TEA4C) checked. Verified: 1235494. isIdOk: 272. Prob: 0.02202%
5003 code (734T74-63TEMTK) checked. Verified: 1235741. isIdOk: 273. Prob: 0.02209%
5004 code (CHAE74-63TEM5B) checked. Verified: 1235988. isIdOk: 273. Prob: 0.02209%
5005 code (727E74-63TEMK2) checked. Verified: 1236235. isIdOk: 273. Prob: 0.02208%
5006 code (7E7P74-63TEX59) checked. Verified: 1236482. isIdOk: 273. Prob: 0.02208%
5007 code (71PP74-63TE83M) checked. Verified: 1236729. isIdOk: 273. Prob: 0.02207%
5008 code (7TCA74-63TEB3K) checked. Verified: 1236976. isIdOk: 273. Prob: 0.02207%
5009 code (7CMC74-63TEB95) checked. Verified: 1237223. isIdOk: 273. Prob: 0.02207%
5010 code (77XC74-63TEBX5) checked. Verified: 1237470. isIdOk: 273. Prob: 0.02206%
5011 code (799P74-63TE4XE) checked. Verified: 1237717. isIdOk: 273. Prob: 0.02206%
5012 code (CT4774-63TE409) checked. Verified: 1237964. isIdOk: 273. Prob: 0.02205%
5013 code (72HE74-63TE0MX) checked. Verified: 1238211. isIdOk: 273. Prob: 0.02205%
5014 code (7M8774-63T67H2) checked. Verified: 1238458. isIdOk: 274. Prob: 0.02212%
5015 code (778874-63T67A4) checked. Verified: 1238705. isIdOk: 274. Prob: 0.02212%
5016 code (71KE74-63T6CE8) checked. Verified: 1238952. isIdOk: 274. Prob: 0.02212%
5017 code (7H0374-63T6H7P) checked. Verified: 1239199. isIdOk: 274. Prob: 0.02211%
5018 code (76B974-63T6HK0) checked. Verified: 1239446. isIdOk: 274. Prob: 0.02211%
5019 code (7C9P74-63T6HB4) checked. Verified: 1239693. isIdOk: 274. Prob: 0.0221%
5020 code (7H8K74-63T63KE) checked. Verified: 1239940. isIdOk: 274. Prob: 0.0221%
5021 code (7C3K74-63T63AB) checked. Verified: 1240187. isIdOk: 274. Prob: 0.02209%
5022 code (CBCA74-63T6T7H) checked. Verified: 1240434. isIdOk: 274. Prob: 0.02209%
5023 code (7KC074-63T6T80) checked. Verified: 1240681. isIdOk: 274. Prob: 0.02208%
5024 code (7EP374-63T65T5) checked. Verified: 1240928. isIdOk: 274. Prob: 0.02208%
5025 code (CX5X74-63T651H) checked. Verified: 1241175. isIdOk: 274. Prob: 0.02208%
5026 code (78KP74-63T62H5) checked. Verified: 1241422. isIdOk: 274. Prob: 0.02207%
5027 code (761K74-63T6E7H) checked. Verified: 1241669. isIdOk: 274. Prob: 0.02207%
5028 code (7K4B74-63T6E31) checked. Verified: 1241916. isIdOk: 274. Prob: 0.02206%
5029 code (7HH874-63T6E1E) checked. Verified: 1242163. isIdOk: 274. Prob: 0.02206%
5030 code (7EET74-63T6E4X) checked. Verified: 1242410. isIdOk: 274. Prob: 0.02205%
5031 code (771974-63T66EA) checked. Verified: 1242657. isIdOk: 274. Prob: 0.02205%
5032 code (7C8B74-63T6957) checked. Verified: 1242904. isIdOk: 274. Prob: 0.02205%
5033 code (7A0E74-63T6KT8) checked. Verified: 1243151. isIdOk: 274. Prob: 0.02204%
5034 code (71E074-63T6K5P) checked. Verified: 1243398. isIdOk: 274. Prob: 0.02204%
5035 code (7PTH74-63T6KE1) checked. Verified: 1243645. isIdOk: 274. Prob: 0.02203%
5036 code (7K6A74-63T6K8P) checked. Verified: 1243892. isIdOk: 274. Prob: 0.02203%
5037 code (7HEX74-63T6PTT) checked. Verified: 1244139. isIdOk: 274. Prob: 0.02202%
5038 code (735374-63T6PX2) checked. Verified: 1244386. isIdOk: 274. Prob: 0.02202%
5039 code (7K6C74-63T61XE) checked. Verified: 1244633. isIdOk: 274. Prob: 0.02201%
5040 code (7B7174-63T6AC7) checked. Verified: 1244880. isIdOk: 274. Prob: 0.02201%
5041 code (730974-63T6AH7) checked. Verified: 1245127. isIdOk: 274. Prob: 0.02201%
5042 code (7A1H74-63T6AH5) checked. Verified: 1245374. isIdOk: 274. Prob: 0.022%
5043 code (759E74-63T6A2A) checked. Verified: 1245621. isIdOk: 275. Prob: 0.02208%
5044 code (782A74-63T6MT1) checked. Verified: 1245868. isIdOk: 275. Prob: 0.02207%
5045 code (7T7H74-63T6MK2) checked. Verified: 1246115. isIdOk: 275. Prob: 0.02207%
5046 code (CMH074-63T6MMB) checked. Verified: 1246362. isIdOk: 275. Prob: 0.02206%
5047 code (73B774-63T6X93) checked. Verified: 1246609. isIdOk: 275. Prob: 0.02206%
5048 code (7K9774-63T6XK5) checked. Verified: 1246856. isIdOk: 275. Prob: 0.02206%
5049 code (730X74-63T68KM) checked. Verified: 1247103. isIdOk: 275. Prob: 0.02205%
5050 code (75HB74-63T6BC6) checked. Verified: 1247350. isIdOk: 275. Prob: 0.02205%
5051 code (779E74-63T6472) checked. Verified: 1247597. isIdOk: 275. Prob: 0.02204%
5052 code (73XB74-63T64M6) checked. Verified: 1247844. isIdOk: 275. Prob: 0.02204%
5053 code (H0X374-63T6028) checked. Verified: 1248091. isIdOk: 275. Prob: 0.02203%
5054 code (77A774-63T60P3) checked. Verified: 1248338. isIdOk: 275. Prob: 0.02203%
5055 code (7HE974-63T60PA) checked. Verified: 1248585. isIdOk: 275. Prob: 0.02202%
5056 code (739P74-63T9723) checked. Verified: 1248832. isIdOk: 275. Prob: 0.02202%
5057 code (C7E274-63T97P8) checked. Verified: 1249079. isIdOk: 276. Prob: 0.0221%
5058 code (7HCP74-63T9C12) checked. Verified: 1249326. isIdOk: 276. Prob: 0.02209%
5059 code (7C2B74-63T9H55) checked. Verified: 1249573. isIdOk: 276. Prob: 0.02209%
5060 code (777E74-63T9H9C) checked. Verified: 1249820. isIdOk: 276. Prob: 0.02208%
5061 code (CH1E74-63T9339) checked. Verified: 1250067. isIdOk: 276. Prob: 0.02208%
5062 code (77E574-63T93P7) checked. Verified: 1250314. isIdOk: 276. Prob: 0.02207%
5063 code (71PC74-63T938K) checked. Verified: 1250561. isIdOk: 276. Prob: 0.02207%
5064 code (C29874-63T9T20) checked. Verified: 1250808. isIdOk: 276. Prob: 0.02207%
5065 code (7M5X74-63T9TM2) checked. Verified: 1251055. isIdOk: 276. Prob: 0.02206%
5066 code (74EX74-63T9T83) checked. Verified: 1251302. isIdOk: 276. Prob: 0.02206%
5067 code (708P74-63T9T08) checked. Verified: 1251549. isIdOk: 276. Prob: 0.02205%
5068 code (791C74-63T95TT) checked. Verified: 1251796. isIdOk: 276. Prob: 0.02205%
5069 code (7K1B74-63T92TB) checked. Verified: 1252043. isIdOk: 276. Prob: 0.02204%
5070 code (771874-63T92K1) checked. Verified: 1252290. isIdOk: 276. Prob: 0.02204%
5071 code (7EM474-63T9E91) checked. Verified: 1252537. isIdOk: 277. Prob: 0.02212%
5072 code (74C274-63T96K3) checked. Verified: 1252784. isIdOk: 277. Prob: 0.02211%
5073 code (7C9M74-63T9970) checked. Verified: 1253031. isIdOk: 277. Prob: 0.02211%
5074 code (776X74-63T99HP) checked. Verified: 1253278. isIdOk: 277. Prob: 0.0221%
5075 code (C92974-63T99P7) checked. Verified: 1253525. isIdOk: 277. Prob: 0.0221%
5076 code (7TP974-63T99A4) checked. Verified: 1253772. isIdOk: 277. Prob: 0.02209%
5077 code (7BP774-63T994C) checked. Verified: 1254019. isIdOk: 277. Prob: 0.02209%
5078 code (C2X774-63T9K75) checked. Verified: 1254266. isIdOk: 277. Prob: 0.02208%
5079 code (C9A674-63T9K16) checked. Verified: 1254513. isIdOk: 277. Prob: 0.02208%
5080 code (7HH574-63T9PEA) checked. Verified: 1254760. isIdOk: 277. Prob: 0.02208%
5081 code (754T74-63T9P92) checked. Verified: 1255007. isIdOk: 277. Prob: 0.02207%
5082 code (72BM74-63T9PAK) checked. Verified: 1255254. isIdOk: 277. Prob: 0.02207%
5083 code (7A4574-63T9193) checked. Verified: 1255501. isIdOk: 277. Prob: 0.02206%
5084 code (73P774-63T9A7P) checked. Verified: 1255748. isIdOk: 277. Prob: 0.02206%
5085 code (72E774-63T9A97) checked. Verified: 1255995. isIdOk: 277. Prob: 0.02205%
5086 code (75H874-63T9MHT) checked. Verified: 1256242. isIdOk: 277. Prob: 0.02205%
5087 code (79X774-63T9MXH) checked. Verified: 1256489. isIdOk: 278. Prob: 0.02213%
5088 code (77T974-63T9XET) checked. Verified: 1256736. isIdOk: 278. Prob: 0.02212%
5089 code (73TX74-63T9XA6) checked. Verified: 1256983. isIdOk: 278. Prob: 0.02212%
5090 code (7TK174-63T9X06) checked. Verified: 1257230. isIdOk: 279. Prob: 0.02219%
5091 code (CHM374-63T98MB) checked. Verified: 1257477. isIdOk: 279. Prob: 0.02219%
5092 code (710574-63T9BM9) checked. Verified: 1257724. isIdOk: 279. Prob: 0.02218%
5093 code (7AA374-63T9477) checked. Verified: 1257971. isIdOk: 279. Prob: 0.02218%
5094 code (7E0574-63T94P1) checked. Verified: 1258218. isIdOk: 279. Prob: 0.02217%
5095 code (75EP74-63T90PB) checked. Verified: 1258465. isIdOk: 279. Prob: 0.02217%
5096 code (7HEM74-63TK77T) checked. Verified: 1258712. isIdOk: 279. Prob: 0.02217%
5097 code (71BA74-63TK757) checked. Verified: 1258959. isIdOk: 279. Prob: 0.02216%
5098 code (7B3T74-63TKCH0) checked. Verified: 1259206. isIdOk: 279. Prob: 0.02216%
5099 code (7C4C74-63TKC5B) checked. Verified: 1259453. isIdOk: 280. Prob: 0.02223%
5100 code (7H9974-63TKHTM) checked. Verified: 1259700. isIdOk: 280. Prob: 0.02223%
5101 code (7EHK74-63TKHB7) checked. Verified: 1259947. isIdOk: 280. Prob: 0.02222%
5102 code (76PM74-63TK3TX) checked. Verified: 1260194. isIdOk: 280. Prob: 0.02222%
5103 code (700E74-63TK399) checked. Verified: 1260441. isIdOk: 280. Prob: 0.02221%
5104 code (CPP474-63TK3X3) checked. Verified: 1260688. isIdOk: 280. Prob: 0.02221%
5105 code (73B374-63TK3X2) checked. Verified: 1260935. isIdOk: 280. Prob: 0.02221%
5106 code (CK7P74-63TKTXC) checked. Verified: 1261182. isIdOk: 280. Prob: 0.0222%
5107 code (7PC374-63TK5X0) checked. Verified: 1261429. isIdOk: 280. Prob: 0.0222%
5108 code (75XB74-63TK2X4) checked. Verified: 1261676. isIdOk: 280. Prob: 0.02219%
5109 code (7C3M74-63TK2B4) checked. Verified: 1261923. isIdOk: 280. Prob: 0.02219%
5110 code (CC3B74-63TKECP) checked. Verified: 1262170. isIdOk: 280. Prob: 0.02218%
5111 code (7PTH74-63TKE33) checked. Verified: 1262417. isIdOk: 280. Prob: 0.02218%
5112 code (733774-63TKEX7) checked. Verified: 1262664. isIdOk: 280. Prob: 0.02218%
5113 code (761X74-63TK65A) checked. Verified: 1262911. isIdOk: 280. Prob: 0.02217%
5114 code (754E74-63TK93H) checked. Verified: 1263158. isIdOk: 280. Prob: 0.02217%
5115 code (CEK174-63TK94X) checked. Verified: 1263405. isIdOk: 280. Prob: 0.02216%
5116 code (7CK274-63TKK42) checked. Verified: 1263652. isIdOk: 280. Prob: 0.02216%
5117 code (C7TH74-63TKK4X) checked. Verified: 1263899. isIdOk: 280. Prob: 0.02215%
5118 code (C3EX74-63TKPK4) checked. Verified: 1264146. isIdOk: 280. Prob: 0.02215%
5119 code (CK1774-63TK178) checked. Verified: 1264393. isIdOk: 280. Prob: 0.02215%
5120 code (7T0E74-63TK1E9) checked. Verified: 1264640. isIdOk: 280. Prob: 0.02214%
5121 code (7XAC74-63TKAT2) checked. Verified: 1264887. isIdOk: 280. Prob: 0.02214%
5122 code (7CX474-63TKAA4) checked. Verified: 1265134. isIdOk: 280. Prob: 0.02213%
5123 code (79CE74-63TKMK0) checked. Verified: 1265381. isIdOk: 280. Prob: 0.02213%
5124 code (7C8774-63TKM43) checked. Verified: 1265628. isIdOk: 280. Prob: 0.02212%
5125 code (737674-63TKXBK) checked. Verified: 1265875. isIdOk: 280. Prob: 0.02212%
5126 code (7KK574-63TK8M1) checked. Verified: 1266122. isIdOk: 280. Prob: 0.02211%
5127 code (7KMH74-63TKBPP) checked. Verified: 1266369. isIdOk: 280. Prob: 0.02211%
5128 code (773B74-63TK4EE) checked. Verified: 1266616. isIdOk: 280. Prob: 0.02211%
5129 code (7E1P74-63TK4K8) checked. Verified: 1266863. isIdOk: 280. Prob: 0.0221%
5130 code (7PMA74-63TK4M6) checked. Verified: 1267110. isIdOk: 280. Prob: 0.0221%
5131 code (7C2K74-63TK48A) checked. Verified: 1267357. isIdOk: 280. Prob: 0.02209%
5132 code (72B774-63TK0MP) checked. Verified: 1267604. isIdOk: 280. Prob: 0.02209%
5133 code (710074-63TK0B0) checked. Verified: 1267851. isIdOk: 280. Prob: 0.02208%
5134 code (7X7T74-63TP71K) checked. Verified: 1268098. isIdOk: 280. Prob: 0.02208%
5135 code (73H474-63TPCE0) checked. Verified: 1268345. isIdOk: 280. Prob: 0.02208%
5136 code (7M6474-63TPCK5) checked. Verified: 1268592. isIdOk: 280. Prob: 0.02207%
5137 code (75BH74-63TPCP3) checked. Verified: 1268839. isIdOk: 280. Prob: 0.02207%
5138 code (7EET74-63TPCBP) checked. Verified: 1269086. isIdOk: 280. Prob: 0.02206%
5139 code (7C4E74-63TPHPC) checked. Verified: 1269333. isIdOk: 280. Prob: 0.02206%
5140 code (7PH974-63TP3KE) checked. Verified: 1269580. isIdOk: 280. Prob: 0.02205%
5141 code (707774-63TPT60) checked. Verified: 1269827. isIdOk: 280. Prob: 0.02205%
5142 code (72CE74-63TPTP0) checked. Verified: 1270074. isIdOk: 280. Prob: 0.02205%
5143 code (7KEM74-63TPTM2) checked. Verified: 1270321. isIdOk: 280. Prob: 0.02204%
5144 code (CBHM74-63TP5P9) checked. Verified: 1270568. isIdOk: 280. Prob: 0.02204%
5145 code (HK7H74-63TP504) checked. Verified: 1270815. isIdOk: 280. Prob: 0.02203%
5146 code (75X474-63TP2ET) checked. Verified: 1271062. isIdOk: 281. Prob: 0.02211%
5147 code (765174-63TPEE2) checked. Verified: 1271309. isIdOk: 281. Prob: 0.0221%
5148 code (77CE74-63TPE83) checked. Verified: 1271556. isIdOk: 281. Prob: 0.0221%
5149 code (76TA74-63TPE82) checked. Verified: 1271803. isIdOk: 281. Prob: 0.02209%
5150 code (7M8E74-63TPE8X) checked. Verified: 1272050. isIdOk: 281. Prob: 0.02209%
5151 code (75B674-63TP6XX) checked. Verified: 1272297. isIdOk: 281. Prob: 0.02209%
5152 code (7T9574-63TP9AA) checked. Verified: 1272544. isIdOk: 281. Prob: 0.02208%
5153 code (7TCT74-63TPK9K) checked. Verified: 1272791. isIdOk: 281. Prob: 0.02208%
5154 code (777274-63TPPC0) checked. Verified: 1273038. isIdOk: 281. Prob: 0.02207%
5155 code (7E7374-63TPPE5) checked. Verified: 1273285. isIdOk: 281. Prob: 0.02207%
5156 code (7CM974-63TPPX3) checked. Verified: 1273532. isIdOk: 281. Prob: 0.02206%
5157 code (7TM274-63TPPBP) checked. Verified: 1273779. isIdOk: 281. Prob: 0.02206%
5158 code (794774-63TP1XC) checked. Verified: 1274026. isIdOk: 281. Prob: 0.02206%
5159 code (73E374-63TPACA) checked. Verified: 1274273. isIdOk: 281. Prob: 0.02205%
5160 code (C38C74-63TPAXH) checked. Verified: 1274520. isIdOk: 281. Prob: 0.02205%
5161 code (7EE374-63TPM6P) checked. Verified: 1274767. isIdOk: 281. Prob: 0.02204%
5162 code (7CMT74-63TPM46) checked. Verified: 1275014. isIdOk: 281. Prob: 0.02204%
5163 code (7CM674-63TPX4H) checked. Verified: 1275261. isIdOk: 281. Prob: 0.02203%
5164 code (75KM74-63TP84B) checked. Verified: 1275508. isIdOk: 281. Prob: 0.02203%
5165 code (731474-63TPBB9) checked. Verified: 1275755. isIdOk: 281. Prob: 0.02203%
5166 code (C9B774-63TPB49) checked. Verified: 1276002. isIdOk: 281. Prob: 0.02202%
5167 code (C3K674-63TP4C5) checked. Verified: 1276249. isIdOk: 281. Prob: 0.02202%
5168 code (75E074-63TP431) checked. Verified: 1276496. isIdOk: 281. Prob: 0.02201%
5169 code (736X74-63TP4X9) checked. Verified: 1276743. isIdOk: 281. Prob: 0.02201%
5170 code (C7CX74-63TP07P) checked. Verified: 1276990. isIdOk: 281. Prob: 0.022%
5171 code (7T3374-63TP0BC) checked. Verified: 1277237. isIdOk: 281. Prob: 0.022%
5172 code (7HB674-63T179E) checked. Verified: 1277484. isIdOk: 281. Prob: 0.022%
5173 code (7H8374-63T1C91) checked. Verified: 1277731. isIdOk: 281. Prob: 0.02199%
5174 code (7T6274-63T1C8E) checked. Verified: 1277978. isIdOk: 281. Prob: 0.02199%
5175 code (765C74-63T1C0E) checked. Verified: 1278225. isIdOk: 281. Prob: 0.02198%
5176 code (752474-63T1HXM) checked. Verified: 1278472. isIdOk: 281. Prob: 0.02198%
5177 code (75X474-63T1H46) checked. Verified: 1278719. isIdOk: 281. Prob: 0.02198%
5178 code (7K9B74-63T13TX) checked. Verified: 1278966. isIdOk: 281. Prob: 0.02197%
5179 code (78H274-63T1T30) checked. Verified: 1279213. isIdOk: 281. Prob: 0.02197%
5180 code (792C74-63T1TP0) checked. Verified: 1279460. isIdOk: 281. Prob: 0.02196%
5181 code (7MEA74-63T1T4K) checked. Verified: 1279707. isIdOk: 281. Prob: 0.02196%
5182 code (7C4774-63T155A) checked. Verified: 1279954. isIdOk: 281. Prob: 0.02195%
5183 code (799574-63T1542) checked. Verified: 1280201. isIdOk: 281. Prob: 0.02195%
5184 code (7C4B74-63T12AB) checked. Verified: 1280448. isIdOk: 281. Prob: 0.02195%
5185 code (73BC74-63T1EM1) checked. Verified: 1280695. isIdOk: 281. Prob: 0.02194%
5186 code (CP6X74-63T169K) checked. Verified: 1280942. isIdOk: 281. Prob: 0.02194%
5187 code (7P7974-63T16XE) checked. Verified: 1281189. isIdOk: 281. Prob: 0.02193%
5188 code (C2HP74-63T1600) checked. Verified: 1281436. isIdOk: 281. Prob: 0.02193%
5189 code (75TP74-63T19P4) checked. Verified: 1281683. isIdOk: 281. Prob: 0.02192%
5190 code (72BM74-63T19AA) checked. Verified: 1281930. isIdOk: 282. Prob: 0.022%
5191 code (730374-63T19BM) checked. Verified: 1282177. isIdOk: 282. Prob: 0.02199%
5192 code (7PEH74-63T1KK2) checked. Verified: 1282424. isIdOk: 282. Prob: 0.02199%
5193 code (7THE74-63T1KPH) checked. Verified: 1282671. isIdOk: 282. Prob: 0.02199%
5194 code (CCPH74-63T1KM4) checked. Verified: 1282918. isIdOk: 282. Prob: 0.02198%
5195 code (7PBK74-63T1KBP) checked. Verified: 1283165. isIdOk: 282. Prob: 0.02198%
5196 code (77X074-63T1PB5) checked. Verified: 1283412. isIdOk: 282. Prob: 0.02197%
5197 code (73X474-63T1113) checked. Verified: 1283659. isIdOk: 282. Prob: 0.02197%
5198 code (7C0774-63T1A6T) checked. Verified: 1283906. isIdOk: 282. Prob: 0.02196%
5199 code (CE0574-63T1M2A) checked. Verified: 1284153. isIdOk: 283. Prob: 0.02204%
5200 code (70HH74-63T1MX9) checked. Verified: 1284400. isIdOk: 283. Prob: 0.02203%
5201 code (78H874-63T1M40) checked. Verified: 1284647. isIdOk: 283. Prob: 0.02203%
5202 code (7HP974-63T1XET) checked. Verified: 1284894. isIdOk: 283. Prob: 0.02203%
5203 code (739174-63T1XM3) checked. Verified: 1285141. isIdOk: 283. Prob: 0.02202%
5204 code (7C9474-63T1X0K) checked. Verified: 1285388. isIdOk: 283. Prob: 0.02202%
5205 code (7C5074-63T18B3) checked. Verified: 1285635. isIdOk: 283. Prob: 0.02201%
5206 code (77B474-63T1BTP) checked. Verified: 1285882. isIdOk: 283. Prob: 0.02201%
5207 code (7TAX74-63T14CB) checked. Verified: 1286129. isIdOk: 283. Prob: 0.022%
5208 code (77KA74-63T148C) checked. Verified: 1286376. isIdOk: 283. Prob: 0.022%
5209 code (C6EB74-63T108B) checked. Verified: 1286623. isIdOk: 283. Prob: 0.022%
5210 code (71C974-63TA729) checked. Verified: 1286870. isIdOk: 283. Prob: 0.02199%
5211 code (7A3874-63TACH6) checked. Verified: 1287117. isIdOk: 283. Prob: 0.02199%
5212 code (7KAT74-63TACA3) checked. Verified: 1287364. isIdOk: 283. Prob: 0.02198%
5213 code (7H2074-63TAC87) checked. Verified: 1287611. isIdOk: 283. Prob: 0.02198%
5214 code (7HE974-63TAH72) checked. Verified: 1287858. isIdOk: 283. Prob: 0.02197%
5215 code (7HT974-63TAHHP) checked. Verified: 1288105. isIdOk: 283. Prob: 0.02197%
5216 code (7CPA74-63TAHM1) checked. Verified: 1288352. isIdOk: 283. Prob: 0.02197%
5217 code (7MK974-63TAH49) checked. Verified: 1288599. isIdOk: 283. Prob: 0.02196%
5218 code (751874-63TA3XA) checked. Verified: 1288846. isIdOk: 283. Prob: 0.02196%
5219 code (73M274-63TATXP) checked. Verified: 1289093. isIdOk: 284. Prob: 0.02203%
5220 code (7AEC74-63TA5TE) checked. Verified: 1289340. isIdOk: 284. Prob: 0.02203%
5221 code (71T974-63TA231) checked. Verified: 1289587. isIdOk: 284. Prob: 0.02202%
5222 code (C57P74-63TA2T9) checked. Verified: 1289834. isIdOk: 284. Prob: 0.02202%
5223 code (7XB974-63TAETX) checked. Verified: 1290081. isIdOk: 284. Prob: 0.02201%
5224 code (7TEA74-63TA6C5) checked. Verified: 1290328. isIdOk: 284. Prob: 0.02201%
5225 code (793H74-63TA6XH) checked. Verified: 1290575. isIdOk: 284. Prob: 0.02201%
5226 code (736974-63TA60X) checked. Verified: 1290822. isIdOk: 284. Prob: 0.022%
5227 code (727974-63TA9EX) checked. Verified: 1291069. isIdOk: 284. Prob: 0.022%
5228 code (7CKM74-63TA980) checked. Verified: 1291316. isIdOk: 284. Prob: 0.02199%
5229 code (7AHE74-63TAK57) checked. Verified: 1291563. isIdOk: 284. Prob: 0.02199%
5230 code (75EH74-63TAKB0) checked. Verified: 1291810. isIdOk: 284. Prob: 0.02198%
5231 code (7BP274-63TAP79) checked. Verified: 1292057. isIdOk: 284. Prob: 0.02198%
5232 code (75A874-63TAP40) checked. Verified: 1292304. isIdOk: 284. Prob: 0.02198%
5233 code (731174-63TA12T) checked. Verified: 1292551. isIdOk: 284. Prob: 0.02197%
5234 code (742074-63TA1PM) checked. Verified: 1292798. isIdOk: 284. Prob: 0.02197%
5235 code (722974-63TAAH7) checked. Verified: 1293045. isIdOk: 284. Prob: 0.02196%
5236 code (7X3M74-63TAAB0) checked. Verified: 1293292. isIdOk: 284. Prob: 0.02196%
5237 code (7CC274-63TAMHB) checked. Verified: 1293539. isIdOk: 284. Prob: 0.02196%
5238 code (72EM74-63TAM49) checked. Verified: 1293786. isIdOk: 284. Prob: 0.02195%
5239 code (702074-63TAX2H) checked. Verified: 1294033. isIdOk: 285. Prob: 0.02202%
5240 code (7TX274-63TAXPM) checked. Verified: 1294280. isIdOk: 285. Prob: 0.02202%
5241 code (7HC274-63TA8C0) checked. Verified: 1294527. isIdOk: 285. Prob: 0.02202%
5242 code (72E874-63TA85T) checked. Verified: 1294774. isIdOk: 285. Prob: 0.02201%
5243 code (703K74-63TA858) checked. Verified: 1295021. isIdOk: 285. Prob: 0.02201%
5244 code (755X74-63TA8B2) checked. Verified: 1295268. isIdOk: 286. Prob: 0.02208%
5245 code (CX8974-63TABT6) checked. Verified: 1295515. isIdOk: 287. Prob: 0.02215%
5246 code (7A4774-63TAB4B) checked. Verified: 1295762. isIdOk: 287. Prob: 0.02215%
5247 code (76M174-63TA4E5) checked. Verified: 1296009. isIdOk: 287. Prob: 0.02214%
5248 code (7H3874-63TA4EA) checked. Verified: 1296256. isIdOk: 287. Prob: 0.02214%
5249 code (77TC74-63TA460) checked. Verified: 1296503. isIdOk: 287. Prob: 0.02214%
5250 code (73T274-63TA49H) checked. Verified: 1296750. isIdOk: 287. Prob: 0.02213%
5251 code (7E7174-63TA03M) checked. Verified: 1296997. isIdOk: 287. Prob: 0.02213%
5252 code (HHBM74-63TA052) checked. Verified: 1297244. isIdOk: 287. Prob: 0.02212%
5253 code (77H274-63TA0BE) checked. Verified: 1297491. isIdOk: 288. Prob: 0.0222%
5254 code (7X0E74-63TM75C) checked. Verified: 1297738. isIdOk: 288. Prob: 0.02219%
5255 code (717H74-63TM79K) checked. Verified: 1297985. isIdOk: 288. Prob: 0.02219%
5256 code (752474-63TM7PC) checked. Verified: 1298232. isIdOk: 288. Prob: 0.02218%
5257 code (7E7X74-63TM785) checked. Verified: 1298479. isIdOk: 288. Prob: 0.02218%
5258 code (7MPB74-63TM78K) checked. Verified: 1298726. isIdOk: 288. Prob: 0.02218%
5259 code (7M9174-63TMCE4) checked. Verified: 1298973. isIdOk: 288. Prob: 0.02217%
5260 code (7CE574-63TMC1M) checked. Verified: 1299220. isIdOk: 288. Prob: 0.02217%
5261 code (757B74-63TMC85) checked. Verified: 1299467. isIdOk: 288. Prob: 0.02216%
5262 code (773474-63TMH3C) checked. Verified: 1299714. isIdOk: 288. Prob: 0.02216%
5263 code (7TT774-63TMH94) checked. Verified: 1299961. isIdOk: 288. Prob: 0.02215%
5264 code (7TBM74-63TM3KE) checked. Verified: 1300208. isIdOk: 288. Prob: 0.02215%
5265 code (777M74-63TM31E) checked. Verified: 1300455. isIdOk: 288. Prob: 0.02215%
5266 code (33KA74-63TM3MA) checked. Verified: 1300702. isIdOk: 288. Prob: 0.02214%
5267 code (C3P174-63TM3B8) checked. Verified: 1300949. isIdOk: 289. Prob: 0.02221%
5268 code (7AT774-63TMT5M) checked. Verified: 1301196. isIdOk: 289. Prob: 0.02221%
5269 code (700T74-63TM5C1) checked. Verified: 1301443. isIdOk: 289. Prob: 0.02221%
5270 code (79PB74-63TM5B4) checked. Verified: 1301690. isIdOk: 289. Prob: 0.0222%
5271 code (7E1174-63TM2P7) checked. Verified: 1301937. isIdOk: 289. Prob: 0.0222%
5272 code (7MP674-63TMEE1) checked. Verified: 1302184. isIdOk: 290. Prob: 0.02227%
5273 code (7E2A74-63TM65P) checked. Verified: 1302431. isIdOk: 290. Prob: 0.02227%
5274 code (7XX274-63TM622) checked. Verified: 1302678. isIdOk: 290. Prob: 0.02226%
5275 code (7TK474-63TM92P) checked. Verified: 1302925. isIdOk: 290. Prob: 0.02226%
5276 code (7T7K74-63TMKHT) checked. Verified: 1303172. isIdOk: 290. Prob: 0.02225%
5277 code (7EE874-63TMKPP) checked. Verified: 1303419. isIdOk: 290. Prob: 0.02225%
5278 code (7K4K74-63TMPC9) checked. Verified: 1303666. isIdOk: 290. Prob: 0.02224%
5279 code (735474-63TMP5M) checked. Verified: 1303913. isIdOk: 290. Prob: 0.02224%
5280 code (771174-63TM1CE) checked. Verified: 1304160. isIdOk: 290. Prob: 0.02224%
5281 code (7H7074-63TM1EH) checked. Verified: 1304407. isIdOk: 290. Prob: 0.02223%
5282 code (7PH674-63TMACB) checked. Verified: 1304654. isIdOk: 290. Prob: 0.02223%
5283 code (7TAA74-63TMABM) checked. Verified: 1304901. isIdOk: 290. Prob: 0.02222%
5284 code (727074-63TMMPT) checked. Verified: 1305148. isIdOk: 290. Prob: 0.02222%
5285 code (70EX74-63TMMM0) checked. Verified: 1305395. isIdOk: 290. Prob: 0.02222%
5286 code (74X174-63TMXKA) checked. Verified: 1305642. isIdOk: 290. Prob: 0.02221%
5287 code (7A8P74-63TMX4M) checked. Verified: 1305889. isIdOk: 290. Prob: 0.02221%
5288 code (733374-63TM87B) checked. Verified: 1306136. isIdOk: 290. Prob: 0.0222%
5289 code (7HM774-63TM8CC) checked. Verified: 1306383. isIdOk: 290. Prob: 0.0222%
5290 code (CPHM74-63TM898) checked. Verified: 1306630. isIdOk: 290. Prob: 0.02219%
5291 code (7THP74-63TMB9X) checked. Verified: 1306877. isIdOk: 290. Prob: 0.02219%
5292 code (7CM074-63TMB1C) checked. Verified: 1307124. isIdOk: 290. Prob: 0.02219%
5293 code (7PH474-63TMBME) checked. Verified: 1307371. isIdOk: 290. Prob: 0.02218%
5294 code (77XH74-63TMBX4) checked. Verified: 1307618. isIdOk: 290. Prob: 0.02218%
5295 code (71BE74-63TM459) checked. Verified: 1307865. isIdOk: 290. Prob: 0.02217%
5296 code (7HCE74-63TM49C) checked. Verified: 1308112. isIdOk: 290. Prob: 0.02217%
5297 code (77PM74-63TM4K8) checked. Verified: 1308359. isIdOk: 290. Prob: 0.02217%
5298 code (7P8274-63TM4AT) checked. Verified: 1308606. isIdOk: 291. Prob: 0.02224%
5299 code (73T774-63TM4XB) checked. Verified: 1308853. isIdOk: 291. Prob: 0.02223%
5300 code (C3KH74-63TM0T3) checked. Verified: 1309100. isIdOk: 291. Prob: 0.02223%
5301 code (7EB474-63TM093) checked. Verified: 1309347. isIdOk: 291. Prob: 0.02222%
5302 code (731474-63TX7T8) checked. Verified: 1309594. isIdOk: 291. Prob: 0.02222%
5303 code (75K574-63TX76P) checked. Verified: 1309841. isIdOk: 291. Prob: 0.02222%
5304 code (CMHE74-63TX79M) checked. Verified: 1310088. isIdOk: 291. Prob: 0.02221%
5305 code (778274-63TXC99) checked. Verified: 1310335. isIdOk: 291. Prob: 0.02221%
5306 code (7PXH74-63TXC15) checked. Verified: 1310582. isIdOk: 291. Prob: 0.0222%
5307 code (7C9T74-63TXH6K) checked. Verified: 1310829. isIdOk: 291. Prob: 0.0222%
5308 code (7H0674-63TX32X) checked. Verified: 1311076. isIdOk: 291. Prob: 0.0222%
5309 code (71MP74-63TX3A6) checked. Verified: 1311323. isIdOk: 291. Prob: 0.02219%
5310 code (779B74-63TXT3P) checked. Verified: 1311570. isIdOk: 291. Prob: 0.02219%
5311 code (HPXM74-63TXT40) checked. Verified: 1311817. isIdOk: 291. Prob: 0.02218%
5312 code (7H4874-63TX5CT) checked. Verified: 1312064. isIdOk: 291. Prob: 0.02218%
5313 code (7H3774-63TX5B0) checked. Verified: 1312311. isIdOk: 291. Prob: 0.02217%
5314 code (745T74-63TX23P) checked. Verified: 1312558. isIdOk: 291. Prob: 0.02217%
5315 code (75CA74-63TXECH) checked. Verified: 1312805. isIdOk: 291. Prob: 0.02217%
5316 code (79MA74-63TXEHK) checked. Verified: 1313052. isIdOk: 291. Prob: 0.02216%
5317 code (771H74-63TXE89) checked. Verified: 1313299. isIdOk: 291. Prob: 0.02216%
5318 code (7A3674-63TX6P8) checked. Verified: 1313546. isIdOk: 291. Prob: 0.02215%
5319 code (756174-63TX609) checked. Verified: 1313793. isIdOk: 291. Prob: 0.02215%
5320 code (773874-63TX90C) checked. Verified: 1314040. isIdOk: 291. Prob: 0.02215%
5321 code (75BP74-63TXK52) checked. Verified: 1314287. isIdOk: 291. Prob: 0.02214%
5322 code (7C2K74-63TXKPB) checked. Verified: 1314534. isIdOk: 291. Prob: 0.02214%
5323 code (7E5974-63TXPK6) checked. Verified: 1314781. isIdOk: 291. Prob: 0.02213%
5324 code (70ET74-63TX13B) checked. Verified: 1315028. isIdOk: 291. Prob: 0.02213%
5325 code (72XH74-63TXA3M) checked. Verified: 1315275. isIdOk: 291. Prob: 0.02212%
5326 code (723P74-63TXAM0) checked. Verified: 1315522. isIdOk: 292. Prob: 0.0222%
5327 code (79CK74-63TXMCX) checked. Verified: 1315769. isIdOk: 292. Prob: 0.02219%
5328 code (775H74-63TXM91) checked. Verified: 1316016. isIdOk: 292. Prob: 0.02219%
5329 code (7P9K74-63TXMA5) checked. Verified: 1316263. isIdOk: 292. Prob: 0.02218%
5330 code (7KH674-63TXM01) checked. Verified: 1316510. isIdOk: 292. Prob: 0.02218%
5331 code (75CM74-63TXM0A) checked. Verified: 1316757. isIdOk: 292. Prob: 0.02218%
5332 code (797774-63TXXK0) checked. Verified: 1317004. isIdOk: 292. Prob: 0.02217%
5333 code (761874-63TXXM1) checked. Verified: 1317251. isIdOk: 292. Prob: 0.02217%
5334 code (7C2274-63TX833) checked. Verified: 1317498. isIdOk: 292. Prob: 0.02216%
5335 code (79A174-63TX821) checked. Verified: 1317745. isIdOk: 292. Prob: 0.02216%
5336 code (7PX074-63TX8M4) checked. Verified: 1317992. isIdOk: 292. Prob: 0.02215%
5337 code (73P874-63TXB34) checked. Verified: 1318239. isIdOk: 292. Prob: 0.02215%
5338 code (7P3474-63TXBK9) checked. Verified: 1318486. isIdOk: 293. Prob: 0.02222%
5339 code (770174-63TX428) checked. Verified: 1318733. isIdOk: 293. Prob: 0.02222%
5340 code (750T74-63TX447) checked. Verified: 1318980. isIdOk: 293. Prob: 0.02221%
5341 code (HEA874-63TX06A) checked. Verified: 1319227. isIdOk: 293. Prob: 0.02221%
5342 code (77B574-63TX04H) checked. Verified: 1319474. isIdOk: 293. Prob: 0.02221%
5343 code (753K74-63T87BM) checked. Verified: 1319721. isIdOk: 293. Prob: 0.0222%
5344 code (70AM74-63T870C) checked. Verified: 1319968. isIdOk: 294. Prob: 0.02227%
5345 code (793P74-63T8CKM) checked. Verified: 1320215. isIdOk: 294. Prob: 0.02227%
5346 code (75XC74-63T8C0T) checked. Verified: 1320462. isIdOk: 294. Prob: 0.02226%
5347 code (769274-63T8H55) checked. Verified: 1320709. isIdOk: 295. Prob: 0.02234%
5348 code (7TXC74-63T8H2M) checked. Verified: 1320956. isIdOk: 295. Prob: 0.02233%
5349 code (CCH674-63T833B) checked. Verified: 1321203. isIdOk: 296. Prob: 0.0224%
5350 code (746274-63T83KK) checked. Verified: 1321450. isIdOk: 296. Prob: 0.0224%
5351 code (74A574-63T8TKE) checked. Verified: 1321697. isIdOk: 296. Prob: 0.0224%
5352 code (795E74-63T8TA2) checked. Verified: 1321944. isIdOk: 296. Prob: 0.02239%
5353 code (7EKC74-63T85E6) checked. Verified: 1322191. isIdOk: 296. Prob: 0.02239%
5354 code (7CPT74-63T85M0) checked. Verified: 1322438. isIdOk: 296. Prob: 0.02238%
5355 code (7HP774-63T82CE) checked. Verified: 1322685. isIdOk: 296. Prob: 0.02238%
5356 code (7K6674-63T8245) checked. Verified: 1322932. isIdOk: 296. Prob: 0.02237%
5357 code (771C74-63T8E4M) checked. Verified: 1323179. isIdOk: 296. Prob: 0.02237%
5358 code (7H3H74-63T86ME) checked. Verified: 1323426. isIdOk: 296. Prob: 0.02237%
5359 code (79K074-63T8965) checked. Verified: 1323673. isIdOk: 296. Prob: 0.02236%
5360 code (787474-63T894T) checked. Verified: 1323920. isIdOk: 296. Prob: 0.02236%
5361 code (79M174-63T8K0C) checked. Verified: 1324167. isIdOk: 296. Prob: 0.02235%
5362 code (765874-63T8K0X) checked. Verified: 1324414. isIdOk: 296. Prob: 0.02235%
5363 code (7A5M74-63T8P21) checked. Verified: 1324661. isIdOk: 296. Prob: 0.02235%
5364 code (7K1T74-63T81EH) checked. Verified: 1324908. isIdOk: 296. Prob: 0.02234%
5365 code (7BK574-63T8AT5) checked. Verified: 1325155. isIdOk: 296. Prob: 0.02234%
5366 code (7CB674-63T8A44) checked. Verified: 1325402. isIdOk: 296. Prob: 0.02233%
5367 code (72TC74-63T8MTH) checked. Verified: 1325649. isIdOk: 296. Prob: 0.02233%
5368 code (72HK74-63T8XH3) checked. Verified: 1325896. isIdOk: 296. Prob: 0.02232%
5369 code (7HBB74-63T8XTX) checked. Verified: 1326143. isIdOk: 296. Prob: 0.02232%
5370 code (762B74-63T8XP2) checked. Verified: 1326390. isIdOk: 296. Prob: 0.02232%
5371 code (7E7574-63T886H) checked. Verified: 1326637. isIdOk: 296. Prob: 0.02231%
5372 code (70K974-63T88X2) checked. Verified: 1326884. isIdOk: 296. Prob: 0.02231%
5373 code (793174-63T8BT0) checked. Verified: 1327131. isIdOk: 297. Prob: 0.02238%
5374 code (7E1274-63T84H2) checked. Verified: 1327378. isIdOk: 297. Prob: 0.02237%
5375 code (75XT74-63T80HT) checked. Verified: 1327625. isIdOk: 297. Prob: 0.02237%
5376 code (7E2874-63TB7CC) checked. Verified: 1327872. isIdOk: 297. Prob: 0.02237%
5377 code (7E0574-63TB7TX) checked. Verified: 1328119. isIdOk: 297. Prob: 0.02236%
5378 code (775T74-63TB7A1) checked. Verified: 1328366. isIdOk: 297. Prob: 0.02236%
5379 code (759274-63TB7M4) checked. Verified: 1328613. isIdOk: 297. Prob: 0.02235%
5380 code (738H74-63TBC17) checked. Verified: 1328860. isIdOk: 297. Prob: 0.02235%
5381 code (7TPX74-63TBH6T) checked. Verified: 1329107. isIdOk: 297. Prob: 0.02235%
5382 code (HX5M74-63TB3EM) checked. Verified: 1329354. isIdOk: 297. Prob: 0.02234%
5383 code (C7TM74-63TB30H) checked. Verified: 1329601. isIdOk: 297. Prob: 0.02234%
5384 code (739P74-63TBT8B) checked. Verified: 1329848. isIdOk: 297. Prob: 0.02233%
5385 code (72M074-63TB5BT) checked. Verified: 1330095. isIdOk: 297. Prob: 0.02233%
5386 code (756274-63TB2H7) checked. Verified: 1330342. isIdOk: 297. Prob: 0.02233%
5387 code (776A74-63TB212) checked. Verified: 1330589. isIdOk: 297. Prob: 0.02232%
5388 code (C2AT74-63TB20X) checked. Verified: 1330836. isIdOk: 297. Prob: 0.02232%
5389 code (759874-63TBE9A) checked. Verified: 1331083. isIdOk: 297. Prob: 0.02231%
5390 code (754174-63TBE86) checked. Verified: 1331330. isIdOk: 297. Prob: 0.02231%
5391 code (CP7274-63TBEB7) checked. Verified: 1331577. isIdOk: 297. Prob: 0.0223%
5392 code (7CX474-63TB614) checked. Verified: 1331824. isIdOk: 297. Prob: 0.0223%
5393 code (7E6174-63TB6B0) checked. Verified: 1332071. isIdOk: 297. Prob: 0.0223%
5394 code (72AH74-63TB91C) checked. Verified: 1332318. isIdOk: 298. Prob: 0.02237%
5395 code (7C7X74-63TBK2M) checked. Verified: 1332565. isIdOk: 299. Prob: 0.02244%
5396 code (777374-63TBKET) checked. Verified: 1332812. isIdOk: 299. Prob: 0.02243%
5397 code (733C74-63TBP28) checked. Verified: 1333059. isIdOk: 299. Prob: 0.02243%
5398 code (C10074-63TBPAT) checked. Verified: 1333306. isIdOk: 299. Prob: 0.02243%
5399 code (711674-63TBPXC) checked. Verified: 1333553. isIdOk: 299. Prob: 0.02242%
5400 code (7TXK74-63TB117) checked. Verified: 1333800. isIdOk: 299. Prob: 0.02242%
5401 code (79XM74-63TB11P) checked. Verified: 1334047. isIdOk: 299. Prob: 0.02241%
5402 code (710T74-63TBA9E) checked. Verified: 1334294. isIdOk: 299. Prob: 0.02241%
5403 code (77M174-63TBAMM) checked. Verified: 1334541. isIdOk: 299. Prob: 0.0224%
5404 code (75BE74-63TBA0A) checked. Verified: 1334788. isIdOk: 299. Prob: 0.0224%
5405 code (C65E74-63TBM0M) checked. Verified: 1335035. isIdOk: 299. Prob: 0.0224%
5406 code (7TA074-63TBXCT) checked. Verified: 1335282. isIdOk: 299. Prob: 0.02239%
5407 code (71A374-63TBX2B) checked. Verified: 1335529. isIdOk: 299. Prob: 0.02239%
5408 code (H32574-63TB8HK) checked. Verified: 1335776. isIdOk: 299. Prob: 0.02238%
5409 code (79E574-63TB80E) checked. Verified: 1336023. isIdOk: 299. Prob: 0.02238%
5410 code (7CKM74-63TBBK5) checked. Verified: 1336270. isIdOk: 299. Prob: 0.02238%
5411 code (72TE74-63TBB41) checked. Verified: 1336517. isIdOk: 299. Prob: 0.02237%
5412 code (774K74-63TB4A7) checked. Verified: 1336764. isIdOk: 299. Prob: 0.02237%
5413 code (7AEP74-63TB038) checked. Verified: 1337011. isIdOk: 299. Prob: 0.02236%
5414 code (7X4M74-63TB0EE) checked. Verified: 1337258. isIdOk: 299. Prob: 0.02236%
5415 code (7CPX74-63TB08P) checked. Verified: 1337505. isIdOk: 299. Prob: 0.02236%
5416 code (79TT74-63T47X4) checked. Verified: 1337752. isIdOk: 299. Prob: 0.02235%
5417 code (C91174-63T4C82) checked. Verified: 1337999. isIdOk: 299. Prob: 0.02235%
5418 code (7M9774-63T4HK1) checked. Verified: 1338246. isIdOk: 299. Prob: 0.02234%
5419 code (7H6E74-63T433K) checked. Verified: 1338493. isIdOk: 299. Prob: 0.02234%
5420 code (7CBH74-63T4363) checked. Verified: 1338740. isIdOk: 299. Prob: 0.02233%
5421 code (731K74-63T43B8) checked. Verified: 1338987. isIdOk: 299. Prob: 0.02233%
5422 code (77T974-63T4TXE) checked. Verified: 1339234. isIdOk: 299. Prob: 0.02233%
5423 code (7H1K74-63T45AH) checked. Verified: 1339481. isIdOk: 299. Prob: 0.02232%
5424 code (C53C74-63T42EK) checked. Verified: 1339728. isIdOk: 299. Prob: 0.02232%
5425 code (718H74-63T4EHE) checked. Verified: 1339975. isIdOk: 299. Prob: 0.02231%
5426 code (C2HE74-63T46C0) checked. Verified: 1340222. isIdOk: 299. Prob: 0.02231%
5427 code (7CP674-63T46B1) checked. Verified: 1340469. isIdOk: 299. Prob: 0.02231%
5428 code (7H6C74-63T49K1) checked. Verified: 1340716. isIdOk: 299. Prob: 0.0223%
5429 code (757A74-63T49P5) checked. Verified: 1340963. isIdOk: 299. Prob: 0.0223%
5430 code (7C9074-63T4K6K) checked. Verified: 1341210. isIdOk: 299. Prob: 0.02229%
5431 code (7K5774-63T4K1K) checked. Verified: 1341457. isIdOk: 299. Prob: 0.02229%
5432 code (7XX374-63T4KME) checked. Verified: 1341704. isIdOk: 299. Prob: 0.02229%
5433 code (784B74-63T4K0X) checked. Verified: 1341951. isIdOk: 299. Prob: 0.02228%
5434 code (7EM874-63T4P52) checked. Verified: 1342198. isIdOk: 299. Prob: 0.02228%
5435 code (CCM474-63T4P28) checked. Verified: 1342445. isIdOk: 299. Prob: 0.02227%
5436 code (7EB174-63T4P08) checked. Verified: 1342692. isIdOk: 299. Prob: 0.02227%
5437 code (74TM74-63T413M) checked. Verified: 1342939. isIdOk: 299. Prob: 0.02226%
5438 code (760774-63T41B3) checked. Verified: 1343186. isIdOk: 299. Prob: 0.02226%
5439 code (731T74-63T4AAH) checked. Verified: 1343433. isIdOk: 299. Prob: 0.02226%
5440 code (7T5K74-63T4AM4) checked. Verified: 1343680. isIdOk: 299. Prob: 0.02225%
5441 code (7CK074-63T4M50) checked. Verified: 1343927. isIdOk: 299. Prob: 0.02225%
5442 code (C29H74-63T4ME5) checked. Verified: 1344174. isIdOk: 299. Prob: 0.02224%
5443 code (7CEB74-63T4XH6) checked. Verified: 1344421. isIdOk: 299. Prob: 0.02224%
5444 code (370H74-63T4X13) checked. Verified: 1344668. isIdOk: 299. Prob: 0.02224%
5445 code (768874-63T4XMC) checked. Verified: 1344915. isIdOk: 299. Prob: 0.02223%
5446 code (718P74-63T4876) checked. Verified: 1345162. isIdOk: 299. Prob: 0.02223%
5447 code (76HX74-63T48A8) checked. Verified: 1345409. isIdOk: 299. Prob: 0.02222%
5448 code (758374-63T4BAB) checked. Verified: 1345656. isIdOk: 299. Prob: 0.02222%
5449 code (7P2X74-63T4479) checked. Verified: 1345903. isIdOk: 299. Prob: 0.02222%
5450 code (7TH074-63T44XB) checked. Verified: 1346150. isIdOk: 299. Prob: 0.02221%
5451 code (76CH74-63T40T4) checked. Verified: 1346397. isIdOk: 299. Prob: 0.02221%
5452 code (CB2774-63T40P6) checked. Verified: 1346644. isIdOk: 299. Prob: 0.0222%
5453 code (776E74-63T07E0) checked. Verified: 1346891. isIdOk: 299. Prob: 0.0222%
5454 code (7CP774-63T0742) checked. Verified: 1347138. isIdOk: 300. Prob: 0.02227%
5455 code (761P74-63T0C70) checked. Verified: 1347385. isIdOk: 300. Prob: 0.02227%
5456 code (77T674-63T0CE4) checked. Verified: 1347632. isIdOk: 300. Prob: 0.02226%
5457 code (7X8T74-63T0H75) checked. Verified: 1347879. isIdOk: 300. Prob: 0.02226%
5458 code (7K0074-63T0HTE) checked. Verified: 1348126. isIdOk: 301. Prob: 0.02233%
5459 code (7C0074-63T03C5) checked. Verified: 1348373. isIdOk: 301. Prob: 0.02232%
5460 code (7THC74-63T03X6) checked. Verified: 1348620. isIdOk: 301. Prob: 0.02232%
5461 code (7KH974-63T0T92) checked. Verified: 1348867. isIdOk: 301. Prob: 0.02232%
5462 code (7CKX74-63T0T1K) checked. Verified: 1349114. isIdOk: 301. Prob: 0.02231%
5463 code (731874-63T0570) checked. Verified: 1349361. isIdOk: 301. Prob: 0.02231%
5464 code (C31174-63T0532) checked. Verified: 1349608. isIdOk: 301. Prob: 0.0223%
5465 code (CBHB74-63T05E6) checked. Verified: 1349855. isIdOk: 301. Prob: 0.0223%
5466 code (75E374-63T0511) checked. Verified: 1350102. isIdOk: 301. Prob: 0.02229%
5467 code (77C874-63T026B) checked. Verified: 1350349. isIdOk: 301. Prob: 0.02229%
5468 code (7CMX74-63T0EHE) checked. Verified: 1350596. isIdOk: 301. Prob: 0.02229%
5469 code (72KK74-63T0E9A) checked. Verified: 1350843. isIdOk: 301. Prob: 0.02228%
5470 code (CBA874-63T069C) checked. Verified: 1351090. isIdOk: 301. Prob: 0.02228%
5471 code (751T74-63T09TP) checked. Verified: 1351337. isIdOk: 301. Prob: 0.02227%
5472 code (CHHM74-63T098M) checked. Verified: 1351584. isIdOk: 301. Prob: 0.02227%
5473 code (7A8M74-63T0901) checked. Verified: 1351831. isIdOk: 301. Prob: 0.02227%
5474 code (792A74-63T0KA7) checked. Verified: 1352078. isIdOk: 301. Prob: 0.02226%
5475 code (75A874-63T0PAP) checked. Verified: 1352325. isIdOk: 301. Prob: 0.02226%
5476 code (7T6074-63T01A4) checked. Verified: 1352572. isIdOk: 301. Prob: 0.02225%
5477 code (7P5X74-63T01MC) checked. Verified: 1352819. isIdOk: 301. Prob: 0.02225%
5478 code (785P74-63T01X2) checked. Verified: 1353066. isIdOk: 301. Prob: 0.02225%
5479 code (C0T974-63T0A94) checked. Verified: 1353313. isIdOk: 301. Prob: 0.02224%
5480 code (7ET574-63T0AK4) checked. Verified: 1353560. isIdOk: 301. Prob: 0.02224%
5481 code (7K2474-63T0M3M) checked. Verified: 1353807. isIdOk: 301. Prob: 0.02223%
5482 code (C5E574-63T0M29) checked. Verified: 1354054. isIdOk: 301. Prob: 0.02223%
5483 code (7TXB74-63T0XT5) checked. Verified: 1354301. isIdOk: 301. Prob: 0.02223%
5484 code (7PP274-63T0832) checked. Verified: 1354548. isIdOk: 301. Prob: 0.02222%
5485 code (7PXA74-63T0B3C) checked. Verified: 1354795. isIdOk: 301. Prob: 0.02222%
5486 code (727874-63T0B11) checked. Verified: 1355042. isIdOk: 301. Prob: 0.02221%
5487 code (7HCX74-63T045B) checked. Verified: 1355289. isIdOk: 301. Prob: 0.02221%
5488 code (7M7074-63T002A) checked. Verified: 1355536. isIdOk: 301. Prob: 0.02221%
5489 code (7HPH74-63T001B) checked. Verified: 1355783. isIdOk: 301. Prob: 0.0222%
5490 code (738B74-63T004B) checked. Verified: 1356030. isIdOk: 301. Prob: 0.0222%
5491 code (7C0374-63577TK) checked. Verified: 1356277. isIdOk: 301. Prob: 0.02219%
5492 code (7C2374-6357720) checked. Verified: 1356524. isIdOk: 301. Prob: 0.02219%
5493 code (7CEA74-6357CE3) checked. Verified: 1356771. isIdOk: 301. Prob: 0.02219%
5494 code (77HX74-6357CX4) checked. Verified: 1357018. isIdOk: 301. Prob: 0.02218%
5495 code (775574-6357C40) checked. Verified: 1357265. isIdOk: 301. Prob: 0.02218%
5496 code (77T174-6357H4E) checked. Verified: 1357512. isIdOk: 301. Prob: 0.02217%
5497 code (7TA174-63573E9) checked. Verified: 1357759. isIdOk: 301. Prob: 0.02217%
5498 code (7CC374-6357T7B) checked. Verified: 1358006. isIdOk: 301. Prob: 0.02216%
5499 code (73AP74-6357TA5) checked. Verified: 1358253. isIdOk: 301. Prob: 0.02216%
5500 code (7CHC74-63575C8) checked. Verified: 1358500. isIdOk: 301. Prob: 0.02216%
5501 code (CHCE74-635727X) checked. Verified: 1358747. isIdOk: 301. Prob: 0.02215%
5502 code (7HH874-6357E76) checked. Verified: 1358994. isIdOk: 301. Prob: 0.02215%
5503 code (7K3574-6357E8E) checked. Verified: 1359241. isIdOk: 301. Prob: 0.02214%
5504 code (CM6B74-6357661) checked. Verified: 1359488. isIdOk: 301. Prob: 0.02214%
5505 code (752474-635764M) checked. Verified: 1359735. isIdOk: 301. Prob: 0.02214%
5506 code (7H8174-635797P) checked. Verified: 1359982. isIdOk: 301. Prob: 0.02213%
5507 code (7HCE74-63579CA) checked. Verified: 1360229. isIdOk: 301. Prob: 0.02213%
5508 code (7AT274-635790T) checked. Verified: 1360476. isIdOk: 301. Prob: 0.02212%
5509 code (775574-6357KTX) checked. Verified: 1360723. isIdOk: 301. Prob: 0.02212%
5510 code (72PB74-6357K5E) checked. Verified: 1360970. isIdOk: 301. Prob: 0.02212%
5511 code (C7T474-6357P38) checked. Verified: 1361217. isIdOk: 301. Prob: 0.02211%
5512 code (753C74-63571C8) checked. Verified: 1361464. isIdOk: 301. Prob: 0.02211%
5513 code (765A74-63571A2) checked. Verified: 1361711. isIdOk: 301. Prob: 0.0221%
5514 code (73CT74-6357A7A) checked. Verified: 1361958. isIdOk: 301. Prob: 0.0221%
5515 code (7C8T74-6357AK9) checked. Verified: 1362205. isIdOk: 301. Prob: 0.0221%
5516 code (775B74-6357ME7) checked. Verified: 1362452. isIdOk: 301. Prob: 0.02209%
5517 code (7H5174-6357XEH) checked. Verified: 1362699. isIdOk: 301. Prob: 0.02209%
5518 code (759K74-6357XE1) checked. Verified: 1362946. isIdOk: 301. Prob: 0.02208%
5519 code (CE2X74-6357XAP) checked. Verified: 1363193. isIdOk: 301. Prob: 0.02208%
5520 code (7PKX74-63578E1) checked. Verified: 1363440. isIdOk: 302. Prob: 0.02215%
5521 code (7H8E74-63578A4) checked. Verified: 1363687. isIdOk: 302. Prob: 0.02215%
5522 code (7M1T74-6357B2M) checked. Verified: 1363934. isIdOk: 302. Prob: 0.02214%
5523 code (731574-6357477) checked. Verified: 1364181. isIdOk: 302. Prob: 0.02214%
5524 code (73PM74-63574AP) checked. Verified: 1364428. isIdOk: 303. Prob: 0.02221%
5525 code (7A9M74-6357063) checked. Verified: 1364675. isIdOk: 303. Prob: 0.0222%
5526 code (75H574-63570X8) checked. Verified: 1364922. isIdOk: 303. Prob: 0.0222%
5527 code (75H474-635C786) checked. Verified: 1365169. isIdOk: 303. Prob: 0.0222%
5528 code (7T3374-635CCX9) checked. Verified: 1365416. isIdOk: 303. Prob: 0.02219%
5529 code (77EH74-635CC49) checked. Verified: 1365663. isIdOk: 303. Prob: 0.02219%
5530 code (76PA74-635CHC9) checked. Verified: 1365910. isIdOk: 304. Prob: 0.02226%
5531 code (7T8X74-635CH8B) checked. Verified: 1366157. isIdOk: 304. Prob: 0.02225%
5532 code (CHM574-635CH4T) checked. Verified: 1366404. isIdOk: 304. Prob: 0.02225%
5533 code (7C8274-635C3T3) checked. Verified: 1366651. isIdOk: 304. Prob: 0.02224%
5534 code (7E5H74-635CTTX) checked. Verified: 1366898. isIdOk: 304. Prob: 0.02224%
5535 code (77EK74-635C555) checked. Verified: 1367145. isIdOk: 304. Prob: 0.02224%
5536 code (7CAP74-635C23E) checked. Verified: 1367392. isIdOk: 304. Prob: 0.02223%
5537 code (7E8274-635C268) checked. Verified: 1367639. isIdOk: 304. Prob: 0.02223%
5538 code (756874-635C2XP) checked. Verified: 1367886. isIdOk: 304. Prob: 0.02222%
5539 code (7EH474-635CE37) checked. Verified: 1368133. isIdOk: 304. Prob: 0.02222%
5540 code (77EE74-635C6C3) checked. Verified: 1368380. isIdOk: 304. Prob: 0.02222%
5541 code (79T074-635C64T) checked. Verified: 1368627. isIdOk: 304. Prob: 0.02221%
5542 code (35PA74-635C95B) checked. Verified: 1368874. isIdOk: 304. Prob: 0.02221%
5543 code (72X574-635C92P) checked. Verified: 1369121. isIdOk: 304. Prob: 0.0222%
5544 code (7HBK74-635C9AP) checked. Verified: 1369368. isIdOk: 304. Prob: 0.0222%
5545 code (777X74-635C94X) checked. Verified: 1369615. isIdOk: 304. Prob: 0.0222%
5546 code (7H7874-635CKM8) checked. Verified: 1369862. isIdOk: 304. Prob: 0.02219%
5547 code (76H674-635CK4E) checked. Verified: 1370109. isIdOk: 304. Prob: 0.02219%
5548 code (7T2K74-635CP7K) checked. Verified: 1370356. isIdOk: 304. Prob: 0.02218%
5549 code (773A74-635CPKP) checked. Verified: 1370603. isIdOk: 304. Prob: 0.02218%
5550 code (73A474-635C1K3) checked. Verified: 1370850. isIdOk: 304. Prob: 0.02218%
5551 code (771074-635CA91) checked. Verified: 1371097. isIdOk: 304. Prob: 0.02217%
5552 code (784H74-635CM66) checked. Verified: 1371344. isIdOk: 304. Prob: 0.02217%
5553 code (737H74-635CM0A) checked. Verified: 1371591. isIdOk: 304. Prob: 0.02216%
5554 code (7K7E74-635CX70) checked. Verified: 1371838. isIdOk: 304. Prob: 0.02216%
5555 code (7TAM74-635CXKK) checked. Verified: 1372085. isIdOk: 304. Prob: 0.02216%
5556 code (754K74-635CX4K) checked. Verified: 1372332. isIdOk: 304. Prob: 0.02215%
5557 code (HEA774-635C8TB) checked. Verified: 1372579. isIdOk: 304. Prob: 0.02215%
5558 code (794M74-635C8K0) checked. Verified: 1372826. isIdOk: 304. Prob: 0.02214%
5559 code (714374-635C8XB) checked. Verified: 1373073. isIdOk: 304. Prob: 0.02214%
5560 code (76XA74-635CBXX) checked. Verified: 1373320. isIdOk: 304. Prob: 0.02214%
5561 code (75H274-635C47A) checked. Verified: 1373567. isIdOk: 304. Prob: 0.02213%
5562 code (75A774-635C485) checked. Verified: 1373814. isIdOk: 304. Prob: 0.02213%
5563 code (C52C74-635C0P1) checked. Verified: 1374061. isIdOk: 304. Prob: 0.02212%
5564 code (79K674-635C01A) checked. Verified: 1374308. isIdOk: 304. Prob: 0.02212%
5565 code (C2PT74-635H714) checked. Verified: 1374555. isIdOk: 304. Prob: 0.02212%
5566 code (C55074-635H744) checked. Verified: 1374802. isIdOk: 304. Prob: 0.02211%
5567 code (7CX374-635HC2X) checked. Verified: 1375049. isIdOk: 304. Prob: 0.02211%
5568 code (7HM074-635HHH8) checked. Verified: 1375296. isIdOk: 304. Prob: 0.0221%
5569 code (731074-635HHM6) checked. Verified: 1375543. isIdOk: 304. Prob: 0.0221%
5570 code (730774-635H335) checked. Verified: 1375790. isIdOk: 304. Prob: 0.0221%
5571 code (7X1274-635H3T1) checked. Verified: 1376037. isIdOk: 305. Prob: 0.02217%
5572 code (739774-635H39H) checked. Verified: 1376284. isIdOk: 305. Prob: 0.02216%
5573 code (774674-635H3BC) checked. Verified: 1376531. isIdOk: 305. Prob: 0.02216%
5574 code (7C6674-635HTPM) checked. Verified: 1376778. isIdOk: 305. Prob: 0.02215%
5575 code (7KBK74-635H597) checked. Verified: 1377025. isIdOk: 305. Prob: 0.02215%
5576 code (7C0474-635H59P) checked. Verified: 1377272. isIdOk: 305. Prob: 0.02215%
5577 code (7A4474-635H5XA) checked. Verified: 1377519. isIdOk: 305. Prob: 0.02214%
5578 code (798X74-635H22X) checked. Verified: 1377766. isIdOk: 305. Prob: 0.02214%
5579 code (71X574-635HEH8) checked. Verified: 1378013. isIdOk: 305. Prob: 0.02213%
5580 code (7TPE74-635H67C) checked. Verified: 1378260. isIdOk: 305. Prob: 0.02213%
5581 code (799974-635H6HC) checked. Verified: 1378507. isIdOk: 305. Prob: 0.02213%
5582 code (C5A174-635H6M9) checked. Verified: 1378754. isIdOk: 306. Prob: 0.02219%
5583 code (7H4974-635H9P6) checked. Verified: 1379001. isIdOk: 306. Prob: 0.02219%
5584 code (7T2M74-635HKK5) checked. Verified: 1379248. isIdOk: 306. Prob: 0.02219%
5585 code (739674-635HP9E) checked. Verified: 1379495. isIdOk: 306. Prob: 0.02218%
5586 code (75CX74-635H153) checked. Verified: 1379742. isIdOk: 306. Prob: 0.02218%
5587 code (7H1C74-635H1K7) checked. Verified: 1379989. isIdOk: 306. Prob: 0.02217%
5588 code (7EPB74-635HAKK) checked. Verified: 1380236. isIdOk: 306. Prob: 0.02217%
5589 code (7K5K74-635HAP3) checked. Verified: 1380483. isIdOk: 306. Prob: 0.02217%
5590 code (7XBK74-635HAA3) checked. Verified: 1380730. isIdOk: 306. Prob: 0.02216%
5591 code (71B874-635HA05) checked. Verified: 1380977. isIdOk: 306. Prob: 0.02216%
5592 code (769M74-635HMPX) checked. Verified: 1381224. isIdOk: 306. Prob: 0.02215%
5593 code (72X074-635HXE6) checked. Verified: 1381471. isIdOk: 306. Prob: 0.02215%
5594 code (729774-635H83A) checked. Verified: 1381718. isIdOk: 306. Prob: 0.02215%
5595 code (788P74-635H8KM) checked. Verified: 1381965. isIdOk: 306. Prob: 0.02214%
5596 code (7PP474-635HBCE) checked. Verified: 1382212. isIdOk: 306. Prob: 0.02214%
5597 code (C4EB74-635HBTA) checked. Verified: 1382459. isIdOk: 306. Prob: 0.02213%
5598 code (C69C74-635HBEP) checked. Verified: 1382706. isIdOk: 306. Prob: 0.02213%
5599 code (76H374-635HBX1) checked. Verified: 1382953. isIdOk: 307. Prob: 0.0222%
5600 code (CXMB74-635HBX0) checked. Verified: 1383200. isIdOk: 307. Prob: 0.02219%
5601 code (73X174-635H41C) checked. Verified: 1383447. isIdOk: 307. Prob: 0.02219%
5602 code (771374-635H4AH) checked. Verified: 1383694. isIdOk: 307. Prob: 0.02219%
5603 code (7H0P74-635H408) checked. Verified: 1383941. isIdOk: 307. Prob: 0.02218%
5604 code (7BMK74-635H0M1) checked. Verified: 1384188. isIdOk: 307. Prob: 0.02218%
5605 code (7BT974-63537E0) checked. Verified: 1384435. isIdOk: 307. Prob: 0.02218%
5606 code (7KB374-6353767) checked. Verified: 1384682. isIdOk: 307. Prob: 0.02217%
5607 code (7ET974-6353C69) checked. Verified: 1384929. isIdOk: 307. Prob: 0.02217%
5608 code (7C4K74-6353H70) checked. Verified: 1385176. isIdOk: 307. Prob: 0.02216%
5609 code (779974-6353HT5) checked. Verified: 1385423. isIdOk: 307. Prob: 0.02216%
5610 code (736174-6353H06) checked. Verified: 1385670. isIdOk: 307. Prob: 0.02216%
5611 code (7HCH74-635332M) checked. Verified: 1385917. isIdOk: 307. Prob: 0.02215%
5612 code (HBET74-6353368) checked. Verified: 1386164. isIdOk: 307. Prob: 0.02215%
5613 code (7E5K74-63533KT) checked. Verified: 1386411. isIdOk: 307. Prob: 0.02214%
5614 code (79C674-63533X3) checked. Verified: 1386658. isIdOk: 307. Prob: 0.02214%
5615 code (7XBM74-6353TX0) checked. Verified: 1386905. isIdOk: 307. Prob: 0.02214%
5616 code (73AB74-635356T) checked. Verified: 1387152. isIdOk: 307. Prob: 0.02213%
5617 code (77C074-63535A0) checked. Verified: 1387399. isIdOk: 307. Prob: 0.02213%
5618 code (7E9274-635325T) checked. Verified: 1387646. isIdOk: 307. Prob: 0.02212%
5619 code (CM6K74-6353ECA) checked. Verified: 1387893. isIdOk: 307. Prob: 0.02212%
5620 code (7M9674-6353EA5) checked. Verified: 1388140. isIdOk: 307. Prob: 0.02212%
5621 code (7H1874-63536AE) checked. Verified: 1388387. isIdOk: 307. Prob: 0.02211%
5622 code (7ECB74-6353923) checked. Verified: 1388634. isIdOk: 307. Prob: 0.02211%
5623 code (7H0074-6353K3M) checked. Verified: 1388881. isIdOk: 307. Prob: 0.0221%
5624 code (7CE374-6353KK5) checked. Verified: 1389128. isIdOk: 307. Prob: 0.0221%
5625 code (791174-6353PHT) checked. Verified: 1389375. isIdOk: 307. Prob: 0.0221%
5626 code (75AT74-6353P47) checked. Verified: 1389622. isIdOk: 307. Prob: 0.02209%
5627 code (7C5874-6353P0H) checked. Verified: 1389869. isIdOk: 307. Prob: 0.02209%
5628 code (7TXB74-63531BH) checked. Verified: 1390116. isIdOk: 307. Prob: 0.02208%
5629 code (721A74-6353AB1) checked. Verified: 1390363. isIdOk: 307. Prob: 0.02208%
5630 code (71CE74-6353M47) checked. Verified: 1390610. isIdOk: 308. Prob: 0.02215%
5631 code (7XET74-6353X3A) checked. Verified: 1390857. isIdOk: 308. Prob: 0.02214%
5632 code (73BM74-6353XX3) checked. Verified: 1391104. isIdOk: 308. Prob: 0.02214%
5633 code (77E674-63538K6) checked. Verified: 1391351. isIdOk: 308. Prob: 0.02214%
5634 code (787A74-63538AK) checked. Verified: 1391598. isIdOk: 308. Prob: 0.02213%
5635 code (7HP674-6353B2T) checked. Verified: 1391845. isIdOk: 308. Prob: 0.02213%
5636 code (C7M674-6353BKC) checked. Verified: 1392092. isIdOk: 308. Prob: 0.02212%
5637 code (725C74-6353479) checked. Verified: 1392339. isIdOk: 308. Prob: 0.02212%
5638 code (77PC74-63534AB) checked. Verified: 1392586. isIdOk: 308. Prob: 0.02212%
5639 code (759574-6353447) checked. Verified: 1392833. isIdOk: 308. Prob: 0.02211%
5640 code (7H7H74-635302T) checked. Verified: 1393080. isIdOk: 308. Prob: 0.02211%
5641 code (7M6574-6353096) checked. Verified: 1393327. isIdOk: 308. Prob: 0.02211%
5642 code (7KPP74-6353007) checked. Verified: 1393574. isIdOk: 308. Prob: 0.0221%
5643 code (7K1P74-635T7C0) checked. Verified: 1393821. isIdOk: 308. Prob: 0.0221%
5644 code (767974-635TCHH) checked. Verified: 1394068. isIdOk: 308. Prob: 0.02209%
5645 code (763X74-635TCX4) checked. Verified: 1394315. isIdOk: 308. Prob: 0.02209%
5646 code (7T2H74-635THP8) checked. Verified: 1394562. isIdOk: 309. Prob: 0.02216%
5647 code (C93174-635T36M) checked. Verified: 1394809. isIdOk: 309. Prob: 0.02215%
5648 code (7C1174-635T3A9) checked. Verified: 1395056. isIdOk: 309. Prob: 0.02215%
5649 code (C13074-635T3AA) checked. Verified: 1395303. isIdOk: 309. Prob: 0.02215%
5650 code (756X74-635TTTE) checked. Verified: 1395550. isIdOk: 309. Prob: 0.02214%
5651 code (CE5274-635T533) checked. Verified: 1395797. isIdOk: 309. Prob: 0.02214%
5652 code (C3TP74-635T51P) checked. Verified: 1396044. isIdOk: 309. Prob: 0.02213%
5653 code (757E74-635T215) checked. Verified: 1396291. isIdOk: 309. Prob: 0.02213%
5654 code (7CMK74-635TE9P) checked. Verified: 1396538. isIdOk: 309. Prob: 0.02213%
5655 code (7C7974-635T6TC) checked. Verified: 1396785. isIdOk: 310. Prob: 0.02219%
5656 code (772X74-635T647) checked. Verified: 1397032. isIdOk: 310. Prob: 0.02219%
5657 code (73AX74-635T957) checked. Verified: 1397279. isIdOk: 310. Prob: 0.02219%
5658 code (7K2P74-635T92H) checked. Verified: 1397526. isIdOk: 310. Prob: 0.02218%
5659 code (74M774-635T94P) checked. Verified: 1397773. isIdOk: 310. Prob: 0.02218%
5660 code (732574-635TK99) checked. Verified: 1398020. isIdOk: 310. Prob: 0.02217%
5661 code (76P474-635TPH6) checked. Verified: 1398267. isIdOk: 310. Prob: 0.02217%
5662 code (7C8T74-635TP56) checked. Verified: 1398514. isIdOk: 310. Prob: 0.02217%
5663 code (728X74-635TP4M) checked. Verified: 1398761. isIdOk: 310. Prob: 0.02216%
5664 code (78E874-635T186) checked. Verified: 1399008. isIdOk: 310. Prob: 0.02216%
5665 code (76XK74-635T143) checked. Verified: 1399255. isIdOk: 310. Prob: 0.02215%
5666 code (7T1A74-635T10T) checked. Verified: 1399502. isIdOk: 310. Prob: 0.02215%
5667 code (TXA074-635TA38) checked. Verified: 1399749. isIdOk: 310. Prob: 0.02215%
5668 code (7KH174-635TAXX) checked. Verified: 1399996. isIdOk: 310. Prob: 0.02214%
5669 code (7EEE74-635TMCC) checked. Verified: 1400243. isIdOk: 310. Prob: 0.02214%
5670 code (75BC74-635TM2C) checked. Verified: 1400490. isIdOk: 310. Prob: 0.02214%
5671 code (75CH74-635TX2B) checked. Verified: 1400737. isIdOk: 310. Prob: 0.02213%
5672 code (78PH74-635TXBH) checked. Verified: 1400984. isIdOk: 310. Prob: 0.02213%
5673 code (73X874-635T8C4) checked. Verified: 1401231. isIdOk: 310. Prob: 0.02212%
5674 code (7P8H74-635TBC0) checked. Verified: 1401478. isIdOk: 310. Prob: 0.02212%
5675 code (733174-635TB4C) checked. Verified: 1401725. isIdOk: 310. Prob: 0.02212%
5676 code (767174-635T4XC) checked. Verified: 1401972. isIdOk: 310. Prob: 0.02211%
5677 code (C62774-635T07E) checked. Verified: 1402219. isIdOk: 310. Prob: 0.02211%
5678 code (73H474-635T0M1) checked. Verified: 1402466. isIdOk: 310. Prob: 0.0221%
5679 code (77E474-63557H0) checked. Verified: 1402713. isIdOk: 311. Prob: 0.02217%
5680 code (76BM74-63557BH) checked. Verified: 1402960. isIdOk: 311. Prob: 0.02217%
5681 code (7H2874-6355C7H) checked. Verified: 1403207. isIdOk: 311. Prob: 0.02216%
5682 code (CPE674-6355CBC) checked. Verified: 1403454. isIdOk: 311. Prob: 0.02216%
5683 code (7PA274-6355H17) checked. Verified: 1403701. isIdOk: 311. Prob: 0.02216%
5684 code (72TX74-6355HXM) checked. Verified: 1403948. isIdOk: 311. Prob: 0.02215%
5685 code (7A6274-6355394) checked. Verified: 1404195. isIdOk: 311. Prob: 0.02215%
5686 code (760174-63553XH) checked. Verified: 1404442. isIdOk: 311. Prob: 0.02214%
5687 code (76TE74-6355TAT) checked. Verified: 1404689. isIdOk: 311. Prob: 0.02214%
5688 code (73AP74-63555PK) checked. Verified: 1404936. isIdOk: 311. Prob: 0.02214%
5689 code (743874-63555XX) checked. Verified: 1405183. isIdOk: 311. Prob: 0.02213%
5690 code (7TP874-63552T6) checked. Verified: 1405430. isIdOk: 311. Prob: 0.02213%
5691 code (73ET74-635520H) checked. Verified: 1405677. isIdOk: 311. Prob: 0.02212%
5692 code (7ACX74-6355EEA) checked. Verified: 1405924. isIdOk: 311. Prob: 0.02212%
5693 code (754X74-6355EK0) checked. Verified: 1406171. isIdOk: 311. Prob: 0.02212%
5694 code (7MT474-6355EM2) checked. Verified: 1406418. isIdOk: 311. Prob: 0.02211%
5695 code (7EEA74-6355E04) checked. Verified: 1406665. isIdOk: 312. Prob: 0.02218%
5696 code (7T5E74-635564B) checked. Verified: 1406912. isIdOk: 312. Prob: 0.02218%
5697 code (70M274-63559HM) checked. Verified: 1407159. isIdOk: 312. Prob: 0.02217%
5698 code (77KA74-63559AX) checked. Verified: 1407406. isIdOk: 312. Prob: 0.02217%
5699 code (795T74-6355K6M) checked. Verified: 1407653. isIdOk: 312. Prob: 0.02216%
5700 code (759A74-6355P54) checked. Verified: 1407900. isIdOk: 313. Prob: 0.02223%
5701 code (7BK174-6355P68) checked. Verified: 1408147. isIdOk: 313. Prob: 0.02223%
5702 code (738P74-6355P4B) checked. Verified: 1408394. isIdOk: 313. Prob: 0.02222%
5703 code (CT4M74-63551HT) checked. Verified: 1408641. isIdOk: 313. Prob: 0.02222%
5704 code (7KP874-6355169) checked. Verified: 1408888. isIdOk: 314. Prob: 0.02229%
5705 code (77XT74-6355AEM) checked. Verified: 1409135. isIdOk: 314. Prob: 0.02228%
5706 code (765P74-6355A9T) checked. Verified: 1409382. isIdOk: 315. Prob: 0.02235%
5707 code (72A174-6355MH0) checked. Verified: 1409629. isIdOk: 315. Prob: 0.02235%
5708 code (78BX74-6355XH7) checked. Verified: 1409876. isIdOk: 315. Prob: 0.02234%
5709 code (772474-6355XMH) checked. Verified: 1410123. isIdOk: 315. Prob: 0.02234%
5710 code (739074-6355X41) checked. Verified: 1410370. isIdOk: 315. Prob: 0.02233%
5711 code (C08974-635583T) checked. Verified: 1410617. isIdOk: 315. Prob: 0.02233%
5712 code (7K7174-6355BHA) checked. Verified: 1410864. isIdOk: 315. Prob: 0.02233%
5713 code (77HK74-6355B24) checked. Verified: 1411111. isIdOk: 315. Prob: 0.02232%
5714 code (793474-6355B1X) checked. Verified: 1411358. isIdOk: 315. Prob: 0.02232%
5715 code (783P74-63554E8) checked. Verified: 1411605. isIdOk: 315. Prob: 0.02232%
5716 code (CMHC74-6355035) checked. Verified: 1411852. isIdOk: 315. Prob: 0.02231%
5717 code (7E3A74-6355018) checked. Verified: 1412099. isIdOk: 315. Prob: 0.02231%
5718 code (72K074-63550XE) checked. Verified: 1412346. isIdOk: 315. Prob: 0.0223%
5719 code (C39M74-63527CX) checked. Verified: 1412593. isIdOk: 315. Prob: 0.0223%
5720 code (C54A74-6352742) checked. Verified: 1412840. isIdOk: 315. Prob: 0.0223%
5721 code (788H74-6352CBK) checked. Verified: 1413087. isIdOk: 315. Prob: 0.02229%
5722 code (7K4674-6352H9T) checked. Verified: 1413334. isIdOk: 315. Prob: 0.02229%
5723 code (7CC874-635235A) checked. Verified: 1413581. isIdOk: 315. Prob: 0.02228%
5724 code (759T74-6352319) checked. Verified: 1413828. isIdOk: 315. Prob: 0.02228%
5725 code (749P74-6352TEB) checked. Verified: 1414075. isIdOk: 315. Prob: 0.02228%
5726 code (75XX74-6352T01) checked. Verified: 1414322. isIdOk: 315. Prob: 0.02227%
5727 code (737474-6352577) checked. Verified: 1414569. isIdOk: 315. Prob: 0.02227%
5728 code (76P474-6352556) checked. Verified: 1414816. isIdOk: 315. Prob: 0.02226%
5729 code (752M74-635250H) checked. Verified: 1415063. isIdOk: 315. Prob: 0.02226%
5730 code (7X8174-63522C7) checked. Verified: 1415310. isIdOk: 315. Prob: 0.02226%
5731 code (70BM74-635224B) checked. Verified: 1415557. isIdOk: 315. Prob: 0.02225%
5732 code (753674-6352E2K) checked. Verified: 1415804. isIdOk: 315. Prob: 0.02225%
5733 code (7H5474-63526TM) checked. Verified: 1416051. isIdOk: 315. Prob: 0.02224%
5734 code (7H0474-63526X4) checked. Verified: 1416298. isIdOk: 315. Prob: 0.02224%
5735 code (768974-63529XC) checked. Verified: 1416545. isIdOk: 315. Prob: 0.02224%
5736 code (775974-6352KT9) checked. Verified: 1416792. isIdOk: 315. Prob: 0.02223%
5737 code (7TA774-6352KK3) checked. Verified: 1417039. isIdOk: 315. Prob: 0.02223%
5738 code (CTK674-6352KXE) checked. Verified: 1417286. isIdOk: 315. Prob: 0.02223%
5739 code (7BC674-6352P60) checked. Verified: 1417533. isIdOk: 315. Prob: 0.02222%
5740 code (7XA974-63521HH) checked. Verified: 1417780. isIdOk: 315. Prob: 0.02222%
5741 code (7HP774-6352149) checked. Verified: 1418027. isIdOk: 315. Prob: 0.02221%
5742 code (730K74-6352ATK) checked. Verified: 1418274. isIdOk: 315. Prob: 0.02221%
5743 code (7ATH74-6352A1M) checked. Verified: 1418521. isIdOk: 316. Prob: 0.02228%
5744 code (7X3774-6352AX7) checked. Verified: 1418768. isIdOk: 316. Prob: 0.02227%
5745 code (CKPC74-6352M6K) checked. Verified: 1419015. isIdOk: 316. Prob: 0.02227%
5746 code (775T74-6352MMC) checked. Verified: 1419262. isIdOk: 316. Prob: 0.02227%
5747 code (7HX574-6352MX7) checked. Verified: 1419509. isIdOk: 316. Prob: 0.02226%
5748 code (7EMP74-6352MXH) checked. Verified: 1419756. isIdOk: 316. Prob: 0.02226%
5749 code (753C74-6352XT2) checked. Verified: 1420003. isIdOk: 316. Prob: 0.02225%
5750 code (7H8M74-63528C6) checked. Verified: 1420250. isIdOk: 316. Prob: 0.02225%
5751 code (763H74-63528TT) checked. Verified: 1420497. isIdOk: 316. Prob: 0.02225%
5752 code (7EHA74-63528TB) checked. Verified: 1420744. isIdOk: 316. Prob: 0.02224%
5753 code (3TA774-63528X0) checked. Verified: 1420991. isIdOk: 316. Prob: 0.02224%
5754 code (72M774-635288K) checked. Verified: 1421238. isIdOk: 316. Prob: 0.02223%
5755 code (75A274-6352BX9) checked. Verified: 1421485. isIdOk: 316. Prob: 0.02223%
5756 code (72HE74-6352453) checked. Verified: 1421732. isIdOk: 316. Prob: 0.02223%
5757 code (7CPX74-63520T4) checked. Verified: 1421979. isIdOk: 316. Prob: 0.02222%
5758 code (77TT74-635E756) checked. Verified: 1422226. isIdOk: 316. Prob: 0.02222%
5759 code (C11T74-635E7PE) checked. Verified: 1422473. isIdOk: 317. Prob: 0.02229%
5760 code (726974-635EC3X) checked. Verified: 1422720. isIdOk: 317. Prob: 0.02228%
5761 code (CK8E74-635ECA9) checked. Verified: 1422967. isIdOk: 317. Prob: 0.02228%
5762 code (733E74-635EH18) checked. Verified: 1423214. isIdOk: 317. Prob: 0.02227%
5763 code (7T3M74-635EHBM) checked. Verified: 1423461. isIdOk: 317. Prob: 0.02227%
5764 code (7CXH74-635E37P) checked. Verified: 1423708. isIdOk: 317. Prob: 0.02227%
5765 code (73PB74-635E31P) checked. Verified: 1423955. isIdOk: 317. Prob: 0.02226%
5766 code (78XT74-635ET28) checked. Verified: 1424202. isIdOk: 317. Prob: 0.02226%
5767 code (797774-635ET0T) checked. Verified: 1424449. isIdOk: 317. Prob: 0.02225%
5768 code (7H3074-635E58B) checked. Verified: 1424696. isIdOk: 317. Prob: 0.02225%
5769 code (7PPE74-635E2A5) checked. Verified: 1424943. isIdOk: 317. Prob: 0.02225%
5770 code (7PC574-635EEEM) checked. Verified: 1425190. isIdOk: 317. Prob: 0.02224%
5771 code (797474-635EEA5) checked. Verified: 1425437. isIdOk: 317. Prob: 0.02224%
5772 code (721874-635E675) checked. Verified: 1425684. isIdOk: 317. Prob: 0.02223%
5773 code (7AK674-635E6H3) checked. Verified: 1425931. isIdOk: 317. Prob: 0.02223%
5774 code (71PA74-635E69A) checked. Verified: 1426178. isIdOk: 317. Prob: 0.02223%
5775 code (739274-635E963) checked. Verified: 1426425. isIdOk: 317. Prob: 0.02222%
5776 code (78X674-635E98E) checked. Verified: 1426672. isIdOk: 317. Prob: 0.02222%
5777 code (CE1774-635EK90) checked. Verified: 1426919. isIdOk: 317. Prob: 0.02222%
5778 code (79HP74-635EP9M) checked. Verified: 1427166. isIdOk: 317. Prob: 0.02221%
5779 code (7M3074-635EP84) checked. Verified: 1427413. isIdOk: 317. Prob: 0.02221%
5780 code (7PXP74-635E1EP) checked. Verified: 1427660. isIdOk: 317. Prob: 0.0222%
5781 code (79CM74-635E1B2) checked. Verified: 1427907. isIdOk: 317. Prob: 0.0222%
5782 code (7P1974-635EA85) checked. Verified: 1428154. isIdOk: 317. Prob: 0.0222%
5783 code (C9P974-635EMKX) checked. Verified: 1428401. isIdOk: 317. Prob: 0.02219%
5784 code (7KA374-635EXT5) checked. Verified: 1428648. isIdOk: 317. Prob: 0.02219%
5785 code (7TT674-635E853) checked. Verified: 1428895. isIdOk: 317. Prob: 0.02218%
5786 code (79BM74-635E8KH) checked. Verified: 1429142. isIdOk: 317. Prob: 0.02218%
5787 code (7X7274-635EBH8) checked. Verified: 1429389. isIdOk: 317. Prob: 0.02218%
5788 code (729274-635EB16) checked. Verified: 1429636. isIdOk: 317. Prob: 0.02217%
5789 code (724574-635E475) checked. Verified: 1429883. isIdOk: 317. Prob: 0.02217%
5790 code (77KH74-635E48C) checked. Verified: 1430130. isIdOk: 317. Prob: 0.02217%
5791 code (773E74-635E02P) checked. Verified: 1430377. isIdOk: 317. Prob: 0.02216%
5792 code (7HKP74-63567CC) checked. Verified: 1430624. isIdOk: 317. Prob: 0.02216%
5793 code (CCHE74-6356CCH) checked. Verified: 1430871. isIdOk: 317. Prob: 0.02215%
5794 code (7AM374-6356CE5) checked. Verified: 1431118. isIdOk: 317. Prob: 0.02215%
5795 code (722M74-6356CP4) checked. Verified: 1431365. isIdOk: 317. Prob: 0.02215%
5796 code (7M6A74-6356C06) checked. Verified: 1431612. isIdOk: 317. Prob: 0.02214%
5797 code (7CXM74-6356HBH) checked. Verified: 1431859. isIdOk: 317. Prob: 0.02214%
5798 code (7C6T74-63563A9) checked. Verified: 1432106. isIdOk: 317. Prob: 0.02214%
5799 code (7PC374-6356T50) checked. Verified: 1432353. isIdOk: 317. Prob: 0.02213%
5800 code (753074-63565H0) checked. Verified: 1432600. isIdOk: 317. Prob: 0.02213%
5801 code (75CA74-63565PX) checked. Verified: 1432847. isIdOk: 317. Prob: 0.02212%
5802 code (7C3274-63565MK) checked. Verified: 1433094. isIdOk: 317. Prob: 0.02212%
5803 code (7K1874-63562K3) checked. Verified: 1433341. isIdOk: 317. Prob: 0.02212%
5804 code (751X74-63562BX) checked. Verified: 1433588. isIdOk: 317. Prob: 0.02211%
5805 code (7T6B74-6356EHK) checked. Verified: 1433835. isIdOk: 317. Prob: 0.02211%
5806 code (7EKH74-6356E82) checked. Verified: 1434082. isIdOk: 317. Prob: 0.0221%
5807 code (CATA74-63566T2) checked. Verified: 1434329. isIdOk: 317. Prob: 0.0221%
5808 code (3H9474-635695H) checked. Verified: 1434576. isIdOk: 317. Prob: 0.0221%
5809 code (7H2A74-63569P1) checked. Verified: 1434823. isIdOk: 317. Prob: 0.02209%
5810 code (7MA874-6356KK0) checked. Verified: 1435070. isIdOk: 317. Prob: 0.02209%
5811 code (7CH274-6356PK0) checked. Verified: 1435317. isIdOk: 317. Prob: 0.02209%
5812 code (7BE274-6356PM9) checked. Verified: 1435564. isIdOk: 317. Prob: 0.02208%
5813 code (7T5C74-63561E9) checked. Verified: 1435811. isIdOk: 317. Prob: 0.02208%
5814 code (734874-635611A) checked. Verified: 1436058. isIdOk: 317. Prob: 0.02207%
5815 code (74T874-6356ATK) checked. Verified: 1436305. isIdOk: 317. Prob: 0.02207%
5816 code (7M6A74-6356M71) checked. Verified: 1436552. isIdOk: 317. Prob: 0.02207%
5817 code (705X74-6356M39) checked. Verified: 1436799. isIdOk: 317. Prob: 0.02206%
5818 code (CBMC74-6356MX9) checked. Verified: 1437046. isIdOk: 317. Prob: 0.02206%
5819 code (72M074-6356XTB) checked. Verified: 1437293. isIdOk: 317. Prob: 0.02206%
5820 code (774974-6356XB7) checked. Verified: 1437540. isIdOk: 317. Prob: 0.02205%
5821 code (750974-635685T) checked. Verified: 1437787. isIdOk: 317. Prob: 0.02205%
5822 code (73M074-6356BT5) checked. Verified: 1438034. isIdOk: 317. Prob: 0.02204%
5823 code (7C5A74-6356B49) checked. Verified: 1438281. isIdOk: 317. Prob: 0.02204%
5824 code (767E74-63564C2) checked. Verified: 1438528. isIdOk: 317. Prob: 0.02204%
5825 code (7C1474-63564E2) checked. Verified: 1438775. isIdOk: 317. Prob: 0.02203%
5826 code (7C9H74-63560H9) checked. Verified: 1439022. isIdOk: 317. Prob: 0.02203%
5827 code (71X174-63597HA) checked. Verified: 1439269. isIdOk: 317. Prob: 0.02203%
5828 code (7HH574-6359CCT) checked. Verified: 1439516. isIdOk: 318. Prob: 0.02209%
5829 code (7EE474-6359CH6) checked. Verified: 1439763. isIdOk: 318. Prob: 0.02209%
5830 code (7CXK74-6359CB5) checked. Verified: 1440010. isIdOk: 318. Prob: 0.02208%
5831 code (CC0074-6359HX9) checked. Verified: 1440257. isIdOk: 318. Prob: 0.02208%
5832 code (7AHB74-63593M6) checked. Verified: 1440504. isIdOk: 319. Prob: 0.02215%
5833 code (737974-6359T54) checked. Verified: 1440751. isIdOk: 319. Prob: 0.02214%
5834 code (79KK74-6359TB3) checked. Verified: 1440998. isIdOk: 319. Prob: 0.02214%
5835 code (7TK774-63595B0) checked. Verified: 1441245. isIdOk: 319. Prob: 0.02213%
5836 code (7HCP74-63592B4) checked. Verified: 1441492. isIdOk: 319. Prob: 0.02213%
5837 code (759674-6359E6X) checked. Verified: 1441739. isIdOk: 319. Prob: 0.02213%
5838 code (75T674-6359EB8) checked. Verified: 1441986. isIdOk: 319. Prob: 0.02212%
5839 code (7EA874-6359696) checked. Verified: 1442233. isIdOk: 319. Prob: 0.02212%
5840 code (774M74-635992T) checked. Verified: 1442480. isIdOk: 319. Prob: 0.02211%
5841 code (7T5674-6359K5P) checked. Verified: 1442727. isIdOk: 319. Prob: 0.02211%
5842 code (70TH74-6359KKT) checked. Verified: 1442974. isIdOk: 319. Prob: 0.02211%
5843 code (7C3174-6359KMT) checked. Verified: 1443221. isIdOk: 319. Prob: 0.0221%
5844 code (7TC574-6359PK8) checked. Verified: 1443468. isIdOk: 319. Prob: 0.0221%
5845 code (74AE74-6359PA0) checked. Verified: 1443715. isIdOk: 319. Prob: 0.0221%
5846 code (CXC674-635915K) checked. Verified: 1443962. isIdOk: 319. Prob: 0.02209%
5847 code (CAA374-635912B) checked. Verified: 1444209. isIdOk: 319. Prob: 0.02209%
5848 code (791074-6359A76) checked. Verified: 1444456. isIdOk: 319. Prob: 0.02208%
5849 code (73C274-6359A36) checked. Verified: 1444703. isIdOk: 319. Prob: 0.02208%
5850 code (7H5M74-6359AKB) checked. Verified: 1444950. isIdOk: 319. Prob: 0.02208%
5851 code (7TC374-6359MT0) checked. Verified: 1445197. isIdOk: 319. Prob: 0.02207%
5852 code (709B74-6359MME) checked. Verified: 1445444. isIdOk: 319. Prob: 0.02207%
5853 code (C56974-6359MXA) checked. Verified: 1445691. isIdOk: 319. Prob: 0.02207%
5854 code (752C74-6359X94) checked. Verified: 1445938. isIdOk: 319. Prob: 0.02206%
5855 code (739974-6359891) checked. Verified: 1446185. isIdOk: 319. Prob: 0.02206%
5856 code (76AC74-63598P6) checked. Verified: 1446432. isIdOk: 319. Prob: 0.02205%
5857 code (7CBK74-6359B6K) checked. Verified: 1446679. isIdOk: 319. Prob: 0.02205%
5858 code (77B574-6359BKX) checked. Verified: 1446926. isIdOk: 319. Prob: 0.02205%
5859 code (73AE74-6359BME) checked. Verified: 1447173. isIdOk: 319. Prob: 0.02204%
5860 code (712774-6359470) checked. Verified: 1447420. isIdOk: 319. Prob: 0.02204%
5861 code (7BKP74-635943C) checked. Verified: 1447667. isIdOk: 319. Prob: 0.02204%
5862 code (7HC874-63594TM) checked. Verified: 1447914. isIdOk: 319. Prob: 0.02203%
5863 code (CHC474-635945E) checked. Verified: 1448161. isIdOk: 319. Prob: 0.02203%
5864 code (77H874-6359425) checked. Verified: 1448408. isIdOk: 319. Prob: 0.02202%
5865 code (7H7974-635940E) checked. Verified: 1448655. isIdOk: 319. Prob: 0.02202%
5866 code (77BH74-63590E8) checked. Verified: 1448902. isIdOk: 319. Prob: 0.02202%
5867 code (7E6774-63590B2) checked. Verified: 1449149. isIdOk: 319. Prob: 0.02201%
5868 code (78XC74-635K7E6) checked. Verified: 1449396. isIdOk: 319. Prob: 0.02201%
5869 code (H2HB74-635K7M5) checked. Verified: 1449643. isIdOk: 319. Prob: 0.02201%
5870 code (77HC74-635KC92) checked. Verified: 1449890. isIdOk: 319. Prob: 0.022%
5871 code (7H3474-635KCKP) checked. Verified: 1450137. isIdOk: 319. Prob: 0.022%
5872 code (7HM274-635KH93) checked. Verified: 1450384. isIdOk: 319. Prob: 0.02199%
5873 code (7ECM74-635KH9A) checked. Verified: 1450631. isIdOk: 319. Prob: 0.02199%
5874 code (7H2E74-635KH4H) checked. Verified: 1450878. isIdOk: 319. Prob: 0.02199%
5875 code (CE2A74-635KH03) checked. Verified: 1451125. isIdOk: 319. Prob: 0.02198%
5876 code (7HA174-635K3CX) checked. Verified: 1451372. isIdOk: 319. Prob: 0.02198%
5877 code (779074-635K33H) checked. Verified: 1451619. isIdOk: 319. Prob: 0.02198%
5878 code (7HK274-635K3MX) checked. Verified: 1451866. isIdOk: 319. Prob: 0.02197%
5879 code (7CAA74-635KT64) checked. Verified: 1452113. isIdOk: 319. Prob: 0.02197%
5880 code (77A074-635KT8H) checked. Verified: 1452360. isIdOk: 319. Prob: 0.02196%
5881 code (H43574-635K5E2) checked. Verified: 1452607. isIdOk: 319. Prob: 0.02196%
5882 code (7E6X74-635K58A) checked. Verified: 1452854. isIdOk: 319. Prob: 0.02196%
5883 code (775A74-635K2H4) checked. Verified: 1453101. isIdOk: 319. Prob: 0.02195%
5884 code (7PE074-635K2K1) checked. Verified: 1453348. isIdOk: 319. Prob: 0.02195%
5885 code (7H6974-635KEC6) checked. Verified: 1453595. isIdOk: 319. Prob: 0.02195%
5886 code (7HE474-635K6CK) checked. Verified: 1453842. isIdOk: 319. Prob: 0.02194%
5887 code (75A074-635K6K2) checked. Verified: 1454089. isIdOk: 319. Prob: 0.02194%
5888 code (793T74-635K9T4) checked. Verified: 1454336. isIdOk: 319. Prob: 0.02193%
5889 code (727874-635K95A) checked. Verified: 1454583. isIdOk: 319. Prob: 0.02193%
5890 code (7H8T74-635K917) checked. Verified: 1454830. isIdOk: 319. Prob: 0.02193%
5891 code (7PP874-635KK37) checked. Verified: 1455077. isIdOk: 319. Prob: 0.02192%
5892 code (765C74-635KKB8) checked. Verified: 1455324. isIdOk: 319. Prob: 0.02192%
5893 code (73HT74-635KPHB) checked. Verified: 1455571. isIdOk: 319. Prob: 0.02192%
5894 code (79T774-635KPB7) checked. Verified: 1455818. isIdOk: 319. Prob: 0.02191%
5895 code (73P674-635K1MP) checked. Verified: 1456065. isIdOk: 319. Prob: 0.02191%
5896 code (C9T974-635KAPA) checked. Verified: 1456312. isIdOk: 319. Prob: 0.0219%
5897 code (C71H74-635KMK0) checked. Verified: 1456559. isIdOk: 319. Prob: 0.0219%
5898 code (775674-635KXCM) checked. Verified: 1456806. isIdOk: 319. Prob: 0.0219%
5899 code (C6TP74-635KX1E) checked. Verified: 1457053. isIdOk: 319. Prob: 0.02189%
5900 code (7E0974-635K851) checked. Verified: 1457300. isIdOk: 319. Prob: 0.02189%
5901 code (77EP74-635KBTA) checked. Verified: 1457547. isIdOk: 319. Prob: 0.02189%
5902 code (7PT074-635K4C9) checked. Verified: 1457794. isIdOk: 319. Prob: 0.02188%
5903 code (7T5A74-635K4CP) checked. Verified: 1458041. isIdOk: 319. Prob: 0.02188%
5904 code (77BK74-635K46M) checked. Verified: 1458288. isIdOk: 319. Prob: 0.02187%
5905 code (7H7674-635K0TE) checked. Verified: 1458535. isIdOk: 319. Prob: 0.02187%
5906 code (79B274-635P771) checked. Verified: 1458782. isIdOk: 319. Prob: 0.02187%
5907 code (773H74-635P71T) checked. Verified: 1459029. isIdOk: 319. Prob: 0.02186%
5908 code (797X74-635P7XC) checked. Verified: 1459276. isIdOk: 319. Prob: 0.02186%
5909 code (7AC974-635PCEH) checked. Verified: 1459523. isIdOk: 319. Prob: 0.02186%
5910 code (7TEH74-635PC47) checked. Verified: 1459770. isIdOk: 319. Prob: 0.02185%
5911 code (76M474-635PHT8) checked. Verified: 1460017. isIdOk: 319. Prob: 0.02185%
5912 code (734H74-635PH9E) checked. Verified: 1460264. isIdOk: 319. Prob: 0.02185%
5913 code (723M74-635P398) checked. Verified: 1460511. isIdOk: 319. Prob: 0.02184%
5914 code (7CXC74-635P340) checked. Verified: 1460758. isIdOk: 319. Prob: 0.02184%
5915 code (C59E74-635PT9K) checked. Verified: 1461005. isIdOk: 319. Prob: 0.02183%
5916 code (7EC574-635P5EX) checked. Verified: 1461252. isIdOk: 319. Prob: 0.02183%
5917 code (CC3674-635P568) checked. Verified: 1461499. isIdOk: 319. Prob: 0.02183%
5918 code (7X1174-635P23C) checked. Verified: 1461746. isIdOk: 319. Prob: 0.02182%
5919 code (7X5K74-635P2P9) checked. Verified: 1461993. isIdOk: 319. Prob: 0.02182%
5920 code (7H8H74-635PE1H) checked. Verified: 1462240. isIdOk: 319. Prob: 0.02182%
5921 code (77P274-635PEX4) checked. Verified: 1462487. isIdOk: 319. Prob: 0.02181%
5922 code (774074-635P6X7) checked. Verified: 1462734. isIdOk: 319. Prob: 0.02181%
5923 code (72E074-635P99X) checked. Verified: 1462981. isIdOk: 319. Prob: 0.0218%
5924 code (75CH74-635P985) checked. Verified: 1463228. isIdOk: 319. Prob: 0.0218%
5925 code (7H9074-635PK3B) checked. Verified: 1463475. isIdOk: 319. Prob: 0.0218%
5926 code (7H5A74-635PPHA) checked. Verified: 1463722. isIdOk: 320. Prob: 0.02186%
5927 code (7P6274-635PPHM) checked. Verified: 1463969. isIdOk: 320. Prob: 0.02186%
5928 code (75CC74-635PP0T) checked. Verified: 1464216. isIdOk: 320. Prob: 0.02185%
5929 code (7TT074-635P1KT) checked. Verified: 1464463. isIdOk: 320. Prob: 0.02185%
5930 code (79AB74-635P10P) checked. Verified: 1464710. isIdOk: 320. Prob: 0.02185%
5931 code (777T74-635PAA1) checked. Verified: 1464957. isIdOk: 320. Prob: 0.02184%
5932 code (763874-635PAMT) checked. Verified: 1465204. isIdOk: 320. Prob: 0.02184%
5933 code (7TPB74-635PAX6) checked. Verified: 1465451. isIdOk: 320. Prob: 0.02184%
5934 code (75KT74-635PMCA) checked. Verified: 1465698. isIdOk: 320. Prob: 0.02183%
5935 code (7TE674-635PXCK) checked. Verified: 1465945. isIdOk: 320. Prob: 0.02183%
5936 code (7E1T74-635PXEH) checked. Verified: 1466192. isIdOk: 320. Prob: 0.02183%
5937 code (C4BT74-635PX6B) checked. Verified: 1466439. isIdOk: 320. Prob: 0.02182%
5938 code (7H8E74-635PXX4) checked. Verified: 1466686. isIdOk: 320. Prob: 0.02182%
5939 code (773674-635P81C) checked. Verified: 1466933. isIdOk: 320. Prob: 0.02181%
5940 code (7AM974-635PB1M) checked. Verified: 1467180. isIdOk: 320. Prob: 0.02181%
5941 code (7E2174-635P4C6) checked. Verified: 1467427. isIdOk: 320. Prob: 0.02181%
5942 code (730274-635P4PC) checked. Verified: 1467674. isIdOk: 320. Prob: 0.0218%
5943 code (7K4174-635P023) checked. Verified: 1467921. isIdOk: 320. Prob: 0.0218%
5944 code (760C74-635P01M) checked. Verified: 1468168. isIdOk: 321. Prob: 0.02186%
5945 code (732974-63517T8) checked. Verified: 1468415. isIdOk: 321. Prob: 0.02186%
5946 code (CT3A74-63517B9) checked. Verified: 1468662. isIdOk: 321. Prob: 0.02186%
5947 code (77MT74-6351C87) checked. Verified: 1468909. isIdOk: 321. Prob: 0.02185%
5948 code (C0M374-6351HET) checked. Verified: 1469156. isIdOk: 321. Prob: 0.02185%
5949 code (78P874-6351H84) checked. Verified: 1469403. isIdOk: 321. Prob: 0.02185%
5950 code (732C74-63513PM) checked. Verified: 1469650. isIdOk: 321. Prob: 0.02184%
5951 code (721474-63513P4) checked. Verified: 1469897. isIdOk: 321. Prob: 0.02184%
5952 code (C0M774-6351TT7) checked. Verified: 1470144. isIdOk: 321. Prob: 0.02183%
5953 code (7B0T74-6351TTM) checked. Verified: 1470391. isIdOk: 321. Prob: 0.02183%
5954 code (72H074-6351T98) checked. Verified: 1470638. isIdOk: 321. Prob: 0.02183%
5955 code (7H6274-6351T47) checked. Verified: 1470885. isIdOk: 321. Prob: 0.02182%
5956 code (7XC774-635156H) checked. Verified: 1471132. isIdOk: 321. Prob: 0.02182%
5957 code (793K74-63512H5) checked. Verified: 1471379. isIdOk: 321. Prob: 0.02182%
5958 code (7TBX74-6351ECA) checked. Verified: 1471626. isIdOk: 321. Prob: 0.02181%
5959 code (7M5774-6351EH0) checked. Verified: 1471873. isIdOk: 321. Prob: 0.02181%
5960 code (77BA74-6351E8A) checked. Verified: 1472120. isIdOk: 321. Prob: 0.02181%
5961 code (H6XT74-635163X) checked. Verified: 1472367. isIdOk: 321. Prob: 0.0218%
5962 code (CHX974-63516PT) checked. Verified: 1472614. isIdOk: 321. Prob: 0.0218%
5963 code (75KK74-635196A) checked. Verified: 1472861. isIdOk: 321. Prob: 0.02179%
5964 code (7P2374-635190X) checked. Verified: 1473108. isIdOk: 321. Prob: 0.02179%
5965 code (76CA74-6351K96) checked. Verified: 1473355. isIdOk: 321. Prob: 0.02179%
5966 code (7EE874-6351PTC) checked. Verified: 1473602. isIdOk: 321. Prob: 0.02178%
5967 code (7T9A74-6351P05) checked. Verified: 1473849. isIdOk: 321. Prob: 0.02178%
5968 code (75B974-63511CM) checked. Verified: 1474096. isIdOk: 321. Prob: 0.02178%
5969 code (CCT574-635114C) checked. Verified: 1474343. isIdOk: 321. Prob: 0.02177%
5970 code (766X74-6351AAM) checked. Verified: 1474590. isIdOk: 321. Prob: 0.02177%
5971 code (7H7774-6351MM1) checked. Verified: 1474837. isIdOk: 321. Prob: 0.02177%
5972 code (7E4074-6351X35) checked. Verified: 1475084. isIdOk: 321. Prob: 0.02176%
5973 code (7T2B74-6351XT5) checked. Verified: 1475331. isIdOk: 321. Prob: 0.02176%
5974 code (7E8374-6351XPX) checked. Verified: 1475578. isIdOk: 321. Prob: 0.02175%
5975 code (773E74-6351XMC) checked. Verified: 1475825. isIdOk: 321. Prob: 0.02175%
5976 code (7TXB74-635186A) checked. Verified: 1476072. isIdOk: 321. Prob: 0.02175%
5977 code (762274-63518A3) checked. Verified: 1476319. isIdOk: 321. Prob: 0.02174%
5978 code (7E9874-63518MX) checked. Verified: 1476566. isIdOk: 321. Prob: 0.02174%
5979 code (730A74-6351B7H) checked. Verified: 1476813. isIdOk: 321. Prob: 0.02174%
5980 code (7E4C74-6351BKB) checked. Verified: 1477060. isIdOk: 321. Prob: 0.02173%
5981 code (7H0P74-6351BX2) checked. Verified: 1477307. isIdOk: 321. Prob: 0.02173%
5982 code (HABK74-63514H5) checked. Verified: 1477554. isIdOk: 321. Prob: 0.02173%
5983 code (77T274-635142A) checked. Verified: 1477801. isIdOk: 321. Prob: 0.02172%
5984 code (724C74-6351493) checked. Verified: 1478048. isIdOk: 321. Prob: 0.02172%
5985 code (7HX974-635149P) checked. Verified: 1478295. isIdOk: 321. Prob: 0.02171%
5986 code (7CAP74-63510CX) checked. Verified: 1478542. isIdOk: 321. Prob: 0.02171%
5987 code (76H174-6351008) checked. Verified: 1478789. isIdOk: 321. Prob: 0.02171%
5988 code (790B74-635AC73) checked. Verified: 1479036. isIdOk: 321. Prob: 0.0217%
5989 code (71M774-635ACBP) checked. Verified: 1479283. isIdOk: 321. Prob: 0.0217%
5990 code (7P5274-635AHK7) checked. Verified: 1479530. isIdOk: 321. Prob: 0.0217%
5991 code (701874-635AHPP) checked. Verified: 1479777. isIdOk: 321. Prob: 0.02169%
5992 code (7HC874-635AH86) checked. Verified: 1480024. isIdOk: 322. Prob: 0.02176%
5993 code (C90174-635A389) checked. Verified: 1480271. isIdOk: 322. Prob: 0.02175%
5994 code (776774-635ATH1) checked. Verified: 1480518. isIdOk: 322. Prob: 0.02175%
5995 code (776474-635ATT1) checked. Verified: 1480765. isIdOk: 322. Prob: 0.02175%
5996 code (796C74-635ATPB) checked. Verified: 1481012. isIdOk: 322. Prob: 0.02174%
5997 code (7BMC74-635A528) checked. Verified: 1481259. isIdOk: 322. Prob: 0.02174%
5998 code (788574-635A562) checked. Verified: 1481506. isIdOk: 322. Prob: 0.02173%
5999 code (75T974-635A5AP) checked. Verified: 1481753. isIdOk: 322. Prob: 0.02173%
6000 code (CTMX74-635A2KB) checked. Verified: 1482000. isIdOk: 322. Prob: 0.02173%
150
Starting range [150 nln ...]:
6001 code (7C8KC2-P8AHA87) checked. Verified: 1482247. isIdOk: 322. Prob: 0.02172%
6002 code (71M8C2-P8AHA8C) checked. Verified: 1482494. isIdOk: 322. Prob: 0.02172%
6003 code (CTCXC2-P8AHA01) checked. Verified: 1482741. isIdOk: 322. Prob: 0.02172%
6004 code (79MCC2-P8AHM84) checked. Verified: 1482988. isIdOk: 322. Prob: 0.02171%
6005 code (CT8BC2-P8AHX6M) checked. Verified: 1483235. isIdOk: 322. Prob: 0.02171%
6006 code (71E7C2-P8AH866) checked. Verified: 1483482. isIdOk: 322. Prob: 0.02171%
6007 code (7E2HC2-P8AHB9H) checked. Verified: 1483729. isIdOk: 322. Prob: 0.0217%
6008 code (75TEC2-P8AH47M) checked. Verified: 1483976. isIdOk: 322. Prob: 0.0217%
6009 code (7APPC2-P8AH482) checked. Verified: 1484223. isIdOk: 322. Prob: 0.02169%
6010 code (7KE0C2-P8AH099) checked. Verified: 1484470. isIdOk: 322. Prob: 0.02169%
6011 code (7T6BC2-P8AH0MK) checked. Verified: 1484717. isIdOk: 322. Prob: 0.02169%
6012 code (7687C2-P8A37C9) checked. Verified: 1484964. isIdOk: 322. Prob: 0.02168%
6013 code (76C7C2-P8A37PB) checked. Verified: 1485211. isIdOk: 322. Prob: 0.02168%
6014 code (7TT3C2-P8A37XH) checked. Verified: 1485458. isIdOk: 322. Prob: 0.02168%
6015 code (725AC2-P8A37BT) checked. Verified: 1485705. isIdOk: 322. Prob: 0.02167%
6016 code (C683C2-P8A3C59) checked. Verified: 1485952. isIdOk: 322. Prob: 0.02167%
6017 code (7TC4C2-P8A3C91) checked. Verified: 1486199. isIdOk: 322. Prob: 0.02167%
6018 code (C5E4C2-P8A3H99) checked. Verified: 1486446. isIdOk: 322. Prob: 0.02166%
6019 code (79E1C2-P8A3373) checked. Verified: 1486693. isIdOk: 323. Prob: 0.02173%
6020 code (7X1KC2-P8A33PT) checked. Verified: 1486940. isIdOk: 323. Prob: 0.02172%
6021 code (7KC1C2-P8A3TE7) checked. Verified: 1487187. isIdOk: 323. Prob: 0.02172%
6022 code (7XM9C2-P8A3T1C) checked. Verified: 1487434. isIdOk: 323. Prob: 0.02172%
6023 code (H3KTC2-P8A35E3) checked. Verified: 1487681. isIdOk: 323. Prob: 0.02171%
6024 code (7371C2-P8A356X) checked. Verified: 1487928. isIdOk: 323. Prob: 0.02171%
6025 code (7M55C2-P8A323T) checked. Verified: 1488175. isIdOk: 323. Prob: 0.0217%
6026 code (7841C2-P8A3EC1) checked. Verified: 1488422. isIdOk: 323. Prob: 0.0217%
6027 code (7C1TC2-P8A3E58) checked. Verified: 1488669. isIdOk: 323. Prob: 0.0217%
6028 code (C75CC2-P8A3EPA) checked. Verified: 1488916. isIdOk: 323. Prob: 0.02169%
6029 code (7269C2-P8A3638) checked. Verified: 1489163. isIdOk: 323. Prob: 0.02169%
6030 code (7A41C2-P8A3654) checked. Verified: 1489410. isIdOk: 323. Prob: 0.02169%
6031 code (75H3C2-P8A36MX) checked. Verified: 1489657. isIdOk: 323. Prob: 0.02168%
6032 code (7TTHC2-P8A368M) checked. Verified: 1489904. isIdOk: 323. Prob: 0.02168%
6033 code (7E0CC2-P8A364E) checked. Verified: 1490151. isIdOk: 323. Prob: 0.02168%
6034 code (7ATKC2-P8A39KK) checked. Verified: 1490398. isIdOk: 323. Prob: 0.02167%
6035 code (7E89C2-P8A39X9) checked. Verified: 1490645. isIdOk: 323. Prob: 0.02167%
6036 code (754TC2-P8A3K8H) checked. Verified: 1490892. isIdOk: 323. Prob: 0.02166%
6037 code (7PAKC2-P8A3PMC) checked. Verified: 1491139. isIdOk: 323. Prob: 0.02166%
6038 code (7A1PC2-P8A3129) checked. Verified: 1491386. isIdOk: 323. Prob: 0.02166%
6039 code (7795C2-P8A3ATK) checked. Verified: 1491633. isIdOk: 323. Prob: 0.02165%
6040 code (79M2C2-P8A3AX2) checked. Verified: 1491880. isIdOk: 323. Prob: 0.02165%
6041 code (7HT1C2-P8A3M12) checked. Verified: 1492127. isIdOk: 324. Prob: 0.02171%
6042 code (C767C2-P8A3X94) checked. Verified: 1492374. isIdOk: 324. Prob: 0.02171%
6043 code (78P5C2-P8A3XX8) checked. Verified: 1492621. isIdOk: 324. Prob: 0.02171%
6044 code (7TM9C2-P8A38XE) checked. Verified: 1492868. isIdOk: 324. Prob: 0.0217%
6045 code (7HK2C2-P8A3B90) checked. Verified: 1493115. isIdOk: 324. Prob: 0.0217%
6046 code (7B73C2-P8A3463) checked. Verified: 1493362. isIdOk: 324. Prob: 0.0217%
6047 code (7H3MC2-P8A306C) checked. Verified: 1493609. isIdOk: 324. Prob: 0.02169%
6048 code (7456C2-P8AT76X) checked. Verified: 1493856. isIdOk: 324. Prob: 0.02169%
6049 code (754CC2-P8ATCEB) checked. Verified: 1494103. isIdOk: 324. Prob: 0.02169%
6050 code (7039C2-P8ATHTM) checked. Verified: 1494350. isIdOk: 324. Prob: 0.02168%
6051 code (7HH4C2-P8ATHEX) checked. Verified: 1494597. isIdOk: 324. Prob: 0.02168%
6052 code (776KC2-P8ATHKH) checked. Verified: 1494844. isIdOk: 324. Prob: 0.02167%
6053 code (CP96C2-P8AT33C) checked. Verified: 1495091. isIdOk: 324. Prob: 0.02167%
6054 code (712MC2-P8AT300) checked. Verified: 1495338. isIdOk: 324. Prob: 0.02167%
6055 code (7AX2C2-P8ATT87) checked. Verified: 1495585. isIdOk: 324. Prob: 0.02166%
6056 code (788MC2-P8AT552) checked. Verified: 1495832. isIdOk: 325. Prob: 0.02173%
6057 code (7HM6C2-P8AT5EE) checked. Verified: 1496079. isIdOk: 325. Prob: 0.02172%
6058 code (7C64C2-P8AT5XX) checked. Verified: 1496326. isIdOk: 325. Prob: 0.02172%
6059 code (779BC2-P8AT503) checked. Verified: 1496573. isIdOk: 325. Prob: 0.02172%
6060 code (7980C2-P8AT2M2) checked. Verified: 1496820. isIdOk: 325. Prob: 0.02171%
6061 code (7TX1C2-P8ATEM8) checked. Verified: 1497067. isIdOk: 325. Prob: 0.02171%
6062 code (CTHCC2-P8ATEXH) checked. Verified: 1497314. isIdOk: 325. Prob: 0.02171%
6063 code (CEP1C2-P8AT63M) checked. Verified: 1497561. isIdOk: 325. Prob: 0.0217%
6064 code (76M8C2-P8AT69C) checked. Verified: 1497808. isIdOk: 325. Prob: 0.0217%
6065 code (72CMC2-P8AT9E5) checked. Verified: 1498055. isIdOk: 325. Prob: 0.02169%
6066 code (H78PC2-P8AT966) checked. Verified: 1498302. isIdOk: 325. Prob: 0.02169%
6067 code (79E2C2-P8ATK9T) checked. Verified: 1498549. isIdOk: 326. Prob: 0.02175%
6068 code (7467C2-P8ATP60) checked. Verified: 1498796. isIdOk: 327. Prob: 0.02182%
6069 code (778BC2-P8ATPA0) checked. Verified: 1499043. isIdOk: 327. Prob: 0.02181%
6070 code (70B3C2-P8AT1M6) checked. Verified: 1499290. isIdOk: 327. Prob: 0.02181%
6071 code (7H3PC2-P8ATA64) checked. Verified: 1499537. isIdOk: 327. Prob: 0.02181%
6072 code (7784C2-P8ATAX0) checked. Verified: 1499784. isIdOk: 327. Prob: 0.0218%
6073 code (7CK3C2-P8ATM9A) checked. Verified: 1500031. isIdOk: 327. Prob: 0.0218%
6074 code (7644C2-P8ATXT5) checked. Verified: 1500278. isIdOk: 327. Prob: 0.0218%
6075 code (750HC2-P8ATXX1) checked. Verified: 1500525. isIdOk: 327. Prob: 0.02179%
6076 code (77M8C2-P8ATXBX) checked. Verified: 1500772. isIdOk: 327. Prob: 0.02179%
6077 code (77K2C2-P8AT82X) checked. Verified: 1501019. isIdOk: 327. Prob: 0.02179%
6078 code (C8BAC2-P8ATBHC) checked. Verified: 1501266. isIdOk: 327. Prob: 0.02178%
6079 code (7CMMC2-P8AT476) checked. Verified: 1501513. isIdOk: 327. Prob: 0.02178%
6080 code (7229C2-P8AT454) checked. Verified: 1501760. isIdOk: 327. Prob: 0.02177%
6081 code (7336C2-P8AT41A) checked. Verified: 1502007. isIdOk: 327. Prob: 0.02177%
6082 code (74K1C2-P8AT032) checked. Verified: 1502254. isIdOk: 327. Prob: 0.02177%
6083 code (HCC4C2-P8AT0TC) checked. Verified: 1502501. isIdOk: 327. Prob: 0.02176%
6084 code (7CT5C2-P8A57HT) checked. Verified: 1502748. isIdOk: 327. Prob: 0.02176%
6085 code (7E2AC2-P8A5CCX) checked. Verified: 1502995. isIdOk: 327. Prob: 0.02176%
6086 code (7938C2-P8A5C8A) checked. Verified: 1503242. isIdOk: 327. Prob: 0.02175%
6087 code (70BEC2-P8A5H69) checked. Verified: 1503489. isIdOk: 327. Prob: 0.02175%
6088 code (7PE0C2-P8A5363) checked. Verified: 1503736. isIdOk: 328. Prob: 0.02181%
6089 code (7TBPC2-P8A53BM) checked. Verified: 1503983. isIdOk: 328. Prob: 0.02181%
6090 code (7EXHC2-P8A5TC0) checked. Verified: 1504230. isIdOk: 328. Prob: 0.02181%
6091 code (79BCC2-P8A5T8M) checked. Verified: 1504477. isIdOk: 329. Prob: 0.02187%
6092 code (757BC2-P8A55X0) checked. Verified: 1504724. isIdOk: 330. Prob: 0.02193%
6093 code (7C6AC2-P8A52CP) checked. Verified: 1504971. isIdOk: 330. Prob: 0.02193%
6094 code (7363C2-P8A52A4) checked. Verified: 1505218. isIdOk: 330. Prob: 0.02192%
6095 code (78M3C2-P8A52X5) checked. Verified: 1505465. isIdOk: 330. Prob: 0.02192%
6096 code (7HAEC2-P8A5E1E) checked. Verified: 1505712. isIdOk: 330. Prob: 0.02192%
6097 code (CT06C2-P8A5629) checked. Verified: 1505959. isIdOk: 330. Prob: 0.02191%
6098 code (75E2C2-P8A561T) checked. Verified: 1506206. isIdOk: 330. Prob: 0.02191%
6099 code (777EC2-P8A56A9) checked. Verified: 1506453. isIdOk: 330. Prob: 0.02191%
6100 code (7XC2C2-P8A597E) checked. Verified: 1506700. isIdOk: 330. Prob: 0.0219%
6101 code (7928C2-P8A59AE) checked. Verified: 1506947. isIdOk: 330. Prob: 0.0219%
6102 code (728PC2-P8A5KT3) checked. Verified: 1507194. isIdOk: 330. Prob: 0.02189%
6103 code (78K1C2-P8A5K14) checked. Verified: 1507441. isIdOk: 330. Prob: 0.02189%
6104 code (7H91C2-P8A5PKH) checked. Verified: 1507688. isIdOk: 330. Prob: 0.02189%
6105 code (75HAC2-P8A5PK8) checked. Verified: 1507935. isIdOk: 330. Prob: 0.02188%
6106 code (7729C2-P8A5P8K) checked. Verified: 1508182. isIdOk: 330. Prob: 0.02188%
6107 code (7173C2-P8A5157) checked. Verified: 1508429. isIdOk: 330. Prob: 0.02188%
6108 code (7TE1C2-P8A51AA) checked. Verified: 1508676. isIdOk: 330. Prob: 0.02187%
6109 code (7B5PC2-P8A5A6E) checked. Verified: 1508923. isIdOk: 331. Prob: 0.02194%
6110 code (7A28C2-P8A5M95) checked. Verified: 1509170. isIdOk: 331. Prob: 0.02193%
6111 code (7TTAC2-P8A5X5C) checked. Verified: 1509417. isIdOk: 331. Prob: 0.02193%
6112 code (CXTAC2-P8A5XA5) checked. Verified: 1509664. isIdOk: 331. Prob: 0.02193%
6113 code (7CB9C2-P8A58HP) checked. Verified: 1509911. isIdOk: 331. Prob: 0.02192%
6114 code (77H8C2-P8A58E0) checked. Verified: 1510158. isIdOk: 331. Prob: 0.02192%
6115 code (7PM8C2-P8A5861) checked. Verified: 1510405. isIdOk: 331. Prob: 0.02191%
6116 code (7P04C2-P8A5B2A) checked. Verified: 1510652. isIdOk: 331. Prob: 0.02191%
6117 code (7C1XC2-P8A54HH) checked. Verified: 1510899. isIdOk: 331. Prob: 0.02191%
6118 code (77PMC2-P8A5423) checked. Verified: 1511146. isIdOk: 331. Prob: 0.0219%
6119 code (723EC2-P8A5079) checked. Verified: 1511393. isIdOk: 331. Prob: 0.0219%
6120 code (CE01C2-P8A5012) checked. Verified: 1511640. isIdOk: 331. Prob: 0.0219%
6121 code (7104C2-P8A27PH) checked. Verified: 1511887. isIdOk: 331. Prob: 0.02189%
6122 code (7AEHC2-P8A27MK) checked. Verified: 1512134. isIdOk: 331. Prob: 0.02189%
6123 code (HK5PC2-P8A2C22) checked. Verified: 1512381. isIdOk: 331. Prob: 0.02189%
6124 code (CKKXC2-P8A2CPX) checked. Verified: 1512628. isIdOk: 331. Prob: 0.02188%
6125 code (76PBC2-P8A2HK0) checked. Verified: 1512875. isIdOk: 331. Prob: 0.02188%
6126 code (76T2C2-P8A2H1K) checked. Verified: 1513122. isIdOk: 331. Prob: 0.02188%
6127 code (75CCC2-P8A23T0) checked. Verified: 1513369. isIdOk: 331. Prob: 0.02187%
6128 code (7K69C2-P8A2TT8) checked. Verified: 1513616. isIdOk: 331. Prob: 0.02187%
6129 code (79M7C2-P8A2TM4) checked. Verified: 1513863. isIdOk: 331. Prob: 0.02186%
6130 code (7C2KC2-P8A25M5) checked. Verified: 1514110. isIdOk: 331. Prob: 0.02186%
6131 code (73EBC2-P8A25XA) checked. Verified: 1514357. isIdOk: 331. Prob: 0.02186%
6132 code (7920C2-P8A254B) checked. Verified: 1514604. isIdOk: 331. Prob: 0.02185%
6133 code (7TX8C2-P8A250T) checked. Verified: 1514851. isIdOk: 331. Prob: 0.02185%
6134 code (77BCC2-P8A225P) checked. Verified: 1515098. isIdOk: 331. Prob: 0.02185%
6135 code (760BC2-P8A2EC7) checked. Verified: 1515345. isIdOk: 331. Prob: 0.02184%
6136 code (7BK7C2-P8A2E0T) checked. Verified: 1515592. isIdOk: 331. Prob: 0.02184%
6137 code (7929C2-P8A26E7) checked. Verified: 1515839. isIdOk: 331. Prob: 0.02184%
6138 code (7E10C2-P8A26AX) checked. Verified: 1516086. isIdOk: 331. Prob: 0.02183%
6139 code (7KP5C2-P8A260C) checked. Verified: 1516333. isIdOk: 331. Prob: 0.02183%
6140 code (C0CKC2-P8A29C3) checked. Verified: 1516580. isIdOk: 331. Prob: 0.02183%
6141 code (7T75C2-P8A2948) checked. Verified: 1516827. isIdOk: 331. Prob: 0.02182%
6142 code (7C6TC2-P8A2K7B) checked. Verified: 1517074. isIdOk: 331. Prob: 0.02182%
6143 code (733CC2-P8A2K48) checked. Verified: 1517321. isIdOk: 331. Prob: 0.02181%
6144 code (76HKC2-P8A2PE7) checked. Verified: 1517568. isIdOk: 331. Prob: 0.02181%
6145 code (7668C2-P8A2P65) checked. Verified: 1517815. isIdOk: 331. Prob: 0.02181%
6146 code (76CXC2-P8A2132) checked. Verified: 1518062. isIdOk: 331. Prob: 0.0218%
6147 code (72X8C2-P8A21MP) checked. Verified: 1518309. isIdOk: 332. Prob: 0.02187%
6148 code (7E28C2-P8A214K) checked. Verified: 1518556. isIdOk: 332. Prob: 0.02186%
6149 code (7768C2-P8A2A75) checked. Verified: 1518803. isIdOk: 332. Prob: 0.02186%
6150 code (7A62C2-P8A2A3A) checked. Verified: 1519050. isIdOk: 332. Prob: 0.02186%
6151 code (7515C2-P8A2AEH) checked. Verified: 1519297. isIdOk: 333. Prob: 0.02192%
6152 code (CAXKC2-P8A2AMK) checked. Verified: 1519544. isIdOk: 333. Prob: 0.02191%
6153 code (7T0CC2-P8A2MK7) checked. Verified: 1519791. isIdOk: 333. Prob: 0.02191%
6154 code (737BC2-P8A2MMM) checked. Verified: 1520038. isIdOk: 333. Prob: 0.02191%
6155 code (75E9C2-P8A2X3C) checked. Verified: 1520285. isIdOk: 333. Prob: 0.0219%
6156 code (777MC2-P8A2XBB) checked. Verified: 1520532. isIdOk: 333. Prob: 0.0219%
6157 code (74H7C2-P8A2887) checked. Verified: 1520779. isIdOk: 333. Prob: 0.0219%
6158 code (7X4EC2-P8A2B21) checked. Verified: 1521026. isIdOk: 333. Prob: 0.02189%
6159 code (7EMMC2-P8A2B69) checked. Verified: 1521273. isIdOk: 333. Prob: 0.02189%
6160 code (7268C2-P8A2B87) checked. Verified: 1521520. isIdOk: 333. Prob: 0.02189%
6161 code (C2B3C2-P8A24PT) checked. Verified: 1521767. isIdOk: 333. Prob: 0.02188%
6162 code (7KTKC2-P8A24PM) checked. Verified: 1522014. isIdOk: 333. Prob: 0.02188%
6163 code (71MCC2-P8A20EE) checked. Verified: 1522261. isIdOk: 333. Prob: 0.02188%
6164 code (799MC2-P8A20MH) checked. Verified: 1522508. isIdOk: 333. Prob: 0.02187%
6165 code (7EX7C2-P8AE75E) checked. Verified: 1522755. isIdOk: 333. Prob: 0.02187%
6166 code (7317C2-P8AE756) checked. Verified: 1523002. isIdOk: 333. Prob: 0.02186%
6167 code (72THC2-P8AE79A) checked. Verified: 1523249. isIdOk: 333. Prob: 0.02186%
6168 code (79KAC2-P8AEC39) checked. Verified: 1523496. isIdOk: 333. Prob: 0.02186%
6169 code (78BBC2-P8AECM8) checked. Verified: 1523743. isIdOk: 333. Prob: 0.02185%
6170 code (7C00C2-P8AEH9K) checked. Verified: 1523990. isIdOk: 333. Prob: 0.02185%
6171 code (7EXPC2-P8AEH9X) checked. Verified: 1524237. isIdOk: 333. Prob: 0.02185%
6172 code (7516C2-P8AE3E5) checked. Verified: 1524484. isIdOk: 333. Prob: 0.02184%
6173 code (7CH5C2-P8AE38B) checked. Verified: 1524731. isIdOk: 333. Prob: 0.02184%
6174 code (CP4PC2-P8AET5P) checked. Verified: 1524978. isIdOk: 333. Prob: 0.02184%
6175 code (71P4C2-P8AET0P) checked. Verified: 1525225. isIdOk: 333. Prob: 0.02183%
6176 code (767PC2-P8AE59H) checked. Verified: 1525472. isIdOk: 333. Prob: 0.02183%
6177 code (77KTC2-P8AE587) checked. Verified: 1525719. isIdOk: 333. Prob: 0.02183%
6178 code (7AT4C2-P8AE225) checked. Verified: 1525966. isIdOk: 333. Prob: 0.02182%
6179 code (7BB8C2-P8AE22X) checked. Verified: 1526213. isIdOk: 333. Prob: 0.02182%
6180 code (72M7C2-P8AE29P) checked. Verified: 1526460. isIdOk: 334. Prob: 0.02188%
6181 code (73KEC2-P8AE2B4) checked. Verified: 1526707. isIdOk: 334. Prob: 0.02188%
6182 code (7T2HC2-P8AEEEH) checked. Verified: 1526954. isIdOk: 334. Prob: 0.02187%
6183 code (CCT6C2-P8AE62X) checked. Verified: 1527201. isIdOk: 334. Prob: 0.02187%
6184 code (7H2HC2-P8AE9H3) checked. Verified: 1527448. isIdOk: 334. Prob: 0.02187%
6185 code (7M6MC2-P8AE99P) checked. Verified: 1527695. isIdOk: 334. Prob: 0.02186%
6186 code (7PEPC2-P8AE9K1) checked. Verified: 1527942. isIdOk: 334. Prob: 0.02186%
6187 code (CCTPC2-P8AEK29) checked. Verified: 1528189. isIdOk: 334. Prob: 0.02186%
6188 code (72K5C2-P8AEK6K) checked. Verified: 1528436. isIdOk: 334. Prob: 0.02185%
6189 code (7CE8C2-P8AEP71) checked. Verified: 1528683. isIdOk: 334. Prob: 0.02185%
6190 code (72HEC2-P8AEPPT) checked. Verified: 1528930. isIdOk: 334. Prob: 0.02185%
6191 code (7CM0C2-P8AEPX8) checked. Verified: 1529177. isIdOk: 334. Prob: 0.02184%
6192 code (7HXEC2-P8AE1MB) checked. Verified: 1529424. isIdOk: 334. Prob: 0.02184%
6193 code (7346C2-P8AEAE0) checked. Verified: 1529671. isIdOk: 334. Prob: 0.02183%
6194 code (7H45C2-P8AEABX) checked. Verified: 1529918. isIdOk: 334. Prob: 0.02183%
6195 code (77TAC2-P8AEM88) checked. Verified: 1530165. isIdOk: 334. Prob: 0.02183%
6196 code (7ME7C2-P8AEM4X) checked. Verified: 1530412. isIdOk: 334. Prob: 0.02182%
6197 code (72EBC2-P8AEM44) checked. Verified: 1530659. isIdOk: 334. Prob: 0.02182%
6198 code (7348C2-P8AEXXB) checked. Verified: 1530906. isIdOk: 334. Prob: 0.02182%
6199 code (CPKPC2-P8AE8A6) checked. Verified: 1531153. isIdOk: 334. Prob: 0.02181%
6200 code (70T0C2-P8AEB6H) checked. Verified: 1531400. isIdOk: 334. Prob: 0.02181%
6201 code (7T11C2-P8AE43C) checked. Verified: 1531647. isIdOk: 334. Prob: 0.02181%
6202 code (77PEC2-P8AE436) checked. Verified: 1531894. isIdOk: 334. Prob: 0.0218%
6203 code (77EKC2-P8AE40T) checked. Verified: 1532141. isIdOk: 334. Prob: 0.0218%
6204 code (7M4EC2-P8AE064) checked. Verified: 1532388. isIdOk: 334. Prob: 0.0218%
6205 code (C2EHC2-P8A6731) checked. Verified: 1532635. isIdOk: 334. Prob: 0.02179%
6206 code (7H98C2-P8A67PM) checked. Verified: 1532882. isIdOk: 334. Prob: 0.02179%
6207 code (7CT5C2-P8A67AC) checked. Verified: 1533129. isIdOk: 336. Prob: 0.02192%
6208 code (7CT5C2-P8A67AK) checked. Verified: 1533376. isIdOk: 338. Prob: 0.02204%
6209 code (C4AEC2-P8A6CMH) checked. Verified: 1533623. isIdOk: 338. Prob: 0.02204%
6210 code (7M6PC2-P8A6C8E) checked. Verified: 1533870. isIdOk: 338. Prob: 0.02204%
6211 code (7MC0C2-P8A6HPE) checked. Verified: 1534117. isIdOk: 338. Prob: 0.02203%
6212 code (784HC2-P8A63EK) checked. Verified: 1534364. isIdOk: 338. Prob: 0.02203%
6213 code (7TE8C2-P8A6TTP) checked. Verified: 1534611. isIdOk: 338. Prob: 0.02203%
6214 code (CC17C2-P8A6T9P) checked. Verified: 1534858. isIdOk: 338. Prob: 0.02202%
6215 code (7B67C2-P8A6T90) checked. Verified: 1535105. isIdOk: 338. Prob: 0.02202%
6216 code (73TTC2-P8A6TKK) checked. Verified: 1535352. isIdOk: 338. Prob: 0.02201%
6217 code (CP6BC2-P8A65H2) checked. Verified: 1535599. isIdOk: 338. Prob: 0.02201%
6218 code (73M1C2-P8A62CK) checked. Verified: 1535846. isIdOk: 338. Prob: 0.02201%
6219 code (7HA8C2-P8A62HM) checked. Verified: 1536093. isIdOk: 338. Prob: 0.022%
6220 code (C56CC2-P8A6EC2) checked. Verified: 1536340. isIdOk: 338. Prob: 0.022%
6221 code (7H9KC2-P8A6EKX) checked. Verified: 1536587. isIdOk: 338. Prob: 0.022%
6222 code (7EMPC2-P8A6638) checked. Verified: 1536834. isIdOk: 338. Prob: 0.02199%
6223 code (7C3MC2-P8A66T5) checked. Verified: 1537081. isIdOk: 338. Prob: 0.02199%
6224 code (7T26C2-P8A66XH) checked. Verified: 1537328. isIdOk: 338. Prob: 0.02199%
6225 code (7T7XC2-P8A699H) checked. Verified: 1537575. isIdOk: 338. Prob: 0.02198%
6226 code (CTXCC2-P8A6K29) checked. Verified: 1537822. isIdOk: 338. Prob: 0.02198%
6227 code (7K2HC2-P8A6PCB) checked. Verified: 1538069. isIdOk: 338. Prob: 0.02198%
6228 code (7PX9C2-P8A61C8) checked. Verified: 1538316. isIdOk: 338. Prob: 0.02197%
6229 code (7B1TC2-P8A61ME) checked. Verified: 1538563. isIdOk: 338. Prob: 0.02197%
6230 code (7C06C2-P8A6A2P) checked. Verified: 1538810. isIdOk: 338. Prob: 0.02197%
6231 code (C77MC2-P8A6AK1) checked. Verified: 1539057. isIdOk: 339. Prob: 0.02203%
6232 code (7CB5C2-P8A6AME) checked. Verified: 1539304. isIdOk: 339. Prob: 0.02202%
6233 code (73HMC2-P8A6A41) checked. Verified: 1539551. isIdOk: 339. Prob: 0.02202%
6234 code (7PC5C2-P8A6MC3) checked. Verified: 1539798. isIdOk: 339. Prob: 0.02202%
6235 code (C12PC2-P8A6M05) checked. Verified: 1540045. isIdOk: 339. Prob: 0.02201%
6236 code (7T9AC2-P8A6XM8) checked. Verified: 1540292. isIdOk: 339. Prob: 0.02201%
6237 code (CEBAC2-P8A68X6) checked. Verified: 1540539. isIdOk: 339. Prob: 0.02201%
6238 code (7284C2-P8A6BKT) checked. Verified: 1540786. isIdOk: 339. Prob: 0.022%
6239 code (70HTC2-P8A64T6) checked. Verified: 1541033. isIdOk: 339. Prob: 0.022%
6240 code (CE78C2-P8A60TT) checked. Verified: 1541280. isIdOk: 339. Prob: 0.02199%
6241 code (7H68C2-P8A60E0) checked. Verified: 1541527. isIdOk: 339. Prob: 0.02199%
6242 code (7P1CC2-P8A6067) checked. Verified: 1541774. isIdOk: 339. Prob: 0.02199%
6243 code (7636C2-P8A60A4) checked. Verified: 1542021. isIdOk: 339. Prob: 0.02198%
6244 code (7531C2-P8A9791) checked. Verified: 1542268. isIdOk: 339. Prob: 0.02198%
6245 code (77BBC2-P8A9717) checked. Verified: 1542515. isIdOk: 339. Prob: 0.02198%
6246 code (79AAC2-P8A9C71) checked. Verified: 1542762. isIdOk: 339. Prob: 0.02197%
6247 code (C5X2C2-P8A9C1X) checked. Verified: 1543009. isIdOk: 339. Prob: 0.02197%
6248 code (7HM7C2-P8A9H6H) checked. Verified: 1543256. isIdOk: 339. Prob: 0.02197%
6249 code (7ECBC2-P8A9333) checked. Verified: 1543503. isIdOk: 339. Prob: 0.02196%
6250 code (7ABXC2-P8A9T3B) checked. Verified: 1543750. isIdOk: 339. Prob: 0.02196%
6251 code (7BAMC2-P8A953C) checked. Verified: 1543997. isIdOk: 339. Prob: 0.02196%
6252 code (78A1C2-P8A95BA) checked. Verified: 1544244. isIdOk: 339. Prob: 0.02195%
6253 code (764EC2-P8A9544) checked. Verified: 1544491. isIdOk: 339. Prob: 0.02195%
6254 code (753PC2-P8A92B0) checked. Verified: 1544738. isIdOk: 339. Prob: 0.02195%
6255 code (72MPC2-P8A9EX8) checked. Verified: 1544985. isIdOk: 339. Prob: 0.02194%
6256 code (7TK4C2-P8A9681) checked. Verified: 1545232. isIdOk: 339. Prob: 0.02194%
6257 code (C9HXC2-P8A99EX) checked. Verified: 1545479. isIdOk: 339. Prob: 0.02193%
6258 code (7P1BC2-P8A9K5P) checked. Verified: 1545726. isIdOk: 339. Prob: 0.02193%
6259 code (C7P9C2-P8A9PHH) checked. Verified: 1545973. isIdOk: 339. Prob: 0.02193%
6260 code (722KC2-P8A9PX2) checked. Verified: 1546220. isIdOk: 339. Prob: 0.02192%
6261 code (7T01C2-P8A9127) checked. Verified: 1546467. isIdOk: 339. Prob: 0.02192%
6262 code (7B1TC2-P8A91P7) checked. Verified: 1546714. isIdOk: 339. Prob: 0.02192%
6263 code (727CC2-P8A9APM) checked. Verified: 1546961. isIdOk: 339. Prob: 0.02191%
6264 code (7MKHC2-P8A9A48) checked. Verified: 1547208. isIdOk: 339. Prob: 0.02191%
6265 code (772EC2-P8A9M9C) checked. Verified: 1547455. isIdOk: 339. Prob: 0.02191%
6266 code (765MC2-P8A9XET) checked. Verified: 1547702. isIdOk: 339. Prob: 0.0219%
6267 code (7CEAC2-P8A9X6A) checked. Verified: 1547949. isIdOk: 340. Prob: 0.02196%
6268 code (7HABC2-P8A9859) checked. Verified: 1548196. isIdOk: 340. Prob: 0.02196%
6269 code (7730C2-P8A986K) checked. Verified: 1548443. isIdOk: 341. Prob: 0.02202%
6270 code (78T0C2-P8A981M) checked. Verified: 1548690. isIdOk: 341. Prob: 0.02202%
6271 code (73BMC2-P8A9B9C) checked. Verified: 1548937. isIdOk: 341. Prob: 0.02202%
6272 code (7705C2-P8A9B17) checked. Verified: 1549184. isIdOk: 341. Prob: 0.02201%
6273 code (754PC2-P8A9BM6) checked. Verified: 1549431. isIdOk: 342. Prob: 0.02207%
6274 code (72CKC2-P8A94E9) checked. Verified: 1549678. isIdOk: 342. Prob: 0.02207%
6275 code (7MBCC2-P8A902M) checked. Verified: 1549925. isIdOk: 342. Prob: 0.02207%
6276 code (7AK8C2-P8AK734) checked. Verified: 1550172. isIdOk: 342. Prob: 0.02206%
6277 code (7CH8C2-P8AK701) checked. Verified: 1550419. isIdOk: 343. Prob: 0.02212%
6278 code (7CBXC2-P8AKCE7) checked. Verified: 1550666. isIdOk: 343. Prob: 0.02212%
6279 code (7PK8C2-P8AKCM9) checked. Verified: 1550913. isIdOk: 343. Prob: 0.02212%
6280 code (758MC2-P8AKCMK) checked. Verified: 1551160. isIdOk: 343. Prob: 0.02211%
6281 code (74HXC2-P8AKCM4) checked. Verified: 1551407. isIdOk: 343. Prob: 0.02211%
6282 code (78ATC2-P8AKH5K) checked. Verified: 1551654. isIdOk: 343. Prob: 0.02211%
6283 code (7TTMC2-P8AKHMT) checked. Verified: 1551901. isIdOk: 343. Prob: 0.0221%
6284 code (729AC2-P8AK36X) checked. Verified: 1552148. isIdOk: 343. Prob: 0.0221%
6285 code (7K82C2-P8AK305) checked. Verified: 1552395. isIdOk: 343. Prob: 0.02209%
6286 code (7B97C2-P8AKTKK) checked. Verified: 1552642. isIdOk: 343. Prob: 0.02209%
6287 code (C2HKC2-P8AKTAH) checked. Verified: 1552889. isIdOk: 343. Prob: 0.02209%
6288 code (7K89C2-P8AK578) checked. Verified: 1553136. isIdOk: 343. Prob: 0.02208%
6289 code (75HEC2-P8AK27K) checked. Verified: 1553383. isIdOk: 343. Prob: 0.02208%
6290 code (7M6TC2-P8AK299) checked. Verified: 1553630. isIdOk: 343. Prob: 0.02208%
6291 code (7M61C2-P8AKE72) checked. Verified: 1553877. isIdOk: 343. Prob: 0.02207%
6292 code (783TC2-P8AKE4K) checked. Verified: 1554124. isIdOk: 343. Prob: 0.02207%
6293 code (7C8PC2-P8AK64E) checked. Verified: 1554371. isIdOk: 343. Prob: 0.02207%
6294 code (76ABC2-P8AK933) checked. Verified: 1554618. isIdOk: 343. Prob: 0.02206%
6295 code (C22TC2-P8AKKCH) checked. Verified: 1554865. isIdOk: 343. Prob: 0.02206%
6296 code (75M6C2-P8AKK3M) checked. Verified: 1555112. isIdOk: 343. Prob: 0.02206%
6297 code (7CCMC2-P8AKK53) checked. Verified: 1555359. isIdOk: 344. Prob: 0.02212%
6298 code (7736C2-P8AKKKC) checked. Verified: 1555606. isIdOk: 344. Prob: 0.02211%
6299 code (7HB7C2-P8AKKM9) checked. Verified: 1555853. isIdOk: 344. Prob: 0.02211%
6300 code (7KP7C2-P8AKKX0) checked. Verified: 1556100. isIdOk: 344. Prob: 0.02211%
6301 code (73AXC2-P8AKK4H) checked. Verified: 1556347. isIdOk: 344. Prob: 0.0221%
6302 code (794TC2-P8AKPB7) checked. Verified: 1556594. isIdOk: 344. Prob: 0.0221%
6303 code (7EB6C2-P8AK124) checked. Verified: 1556841. isIdOk: 345. Prob: 0.02216%
6304 code (747TC2-P8AK1PT) checked. Verified: 1557088. isIdOk: 345. Prob: 0.02216%
6305 code (7P26C2-P8AKAPA) checked. Verified: 1557335. isIdOk: 345. Prob: 0.02215%
6306 code (7CPAC2-P8AKME3) checked. Verified: 1557582. isIdOk: 345. Prob: 0.02215%
6307 code (7A2BC2-P8AKMMP) checked. Verified: 1557829. isIdOk: 345. Prob: 0.02215%
6308 code (7C11C2-P8AKX21) checked. Verified: 1558076. isIdOk: 346. Prob: 0.02221%
6309 code (7HHBC2-P8AKX1E) checked. Verified: 1558323. isIdOk: 346. Prob: 0.0222%
6310 code (770EC2-P8AKX4A) checked. Verified: 1558570. isIdOk: 346. Prob: 0.0222%
6311 code (7595C2-P8AK8E1) checked. Verified: 1558817. isIdOk: 346. Prob: 0.0222%
6312 code (76MKC2-P8AKBHA) checked. Verified: 1559064. isIdOk: 346. Prob: 0.02219%
6313 code (7HHBC2-P8AKB87) checked. Verified: 1559311. isIdOk: 346. Prob: 0.02219%
6314 code (72T6C2-P8AK474) checked. Verified: 1559558. isIdOk: 346. Prob: 0.02219%
6315 code (7CCAC2-P8AK40B) checked. Verified: 1559805. isIdOk: 346. Prob: 0.02218%
6316 code (7K5KC2-P8AK0HX) checked. Verified: 1560052. isIdOk: 346. Prob: 0.02218%
6317 code (7796C2-P8AK051) checked. Verified: 1560299. isIdOk: 346. Prob: 0.02218%
6318 code (7E3AC2-P8AP75K) checked. Verified: 1560546. isIdOk: 346. Prob: 0.02217%
6319 code (750TC2-P8APCH7) checked. Verified: 1560793. isIdOk: 346. Prob: 0.02217%
6320 code (CMC1C2-P8APC8X) checked. Verified: 1561040. isIdOk: 346. Prob: 0.02216%
6321 code (77TPC2-P8APH39) checked. Verified: 1561287. isIdOk: 346. Prob: 0.02216%
6322 code (7716C2-P8APH31) checked. Verified: 1561534. isIdOk: 346. Prob: 0.02216%
6323 code (7TA1C2-P8APHAT) checked. Verified: 1561781. isIdOk: 346. Prob: 0.02215%
6324 code (745KC2-P8AP3TP) checked. Verified: 1562028. isIdOk: 346. Prob: 0.02215%
6325 code (7KX0C2-P8AP38T) checked. Verified: 1562275. isIdOk: 346. Prob: 0.02215%
6326 code (77TAC2-P8APTM7) checked. Verified: 1562522. isIdOk: 346. Prob: 0.02214%
6327 code (7T6XC2-P8APT0T) checked. Verified: 1562769. isIdOk: 346. Prob: 0.02214%
6328 code (7HKKC2-P8AP556) checked. Verified: 1563016. isIdOk: 346. Prob: 0.02214%
6329 code (7C54C2-P8AP549) checked. Verified: 1563263. isIdOk: 346. Prob: 0.02213%
6330 code (7923C2-P8AP28X) checked. Verified: 1563510. isIdOk: 346. Prob: 0.02213%
6331 code (7TM0C2-P8AP2BM) checked. Verified: 1563757. isIdOk: 346. Prob: 0.02213%
6332 code (C9MPC2-P8APEPH) checked. Verified: 1564004. isIdOk: 346. Prob: 0.02212%
6333 code (78HXC2-P8APEA6) checked. Verified: 1564251. isIdOk: 346. Prob: 0.02212%
6334 code (71M7C2-P8APE09) checked. Verified: 1564498. isIdOk: 346. Prob: 0.02212%
6335 code (7C55C2-P8AP6A0) checked. Verified: 1564745. isIdOk: 346. Prob: 0.02211%
6336 code (7CCMC2-P8AP935) checked. Verified: 1564992. isIdOk: 346. Prob: 0.02211%
6337 code (77M8C2-P8AP9PH) checked. Verified: 1565239. isIdOk: 347. Prob: 0.02217%
6338 code (78APC2-P8APK3X) checked. Verified: 1565486. isIdOk: 347. Prob: 0.02217%
6339 code (7E79C2-P8APKE2) checked. Verified: 1565733. isIdOk: 347. Prob: 0.02216%
6340 code (777KC2-P8APK0X) checked. Verified: 1565980. isIdOk: 347. Prob: 0.02216%
6341 code (7M77C2-P8APP16) checked. Verified: 1566227. isIdOk: 347. Prob: 0.02216%
6342 code (7AHXC2-P8APP07) checked. Verified: 1566474. isIdOk: 347. Prob: 0.02215%
6343 code (7TPCC2-P8AP1P4) checked. Verified: 1566721. isIdOk: 347. Prob: 0.02215%
6344 code (7T9AC2-P8APAC6) checked. Verified: 1566968. isIdOk: 347. Prob: 0.02214%
6345 code (C691C2-P8APMH3) checked. Verified: 1567215. isIdOk: 347. Prob: 0.02214%
6346 code (C9BBC2-P8APX7T) checked. Verified: 1567462. isIdOk: 347. Prob: 0.02214%
6347 code (77TTC2-P8APX05) checked. Verified: 1567709. isIdOk: 347. Prob: 0.02213%
6348 code (72P5C2-P8AP842) checked. Verified: 1567956. isIdOk: 347. Prob: 0.02213%
6349 code (79MXC2-P8APBAX) checked. Verified: 1568203. isIdOk: 347. Prob: 0.02213%
6350 code (7T45C2-P8AP41E) checked. Verified: 1568450. isIdOk: 347. Prob: 0.02212%
6351 code (CCTPC2-P8AP03C) checked. Verified: 1568697. isIdOk: 347. Prob: 0.02212%
6352 code (7E20C2-P8AP0AT) checked. Verified: 1568944. isIdOk: 347. Prob: 0.02212%
6353 code (CH9PC2-P8AP00H) checked. Verified: 1569191. isIdOk: 347. Prob: 0.02211%
6354 code (CB7EC2-P8A17A0) checked. Verified: 1569438. isIdOk: 347. Prob: 0.02211%
6355 code (7PP9C2-P8A1780) checked. Verified: 1569685. isIdOk: 347. Prob: 0.02211%
6356 code (77H0C2-P8A1CA1) checked. Verified: 1569932. isIdOk: 347. Prob: 0.0221%
6357 code (7T38C2-P8A1H63) checked. Verified: 1570179. isIdOk: 347. Prob: 0.0221%
6358 code (77K9C2-P8A1HMH) checked. Verified: 1570426. isIdOk: 347. Prob: 0.0221%
6359 code (71AHC2-P8A1H88) checked. Verified: 1570673. isIdOk: 347. Prob: 0.02209%
6360 code (7258C2-P8A13C4) checked. Verified: 1570920. isIdOk: 347. Prob: 0.02209%
6361 code (7X2CC2-P8A13K2) checked. Verified: 1571167. isIdOk: 347. Prob: 0.02209%
6362 code (72H7C2-P8A1T6M) checked. Verified: 1571414. isIdOk: 347. Prob: 0.02208%
6363 code (7E3TC2-P8A1TM9) checked. Verified: 1571661. isIdOk: 347. Prob: 0.02208%
6364 code (776MC2-P8A1TXX) checked. Verified: 1571908. isIdOk: 347. Prob: 0.02208%
6365 code (78CHC2-P8A157A) checked. Verified: 1572155. isIdOk: 347. Prob: 0.02207%
6366 code (7BEKC2-P8A15EC) checked. Verified: 1572402. isIdOk: 347. Prob: 0.02207%
6367 code (7B3CC2-P8A154B) checked. Verified: 1572649. isIdOk: 347. Prob: 0.02206%
6368 code (75X7C2-P8A122K) checked. Verified: 1572896. isIdOk: 347. Prob: 0.02206%
6369 code (7308C2-P8A1E2C) checked. Verified: 1573143. isIdOk: 347. Prob: 0.02206%
6370 code (7970C2-P8A162E) checked. Verified: 1573390. isIdOk: 347. Prob: 0.02205%
6371 code (CPXMC2-P8A162K) checked. Verified: 1573637. isIdOk: 347. Prob: 0.02205%
6372 code (7319C2-P8A16B7) checked. Verified: 1573884. isIdOk: 347. Prob: 0.02205%
6373 code (CABBC2-P8A19E2) checked. Verified: 1574131. isIdOk: 348. Prob: 0.02211%
6374 code (79XXC2-P8A19P7) checked. Verified: 1574378. isIdOk: 349. Prob: 0.02217%
6375 code (7XBAC2-P8A19P8) checked. Verified: 1574625. isIdOk: 349. Prob: 0.02216%
6376 code (7552C2-P8A194A) checked. Verified: 1574872. isIdOk: 349. Prob: 0.02216%
6377 code (76XXC2-P8A1KE5) checked. Verified: 1575119. isIdOk: 349. Prob: 0.02216%
6378 code (7P8KC2-P8A1K67) checked. Verified: 1575366. isIdOk: 349. Prob: 0.02215%
6379 code (7T8TC2-P8A1KKC) checked. Verified: 1575613. isIdOk: 349. Prob: 0.02215%
6380 code (773TC2-P8A1KP4) checked. Verified: 1575860. isIdOk: 349. Prob: 0.02215%
6381 code (7CK6C2-P8A1PTH) checked. Verified: 1576107. isIdOk: 349. Prob: 0.02214%
6382 code (761BC2-P8A1PMC) checked. Verified: 1576354. isIdOk: 349. Prob: 0.02214%
6383 code (7BX1C2-P8A1168) checked. Verified: 1576601. isIdOk: 349. Prob: 0.02214%
6384 code (7CAXC2-P8A1160) checked. Verified: 1576848. isIdOk: 349. Prob: 0.02213%
6385 code (7T4CC2-P8A11K1) checked. Verified: 1577095. isIdOk: 349. Prob: 0.02213%
6386 code (7CMBC2-P8A1101) checked. Verified: 1577342. isIdOk: 349. Prob: 0.02213%
6387 code (7AX2C2-P8A1ATM) checked. Verified: 1577589. isIdOk: 349. Prob: 0.02212%
6388 code (7CBBC2-P8A1MC6) checked. Verified: 1577836. isIdOk: 349. Prob: 0.02212%
6389 code (C2MKC2-P8A1X71) checked. Verified: 1578083. isIdOk: 349. Prob: 0.02212%
6390 code (78H6C2-P8A18C5) checked. Verified: 1578330. isIdOk: 349. Prob: 0.02211%
6391 code (78AKC2-P8A1835) checked. Verified: 1578577. isIdOk: 349. Prob: 0.02211%
6392 code (C54BC2-P8A18KB) checked. Verified: 1578824. isIdOk: 349. Prob: 0.02211%
6393 code (795BC2-P8A1B2T) checked. Verified: 1579071. isIdOk: 349. Prob: 0.0221%
6394 code (73B3C2-P8A1B8X) checked. Verified: 1579318. isIdOk: 351. Prob: 0.02222%
6395 code (79AKC2-P8A14B7) checked. Verified: 1579565. isIdOk: 351. Prob: 0.02222%
6396 code (C77BC2-P8A10A5) checked. Verified: 1579812. isIdOk: 351. Prob: 0.02222%
6397 code (72AMC2-P8AA7P8) checked. Verified: 1580059. isIdOk: 351. Prob: 0.02221%
6398 code (7C76C2-P8AACKX) checked. Verified: 1580306. isIdOk: 351. Prob: 0.02221%
6399 code (794EC2-P8AACM6) checked. Verified: 1580553. isIdOk: 351. Prob: 0.02221%
6400 code (760XC2-P8AACXH) checked. Verified: 1580800. isIdOk: 351. Prob: 0.0222%
6401 code (728MC2-P8AAHA3) checked. Verified: 1581047. isIdOk: 351. Prob: 0.0222%
6402 code (7H3HC2-P8AA36M) checked. Verified: 1581294. isIdOk: 351. Prob: 0.0222%
6403 code (7689C2-P8AAT68) checked. Verified: 1581541. isIdOk: 351. Prob: 0.02219%
6404 code (7A9EC2-P8AATK1) checked. Verified: 1581788. isIdOk: 351. Prob: 0.02219%
6405 code (7K08C2-P8AATP1) checked. Verified: 1582035. isIdOk: 351. Prob: 0.02219%
6406 code (C21CC2-P8AA5EE) checked. Verified: 1582282. isIdOk: 351. Prob: 0.02218%
6407 code (73AEC2-P8AA5K8) checked. Verified: 1582529. isIdOk: 351. Prob: 0.02218%
6408 code (7HC8C2-P8AA2K7) checked. Verified: 1582776. isIdOk: 351. Prob: 0.02218%
6409 code (CCMHC2-P8AA2AT) checked. Verified: 1583023. isIdOk: 351. Prob: 0.02217%
6410 code (CCCHC2-P8AAE5H) checked. Verified: 1583270. isIdOk: 351. Prob: 0.02217%
6411 code (7637C2-P8AA6T9) checked. Verified: 1583517. isIdOk: 351. Prob: 0.02217%
6412 code (7510C2-P8AA9T1) checked. Verified: 1583764. isIdOk: 351. Prob: 0.02216%
6413 code (HCC5C2-P8AA9M2) checked. Verified: 1584011. isIdOk: 351. Prob: 0.02216%
6414 code (71M6C2-P8AA9BB) checked. Verified: 1584258. isIdOk: 351. Prob: 0.02216%
6415 code (7HM6C2-P8AAKTP) checked. Verified: 1584505. isIdOk: 352. Prob: 0.02222%
6416 code (72A4C2-P8AAKK1) checked. Verified: 1584752. isIdOk: 352. Prob: 0.02221%
6417 code (75BCC2-P8AAP79) checked. Verified: 1584999. isIdOk: 352. Prob: 0.02221%
6418 code (7C58C2-P8AAP26) checked. Verified: 1585246. isIdOk: 352. Prob: 0.0222%
6419 code (776TC2-P8AAP09) checked. Verified: 1585493. isIdOk: 352. Prob: 0.0222%
6420 code (77A6C2-P8AA163) checked. Verified: 1585740. isIdOk: 353. Prob: 0.02226%
6421 code (7981C2-P8AA184) checked. Verified: 1585987. isIdOk: 353. Prob: 0.02226%
6422 code (7AXXC2-P8AA144) checked. Verified: 1586234. isIdOk: 353. Prob: 0.02225%
6423 code (73T2C2-P8AAAEA) checked. Verified: 1586481. isIdOk: 353. Prob: 0.02225%
6424 code (7TBTC2-P8AAAB0) checked. Verified: 1586728. isIdOk: 353. Prob: 0.02225%
6425 code (7A93C2-P8AAMAE) checked. Verified: 1586975. isIdOk: 353. Prob: 0.02224%
6426 code (7C35C2-P8AAMBX) checked. Verified: 1587222. isIdOk: 353. Prob: 0.02224%
6427 code (7X58C2-P8AAX4T) checked. Verified: 1587469. isIdOk: 354. Prob: 0.0223%
6428 code (7H73C2-P8AA87P) checked. Verified: 1587716. isIdOk: 354. Prob: 0.0223%
6429 code (7PM1C2-P8AA820) checked. Verified: 1587963. isIdOk: 354. Prob: 0.02229%
6430 code (CCTEC2-P8AAB27) checked. Verified: 1588210. isIdOk: 354. Prob: 0.02229%
6431 code (71KXC2-P8AABBK) checked. Verified: 1588457. isIdOk: 354. Prob: 0.02229%
6432 code (7K05C2-P8AA4X7) checked. Verified: 1588704. isIdOk: 354. Prob: 0.02228%
6433 code (CHE1C2-P8AA098) checked. Verified: 1588951. isIdOk: 354. Prob: 0.02228%
6434 code (746XC2-P8AA0AC) checked. Verified: 1589198. isIdOk: 354. Prob: 0.02228%
6435 code (7534C2-P8AM77C) checked. Verified: 1589445. isIdOk: 354. Prob: 0.02227%
6436 code (CBX7C2-P8AM70C) checked. Verified: 1589692. isIdOk: 354. Prob: 0.02227%
6437 code (74C5C2-P8AMCXA) checked. Verified: 1589939. isIdOk: 354. Prob: 0.02227%
6438 code (C2HXC2-P8AMH3C) checked. Verified: 1590186. isIdOk: 354. Prob: 0.02226%
6439 code (7CCKC2-P8AM3CC) checked. Verified: 1590433. isIdOk: 354. Prob: 0.02226%
6440 code (7HAAC2-P8AMT7M) checked. Verified: 1590680. isIdOk: 355. Prob: 0.02232%
6441 code (7H3MC2-P8AMTT4) checked. Verified: 1590927. isIdOk: 355. Prob: 0.02231%
6442 code (7TC4C2-P8AMTMP) checked. Verified: 1591174. isIdOk: 355. Prob: 0.02231%
6443 code (713PC2-P8AM5TX) checked. Verified: 1591421. isIdOk: 355. Prob: 0.02231%
6444 code (7B52C2-P8AM527) checked. Verified: 1591668. isIdOk: 355. Prob: 0.0223%
6445 code (7987C2-P8AM5MX) checked. Verified: 1591915. isIdOk: 355. Prob: 0.0223%
6446 code (72HPC2-P8AM23H) checked. Verified: 1592162. isIdOk: 355. Prob: 0.0223%
6447 code (7744C2-P8AM2A1) checked. Verified: 1592409. isIdOk: 355. Prob: 0.02229%
6448 code (C8A4C2-P8AME55) checked. Verified: 1592656. isIdOk: 356. Prob: 0.02235%
6449 code (771EC2-P8AME10) checked. Verified: 1592903. isIdOk: 356. Prob: 0.02235%
6450 code (7CCKC2-P8AM6EM) checked. Verified: 1593150. isIdOk: 356. Prob: 0.02235%
6451 code (7C29C2-P8AM6A2) checked. Verified: 1593397. isIdOk: 356. Prob: 0.02234%
6452 code (7KM8C2-P8AM967) checked. Verified: 1593644. isIdOk: 356. Prob: 0.02234%
6453 code (7933C2-P8AMK7X) checked. Verified: 1593891. isIdOk: 356. Prob: 0.02234%
6454 code (769XC2-P8AMKHT) checked. Verified: 1594138. isIdOk: 356. Prob: 0.02233%
6455 code (751AC2-P8AMP7M) checked. Verified: 1594385. isIdOk: 356. Prob: 0.02233%
6456 code (74X6C2-P8AMPHA) checked. Verified: 1594632. isIdOk: 356. Prob: 0.02232%
6457 code (77A9C2-P8AMP5C) checked. Verified: 1594879. isIdOk: 356. Prob: 0.02232%
6458 code (77EXC2-P8AM1H6) checked. Verified: 1595126. isIdOk: 356. Prob: 0.02232%
6459 code (7722C2-P8AM14T) checked. Verified: 1595373. isIdOk: 356. Prob: 0.02231%
6460 code (C6CCC2-P8AMA4B) checked. Verified: 1595620. isIdOk: 357. Prob: 0.02237%
6461 code (7T94C2-P8AMM29) checked. Verified: 1595867. isIdOk: 357. Prob: 0.02237%
6462 code (7H92C2-P8AMX30) checked. Verified: 1596114. isIdOk: 357. Prob: 0.02237%
6463 code (7PHCC2-P8AM8TE) checked. Verified: 1596361. isIdOk: 357. Prob: 0.02236%
6464 code (7CH9C2-P8AM8MK) checked. Verified: 1596608. isIdOk: 357. Prob: 0.02236%
6465 code (751EC2-P8AMB9T) checked. Verified: 1596855. isIdOk: 357. Prob: 0.02236%
6466 code (7THXC2-P8AM4E0) checked. Verified: 1597102. isIdOk: 357. Prob: 0.02235%
6467 code (77EKC2-P8AM4B6) checked. Verified: 1597349. isIdOk: 357. Prob: 0.02235%
6468 code (7HKAC2-P8AM0KM) checked. Verified: 1597596. isIdOk: 357. Prob: 0.02235%
6469 code (780XC2-P8AM0X7) checked. Verified: 1597843. isIdOk: 357. Prob: 0.02234%
6470 code (7AA4C2-P8AX7HX) checked. Verified: 1598090. isIdOk: 357. Prob: 0.02234%
6471 code (7TBMC2-P8AX787) checked. Verified: 1598337. isIdOk: 357. Prob: 0.02234%
6472 code (774KC2-P8AXCH7) checked. Verified: 1598584. isIdOk: 357. Prob: 0.02233%
6473 code (7CKBC2-P8AXCH5) checked. Verified: 1598831. isIdOk: 358. Prob: 0.02239%
6474 code (7HM3C2-P8AXH72) checked. Verified: 1599078. isIdOk: 358. Prob: 0.02239%
6475 code (7A50C2-P8AXH06) checked. Verified: 1599325. isIdOk: 358. Prob: 0.02238%
6476 code (7HCMC2-P8AX3H9) checked. Verified: 1599572. isIdOk: 358. Prob: 0.02238%
6477 code (774MC2-P8AX31C) checked. Verified: 1599819. isIdOk: 358. Prob: 0.02238%
6478 code (77M4C2-P8AXTTB) checked. Verified: 1600066. isIdOk: 358. Prob: 0.02237%
6479 code (C6M1C2-P8AXT86) checked. Verified: 1600313. isIdOk: 359. Prob: 0.02243%
6480 code (78P2C2-P8AX58C) checked. Verified: 1600560. isIdOk: 359. Prob: 0.02243%
6481 code (7K6MC2-P8AX2XP) checked. Verified: 1600807. isIdOk: 359. Prob: 0.02243%
6482 code (7A88C2-P8AXE35) checked. Verified: 1601054. isIdOk: 359. Prob: 0.02242%
6483 code (751BC2-P8AXE8E) checked. Verified: 1601301. isIdOk: 359. Prob: 0.02242%
6484 code (7927C2-P8AX6AM) checked. Verified: 1601548. isIdOk: 359. Prob: 0.02242%
6485 code (7X8EC2-P8AX6M5) checked. Verified: 1601795. isIdOk: 359. Prob: 0.02241%
6486 code (7A98C2-P8AX93T) checked. Verified: 1602042. isIdOk: 359. Prob: 0.02241%
6487 code (7H63C2-P8AXK35) checked. Verified: 1602289. isIdOk: 359. Prob: 0.02241%
6488 code (7CB7C2-P8AXKAC) checked. Verified: 1602536. isIdOk: 359. Prob: 0.0224%
6489 code (74P5C2-P8AXP66) checked. Verified: 1602783. isIdOk: 359. Prob: 0.0224%
6490 code (7T4MC2-P8AXP03) checked. Verified: 1603030. isIdOk: 359. Prob: 0.0224%
6491 code (765CC2-P8AX1C2) checked. Verified: 1603277. isIdOk: 359. Prob: 0.02239%
6492 code (7B7KC2-P8AX10H) checked. Verified: 1603524. isIdOk: 359. Prob: 0.02239%
6493 code (75C4C2-P8AXA06) checked. Verified: 1603771. isIdOk: 359. Prob: 0.02238%
6494 code (C346C2-P8AXM84) checked. Verified: 1604018. isIdOk: 359. Prob: 0.02238%
6495 code (HHK3C2-P8AXXK7) checked. Verified: 1604265. isIdOk: 359. Prob: 0.02238%
6496 code (H39MC2-P8AXXXC) checked. Verified: 1604512. isIdOk: 359. Prob: 0.02237%
6497 code (7EP4C2-P8AX81M) checked. Verified: 1604759. isIdOk: 359. Prob: 0.02237%
6498 code (7173C2-P8AXBH5) checked. Verified: 1605006. isIdOk: 359. Prob: 0.02237%
6499 code (73H2C2-P8AXB3T) checked. Verified: 1605253. isIdOk: 359. Prob: 0.02236%
6500 code (7TM4C2-P8AXB0K) checked. Verified: 1605500. isIdOk: 359. Prob: 0.02236%
6501 code (72KAC2-P8AX4PT) checked. Verified: 1605747. isIdOk: 359. Prob: 0.02236%
6502 code (7272C2-P8AX0HX) checked. Verified: 1605994. isIdOk: 359. Prob: 0.02235%
6503 code (7ETCC2-P8AX0EE) checked. Verified: 1606241. isIdOk: 359. Prob: 0.02235%
6504 code (7736C2-P8AX0E9) checked. Verified: 1606488. isIdOk: 359. Prob: 0.02235%
6505 code (7TPHC2-P8A873T) checked. Verified: 1606735. isIdOk: 359. Prob: 0.02234%
6506 code (CCKKC2-P8A87MM) checked. Verified: 1606982. isIdOk: 360. Prob: 0.0224%
6507 code (7C36C2-P8A8C6T) checked. Verified: 1607229. isIdOk: 360. Prob: 0.0224%
6508 code (725KC2-P8A8CBA) checked. Verified: 1607476. isIdOk: 360. Prob: 0.0224%
6509 code (7EM2C2-P8A8HE2) checked. Verified: 1607723. isIdOk: 360. Prob: 0.02239%
6510 code (7H6PC2-P8A8HPA) checked. Verified: 1607970. isIdOk: 360. Prob: 0.02239%
6511 code (7C29C2-P8A8HX6) checked. Verified: 1608217. isIdOk: 360. Prob: 0.02239%
6512 code (CEX5C2-P8A83M5) checked. Verified: 1608464. isIdOk: 360. Prob: 0.02238%
6513 code (77EPC2-P8A8T58) checked. Verified: 1608711. isIdOk: 360. Prob: 0.02238%
6514 code (71X7C2-P8A8T6M) checked. Verified: 1608958. isIdOk: 360. Prob: 0.02237%
6515 code (7506C2-P8A8TX8) checked. Verified: 1609205. isIdOk: 360. Prob: 0.02237%
6516 code (79E1C2-P8A8599) checked. Verified: 1609452. isIdOk: 360. Prob: 0.02237%
6517 code (7PK5C2-P8A82T5) checked. Verified: 1609699. isIdOk: 360. Prob: 0.02236%
6518 code (73CCC2-P8A8ETB) checked. Verified: 1609946. isIdOk: 360. Prob: 0.02236%
6519 code (7C19C2-P8A8EAM) checked. Verified: 1610193. isIdOk: 360. Prob: 0.02236%
6520 code (769HC2-P8A8636) checked. Verified: 1610440. isIdOk: 360. Prob: 0.02235%
6521 code (7HK4C2-P8A86KK) checked. Verified: 1610687. isIdOk: 360. Prob: 0.02235%
6522 code (7X60C2-P8A86PB) checked. Verified: 1610934. isIdOk: 360. Prob: 0.02235%
6523 code (7EC4C2-P8A89HH) checked. Verified: 1611181. isIdOk: 360. Prob: 0.02234%
6524 code (73PTC2-P8A89A4) checked. Verified: 1611428. isIdOk: 360. Prob: 0.02234%
6525 code (7X0XC2-P8A89B6) checked. Verified: 1611675. isIdOk: 360. Prob: 0.02234%
6526 code (7HA2C2-P8A8907) checked. Verified: 1611922. isIdOk: 361. Prob: 0.0224%
6527 code (7X9CC2-P8A8K5B) checked. Verified: 1612169. isIdOk: 361. Prob: 0.02239%
6528 code (7A4EC2-P8A8P2M) checked. Verified: 1612416. isIdOk: 361. Prob: 0.02239%
6529 code (77E8C2-P8A8PEA) checked. Verified: 1612663. isIdOk: 361. Prob: 0.02239%
6530 code (CAPCC2-P8A8P18) checked. Verified: 1612910. isIdOk: 361. Prob: 0.02238%
6531 code (754MC2-P8A817E) checked. Verified: 1613157. isIdOk: 361. Prob: 0.02238%
6532 code (7C05C2-P8A81K5) checked. Verified: 1613404. isIdOk: 361. Prob: 0.02238%
6533 code (7KAKC2-P8A81M9) checked. Verified: 1613651. isIdOk: 361. Prob: 0.02237%
6534 code (7TX7C2-P8A8AE5) checked. Verified: 1613898. isIdOk: 361. Prob: 0.02237%
6535 code (7CEBC2-P8A8MCM) checked. Verified: 1614145. isIdOk: 361. Prob: 0.02236%
6536 code (7T4HC2-P8A8M55) checked. Verified: 1614392. isIdOk: 361. Prob: 0.02236%
6537 code (7K2MC2-P8A8MAE) checked. Verified: 1614639. isIdOk: 361. Prob: 0.02236%
6538 code (7TPMC2-P8A8X38) checked. Verified: 1614886. isIdOk: 361. Prob: 0.02235%
6539 code (7M8HC2-P8A8XK3) checked. Verified: 1615133. isIdOk: 361. Prob: 0.02235%
6540 code (7H77C2-P8A8XAH) checked. Verified: 1615380. isIdOk: 361. Prob: 0.02235%
6541 code (777AC2-P8A88CA) checked. Verified: 1615627. isIdOk: 361. Prob: 0.02234%
6542 code (7MB9C2-P8A8845) checked. Verified: 1615874. isIdOk: 361. Prob: 0.02234%
6543 code (7E7HC2-P8A8B1A) checked. Verified: 1616121. isIdOk: 361. Prob: 0.02234%
6544 code (C64MC2-P8A846B) checked. Verified: 1616368. isIdOk: 361. Prob: 0.02233%
6545 code (CPKTC2-P8A80T6) checked. Verified: 1616615. isIdOk: 361. Prob: 0.02233%
6546 code (79M9C2-P8A80X3) checked. Verified: 1616862. isIdOk: 361. Prob: 0.02233%
6547 code (7623C2-P8A80X8) checked. Verified: 1617109. isIdOk: 361. Prob: 0.02232%
6548 code (C31MC2-P8AB7KP) checked. Verified: 1617356. isIdOk: 361. Prob: 0.02232%
6549 code (75TTC2-P8ABCP6) checked. Verified: 1617603. isIdOk: 361. Prob: 0.02232%
6550 code (77APC2-P8ABH6B) checked. Verified: 1617850. isIdOk: 361. Prob: 0.02231%
6551 code (7T5EC2-P8ABH1X) checked. Verified: 1618097. isIdOk: 361. Prob: 0.02231%
6552 code (7C8PC2-P8AB322) checked. Verified: 1618344. isIdOk: 361. Prob: 0.02231%
6553 code (73KAC2-P8AB367) checked. Verified: 1618591. isIdOk: 361. Prob: 0.0223%
6554 code (7PK1C2-P8AB3KX) checked. Verified: 1618838. isIdOk: 361. Prob: 0.0223%
6555 code (7EM7C2-P8AB3X7) checked. Verified: 1619085. isIdOk: 361. Prob: 0.0223%
6556 code (755KC2-P8ABTHC) checked. Verified: 1619332. isIdOk: 361. Prob: 0.02229%
6557 code (73X6C2-P8ABT9T) checked. Verified: 1619579. isIdOk: 361. Prob: 0.02229%
6558 code (C7CPC2-P8ABTXT) checked. Verified: 1619826. isIdOk: 361. Prob: 0.02229%
6559 code (7PT2C2-P8AB5T2) checked. Verified: 1620073. isIdOk: 361. Prob: 0.02228%
6560 code (7M03C2-P8AB2TH) checked. Verified: 1620320. isIdOk: 361. Prob: 0.02228%
6561 code (7358C2-P8ABEHA) checked. Verified: 1620567. isIdOk: 361. Prob: 0.02228%
6562 code (7818C2-P8AB6HK) checked. Verified: 1620814. isIdOk: 361. Prob: 0.02227%
6563 code (740BC2-P8AB6EA) checked. Verified: 1621061. isIdOk: 361. Prob: 0.02227%
6564 code (77CCC2-P8AB6AH) checked. Verified: 1621308. isIdOk: 361. Prob: 0.02227%
6565 code (7C3TC2-P8AB6AT) checked. Verified: 1621555. isIdOk: 361. Prob: 0.02226%
6566 code (7A45C2-P8AB97X) checked. Verified: 1621802. isIdOk: 361. Prob: 0.02226%
6567 code (77C4C2-P8AB9K8) checked. Verified: 1622049. isIdOk: 362. Prob: 0.02232%
6568 code (7HH4C2-P8ABKCK) checked. Verified: 1622296. isIdOk: 362. Prob: 0.02231%
6569 code (C70BC2-P8ABP7A) checked. Verified: 1622543. isIdOk: 362. Prob: 0.02231%
6570 code (73K5C2-P8ABP48) checked. Verified: 1622790. isIdOk: 362. Prob: 0.02231%
6571 code (7BAPC2-P8AB1K1) checked. Verified: 1623037. isIdOk: 363. Prob: 0.02237%
6572 code (78TEC2-P8ABA3P) checked. Verified: 1623284. isIdOk: 363. Prob: 0.02236%
6573 code (75E5C2-P8ABM7M) checked. Verified: 1623531. isIdOk: 363. Prob: 0.02236%
6574 code (773BC2-P8ABM6C) checked. Verified: 1623778. isIdOk: 363. Prob: 0.02236%
6575 code (7KP3C2-P8ABXH5) checked. Verified: 1624025. isIdOk: 363. Prob: 0.02235%
6576 code (73XMC2-P8ABXTP) checked. Verified: 1624272. isIdOk: 363. Prob: 0.02235%
6577 code (7T9TC2-P8ABX1C) checked. Verified: 1624519. isIdOk: 363. Prob: 0.02235%
6578 code (70KXC2-P8ABX86) checked. Verified: 1624766. isIdOk: 363. Prob: 0.02234%
6579 code (7TPPC2-P8AB8KH) checked. Verified: 1625013. isIdOk: 363. Prob: 0.02234%
6580 code (7P2PC2-P8ABB9P) checked. Verified: 1625260. isIdOk: 363. Prob: 0.02233%
6581 code (73BTC2-P8ABBMH) checked. Verified: 1625507. isIdOk: 363. Prob: 0.02233%
6582 code (7E5PC2-P8AB4MB) checked. Verified: 1625754. isIdOk: 363. Prob: 0.02233%
6583 code (7H1BC2-P8AB402) checked. Verified: 1626001. isIdOk: 363. Prob: 0.02232%
6584 code (73X7C2-P8AB0M2) checked. Verified: 1626248. isIdOk: 363. Prob: 0.02232%
6585 code (7XACC2-P8AB0X0) checked. Verified: 1626495. isIdOk: 363. Prob: 0.02232%
6586 code (CPA3C2-P8AB048) checked. Verified: 1626742. isIdOk: 363. Prob: 0.02231%
6587 code (76KCC2-P8AB001) checked. Verified: 1626989. isIdOk: 363. Prob: 0.02231%
6588 code (7P5PC2-P8A4719) checked. Verified: 1627236. isIdOk: 363. Prob: 0.02231%
6589 code (7C9EC2-P8A471P) checked. Verified: 1627483. isIdOk: 363. Prob: 0.0223%
6590 code (7P5BC2-P8A4C64) checked. Verified: 1627730. isIdOk: 363. Prob: 0.0223%
6591 code (7183C2-P8A4H92) checked. Verified: 1627977. isIdOk: 363. Prob: 0.0223%
6592 code (7T53C2-P8A4HBP) checked. Verified: 1628224. isIdOk: 364. Prob: 0.02236%
6593 code (7A32C2-P8A43C5) checked. Verified: 1628471. isIdOk: 364. Prob: 0.02235%
6594 code (7T11C2-P8A431K) checked. Verified: 1628718. isIdOk: 364. Prob: 0.02235%
6595 code (7HK1C2-P8A4T66) checked. Verified: 1628965. isIdOk: 364. Prob: 0.02235%
6596 code (7H2EC2-P8A4T4B) checked. Verified: 1629212. isIdOk: 364. Prob: 0.02234%
6597 code (CA1KC2-P8A453A) checked. Verified: 1629459. isIdOk: 364. Prob: 0.02234%
6598 code (7H29C2-P8A451B) checked. Verified: 1629706. isIdOk: 364. Prob: 0.02234%
6599 code (CE4EC2-P8A42K9) checked. Verified: 1629953. isIdOk: 364. Prob: 0.02233%
6600 code (72P8C2-P8A4E7H) checked. Verified: 1630200. isIdOk: 364. Prob: 0.02233%
6601 code (77T7C2-P8A4EBP) checked. Verified: 1630447. isIdOk: 364. Prob: 0.02233%
6602 code (7211C2-P8A46TH) checked. Verified: 1630694. isIdOk: 364. Prob: 0.02232%
6603 code (7C29C2-P8A464M) checked. Verified: 1630941. isIdOk: 364. Prob: 0.02232%
6604 code (734XC2-P8A49CK) checked. Verified: 1631188. isIdOk: 364. Prob: 0.02232%
6605 code (CKA1C2-P8A49M9) checked. Verified: 1631435. isIdOk: 364. Prob: 0.02231%
6606 code (7T29C2-P8A4982) checked. Verified: 1631682. isIdOk: 364. Prob: 0.02231%
6607 code (71HBC2-P8A4K58) checked. Verified: 1631929. isIdOk: 364. Prob: 0.0223%
6608 code (7TM3C2-P8A4K20) checked. Verified: 1632176. isIdOk: 364. Prob: 0.0223%
6609 code (7T5EC2-P8A4K0M) checked. Verified: 1632423. isIdOk: 364. Prob: 0.0223%
6610 code (7KPAC2-P8A4PCA) checked. Verified: 1632670. isIdOk: 364. Prob: 0.02229%
6611 code (7XPXC2-P8A4PA9) checked. Verified: 1632917. isIdOk: 364. Prob: 0.02229%
6612 code (7H8MC2-P8A412T) checked. Verified: 1633164. isIdOk: 364. Prob: 0.02229%
6613 code (7359C2-P8A412B) checked. Verified: 1633411. isIdOk: 364. Prob: 0.02228%
6614 code (71BXC2-P8A4A2H) checked. Verified: 1633658. isIdOk: 364. Prob: 0.02228%
6615 code (7216C2-P8A4M57) checked. Verified: 1633905. isIdOk: 364. Prob: 0.02228%
6616 code (CC9HC2-P8A4M4P) checked. Verified: 1634152. isIdOk: 364. Prob: 0.02227%
6617 code (75P7C2-P8A4X02) checked. Verified: 1634399. isIdOk: 364. Prob: 0.02227%
6618 code (CCMAC2-P8A48PK) checked. Verified: 1634646. isIdOk: 364. Prob: 0.02227%
6619 code (C9P1C2-P8A4812) checked. Verified: 1634893. isIdOk: 364. Prob: 0.02226%
6620 code (7MB5C2-P8A4BC6) checked. Verified: 1635140. isIdOk: 364. Prob: 0.02226%
6621 code (77TTC2-P8A4B8P) checked. Verified: 1635387. isIdOk: 364. Prob: 0.02226%
6622 code (7X6CC2-P8A4BBH) checked. Verified: 1635634. isIdOk: 364. Prob: 0.02225%
6623 code (7K50C2-P8A4453) checked. Verified: 1635881. isIdOk: 364. Prob: 0.02225%
6624 code (7H78C2-P8A44A4) checked. Verified: 1636128. isIdOk: 364. Prob: 0.02225%
6625 code (7H9TC2-P8A4067) checked. Verified: 1636375. isIdOk: 364. Prob: 0.02224%
6626 code (768EC2-P8A0729) checked. Verified: 1636622. isIdOk: 364. Prob: 0.02224%
6627 code (7H63C2-P8A0766) checked. Verified: 1636869. isIdOk: 364. Prob: 0.02224%
6628 code (7554C2-P8A0713) checked. Verified: 1637116. isIdOk: 364. Prob: 0.02223%
6629 code (7CX0C2-P8A07X1) checked. Verified: 1637363. isIdOk: 364. Prob: 0.02223%
6630 code (730EC2-P8A0C9C) checked. Verified: 1637610. isIdOk: 364. Prob: 0.02223%
6631 code (7781C2-P8A0H93) checked. Verified: 1637857. isIdOk: 364. Prob: 0.02222%
6632 code (76K6C2-P8A03CE) checked. Verified: 1638104. isIdOk: 364. Prob: 0.02222%
6633 code (7M3XC2-P8A03BK) checked. Verified: 1638351. isIdOk: 364. Prob: 0.02222%
6634 code (777AC2-P8A0TPE) checked. Verified: 1638598. isIdOk: 364. Prob: 0.02221%
6635 code (77MXC2-P8A0T15) checked. Verified: 1638845. isIdOk: 364. Prob: 0.02221%
6636 code (77BBC2-P8A0TM5) checked. Verified: 1639092. isIdOk: 364. Prob: 0.02221%
6637 code (7703C2-P8A0TB6) checked. Verified: 1639339. isIdOk: 364. Prob: 0.0222%
6638 code (C5C4C2-P8A05E0) checked. Verified: 1639586. isIdOk: 364. Prob: 0.0222%
6639 code (7KEKC2-P8A0266) checked. Verified: 1639833. isIdOk: 364. Prob: 0.0222%
6640 code (72CXC2-P8A02MA) checked. Verified: 1640080. isIdOk: 364. Prob: 0.02219%
6641 code (7EB1C2-P8A028H) checked. Verified: 1640327. isIdOk: 365. Prob: 0.02225%
6642 code (70B6C2-P8A0E86) checked. Verified: 1640574. isIdOk: 366. Prob: 0.02231%
6643 code (74K9C2-P8A066T) checked. Verified: 1640821. isIdOk: 366. Prob: 0.02231%
6644 code (CH7EC2-P8A06PP) checked. Verified: 1641068. isIdOk: 366. Prob: 0.0223%
6645 code (753PC2-P8A064B) checked. Verified: 1641315. isIdOk: 366. Prob: 0.0223%
6646 code (7PMAC2-P8A09A9) checked. Verified: 1641562. isIdOk: 366. Prob: 0.0223%
6647 code (CK5EC2-P8A0KKA) checked. Verified: 1641809. isIdOk: 366. Prob: 0.02229%
6648 code (776TC2-P8A0K0X) checked. Verified: 1642056. isIdOk: 367. Prob: 0.02235%
6649 code (75C5C2-P8A0P17) checked. Verified: 1642303. isIdOk: 367. Prob: 0.02235%
6650 code (7H9HC2-P8A01T7) checked. Verified: 1642550. isIdOk: 368. Prob: 0.0224%
6651 code (76A0C2-P8A016K) checked. Verified: 1642797. isIdOk: 368. Prob: 0.0224%
6652 code (73MHC2-P8A0AE5) checked. Verified: 1643044. isIdOk: 368. Prob: 0.0224%
6653 code (7KPBC2-P8A0M7H) checked. Verified: 1643291. isIdOk: 368. Prob: 0.02239%
6654 code (73M8C2-P8A0M66) checked. Verified: 1643538. isIdOk: 368. Prob: 0.02239%
6655 code (CH8PC2-P8A0X7B) checked. Verified: 1643785. isIdOk: 368. Prob: 0.02239%
6656 code (74B5C2-P8A0XTT) checked. Verified: 1644032. isIdOk: 368. Prob: 0.02238%
6657 code (7750C2-P8A0XEP) checked. Verified: 1644279. isIdOk: 368. Prob: 0.02238%
6658 code (788AC2-P8A0XBE) checked. Verified: 1644526. isIdOk: 368. Prob: 0.02238%
6659 code (77C8C2-P8A0834) checked. Verified: 1644773. isIdOk: 369. Prob: 0.02243%
6660 code (7171C2-P8A0B3M) checked. Verified: 1645020. isIdOk: 369. Prob: 0.02243%
6661 code (CH09C2-P8A0BB4) checked. Verified: 1645267. isIdOk: 369. Prob: 0.02243%
6662 code (73H0C2-P8A045P) checked. Verified: 1645514. isIdOk: 369. Prob: 0.02242%
6663 code (772XC2-P8A003T) checked. Verified: 1645761. isIdOk: 369. Prob: 0.02242%
6664 code (77K0C2-P8A00T4) checked. Verified: 1646008. isIdOk: 369. Prob: 0.02242%
6665 code (7347C2-P8A0062) checked. Verified: 1646255. isIdOk: 369. Prob: 0.02241%
6666 code (7747C2-P8A000M) checked. Verified: 1646502. isIdOk: 370. Prob: 0.02247%
6667 code (7AT0C2-P8M7709) checked. Verified: 1646749. isIdOk: 370. Prob: 0.02247%
6668 code (7CKAC2-P8M7C81) checked. Verified: 1646996. isIdOk: 370. Prob: 0.02247%
6669 code (79K4C2-P8M7HK0) checked. Verified: 1647243. isIdOk: 370. Prob: 0.02246%
6670 code (7118C2-P8M7H4K) checked. Verified: 1647490. isIdOk: 370. Prob: 0.02246%
6671 code (3T9HC2-P8M73E9) checked. Verified: 1647737. isIdOk: 370. Prob: 0.02246%
6672 code (77B9C2-P8M73KP) checked. Verified: 1647984. isIdOk: 370. Prob: 0.02245%
6673 code (7BC6C2-P8M730C) checked. Verified: 1648231. isIdOk: 370. Prob: 0.02245%
6674 code (7XMMC2-P8M7T30) checked. Verified: 1648478. isIdOk: 370. Prob: 0.02244%
6675 code (C79EC2-P8M75C2) checked. Verified: 1648725. isIdOk: 370. Prob: 0.02244%
6676 code (713MC2-P8M75E5) checked. Verified: 1648972. isIdOk: 370. Prob: 0.02244%
6677 code (7TCKC2-P8M7275) checked. Verified: 1649219. isIdOk: 370. Prob: 0.02243%
6678 code (7TATC2-P8M72C8) checked. Verified: 1649466. isIdOk: 370. Prob: 0.02243%
6679 code (7X4PC2-P8M72KH) checked. Verified: 1649713. isIdOk: 370. Prob: 0.02243%
6680 code (HH88C2-P8M7EKT) checked. Verified: 1649960. isIdOk: 370. Prob: 0.02242%
6681 code (CH32C2-P8M7EMX) checked. Verified: 1650207. isIdOk: 370. Prob: 0.02242%
6682 code (7HACC2-P8M76AH) checked. Verified: 1650454. isIdOk: 370. Prob: 0.02242%
6683 code (7ETAC2-P8M79CK) checked. Verified: 1650701. isIdOk: 370. Prob: 0.02241%
6684 code (75CKC2-P8M7KC9) checked. Verified: 1650948. isIdOk: 371. Prob: 0.02247%
6685 code (772KC2-P8M7K58) checked. Verified: 1651195. isIdOk: 371. Prob: 0.02247%
6686 code (7XX4C2-P8M7PCE) checked. Verified: 1651442. isIdOk: 371. Prob: 0.02247%
6687 code (C7PBC2-P8M7P9E) checked. Verified: 1651689. isIdOk: 371. Prob: 0.02246%
6688 code (7PC7C2-P8M7130) checked. Verified: 1651936. isIdOk: 371. Prob: 0.02246%
6689 code (C73PC2-P8M7AHH) checked. Verified: 1652183. isIdOk: 371. Prob: 0.02246%
6690 code (C9CMC2-P8M7A3T) checked. Verified: 1652430. isIdOk: 371. Prob: 0.02245%
6691 code (77MHC2-P8M7M7K) checked. Verified: 1652677. isIdOk: 371. Prob: 0.02245%
6692 code (72C9C2-P8M7M8P) checked. Verified: 1652924. isIdOk: 371. Prob: 0.02245%
6693 code (7C99C2-P8M7XMK) checked. Verified: 1653171. isIdOk: 371. Prob: 0.02244%
6694 code (C3HXC2-P8M78KT) checked. Verified: 1653418. isIdOk: 371. Prob: 0.02244%
6695 code (7P8XC2-P8M7B51) checked. Verified: 1653665. isIdOk: 371. Prob: 0.02244%
6696 code (7C3KC2-P8M7BB1) checked. Verified: 1653912. isIdOk: 371. Prob: 0.02243%
6697 code (73T2C2-P8M74BM) checked. Verified: 1654159. isIdOk: 371. Prob: 0.02243%
6698 code (7K45C2-P8M70MK) checked. Verified: 1654406. isIdOk: 371. Prob: 0.02242%
6699 code (7C2HC2-P8MC7CX) checked. Verified: 1654653. isIdOk: 371. Prob: 0.02242%
6700 code (7784C2-P8MC74A) checked. Verified: 1654900. isIdOk: 371. Prob: 0.02242%
6701 code (HKB3C2-P8MCC68) checked. Verified: 1655147. isIdOk: 372. Prob: 0.02248%
6702 code (C3THC2-P8MCHT2) checked. Verified: 1655394. isIdOk: 373. Prob: 0.02253%
6703 code (7T0AC2-P8MCHAE) checked. Verified: 1655641. isIdOk: 373. Prob: 0.02253%
6704 code (72M4C2-P8MC3AC) checked. Verified: 1655888. isIdOk: 373. Prob: 0.02253%
6705 code (7H54C2-P8MCTH7) checked. Verified: 1656135. isIdOk: 373. Prob: 0.02252%
6706 code (7CCAC2-P8MCT16) checked. Verified: 1656382. isIdOk: 373. Prob: 0.02252%
6707 code (CH7EC2-P8MC510) checked. Verified: 1656629. isIdOk: 373. Prob: 0.02252%
6708 code (73CCC2-P8MC54T) checked. Verified: 1656876. isIdOk: 373. Prob: 0.02251%
6709 code (C9XKC2-P8MC2C0) checked. Verified: 1657123. isIdOk: 373. Prob: 0.02251%
6710 code (720BC2-P8MC2A6) checked. Verified: 1657370. isIdOk: 373. Prob: 0.02251%
6711 code (7PXBC2-P8MCE37) checked. Verified: 1657617. isIdOk: 373. Prob: 0.0225%
6712 code (C770C2-P8MC6HT) checked. Verified: 1657864. isIdOk: 373. Prob: 0.0225%
6713 code (74PBC2-P8MC6X0) checked. Verified: 1658111. isIdOk: 373. Prob: 0.0225%
6714 code (73M3C2-P8MC96P) checked. Verified: 1658358. isIdOk: 373. Prob: 0.02249%
6715 code (7HX4C2-P8MC9BH) checked. Verified: 1658605. isIdOk: 373. Prob: 0.02249%
6716 code (71BAC2-P8MCKTP) checked. Verified: 1658852. isIdOk: 373. Prob: 0.02249%
6717 code (75E1C2-P8MCK6X) checked. Verified: 1659099. isIdOk: 373. Prob: 0.02248%
6718 code (CCK3C2-P8MCK85) checked. Verified: 1659346. isIdOk: 373. Prob: 0.02248%
6719 code (7H4PC2-P8MCP5X) checked. Verified: 1659593. isIdOk: 373. Prob: 0.02248%
6720 code (C81EC2-P8MC1CA) checked. Verified: 1659840. isIdOk: 373. Prob: 0.02247%
6721 code (7EP8C2-P8MC13X) checked. Verified: 1660087. isIdOk: 373. Prob: 0.02247%
6722 code (7EEKC2-P8MCA71) checked. Verified: 1660334. isIdOk: 373. Prob: 0.02247%
6723 code (787TC2-P8MCA92) checked. Verified: 1660581. isIdOk: 373. Prob: 0.02246%
6724 code (79HEC2-P8MCA07) checked. Verified: 1660828. isIdOk: 373. Prob: 0.02246%
6725 code (79EKC2-P8MCMB1) checked. Verified: 1661075. isIdOk: 373. Prob: 0.02246%
6726 code (CC3TC2-P8MCX10) checked. Verified: 1661322. isIdOk: 373. Prob: 0.02245%
6727 code (7H03C2-P8MC81H) checked. Verified: 1661569. isIdOk: 373. Prob: 0.02245%
6728 code (730AC2-P8MCBHB) checked. Verified: 1661816. isIdOk: 373. Prob: 0.02245%
6729 code (78C1C2-P8MC4H2) checked. Verified: 1662063. isIdOk: 373. Prob: 0.02244%
6730 code (7M30C2-P8MC494) checked. Verified: 1662310. isIdOk: 373. Prob: 0.02244%
6731 code (C42EC2-P8MC0EC) checked. Verified: 1662557. isIdOk: 373. Prob: 0.02244%
6732 code (7265C2-P8MH759) checked. Verified: 1662804. isIdOk: 373. Prob: 0.02243%
6733 code (7993C2-P8MHC7E) checked. Verified: 1663051. isIdOk: 373. Prob: 0.02243%
6734 code (C2XHC2-P8MHCK1) checked. Verified: 1663298. isIdOk: 373. Prob: 0.02243%
6735 code (77A8C2-P8MHHEX) checked. Verified: 1663545. isIdOk: 373. Prob: 0.02242%
6736 code (737BC2-P8MHH14) checked. Verified: 1663792. isIdOk: 373. Prob: 0.02242%
6737 code (7588C2-P8MHH81) checked. Verified: 1664039. isIdOk: 374. Prob: 0.02248%
6738 code (766PC2-P8MH3M6) checked. Verified: 1664286. isIdOk: 374. Prob: 0.02247%
6739 code (753BC2-P8MHTHK) checked. Verified: 1664533. isIdOk: 375. Prob: 0.02253%
6740 code (7H23C2-P8MHTAX) checked. Verified: 1664780. isIdOk: 375. Prob: 0.02253%
6741 code (7729C2-P8MH51K) checked. Verified: 1665027. isIdOk: 375. Prob: 0.02252%
6742 code (775KC2-P8MH27H) checked. Verified: 1665274. isIdOk: 375. Prob: 0.02252%
6743 code (76P3C2-P8MH2C6) checked. Verified: 1665521. isIdOk: 375. Prob: 0.02252%
6744 code (7244C2-P8MH244) checked. Verified: 1665768. isIdOk: 375. Prob: 0.02251%
6745 code (72BTC2-P8MHE65) checked. Verified: 1666015. isIdOk: 376. Prob: 0.02257%
6746 code (7T32C2-P8MHE98) checked. Verified: 1666262. isIdOk: 376. Prob: 0.02257%
6747 code (723AC2-P8MH6CT) checked. Verified: 1666509. isIdOk: 376. Prob: 0.02256%
6748 code (7644C2-P8MH9C4) checked. Verified: 1666756. isIdOk: 376. Prob: 0.02256%
6749 code (7KC3C2-P8MH94E) checked. Verified: 1667003. isIdOk: 376. Prob: 0.02256%
6750 code (72HHC2-P8MHKE5) checked. Verified: 1667250. isIdOk: 376. Prob: 0.02255%
6751 code (HK30C2-P8MHK0B) checked. Verified: 1667497. isIdOk: 376. Prob: 0.02255%
6752 code (7T0AC2-P8MH17M) checked. Verified: 1667744. isIdOk: 376. Prob: 0.02255%
6753 code (750MC2-P8MH1E2) checked. Verified: 1667991. isIdOk: 376. Prob: 0.02254%
6754 code (7733C2-P8MHA2B) checked. Verified: 1668238. isIdOk: 376. Prob: 0.02254%
6755 code (7TTHC2-P8MHM21) checked. Verified: 1668485. isIdOk: 376. Prob: 0.02254%
6756 code (774EC2-P8MHM1H) checked. Verified: 1668732. isIdOk: 376. Prob: 0.02253%
6757 code (7H9HC2-P8MHX73) checked. Verified: 1668979. isIdOk: 376. Prob: 0.02253%
6758 code (7TAMC2-P8MHX4C) checked. Verified: 1669226. isIdOk: 376. Prob: 0.02253%
6759 code (73H4C2-P8MH85C) checked. Verified: 1669473. isIdOk: 376. Prob: 0.02252%
6760 code (749KC2-P8MHBC2) checked. Verified: 1669720. isIdOk: 376. Prob: 0.02252%
6761 code (7HE9C2-P8MHBX0) checked. Verified: 1669967. isIdOk: 376. Prob: 0.02252%
6762 code (C5HHC2-P8MH4T7) checked. Verified: 1670214. isIdOk: 376. Prob: 0.02251%
6763 code (714EC2-P8MH4BH) checked. Verified: 1670461. isIdOk: 376. Prob: 0.02251%
6764 code (7T8TC2-P8MH4B9) checked. Verified: 1670708. isIdOk: 376. Prob: 0.02251%
6765 code (723BC2-P8MH0K5) checked. Verified: 1670955. isIdOk: 376. Prob: 0.0225%
6766 code (7T4AC2-P8MH044) checked. Verified: 1671202. isIdOk: 376. Prob: 0.0225%
6767 code (CH76C2-P8M370P) checked. Verified: 1671449. isIdOk: 376. Prob: 0.0225%
6768 code (CTC9C2-P8M3C59) checked. Verified: 1671696. isIdOk: 376. Prob: 0.02249%
6769 code (76K4C2-P8M3H76) checked. Verified: 1671943. isIdOk: 376. Prob: 0.02249%
6770 code (7XB4C2-P8M3H61) checked. Verified: 1672190. isIdOk: 376. Prob: 0.02249%
6771 code (CEMXC2-P8M33T2) checked. Verified: 1672437. isIdOk: 376. Prob: 0.02248%
6772 code (7BPCC2-P8M33MH) checked. Verified: 1672684. isIdOk: 376. Prob: 0.02248%
6773 code (7HM0C2-P8M3TKT) checked. Verified: 1672931. isIdOk: 376. Prob: 0.02248%
6774 code (7C12C2-P8M3TX0) checked. Verified: 1673178. isIdOk: 376. Prob: 0.02247%
6775 code (C4K3C2-P8M35P3) checked. Verified: 1673425. isIdOk: 376. Prob: 0.02247%
6776 code (7C7AC2-P8M322E) checked. Verified: 1673672. isIdOk: 376. Prob: 0.02247%
6777 code (7PE9C2-P8M32KP) checked. Verified: 1673919. isIdOk: 376. Prob: 0.02246%
6778 code (CC94C2-P8M3E3A) checked. Verified: 1674166. isIdOk: 376. Prob: 0.02246%
6779 code (72C5C2-P8M3EEK) checked. Verified: 1674413. isIdOk: 377. Prob: 0.02252%
6780 code (776KC2-P8M36C5) checked. Verified: 1674660. isIdOk: 377. Prob: 0.02251%
6781 code (7T5PC2-P8M3664) checked. Verified: 1674907. isIdOk: 378. Prob: 0.02257%
6782 code (7H84C2-P8M39HH) checked. Verified: 1675154. isIdOk: 379. Prob: 0.02262%
6783 code (7TCEC2-P8M393H) checked. Verified: 1675401. isIdOk: 379. Prob: 0.02262%
6784 code (75PMC2-P8M39M3) checked. Verified: 1675648. isIdOk: 379. Prob: 0.02262%
6785 code (C7E8C2-P8M3KP6) checked. Verified: 1675895. isIdOk: 379. Prob: 0.02261%
6786 code (75B0C2-P8M3K89) checked. Verified: 1676142. isIdOk: 379. Prob: 0.02261%
6787 code (7C0MC2-P8M3K4B) checked. Verified: 1676389. isIdOk: 379. Prob: 0.02261%
6788 code (75C4C2-P8M3PK4) checked. Verified: 1676636. isIdOk: 380. Prob: 0.02266%
6789 code (7KEMC2-P8M3P89) checked. Verified: 1676883. isIdOk: 380. Prob: 0.02266%
6790 code (7398C2-P8M31B3) checked. Verified: 1677130. isIdOk: 380. Prob: 0.02266%
6791 code (7293C2-P8M3AKH) checked. Verified: 1677377. isIdOk: 380. Prob: 0.02265%
6792 code (7762C2-P8M3AK3) checked. Verified: 1677624. isIdOk: 380. Prob: 0.02265%
6793 code (7EM8C2-P8M3A4X) checked. Verified: 1677871. isIdOk: 380. Prob: 0.02265%
6794 code (77BAC2-P8M3M3K) checked. Verified: 1678118. isIdOk: 380. Prob: 0.02264%
6795 code (C2EXC2-P8M3M56) checked. Verified: 1678365. isIdOk: 380. Prob: 0.02264%
6796 code (7CXEC2-P8M3MMC) checked. Verified: 1678612. isIdOk: 380. Prob: 0.02264%
6797 code (70TKC2-P8M3XT4) checked. Verified: 1678859. isIdOk: 380. Prob: 0.02263%
6798 code (7706C2-P8M3XK4) checked. Verified: 1679106. isIdOk: 380. Prob: 0.02263%
6799 code (7TC9C2-P8M3XB6) checked. Verified: 1679353. isIdOk: 380. Prob: 0.02263%
6800 code (792PC2-P8M38K8) checked. Verified: 1679600. isIdOk: 381. Prob: 0.02268%
6801 code (717MC2-P8M38B5) checked. Verified: 1679847. isIdOk: 381. Prob: 0.02268%
6802 code (723MC2-P8M3BHA) checked. Verified: 1680094. isIdOk: 381. Prob: 0.02268%
6803 code (73BTC2-P8M34CE) checked. Verified: 1680341. isIdOk: 381. Prob: 0.02267%
6804 code (CH6KC2-P8M344K) checked. Verified: 1680588. isIdOk: 381. Prob: 0.02267%
6805 code (7PM9C2-P8M3068) checked. Verified: 1680835. isIdOk: 381. Prob: 0.02267%
6806 code (7X37C2-P8M308P) checked. Verified: 1681082. isIdOk: 381. Prob: 0.02266%
6807 code (77P7C2-P8MT789) checked. Verified: 1681329. isIdOk: 381. Prob: 0.02266%
6808 code (7746C2-P8MT74A) checked. Verified: 1681576. isIdOk: 381. Prob: 0.02266%
6809 code (7749C2-P8MTC13) checked. Verified: 1681823. isIdOk: 381. Prob: 0.02265%
6810 code (7KXKC2-P8MTHH8) checked. Verified: 1682070. isIdOk: 381. Prob: 0.02265%
6811 code (7P8EC2-P8MTH46) checked. Verified: 1682317. isIdOk: 381. Prob: 0.02265%
6812 code (719EC2-P8MT3XA) checked. Verified: 1682564. isIdOk: 381. Prob: 0.02264%
6813 code (7X5PC2-P8MTTM7) checked. Verified: 1682811. isIdOk: 381. Prob: 0.02264%
6814 code (7H7KC2-P8MT5KX) checked. Verified: 1683058. isIdOk: 381. Prob: 0.02264%
6815 code (HK3EC2-P8MT58M) checked. Verified: 1683305. isIdOk: 381. Prob: 0.02263%
6816 code (7E46C2-P8MT294) checked. Verified: 1683552. isIdOk: 381. Prob: 0.02263%
6817 code (C241C2-P8MT2MP) checked. Verified: 1683799. isIdOk: 381. Prob: 0.02263%
6818 code (732CC2-P8MTEM9) checked. Verified: 1684046. isIdOk: 381. Prob: 0.02262%
6819 code (7K8AC2-P8MT6PE) checked. Verified: 1684293. isIdOk: 381. Prob: 0.02262%
6820 code (7B5XC2-P8MT957) checked. Verified: 1684540. isIdOk: 381. Prob: 0.02262%
6821 code (72BBC2-P8MTK3B) checked. Verified: 1684787. isIdOk: 381. Prob: 0.02261%
6822 code (7KCBC2-P8MTPHX) checked. Verified: 1685034. isIdOk: 381. Prob: 0.02261%
6823 code (73A6C2-P8MTPM1) checked. Verified: 1685281. isIdOk: 382. Prob: 0.02267%
6824 code (7E2AC2-P8MT1K7) checked. Verified: 1685528. isIdOk: 382. Prob: 0.02266%
6825 code (73TEC2-P8MTA73) checked. Verified: 1685775. isIdOk: 382. Prob: 0.02266%
6826 code (7C87C2-P8MTAK8) checked. Verified: 1686022. isIdOk: 382. Prob: 0.02266%
6827 code (79A9C2-P8MTMK6) checked. Verified: 1686269. isIdOk: 383. Prob: 0.02271%
6828 code (7HX2C2-P8MTMK1) checked. Verified: 1686516. isIdOk: 383. Prob: 0.02271%
6829 code (7T4TC2-P8MTMA3) checked. Verified: 1686763. isIdOk: 383. Prob: 0.02271%
6830 code (7212C2-P8MTM0X) checked. Verified: 1687010. isIdOk: 383. Prob: 0.0227%
6831 code (729BC2-P8MTXTH) checked. Verified: 1687257. isIdOk: 383. Prob: 0.0227%
6832 code (7T77C2-P8MTXX3) checked. Verified: 1687504. isIdOk: 383. Prob: 0.0227%
6833 code (C5CCC2-P8MT85X) checked. Verified: 1687751. isIdOk: 383. Prob: 0.02269%
6834 code (7PB3C2-P8MT885) checked. Verified: 1687998. isIdOk: 383. Prob: 0.02269%
6835 code (7KBHC2-P8MTBKC) checked. Verified: 1688245. isIdOk: 383. Prob: 0.02269%
6836 code (79M1C2-P8MT420) checked. Verified: 1688492. isIdOk: 383. Prob: 0.02268%
6837 code (7AH1C2-P8MT4P1) checked. Verified: 1688739. isIdOk: 383. Prob: 0.02268%
6838 code (7E1AC2-P8MT4P4) checked. Verified: 1688986. isIdOk: 383. Prob: 0.02268%
6839 code (7KAXC2-P8MT0C9) checked. Verified: 1689233. isIdOk: 383. Prob: 0.02267%
6840 code (7217C2-P8MT0E5) checked. Verified: 1689480. isIdOk: 383. Prob: 0.02267%
6841 code (H859C2-P8M5758) checked. Verified: 1689727. isIdOk: 383. Prob: 0.02267%
6842 code (7A1TC2-P8M5765) checked. Verified: 1689974. isIdOk: 383. Prob: 0.02266%
6843 code (76XEC2-P8M57P3) checked. Verified: 1690221. isIdOk: 383. Prob: 0.02266%
6844 code (H55TC2-P8M5C37) checked. Verified: 1690468. isIdOk: 383. Prob: 0.02266%
6845 code (7759C2-P8M5C9C) checked. Verified: 1690715. isIdOk: 384. Prob: 0.02271%
6846 code (CCH5C2-P8M5H9X) checked. Verified: 1690962. isIdOk: 384. Prob: 0.02271%
6847 code (73AEC2-P8M53HH) checked. Verified: 1691209. isIdOk: 384. Prob: 0.02271%
6848 code (7194C2-P8M53E6) checked. Verified: 1691456. isIdOk: 384. Prob: 0.0227%
6849 code (7745C2-P8M539K) checked. Verified: 1691703. isIdOk: 384. Prob: 0.0227%
6850 code (77T2C2-P8M5TT0) checked. Verified: 1691950. isIdOk: 385. Prob: 0.02275%
6851 code (7CT4C2-P8M5T4P) checked. Verified: 1692197. isIdOk: 385. Prob: 0.02275%
6852 code (73ACC2-P8M553H) checked. Verified: 1692444. isIdOk: 385. Prob: 0.02275%
6853 code (7HBHC2-P8M55M8) checked. Verified: 1692691. isIdOk: 385. Prob: 0.02274%
6854 code (79AEC2-P8M52CE) checked. Verified: 1692938. isIdOk: 385. Prob: 0.02274%
6855 code (729PC2-P8M5266) checked. Verified: 1693185. isIdOk: 385. Prob: 0.02274%
6856 code (76CKC2-P8M5290) checked. Verified: 1693432. isIdOk: 386. Prob: 0.02279%
6857 code (39B0C2-P8M5201) checked. Verified: 1693679. isIdOk: 386. Prob: 0.02279%
6858 code (7A91C2-P8M5EA0) checked. Verified: 1693926. isIdOk: 386. Prob: 0.02279%
6859 code (7XH7C2-P8M565A) checked. Verified: 1694173. isIdOk: 387. Prob: 0.02284%
6860 code (765AC2-P8M5624) checked. Verified: 1694420. isIdOk: 387. Prob: 0.02284%
6861 code (CH1EC2-P8M5644) checked. Verified: 1694667. isIdOk: 387. Prob: 0.02284%
6862 code (CX4TC2-P8M593T) checked. Verified: 1694914. isIdOk: 387. Prob: 0.02283%
6863 code (7B71C2-P8M5K38) checked. Verified: 1695161. isIdOk: 387. Prob: 0.02283%
6864 code (7787C2-P8M5K0T) checked. Verified: 1695408. isIdOk: 387. Prob: 0.02283%
6865 code (7E00C2-P8M5PE8) checked. Verified: 1695655. isIdOk: 387. Prob: 0.02282%
6866 code (C26TC2-P8M5PP4) checked. Verified: 1695902. isIdOk: 387. Prob: 0.02282%
6867 code (7310C2-P8M5199) checked. Verified: 1696149. isIdOk: 387. Prob: 0.02282%
6868 code (CT48C2-P8M511C) checked. Verified: 1696396. isIdOk: 387. Prob: 0.02281%
6869 code (7A6HC2-P8M51M9) checked. Verified: 1696643. isIdOk: 387. Prob: 0.02281%
6870 code (C978C2-P8M5A13) checked. Verified: 1696890. isIdOk: 387. Prob: 0.02281%
6871 code (CCKCC2-P8M5A19) checked. Verified: 1697137. isIdOk: 387. Prob: 0.0228%
6872 code (774MC2-P8M5MT1) checked. Verified: 1697384. isIdOk: 387. Prob: 0.0228%
6873 code (75HPC2-P8M5M12) checked. Verified: 1697631. isIdOk: 387. Prob: 0.0228%
6874 code (75C9C2-P8M5XHE) checked. Verified: 1697878. isIdOk: 387. Prob: 0.02279%
6875 code (7X4MC2-P8M5XA0) checked. Verified: 1698125. isIdOk: 387. Prob: 0.02279%
6876 code (72PEC2-P8M58P2) checked. Verified: 1698372. isIdOk: 387. Prob: 0.02279%
6877 code (700XC2-P8M58BT) checked. Verified: 1698619. isIdOk: 387. Prob: 0.02278%
6878 code (7E22C2-P8M580X) checked. Verified: 1698866. isIdOk: 387. Prob: 0.02278%
6879 code (7TB1C2-P8M5B19) checked. Verified: 1699113. isIdOk: 387. Prob: 0.02278%
6880 code (7CPTC2-P8M5468) checked. Verified: 1699360. isIdOk: 387. Prob: 0.02277%
6881 code (711XC2-P8M5419) checked. Verified: 1699607. isIdOk: 387. Prob: 0.02277%
6882 code (7A6AC2-P8M5024) checked. Verified: 1699854. isIdOk: 387. Prob: 0.02277%
6883 code (7386C2-P8M2778) checked. Verified: 1700101. isIdOk: 387. Prob: 0.02276%
6884 code (CHT5C2-P8M2791) checked. Verified: 1700348. isIdOk: 387. Prob: 0.02276%
6885 code (7736C2-P8M2C9C) checked. Verified: 1700595. isIdOk: 387. Prob: 0.02276%
6886 code (76H4C2-P8M2CA8) checked. Verified: 1700842. isIdOk: 387. Prob: 0.02275%
6887 code (7451C2-P8M2H5H) checked. Verified: 1701089. isIdOk: 387. Prob: 0.02275%
6888 code (7TBMC2-P8M2334) checked. Verified: 1701336. isIdOk: 387. Prob: 0.02275%
6889 code (71EKC2-P8M23T2) checked. Verified: 1701583. isIdOk: 387. Prob: 0.02274%
6890 code (7HK4C2-P8M2346) checked. Verified: 1701830. isIdOk: 387. Prob: 0.02274%
6891 code (70CHC2-P8M2T9H) checked. Verified: 1702077. isIdOk: 387. Prob: 0.02274%
6892 code (771MC2-P8M2T8E) checked. Verified: 1702324. isIdOk: 387. Prob: 0.02273%
6893 code (72HMC2-P8M25EP) checked. Verified: 1702571. isIdOk: 387. Prob: 0.02273%
6894 code (73EEC2-P8M22H1) checked. Verified: 1702818. isIdOk: 387. Prob: 0.02273%
6895 code (7KXAC2-P8M2EH3) checked. Verified: 1703065. isIdOk: 387. Prob: 0.02272%
6896 code (7CH8C2-P8M26CC) checked. Verified: 1703312. isIdOk: 387. Prob: 0.02272%
6897 code (757HC2-P8M29C5) checked. Verified: 1703559. isIdOk: 387. Prob: 0.02272%
6898 code (7PT2C2-P8M298P) checked. Verified: 1703806. isIdOk: 387. Prob: 0.02271%
6899 code (7T9AC2-P8M2K55) checked. Verified: 1704053. isIdOk: 387. Prob: 0.02271%
6900 code (7913C2-P8M2KX0) checked. Verified: 1704300. isIdOk: 388. Prob: 0.02277%
6901 code (7EK4C2-P8M2PH9) checked. Verified: 1704547. isIdOk: 388. Prob: 0.02276%
6902 code (C337C2-P8M2P1M) checked. Verified: 1704794. isIdOk: 388. Prob: 0.02276%
6903 code (76T6C2-P8M21T4) checked. Verified: 1705041. isIdOk: 388. Prob: 0.02276%
6904 code (7CP8C2-P8M2ATA) checked. Verified: 1705288. isIdOk: 388. Prob: 0.02275%
6905 code (7TXPC2-P8M2A0A) checked. Verified: 1705535. isIdOk: 388. Prob: 0.02275%
6906 code (7H1KC2-P8M2MBC) checked. Verified: 1705782. isIdOk: 388. Prob: 0.02275%
6907 code (7HH4C2-P8M2XB9) checked. Verified: 1706029. isIdOk: 388. Prob: 0.02274%
6908 code (73AAC2-P8M28T4) checked. Verified: 1706276. isIdOk: 388. Prob: 0.02274%
6909 code (720EC2-P8M285C) checked. Verified: 1706523. isIdOk: 388. Prob: 0.02274%
6910 code (7396C2-P8M2817) checked. Verified: 1706770. isIdOk: 388. Prob: 0.02273%
6911 code (7C54C2-P8M28B6) checked. Verified: 1707017. isIdOk: 388. Prob: 0.02273%
6912 code (7B55C2-P8M2BPE) checked. Verified: 1707264. isIdOk: 388. Prob: 0.02273%
6913 code (7HPXC2-P8M2BMH) checked. Verified: 1707511. isIdOk: 388. Prob: 0.02272%
6914 code (76K3C2-P8M2424) checked. Verified: 1707758. isIdOk: 388. Prob: 0.02272%
6915 code (7P40C2-P8M24B2) checked. Verified: 1708005. isIdOk: 388. Prob: 0.02272%
6916 code (7961C2-P8M2010) checked. Verified: 1708252. isIdOk: 388. Prob: 0.02271%
6917 code (7TMXC2-P8M20X7) checked. Verified: 1708499. isIdOk: 388. Prob: 0.02271%
6918 code (7H64C2-P8M208T) checked. Verified: 1708746. isIdOk: 388. Prob: 0.02271%
6919 code (CH03C2-P8M200A) checked. Verified: 1708993. isIdOk: 388. Prob: 0.0227%
6920 code (72C2C2-P8ME7CE) checked. Verified: 1709240. isIdOk: 388. Prob: 0.0227%
6921 code (7HETC2-P8ME7K7) checked. Verified: 1709487. isIdOk: 388. Prob: 0.0227%
6922 code (C7P2C2-P8MECEH) checked. Verified: 1709734. isIdOk: 388. Prob: 0.02269%
6923 code (7C92C2-P8MECKB) checked. Verified: 1709981. isIdOk: 388. Prob: 0.02269%
6924 code (730CC2-P8MECMC) checked. Verified: 1710228. isIdOk: 388. Prob: 0.02269%
6925 code (CX1XC2-P8MEHC1) checked. Verified: 1710475. isIdOk: 388. Prob: 0.02268%
6926 code (77CTC2-P8MEH3H) checked. Verified: 1710722. isIdOk: 388. Prob: 0.02268%
6927 code (721PC2-P8MEHM1) checked. Verified: 1710969. isIdOk: 388. Prob: 0.02268%
6928 code (7T9KC2-P8ME364) checked. Verified: 1711216. isIdOk: 388. Prob: 0.02267%
6929 code (78MTC2-P8MET3A) checked. Verified: 1711463. isIdOk: 388. Prob: 0.02267%
6930 code (7K97C2-P8MET96) checked. Verified: 1711710. isIdOk: 388. Prob: 0.02267%
6931 code (77X0C2-P8ME573) checked. Verified: 1711957. isIdOk: 388. Prob: 0.02266%
6932 code (79M0C2-P8ME580) checked. Verified: 1712204. isIdOk: 388. Prob: 0.02266%
6933 code (HT23C2-P8ME27B) checked. Verified: 1712451. isIdOk: 388. Prob: 0.02266%
6934 code (CHXHC2-P8ME22A) checked. Verified: 1712698. isIdOk: 388. Prob: 0.02265%
6935 code (76HEC2-P8ME2KM) checked. Verified: 1712945. isIdOk: 389. Prob: 0.02271%
6936 code (74H5C2-P8MEE3M) checked. Verified: 1713192. isIdOk: 389. Prob: 0.02271%
6937 code (C7CHC2-P8MEE1C) checked. Verified: 1713439. isIdOk: 389. Prob: 0.0227%
6938 code (77KCC2-P8MEE86) checked. Verified: 1713686. isIdOk: 389. Prob: 0.0227%
6939 code (CH79C2-P8ME611) checked. Verified: 1713933. isIdOk: 389. Prob: 0.0227%
6940 code (C227C2-P8ME953) checked. Verified: 1714180. isIdOk: 391. Prob: 0.02281%
6941 code (72BEC2-P8MEKCT) checked. Verified: 1714427. isIdOk: 391. Prob: 0.02281%
6942 code (7T0EC2-P8MEKEC) checked. Verified: 1714674. isIdOk: 391. Prob: 0.0228%
6943 code (73T1C2-P8MEK1C) checked. Verified: 1714921. isIdOk: 393. Prob: 0.02292%
6944 code (7176C2-P8MEK11) checked. Verified: 1715168. isIdOk: 393. Prob: 0.02291%
6945 code (C6C8C2-P8MEK83) checked. Verified: 1715415. isIdOk: 393. Prob: 0.02291%
6946 code (C158C2-P8MEP6H) checked. Verified: 1715662. isIdOk: 393. Prob: 0.02291%
6947 code (79CCC2-P8ME122) checked. Verified: 1715909. isIdOk: 393. Prob: 0.0229%
6948 code (7T44C2-P8ME1EC) checked. Verified: 1716156. isIdOk: 393. Prob: 0.0229%
6949 code (73A5C2-P8ME18K) checked. Verified: 1716403. isIdOk: 393. Prob: 0.0229%
6950 code (7T38C2-P8ME10H) checked. Verified: 1716650. isIdOk: 393. Prob: 0.02289%
6951 code (7MXAC2-P8MEA82) checked. Verified: 1716897. isIdOk: 393. Prob: 0.02289%
6952 code (C314C2-P8MEMPC) checked. Verified: 1717144. isIdOk: 393. Prob: 0.02289%
6953 code (7BH4C2-P8MEX57) checked. Verified: 1717391. isIdOk: 393. Prob: 0.02288%
6954 code (7E01C2-P8ME87K) checked. Verified: 1717638. isIdOk: 393. Prob: 0.02288%
6955 code (7MB8C2-P8ME8B9) checked. Verified: 1717885. isIdOk: 393. Prob: 0.02288%
6956 code (7220C2-P8MEB2C) checked. Verified: 1718132. isIdOk: 393. Prob: 0.02287%
6957 code (7C66C2-P8ME450) checked. Verified: 1718379. isIdOk: 393. Prob: 0.02287%
6958 code (C7C7C2-P8ME407) checked. Verified: 1718626. isIdOk: 393. Prob: 0.02287%
6959 code (7TETC2-P8ME0X6) checked. Verified: 1718873. isIdOk: 393. Prob: 0.02286%
6960 code (7CMMC2-P8ME0BM) checked. Verified: 1719120. isIdOk: 393. Prob: 0.02286%
6961 code (7H0MC2-P8ME046) checked. Verified: 1719367. isIdOk: 394. Prob: 0.02292%
6962 code (CBE1C2-P8M679H) checked. Verified: 1719614. isIdOk: 395. Prob: 0.02297%
6963 code (75XXC2-P8M6CHB) checked. Verified: 1719861. isIdOk: 395. Prob: 0.02297%
6964 code (736EC2-P8M6H39) checked. Verified: 1720108. isIdOk: 395. Prob: 0.02296%
6965 code (725KC2-P8M6HE8) checked. Verified: 1720355. isIdOk: 395. Prob: 0.02296%
6966 code (7T4KC2-P8M6HB2) checked. Verified: 1720602. isIdOk: 395. Prob: 0.02296%
6967 code (7HECC2-P8M6327) checked. Verified: 1720849. isIdOk: 396. Prob: 0.02301%
6968 code (77E2C2-P8M6T3T) checked. Verified: 1721096. isIdOk: 396. Prob: 0.02301%
6969 code (72CKC2-P8M6T4H) checked. Verified: 1721343. isIdOk: 396. Prob: 0.02301%
6970 code (C359C2-P8M65XM) checked. Verified: 1721590. isIdOk: 396. Prob: 0.023%
6971 code (7786C2-P8M62PP) checked. Verified: 1721837. isIdOk: 396. Prob: 0.023%
6972 code (7H62C2-P8M6EH4) checked. Verified: 1722084. isIdOk: 396. Prob: 0.023%
6973 code (7H48C2-P8M6EP0) checked. Verified: 1722331. isIdOk: 396. Prob: 0.02299%
6974 code (75K6C2-P8M663T) checked. Verified: 1722578. isIdOk: 396. Prob: 0.02299%
6975 code (C666C2-P8M6687) checked. Verified: 1722825. isIdOk: 396. Prob: 0.02299%
6976 code (728HC2-P8M699H) checked. Verified: 1723072. isIdOk: 396. Prob: 0.02298%
6977 code (75A8C2-P8M6KT2) checked. Verified: 1723319. isIdOk: 396. Prob: 0.02298%
6978 code (7A29C2-P8M6PTH) checked. Verified: 1723566. isIdOk: 396. Prob: 0.02298%
6979 code (7E80C2-P8M61HA) checked. Verified: 1723813. isIdOk: 396. Prob: 0.02297%
6980 code (725PC2-P8M6AHH) checked. Verified: 1724060. isIdOk: 396. Prob: 0.02297%
6981 code (7TKHC2-P8M6A6T) checked. Verified: 1724307. isIdOk: 396. Prob: 0.02297%
6982 code (7XX7C2-P8M6MH2) checked. Verified: 1724554. isIdOk: 396. Prob: 0.02296%
6983 code (C7HXC2-P8M6MX9) checked. Verified: 1724801. isIdOk: 396. Prob: 0.02296%
6984 code (783TC2-P8M6X33) checked. Verified: 1725048. isIdOk: 396. Prob: 0.02296%
6985 code (C451C2-P8M68CA) checked. Verified: 1725295. isIdOk: 396. Prob: 0.02295%
6986 code (76T3C2-P8M68E5) checked. Verified: 1725542. isIdOk: 396. Prob: 0.02295%
6987 code (7C61C2-P8M6800) checked. Verified: 1725789. isIdOk: 396. Prob: 0.02295%
6988 code (73MXC2-P8M6BK3) checked. Verified: 1726036. isIdOk: 396. Prob: 0.02294%
6989 code (75M9C2-P8M6BX9) checked. Verified: 1726283. isIdOk: 396. Prob: 0.02294%
6990 code (73E2C2-P8M64KB) checked. Verified: 1726530. isIdOk: 396. Prob: 0.02294%
6991 code (7HPMC2-P8M609K) checked. Verified: 1726777. isIdOk: 396. Prob: 0.02293%
6992 code (73KAC2-P8M6088) checked. Verified: 1727024. isIdOk: 396. Prob: 0.02293%
6993 code (7700C2-P8M97M8) checked. Verified: 1727271. isIdOk: 396. Prob: 0.02293%
6994 code (729TC2-P8M9C38) checked. Verified: 1727518. isIdOk: 396. Prob: 0.02292%
6995 code (7CT7C2-P8M9C83) checked. Verified: 1727765. isIdOk: 397. Prob: 0.02298%
6996 code (7944C2-P8M9H8A) checked. Verified: 1728012. isIdOk: 397. Prob: 0.02297%
6997 code (C2T7C2-P8M9H88) checked. Verified: 1728259. isIdOk: 397. Prob: 0.02297%
6998 code (79H5C2-P8M9H4A) checked. Verified: 1728506. isIdOk: 397. Prob: 0.02297%
6999 code (7304C2-P8M93E2) checked. Verified: 1728753. isIdOk: 397. Prob: 0.02296%
7000 code (7HKAC2-P8M9T2P) checked. Verified: 1729000. isIdOk: 397. Prob: 0.02296%
200
Starting range [200 nln ...]:
7001 code (77B9CM-XKCBA26) checked. Verified: 1729247. isIdOk: 397. Prob: 0.02296%
7002 code (7PXPCM-XKCBAE5) checked. Verified: 1729494. isIdOk: 398. Prob: 0.02301%
7003 code (73A0CM-XKCBAK6) checked. Verified: 1729741. isIdOk: 398. Prob: 0.02301%
7004 code (7377CM-XKCBMEX) checked. Verified: 1729988. isIdOk: 398. Prob: 0.02301%
7005 code (7774CM-XKCBMXK) checked. Verified: 1730235. isIdOk: 398. Prob: 0.023%
7006 code (7HBHCM-XKCBM43) checked. Verified: 1730482. isIdOk: 398. Prob: 0.023%
7007 code (726MCM-XKCBXM5) checked. Verified: 1730729. isIdOk: 398. Prob: 0.023%
7008 code (731XCM-XKCB8M0) checked. Verified: 1730976. isIdOk: 398. Prob: 0.02299%
7009 code (71M7CM-XKCBBM9) checked. Verified: 1731223. isIdOk: 398. Prob: 0.02299%
7010 code (79C3CM-XKCB42H) checked. Verified: 1731470. isIdOk: 399. Prob: 0.02304%
7011 code (72X0CM-XKCB4EB) checked. Verified: 1731717. isIdOk: 399. Prob: 0.02304%
7012 code (7EK9CM-XKCB0C9) checked. Verified: 1731964. isIdOk: 399. Prob: 0.02304%
7013 code (C772CM-XKCB0HA) checked. Verified: 1732211. isIdOk: 399. Prob: 0.02303%
7014 code (7HK8CM-XKCB024) checked. Verified: 1732458. isIdOk: 399. Prob: 0.02303%
7015 code (CKK7CM-XKC47C7) checked. Verified: 1732705. isIdOk: 399. Prob: 0.02303%
7016 code (7TC3CM-XKC47PX) checked. Verified: 1732952. isIdOk: 399. Prob: 0.02302%
7017 code (75TCCM-XKC4C11) checked. Verified: 1733199. isIdOk: 399. Prob: 0.02302%
7018 code (7A7HCM-XKC4H71) checked. Verified: 1733446. isIdOk: 399. Prob: 0.02302%
7019 code (72M0CM-XKC4H4X) checked. Verified: 1733693. isIdOk: 399. Prob: 0.02301%
7020 code (7PBBCM-XKC43P0) checked. Verified: 1733940. isIdOk: 399. Prob: 0.02301%
7021 code (72A5CM-XKC431B) checked. Verified: 1734187. isIdOk: 399. Prob: 0.02301%
7022 code (7H40CM-XKC4TP9) checked. Verified: 1734434. isIdOk: 399. Prob: 0.023%
7023 code (7H0HCM-XKC455B) checked. Verified: 1734681. isIdOk: 399. Prob: 0.023%
7024 code (7E80CM-XKC4562) checked. Verified: 1734928. isIdOk: 399. Prob: 0.023%
7025 code (7H73CM-XKC4269) checked. Verified: 1735175. isIdOk: 399. Prob: 0.02299%
7026 code (7KETCM-XKC4EHK) checked. Verified: 1735422. isIdOk: 400. Prob: 0.02305%
7027 code (H2M1CM-XKC4EE0) checked. Verified: 1735669. isIdOk: 400. Prob: 0.02305%
7028 code (75BECM-XKC46EB) checked. Verified: 1735916. isIdOk: 400. Prob: 0.02304%
7029 code (7TP6CM-XKC4933) checked. Verified: 1736163. isIdOk: 400. Prob: 0.02304%
7030 code (7B8TCM-XKC493A) checked. Verified: 1736410. isIdOk: 400. Prob: 0.02304%
7031 code (CKHXCM-XKC4912) checked. Verified: 1736657. isIdOk: 400. Prob: 0.02303%
7032 code (79E0CM-XKC4KKP) checked. Verified: 1736904. isIdOk: 400. Prob: 0.02303%
7033 code (7120CM-XKC4P5P) checked. Verified: 1737151. isIdOk: 400. Prob: 0.02303%
7034 code (7A31CM-XKC4P45) checked. Verified: 1737398. isIdOk: 400. Prob: 0.02302%
7035 code (728XCM-XKC417K) checked. Verified: 1737645. isIdOk: 400. Prob: 0.02302%
7036 code (77K4CM-XKC419B) checked. Verified: 1737892. isIdOk: 400. Prob: 0.02302%
7037 code (CTPCCM-XKC41BX) checked. Verified: 1738139. isIdOk: 400. Prob: 0.02301%
7038 code (775CCM-XKC4A47) checked. Verified: 1738386. isIdOk: 400. Prob: 0.02301%
7039 code (7725CM-XKC4A4T) checked. Verified: 1738633. isIdOk: 400. Prob: 0.02301%
7040 code (C622CM-XKC4ME1) checked. Verified: 1738880. isIdOk: 400. Prob: 0.023%
7041 code (C79CCM-XKC4XCM) checked. Verified: 1739127. isIdOk: 400. Prob: 0.023%
7042 code (CC40CM-XKC4XEP) checked. Verified: 1739374. isIdOk: 400. Prob: 0.023%
7043 code (7C89CM-XKC482X) checked. Verified: 1739621. isIdOk: 400. Prob: 0.02299%
7044 code (7HB7CM-XKC486B) checked. Verified: 1739868. isIdOk: 400. Prob: 0.02299%
7045 code (73X3CM-XKC4B51) checked. Verified: 1740115. isIdOk: 400. Prob: 0.02299%
7046 code (7550CM-XKC4476) checked. Verified: 1740362. isIdOk: 400. Prob: 0.02298%
7047 code (7MXECM-XKC441B) checked. Verified: 1740609. isIdOk: 400. Prob: 0.02298%
7048 code (7C4KCM-XKC448K) checked. Verified: 1740856. isIdOk: 400. Prob: 0.02298%
7049 code (77HPCM-XKC4089) checked. Verified: 1741103. isIdOk: 400. Prob: 0.02297%
7050 code (722ECM-XKC07PA) checked. Verified: 1741350. isIdOk: 400. Prob: 0.02297%
7051 code (7515CM-XKC0CP8) checked. Verified: 1741597. isIdOk: 400. Prob: 0.02297%
7052 code (CHMCCM-XKC0H23) checked. Verified: 1741844. isIdOk: 400. Prob: 0.02296%
7053 code (7P29CM-XKC03H8) checked. Verified: 1742091. isIdOk: 400. Prob: 0.02296%
7054 code (7279CM-XKC0T79) checked. Verified: 1742338. isIdOk: 400. Prob: 0.02296%
7055 code (7KP7CM-XKC0T01) checked. Verified: 1742585. isIdOk: 400. Prob: 0.02295%
7056 code (7728CM-XKC05EC) checked. Verified: 1742832. isIdOk: 400. Prob: 0.02295%
7057 code (7CT8CM-XKC02T0) checked. Verified: 1743079. isIdOk: 400. Prob: 0.02295%
7058 code (CKM8CM-XKC02E7) checked. Verified: 1743326. isIdOk: 400. Prob: 0.02294%
7059 code (CKBHCM-XKC0E7E) checked. Verified: 1743573. isIdOk: 400. Prob: 0.02294%
7060 code (77KPCM-XKC0EHE) checked. Verified: 1743820. isIdOk: 400. Prob: 0.02294%
7061 code (HHHKCM-XKC0E85) checked. Verified: 1744067. isIdOk: 400. Prob: 0.02293%
7062 code (C713CM-XKC0692) checked. Verified: 1744314. isIdOk: 400. Prob: 0.02293%
7063 code (7TX3CM-XKC0698) checked. Verified: 1744561. isIdOk: 400. Prob: 0.02293%
7064 code (7TP0CM-XKC095C) checked. Verified: 1744808. isIdOk: 400. Prob: 0.02293%
7065 code (776ACM-XKC0K5X) checked. Verified: 1745055. isIdOk: 401. Prob: 0.02298%
7066 code (755ACM-XKC0K04) checked. Verified: 1745302. isIdOk: 401. Prob: 0.02298%
7067 code (7MP8CM-XKC0PTB) checked. Verified: 1745549. isIdOk: 401. Prob: 0.02297%
7068 code (78CTCM-XKC0151) checked. Verified: 1745796. isIdOk: 401. Prob: 0.02297%
7069 code (7E50CM-XKC0A5E) checked. Verified: 1746043. isIdOk: 401. Prob: 0.02297%
7070 code (7MT8CM-XKC0M7B) checked. Verified: 1746290. isIdOk: 401. Prob: 0.02296%
7071 code (7A0XCM-XKC0M46) checked. Verified: 1746537. isIdOk: 401. Prob: 0.02296%
7072 code (7C1XCM-XKC0X31) checked. Verified: 1746784. isIdOk: 401. Prob: 0.02296%
7073 code (C2KCCM-XKC08C9) checked. Verified: 1747031. isIdOk: 401. Prob: 0.02295%
7074 code (7MPPCM-XKC08XC) checked. Verified: 1747278. isIdOk: 401. Prob: 0.02295%
7075 code (7ACACM-XKC088K) checked. Verified: 1747525. isIdOk: 401. Prob: 0.02295%
7076 code (7E74CM-XKC0BT7) checked. Verified: 1747772. isIdOk: 401. Prob: 0.02294%
7077 code (7E18CM-XKC0BX2) checked. Verified: 1748019. isIdOk: 401. Prob: 0.02294%
7078 code (7P23CM-XKC0415) checked. Verified: 1748266. isIdOk: 401. Prob: 0.02294%
7079 code (7M97CM-XKC00TP) checked. Verified: 1748513. isIdOk: 401. Prob: 0.02293%
7080 code (7CM6CM-XKH77H2) checked. Verified: 1748760. isIdOk: 401. Prob: 0.02293%
7081 code (73B8CM-XKH7CH8) checked. Verified: 1749007. isIdOk: 401. Prob: 0.02293%
7082 code (C865CM-XKH7C8A) checked. Verified: 1749254. isIdOk: 401. Prob: 0.02292%
7083 code (71HACM-XKH7HA2) checked. Verified: 1749501. isIdOk: 401. Prob: 0.02292%
7084 code (712TCM-XKH7H0A) checked. Verified: 1749748. isIdOk: 401. Prob: 0.02292%
7085 code (779TCM-XKH7365) checked. Verified: 1749995. isIdOk: 401. Prob: 0.02291%
7086 code (7354CM-XKH7T6E) checked. Verified: 1750242. isIdOk: 401. Prob: 0.02291%
7087 code (7T6ECM-XKH7TM7) checked. Verified: 1750489. isIdOk: 401. Prob: 0.02291%
7088 code (7CP6CM-XKH75EP) checked. Verified: 1750736. isIdOk: 401. Prob: 0.0229%
7089 code (CCM6CM-XKH723H) checked. Verified: 1750983. isIdOk: 401. Prob: 0.0229%
7090 code (78K7CM-XKH720X) checked. Verified: 1751230. isIdOk: 401. Prob: 0.0229%
7091 code (748PCM-XKH7E28) checked. Verified: 1751477. isIdOk: 401. Prob: 0.02289%
7092 code (C38PCM-XKH7E2B) checked. Verified: 1751724. isIdOk: 401. Prob: 0.02289%
7093 code (H919CM-XKH7EEC) checked. Verified: 1751971. isIdOk: 402. Prob: 0.02295%
7094 code (7T96CM-XKH7657) checked. Verified: 1752218. isIdOk: 402. Prob: 0.02294%
7095 code (75E0CM-XKH79CP) checked. Verified: 1752465. isIdOk: 402. Prob: 0.02294%
7096 code (C09XCM-XKH79EM) checked. Verified: 1752712. isIdOk: 402. Prob: 0.02294%
7097 code (7C25CM-XKH7K28) checked. Verified: 1752959. isIdOk: 402. Prob: 0.02293%
7098 code (7964CM-XKH7KKX) checked. Verified: 1753206. isIdOk: 402. Prob: 0.02293%
7099 code (7675CM-XKH7PKH) checked. Verified: 1753453. isIdOk: 402. Prob: 0.02293%
7100 code (7433CM-XKH7130) checked. Verified: 1753700. isIdOk: 402. Prob: 0.02292%
7101 code (7HM8CM-XKH718C) checked. Verified: 1753947. isIdOk: 402. Prob: 0.02292%
7102 code (7HBACM-XKH7AAP) checked. Verified: 1754194. isIdOk: 402. Prob: 0.02292%
7103 code (C2XACM-XKH7M1E) checked. Verified: 1754441. isIdOk: 402. Prob: 0.02291%
7104 code (777KCM-XKH7XEB) checked. Verified: 1754688. isIdOk: 402. Prob: 0.02291%
7105 code (C55ECM-XKH783K) checked. Verified: 1754935. isIdOk: 402. Prob: 0.02291%
7106 code (7H5BCM-XKH78PK) checked. Verified: 1755182. isIdOk: 402. Prob: 0.0229%
7107 code (78K7CM-XKH7B21) checked. Verified: 1755429. isIdOk: 402. Prob: 0.0229%
7108 code (7573CM-XKH7BX5) checked. Verified: 1755676. isIdOk: 402. Prob: 0.0229%
7109 code (7CHKCM-XKH7B8A) checked. Verified: 1755923. isIdOk: 402. Prob: 0.02289%
7110 code (7EH8CM-XKH7479) checked. Verified: 1756170. isIdOk: 402. Prob: 0.02289%
7111 code (CH9TCM-XKH74KA) checked. Verified: 1756417. isIdOk: 402. Prob: 0.02289%
7112 code (7H2PCM-XKH7411) checked. Verified: 1756664. isIdOk: 402. Prob: 0.02288%
7113 code (7623CM-XKH70C0) checked. Verified: 1756911. isIdOk: 402. Prob: 0.02288%
7114 code (750TCM-XKH702H) checked. Verified: 1757158. isIdOk: 402. Prob: 0.02288%
7115 code (7705CM-XKH70K0) checked. Verified: 1757405. isIdOk: 402. Prob: 0.02287%
7116 code (735HCM-XKH700E) checked. Verified: 1757652. isIdOk: 402. Prob: 0.02287%
7117 code (735PCM-XKHC745) checked. Verified: 1757899. isIdOk: 402. Prob: 0.02287%
7118 code (799BCM-XKHCC4H) checked. Verified: 1758146. isIdOk: 402. Prob: 0.02286%
7119 code (7223CM-XKHCHHA) checked. Verified: 1758393. isIdOk: 402. Prob: 0.02286%
7120 code (37C2CM-XKHC37T) checked. Verified: 1758640. isIdOk: 402. Prob: 0.02286%
7121 code (7972CM-XKHC35C) checked. Verified: 1758887. isIdOk: 403. Prob: 0.02291%
7122 code (7CM3CM-XKHC3X0) checked. Verified: 1759134. isIdOk: 403. Prob: 0.02291%
7123 code (75B2CM-XKHCT7X) checked. Verified: 1759381. isIdOk: 403. Prob: 0.02291%
7124 code (7A06CM-XKHCT86) checked. Verified: 1759628. isIdOk: 403. Prob: 0.0229%
7125 code (7K9TCM-XKHCT47) checked. Verified: 1759875. isIdOk: 403. Prob: 0.0229%
7126 code (CK44CM-XKHC5CA) checked. Verified: 1760122. isIdOk: 404. Prob: 0.02295%
7127 code (CP47CM-XKHC5A5) checked. Verified: 1760369. isIdOk: 404. Prob: 0.02295%
7128 code (7H23CM-XKHC5AE) checked. Verified: 1760616. isIdOk: 404. Prob: 0.02295%
7129 code (73T7CM-XKHC5XK) checked. Verified: 1760863. isIdOk: 404. Prob: 0.02294%
7130 code (7H9MCM-XKHC23K) checked. Verified: 1761110. isIdOk: 404. Prob: 0.02294%
7131 code (78MMCM-XKHCE32) checked. Verified: 1761357. isIdOk: 404. Prob: 0.02294%
7132 code (75H8CM-XKHCE3M) checked. Verified: 1761604. isIdOk: 404. Prob: 0.02293%
7133 code (CTAACM-XKHCEBH) checked. Verified: 1761851. isIdOk: 404. Prob: 0.02293%
7134 code (7C10CM-XKHCE03) checked. Verified: 1762098. isIdOk: 404. Prob: 0.02293%
7135 code (72K4CM-XKHC6T0) checked. Verified: 1762345. isIdOk: 404. Prob: 0.02292%
7136 code (7211CM-XKHC695) checked. Verified: 1762592. isIdOk: 404. Prob: 0.02292%
7137 code (7HCKCM-XKHC6KB) checked. Verified: 1762839. isIdOk: 404. Prob: 0.02292%
7138 code (72M6CM-XKHC9H3) checked. Verified: 1763086. isIdOk: 404. Prob: 0.02291%
7139 code (7307CM-XKHC93B) checked. Verified: 1763333. isIdOk: 404. Prob: 0.02291%
7140 code (7429CM-XKHC9EH) checked. Verified: 1763580. isIdOk: 404. Prob: 0.02291%
7141 code (7HMHCM-XKHCK59) checked. Verified: 1763827. isIdOk: 404. Prob: 0.0229%
7142 code (7659CM-XKHCK1C) checked. Verified: 1764074. isIdOk: 404. Prob: 0.0229%
7143 code (7HPHCM-XKHCP12) checked. Verified: 1764321. isIdOk: 404. Prob: 0.0229%
7144 code (7CXXCM-XKHC1E5) checked. Verified: 1764568. isIdOk: 404. Prob: 0.0229%
7145 code (747BCM-XKHC114) checked. Verified: 1764815. isIdOk: 404. Prob: 0.02289%
7146 code (7370CM-XKHCAH5) checked. Verified: 1765062. isIdOk: 404. Prob: 0.02289%
7147 code (7C1ECM-XKHCA0C) checked. Verified: 1765309. isIdOk: 404. Prob: 0.02289%
7148 code (7702CM-XKHCM5M) checked. Verified: 1765556. isIdOk: 404. Prob: 0.02288%
7149 code (CKC9CM-XKHCM21) checked. Verified: 1765803. isIdOk: 404. Prob: 0.02288%
7150 code (762HCM-XKHCM0C) checked. Verified: 1766050. isIdOk: 404. Prob: 0.02288%
7151 code (7C56CM-XKHCX2X) checked. Verified: 1766297. isIdOk: 404. Prob: 0.02287%
7152 code (7CBECM-XKHCX8H) checked. Verified: 1766544. isIdOk: 404. Prob: 0.02287%
7153 code (73BECM-XKHC8EK) checked. Verified: 1766791. isIdOk: 404. Prob: 0.02287%
7154 code (7HBKCM-XKHC8AC) checked. Verified: 1767038. isIdOk: 404. Prob: 0.02286%
7155 code (7P5ACM-XKHC8X9) checked. Verified: 1767285. isIdOk: 404. Prob: 0.02286%
7156 code (71KBCM-XKHCB5E) checked. Verified: 1767532. isIdOk: 404. Prob: 0.02286%
7157 code (CT8KCM-XKHCB18) checked. Verified: 1767779. isIdOk: 404. Prob: 0.02285%
7158 code (7CKCCM-XKHCB8T) checked. Verified: 1768026. isIdOk: 404. Prob: 0.02285%
7159 code (77X9CM-XKHC428) checked. Verified: 1768273. isIdOk: 404. Prob: 0.02285%
7160 code (7C58CM-XKHC036) checked. Verified: 1768520. isIdOk: 404. Prob: 0.02284%
7161 code (75BHCM-XKHC034) checked. Verified: 1768767. isIdOk: 404. Prob: 0.02284%
7162 code (7EE7CM-XKHH770) checked. Verified: 1769014. isIdOk: 404. Prob: 0.02284%
7163 code (7T35CM-XKHH7HP) checked. Verified: 1769261. isIdOk: 404. Prob: 0.02283%
7164 code (7975CM-XKHH7HB) checked. Verified: 1769508. isIdOk: 405. Prob: 0.02289%
7165 code (7TC4CM-XKHH7TK) checked. Verified: 1769755. isIdOk: 405. Prob: 0.02288%
7166 code (733MCM-XKHHC31) checked. Verified: 1770002. isIdOk: 405. Prob: 0.02288%
7167 code (75M6CM-XKHHCKH) checked. Verified: 1770249. isIdOk: 405. Prob: 0.02288%
7168 code (71APCM-XKHHHEH) checked. Verified: 1770496. isIdOk: 405. Prob: 0.02287%
7169 code (74ATCM-XKHH3TM) checked. Verified: 1770743. isIdOk: 405. Prob: 0.02287%
7170 code (724KCM-XKHH3KM) checked. Verified: 1770990. isIdOk: 405. Prob: 0.02287%
7171 code (718KCM-XKHH3XB) checked. Verified: 1771237. isIdOk: 405. Prob: 0.02287%
7172 code (72KBCM-XKHH340) checked. Verified: 1771484. isIdOk: 405. Prob: 0.02286%
7173 code (73BXCM-XKHH30P) checked. Verified: 1771731. isIdOk: 405. Prob: 0.02286%
7174 code (7CA3CM-XKHHTEM) checked. Verified: 1771978. isIdOk: 406. Prob: 0.02291%
7175 code (C81ACM-XKHH575) checked. Verified: 1772225. isIdOk: 406. Prob: 0.02291%
7176 code (CC4XCM-XKHH5EH) checked. Verified: 1772472. isIdOk: 406. Prob: 0.02291%
7177 code (7XCECM-XKHH5EA) checked. Verified: 1772719. isIdOk: 406. Prob: 0.0229%
7178 code (7772CM-XKHH2TB) checked. Verified: 1772966. isIdOk: 406. Prob: 0.0229%
7179 code (789HCM-XKHH20M) checked. Verified: 1773213. isIdOk: 406. Prob: 0.0229%
7180 code (7EH2CM-XKHHETE) checked. Verified: 1773460. isIdOk: 406. Prob: 0.02289%
7181 code (77CXCM-XKHH6TM) checked. Verified: 1773707. isIdOk: 406. Prob: 0.02289%
7182 code (7HX2CM-XKHH648) checked. Verified: 1773954. isIdOk: 406. Prob: 0.02289%
7183 code (79X5CM-XKHH9E4) checked. Verified: 1774201. isIdOk: 406. Prob: 0.02288%
7184 code (736MCM-XKHH946) checked. Verified: 1774448. isIdOk: 406. Prob: 0.02288%
7185 code (7E7MCM-XKHHK56) checked. Verified: 1774695. isIdOk: 406. Prob: 0.02288%
7186 code (723XCM-XKHHKA6) checked. Verified: 1774942. isIdOk: 406. Prob: 0.02287%
7187 code (73BACM-XKHHP57) checked. Verified: 1775189. isIdOk: 406. Prob: 0.02287%
7188 code (7TT3CM-XKHH13E) checked. Verified: 1775436. isIdOk: 406. Prob: 0.02287%
7189 code (77BTCM-XKHH166) checked. Verified: 1775683. isIdOk: 406. Prob: 0.02286%
7190 code (7H4ECM-XKHHAHA) checked. Verified: 1775930. isIdOk: 407. Prob: 0.02292%
7191 code (7T89CM-XKHHAKB) checked. Verified: 1776177. isIdOk: 407. Prob: 0.02291%
7192 code (717PCM-XKHHMPC) checked. Verified: 1776424. isIdOk: 407. Prob: 0.02291%
7193 code (7H00CM-XKHHX6C) checked. Verified: 1776671. isIdOk: 407. Prob: 0.02291%
7194 code (766KCM-XKHHX0E) checked. Verified: 1776918. isIdOk: 407. Prob: 0.0229%
7195 code (7A7TCM-XKHH88A) checked. Verified: 1777165. isIdOk: 407. Prob: 0.0229%
7196 code (7480CM-XKHHB51) checked. Verified: 1777412. isIdOk: 407. Prob: 0.0229%
7197 code (79E8CM-XKHHB20) checked. Verified: 1777659. isIdOk: 407. Prob: 0.0229%
7198 code (73C5CM-XKHHBMK) checked. Verified: 1777906. isIdOk: 407. Prob: 0.02289%
7199 code (7TC3CM-XKHHBBB) checked. Verified: 1778153. isIdOk: 407. Prob: 0.02289%
7200 code (7HE9CM-XKHH4KE) checked. Verified: 1778400. isIdOk: 407. Prob: 0.02289%
7201 code (7M4KCM-XKHH0C8) checked. Verified: 1778647. isIdOk: 407. Prob: 0.02288%
7202 code (CC4KCM-XKHH08E) checked. Verified: 1778894. isIdOk: 407. Prob: 0.02288%
7203 code (7501CM-XKH37HK) checked. Verified: 1779141. isIdOk: 407. Prob: 0.02288%
7204 code (7HCCCM-XKH37B2) checked. Verified: 1779388. isIdOk: 407. Prob: 0.02287%
7205 code (72EKCM-XKH3C1C) checked. Verified: 1779635. isIdOk: 407. Prob: 0.02287%
7206 code (7HP8CM-XKH3C4C) checked. Verified: 1779882. isIdOk: 407. Prob: 0.02287%
7207 code (C91KCM-XKH3HXX) checked. Verified: 1780129. isIdOk: 407. Prob: 0.02286%
7208 code (7T72CM-XKH33AM) checked. Verified: 1780376. isIdOk: 407. Prob: 0.02286%
7209 code (C958CM-XKH33XT) checked. Verified: 1780623. isIdOk: 407. Prob: 0.02286%
7210 code (73T0CM-XKH3T59) checked. Verified: 1780870. isIdOk: 407. Prob: 0.02285%
7211 code (HH96CM-XKH3T4P) checked. Verified: 1781117. isIdOk: 407. Prob: 0.02285%
7212 code (7H6BCM-XKH35A8) checked. Verified: 1781364. isIdOk: 407. Prob: 0.02285%
7213 code (7566CM-XKH3583) checked. Verified: 1781611. isIdOk: 407. Prob: 0.02284%
7214 code (7982CM-XKH32EE) checked. Verified: 1781858. isIdOk: 407. Prob: 0.02284%
7215 code (799MCM-XKH3EH0) checked. Verified: 1782105. isIdOk: 407. Prob: 0.02284%
7216 code (7785CM-XKH3EKK) checked. Verified: 1782352. isIdOk: 407. Prob: 0.02283%
7217 code (C7T1CM-XKH369B) checked. Verified: 1782599. isIdOk: 407. Prob: 0.02283%
7218 code (707ECM-XKH36AC) checked. Verified: 1782846. isIdOk: 407. Prob: 0.02283%
7219 code (7703CM-XKH39EP) checked. Verified: 1783093. isIdOk: 407. Prob: 0.02283%
7220 code (7P08CM-XKH39XM) checked. Verified: 1783340. isIdOk: 407. Prob: 0.02282%
7221 code (C30XCM-XKH3KXX) checked. Verified: 1783587. isIdOk: 407. Prob: 0.02282%
7222 code (73PCCM-XKH3P9T) checked. Verified: 1783834. isIdOk: 407. Prob: 0.02282%
7223 code (7682CM-XKH31H4) checked. Verified: 1784081. isIdOk: 407. Prob: 0.02281%
7224 code (7E1PCM-XKH3AH6) checked. Verified: 1784328. isIdOk: 408. Prob: 0.02287%
7225 code (7CCBCM-XKH3AP7) checked. Verified: 1784575. isIdOk: 408. Prob: 0.02286%
7226 code (C1KTCM-XKH3M7A) checked. Verified: 1784822. isIdOk: 408. Prob: 0.02286%
7227 code (7H9HCM-XKH3MKK) checked. Verified: 1785069. isIdOk: 408. Prob: 0.02286%
7228 code (CP4KCM-XKH3MA4) checked. Verified: 1785316. isIdOk: 408. Prob: 0.02285%
7229 code (7P8MCM-XKH3M00) checked. Verified: 1785563. isIdOk: 408. Prob: 0.02285%
7230 code (7750CM-XKH3XPE) checked. Verified: 1785810. isIdOk: 408. Prob: 0.02285%
7231 code (CHAHCM-XKH3XA2) checked. Verified: 1786057. isIdOk: 408. Prob: 0.02284%
7232 code (HCABCM-XKH3X86) checked. Verified: 1786304. isIdOk: 408. Prob: 0.02284%
7233 code (7CK0CM-XKH38X4) checked. Verified: 1786551. isIdOk: 408. Prob: 0.02284%
7234 code (7723CM-XKH3BXP) checked. Verified: 1786798. isIdOk: 408. Prob: 0.02283%
7235 code (72APCM-XKH3BB3) checked. Verified: 1787045. isIdOk: 408. Prob: 0.02283%
7236 code (H20XCM-XKH34T5) checked. Verified: 1787292. isIdOk: 408. Prob: 0.02283%
7237 code (75T6CM-XKH34T9) checked. Verified: 1787539. isIdOk: 408. Prob: 0.02282%
7238 code (7KAHCM-XKH30T9) checked. Verified: 1787786. isIdOk: 408. Prob: 0.02282%
7239 code (7A3BCM-XKH3062) checked. Verified: 1788033. isIdOk: 408. Prob: 0.02282%
7240 code (C243CM-XKH3097) checked. Verified: 1788280. isIdOk: 408. Prob: 0.02282%
7241 code (71TCCM-XKHT775) checked. Verified: 1788527. isIdOk: 408. Prob: 0.02281%
7242 code (72E8CM-XKHT784) checked. Verified: 1788774. isIdOk: 408. Prob: 0.02281%
7243 code (7HHACM-XKHTC6A) checked. Verified: 1789021. isIdOk: 408. Prob: 0.02281%
7244 code (C39BCM-XKHTC15) checked. Verified: 1789268. isIdOk: 408. Prob: 0.0228%
7245 code (77XTCM-XKHTH68) checked. Verified: 1789515. isIdOk: 408. Prob: 0.0228%
7246 code (C5APCM-XKHT3TH) checked. Verified: 1789762. isIdOk: 408. Prob: 0.0228%
7247 code (76KACM-XKHT3T3) checked. Verified: 1790009. isIdOk: 408. Prob: 0.02279%
7248 code (7656CM-XKHT3M6) checked. Verified: 1790256. isIdOk: 408. Prob: 0.02279%
7249 code (7THMCM-XKHTTKH) checked. Verified: 1790503. isIdOk: 408. Prob: 0.02279%
7250 code (7A62CM-XKHTTP1) checked. Verified: 1790750. isIdOk: 408. Prob: 0.02278%
7251 code (7THKCM-XKHT571) checked. Verified: 1790997. isIdOk: 408. Prob: 0.02278%
7252 code (7HBBCM-XKHT53A) checked. Verified: 1791244. isIdOk: 408. Prob: 0.02278%
7253 code (747PCM-XKHT2CP) checked. Verified: 1791491. isIdOk: 408. Prob: 0.02277%
7254 code (HP17CM-XKHT2E5) checked. Verified: 1791738. isIdOk: 408. Prob: 0.02277%
7255 code (77TTCM-XKHT2P3) checked. Verified: 1791985. isIdOk: 408. Prob: 0.02277%
7256 code (72THCM-XKHT211) checked. Verified: 1792232. isIdOk: 408. Prob: 0.02276%
7257 code (7H9KCM-XKHT2MK) checked. Verified: 1792479. isIdOk: 408. Prob: 0.02276%
7258 code (7233CM-XKHTEMT) checked. Verified: 1792726. isIdOk: 408. Prob: 0.02276%
7259 code (7TE3CM-XKHT6T6) checked. Verified: 1792973. isIdOk: 408. Prob: 0.02276%
7260 code (7KHKCM-XKHT6MB) checked. Verified: 1793220. isIdOk: 408. Prob: 0.02275%
7261 code (C75TCM-XKHT60P) checked. Verified: 1793467. isIdOk: 408. Prob: 0.02275%
7262 code (7E49CM-XKHT9PH) checked. Verified: 1793714. isIdOk: 408. Prob: 0.02275%
7263 code (7K90CM-XKHT90A) checked. Verified: 1793961. isIdOk: 408. Prob: 0.02274%
7264 code (7TB2CM-XKHTK9T) checked. Verified: 1794208. isIdOk: 408. Prob: 0.02274%
7265 code (7EHMCM-XKHTPC8) checked. Verified: 1794455. isIdOk: 408. Prob: 0.02274%
7266 code (7E56CM-XKHTP96) checked. Verified: 1794702. isIdOk: 408. Prob: 0.02273%
7267 code (7CPTCM-XKHT15T) checked. Verified: 1794949. isIdOk: 408. Prob: 0.02273%
7268 code (77K6CM-XKHT110) checked. Verified: 1795196. isIdOk: 409. Prob: 0.02278%
7269 code (771PCM-XKHTAEM) checked. Verified: 1795443. isIdOk: 409. Prob: 0.02278%
7270 code (7EMMCM-XKHTA46) checked. Verified: 1795690. isIdOk: 409. Prob: 0.02278%
7271 code (7KE8CM-XKHTMT0) checked. Verified: 1795937. isIdOk: 409. Prob: 0.02277%
7272 code (729CCM-XKHTX55) checked. Verified: 1796184. isIdOk: 409. Prob: 0.02277%
7273 code (7310CM-XKHT8HT) checked. Verified: 1796431. isIdOk: 409. Prob: 0.02277%
7274 code (7K74CM-XKHT8H8) checked. Verified: 1796678. isIdOk: 409. Prob: 0.02276%
7275 code (767KCM-XKHT829) checked. Verified: 1796925. isIdOk: 409. Prob: 0.02276%
7276 code (7596CM-XKHT817) checked. Verified: 1797172. isIdOk: 409. Prob: 0.02276%
7277 code (7HE9CM-XKHT818) checked. Verified: 1797419. isIdOk: 409. Prob: 0.02275%
7278 code (C16TCM-XKHT8A2) checked. Verified: 1797666. isIdOk: 409. Prob: 0.02275%
7279 code (7EB8CM-XKHTB38) checked. Verified: 1797913. isIdOk: 409. Prob: 0.02275%
7280 code (7EBECM-XKHTB1T) checked. Verified: 1798160. isIdOk: 409. Prob: 0.02275%
7281 code (7HM4CM-XKHTB43) checked. Verified: 1798407. isIdOk: 409. Prob: 0.02274%
7282 code (7EP3CM-XKHT42T) checked. Verified: 1798654. isIdOk: 409. Prob: 0.02274%
7283 code (7TX2CM-XKHT0CM) checked. Verified: 1798901. isIdOk: 409. Prob: 0.02274%
7284 code (7MXBCM-XKHT0H2) checked. Verified: 1799148. isIdOk: 409. Prob: 0.02273%
7285 code (7E2XCM-XKHT0KX) checked. Verified: 1799395. isIdOk: 409. Prob: 0.02273%
7286 code (7751CM-XKH575P) checked. Verified: 1799642. isIdOk: 409. Prob: 0.02273%
7287 code (769MCM-XKH5726) checked. Verified: 1799889. isIdOk: 409. Prob: 0.02272%
7288 code (7H2BCM-XKH5783) checked. Verified: 1800136. isIdOk: 409. Prob: 0.02272%
7289 code (7528CM-XKH5749) checked. Verified: 1800383. isIdOk: 409. Prob: 0.02272%
7290 code (7H39CM-XKH5C4M) checked. Verified: 1800630. isIdOk: 409. Prob: 0.02271%
7291 code (CH24CM-XKH5H33) checked. Verified: 1800877. isIdOk: 409. Prob: 0.02271%
7292 code (77T9CM-XKH5HM8) checked. Verified: 1801124. isIdOk: 409. Prob: 0.02271%
7293 code (7CK4CM-XKH53P9) checked. Verified: 1801371. isIdOk: 409. Prob: 0.0227%
7294 code (726TCM-XKH5TET) checked. Verified: 1801618. isIdOk: 409. Prob: 0.0227%
7295 code (75B6CM-XKH55HA) checked. Verified: 1801865. isIdOk: 409. Prob: 0.0227%
7296 code (C28PCM-XKH558K) checked. Verified: 1802112. isIdOk: 409. Prob: 0.0227%
7297 code (728TCM-XKH526X) checked. Verified: 1802359. isIdOk: 409. Prob: 0.02269%
7298 code (7EMACM-XKH5EC6) checked. Verified: 1802606. isIdOk: 409. Prob: 0.02269%
7299 code (7P48CM-XKH56CE) checked. Verified: 1802853. isIdOk: 409. Prob: 0.02269%
7300 code (73APCM-XKH5620) checked. Verified: 1803100. isIdOk: 409. Prob: 0.02268%
7301 code (79HACM-XKH560K) checked. Verified: 1803347. isIdOk: 409. Prob: 0.02268%
7302 code (7HEMCM-XKH59H2) checked. Verified: 1803594. isIdOk: 409. Prob: 0.02268%
7303 code (CHATCM-XKH599P) checked. Verified: 1803841. isIdOk: 409. Prob: 0.02267%
7304 code (713ACM-XKH5K73) checked. Verified: 1804088. isIdOk: 409. Prob: 0.02267%
7305 code (7771CM-XKH5K52) checked. Verified: 1804335. isIdOk: 409. Prob: 0.02267%
7306 code (C5H8CM-XKH5KP6) checked. Verified: 1804582. isIdOk: 409. Prob: 0.02266%
7307 code (7A1BCM-XKH5P7T) checked. Verified: 1804829. isIdOk: 409. Prob: 0.02266%
7308 code (751HCM-XKH5P21) checked. Verified: 1805076. isIdOk: 409. Prob: 0.02266%
7309 code (7T31CM-XKH5P8H) checked. Verified: 1805323. isIdOk: 409. Prob: 0.02266%
7310 code (7389CM-XKH5P88) checked. Verified: 1805570. isIdOk: 409. Prob: 0.02265%
7311 code (7HA3CM-XKH511C) checked. Verified: 1805817. isIdOk: 409. Prob: 0.02265%
7312 code (77BBCM-XKH5AK4) checked. Verified: 1806064. isIdOk: 409. Prob: 0.02265%
7313 code (7H6ECM-XKH5AM1) checked. Verified: 1806311. isIdOk: 409. Prob: 0.02264%
7314 code (7966CM-XKH5M1K) checked. Verified: 1806558. isIdOk: 409. Prob: 0.02264%
7315 code (7302CM-XKH5X53) checked. Verified: 1806805. isIdOk: 409. Prob: 0.02264%
7316 code (742HCM-XKH5XX8) checked. Verified: 1807052. isIdOk: 409. Prob: 0.02263%
7317 code (753HCM-XKH5893) checked. Verified: 1807299. isIdOk: 409. Prob: 0.02263%
7318 code (738BCM-XKH5BHK) checked. Verified: 1807546. isIdOk: 409. Prob: 0.02263%
7319 code (7CEHCM-XKH5BBM) checked. Verified: 1807793. isIdOk: 409. Prob: 0.02262%
7320 code (71AHCM-XKH54PM) checked. Verified: 1808040. isIdOk: 409. Prob: 0.02262%
7321 code (7H97CM-XKH54XC) checked. Verified: 1808287. isIdOk: 409. Prob: 0.02262%
7322 code (7916CM-XKH50P7) checked. Verified: 1808534. isIdOk: 409. Prob: 0.02262%
7323 code (738XCM-XKH277T) checked. Verified: 1808781. isIdOk: 409. Prob: 0.02261%
7324 code (7MB6CM-XKH27K4) checked. Verified: 1809028. isIdOk: 409. Prob: 0.02261%
7325 code (70ABCM-XKH27PK) checked. Verified: 1809275. isIdOk: 409. Prob: 0.02261%
7326 code (7TKHCM-XKH2CE1) checked. Verified: 1809522. isIdOk: 409. Prob: 0.0226%
7327 code (7X0MCM-XKH2C4T) checked. Verified: 1809769. isIdOk: 410. Prob: 0.02265%
7328 code (7H45CM-XKH2H1B) checked. Verified: 1810016. isIdOk: 410. Prob: 0.02265%
7329 code (7KBKCM-XKH232M) checked. Verified: 1810263. isIdOk: 410. Prob: 0.02265%
7330 code (73HPCM-XKH2TEK) checked. Verified: 1810510. isIdOk: 410. Prob: 0.02265%
7331 code (C5KACM-XKH2TXP) checked. Verified: 1810757. isIdOk: 410. Prob: 0.02264%
7332 code (75C2CM-XKH25K1) checked. Verified: 1811004. isIdOk: 411. Prob: 0.02269%
7333 code (7C7BCM-XKH22CC) checked. Verified: 1811251. isIdOk: 411. Prob: 0.02269%
7334 code (727CCM-XKH2233) checked. Verified: 1811498. isIdOk: 411. Prob: 0.02269%
7335 code (7CPBCM-XKH229M) checked. Verified: 1811745. isIdOk: 411. Prob: 0.02269%
7336 code (7999CM-XKH2200) checked. Verified: 1811992. isIdOk: 411. Prob: 0.02268%
7337 code (7C1TCM-XKH2E14) checked. Verified: 1812239. isIdOk: 411. Prob: 0.02268%
7338 code (7CK4CM-XKH2E0P) checked. Verified: 1812486. isIdOk: 412. Prob: 0.02273%
7339 code (76A3CM-XKH2664) checked. Verified: 1812733. isIdOk: 412. Prob: 0.02273%
7340 code (C9BECM-XKH2936) checked. Verified: 1812980. isIdOk: 412. Prob: 0.02273%
7341 code (CC2BCM-XKH29M5) checked. Verified: 1813227. isIdOk: 412. Prob: 0.02272%
7342 code (790HCM-XKH2KEH) checked. Verified: 1813474. isIdOk: 412. Prob: 0.02272%
7343 code (7P5MCM-XKH2K90) checked. Verified: 1813721. isIdOk: 412. Prob: 0.02272%
7344 code (7CM6CM-XKH2KPX) checked. Verified: 1813968. isIdOk: 412. Prob: 0.02271%
7345 code (77B6CM-XKH2K4E) checked. Verified: 1814215. isIdOk: 412. Prob: 0.02271%
7346 code (7H24CM-XKH2P48) checked. Verified: 1814462. isIdOk: 412. Prob: 0.02271%
7347 code (71H8CM-XKH21TT) checked. Verified: 1814709. isIdOk: 412. Prob: 0.0227%
7348 code (7KMBCM-XKH2192) checked. Verified: 1814956. isIdOk: 412. Prob: 0.0227%
7349 code (75KKCM-XKH210E) checked. Verified: 1815203. isIdOk: 412. Prob: 0.0227%
7350 code (7E9PCM-XKH2AT3) checked. Verified: 1815450. isIdOk: 412. Prob: 0.02269%
7351 code (72HKCM-XKH2A96) checked. Verified: 1815697. isIdOk: 412. Prob: 0.02269%
7352 code (71H7CM-XKH2M28) checked. Verified: 1815944. isIdOk: 412. Prob: 0.02269%
7353 code (7EAPCM-XKH2X5X) checked. Verified: 1816191. isIdOk: 412. Prob: 0.02268%
7354 code (7766CM-XKH2827) checked. Verified: 1816438. isIdOk: 412. Prob: 0.02268%
7355 code (7X5BCM-XKH2B2H) checked. Verified: 1816685. isIdOk: 412. Prob: 0.02268%
7356 code (7P32CM-XKH2B97) checked. Verified: 1816932. isIdOk: 412. Prob: 0.02268%
7357 code (7XCKCM-XKH2B9K) checked. Verified: 1817179. isIdOk: 412. Prob: 0.02267%
7358 code (7C58CM-XKH2458) checked. Verified: 1817426. isIdOk: 412. Prob: 0.02267%
7359 code (780XCM-XKH24K7) checked. Verified: 1817673. isIdOk: 412. Prob: 0.02267%
7360 code (CX5PCM-XKH24MK) checked. Verified: 1817920. isIdOk: 412. Prob: 0.02266%
7361 code (7286CM-XKH207X) checked. Verified: 1818167. isIdOk: 412. Prob: 0.02266%
7362 code (777ECM-XKH204B) checked. Verified: 1818414. isIdOk: 413. Prob: 0.02271%
7363 code (7CTACM-XKHE773) checked. Verified: 1818661. isIdOk: 413. Prob: 0.02271%
7364 code (749BCM-XKHE7H0) checked. Verified: 1818908. isIdOk: 413. Prob: 0.02271%
7365 code (742TCM-XKHE784) checked. Verified: 1819155. isIdOk: 413. Prob: 0.0227%
7366 code (7207CM-XKHEC97) checked. Verified: 1819402. isIdOk: 413. Prob: 0.0227%
7367 code (77M7CM-XKHEC0C) checked. Verified: 1819649. isIdOk: 413. Prob: 0.0227%
7368 code (7TKPCM-XKHEH1E) checked. Verified: 1819896. isIdOk: 413. Prob: 0.02269%
7369 code (7HH0CM-XKHE398) checked. Verified: 1820143. isIdOk: 413. Prob: 0.02269%
7370 code (7738CM-XKHE31M) checked. Verified: 1820390. isIdOk: 413. Prob: 0.02269%
7371 code (C554CM-XKHE34E) checked. Verified: 1820637. isIdOk: 413. Prob: 0.02268%
7372 code (7KKTCM-XKHET18) checked. Verified: 1820884. isIdOk: 413. Prob: 0.02268%
7373 code (C77CCM-XKHE534) checked. Verified: 1821131. isIdOk: 413. Prob: 0.02268%
7374 code (7185CM-XKHE5A8) checked. Verified: 1821378. isIdOk: 413. Prob: 0.02268%
7375 code (77BBCM-XKHE5X0) checked. Verified: 1821625. isIdOk: 413. Prob: 0.02267%
7376 code (7HM8CM-XKHE252) checked. Verified: 1821872. isIdOk: 413. Prob: 0.02267%
7377 code (7508CM-XKHE2B9) checked. Verified: 1822119. isIdOk: 413. Prob: 0.02267%
7378 code (CPBACM-XKHEE9E) checked. Verified: 1822366. isIdOk: 413. Prob: 0.02266%
7379 code (7KKCCM-XKHEE87) checked. Verified: 1822613. isIdOk: 413. Prob: 0.02266%
7380 code (7K58CM-XKHE654) checked. Verified: 1822860. isIdOk: 413. Prob: 0.02266%
7381 code (76EECM-XKHE641) checked. Verified: 1823107. isIdOk: 413. Prob: 0.02265%
7382 code (72XXCM-XKHE9X6) checked. Verified: 1823354. isIdOk: 413. Prob: 0.02265%
7383 code (75AXCM-XKHE9BB) checked. Verified: 1823601. isIdOk: 413. Prob: 0.02265%
7384 code (CC65CM-XKHEK3P) checked. Verified: 1823848. isIdOk: 413. Prob: 0.02264%
7385 code (710KCM-XKHEK1M) checked. Verified: 1824095. isIdOk: 413. Prob: 0.02264%
7386 code (7H26CM-XKHEP91) checked. Verified: 1824342. isIdOk: 413. Prob: 0.02264%
7387 code (7CX9CM-XKHE136) checked. Verified: 1824589. isIdOk: 413. Prob: 0.02264%
7388 code (7H0CCM-XKHEAH6) checked. Verified: 1824836. isIdOk: 413. Prob: 0.02263%
7389 code (7HBBCM-XKHEAMT) checked. Verified: 1825083. isIdOk: 413. Prob: 0.02263%
7390 code (7HPECM-XKHEAXP) checked. Verified: 1825330. isIdOk: 413. Prob: 0.02263%
7391 code (7CHTCM-XKHEMCX) checked. Verified: 1825577. isIdOk: 413. Prob: 0.02262%
7392 code (7C3TCM-XKHEMEC) checked. Verified: 1825824. isIdOk: 413. Prob: 0.02262%
7393 code (7T1HCM-XKHEXCH) checked. Verified: 1826071. isIdOk: 413. Prob: 0.02262%
7394 code (773BCM-XKHEX55) checked. Verified: 1826318. isIdOk: 413. Prob: 0.02261%
7395 code (7A6ACM-XKHEX83) checked. Verified: 1826565. isIdOk: 413. Prob: 0.02261%
7396 code (73ABCM-XKHE8CB) checked. Verified: 1826812. isIdOk: 413. Prob: 0.02261%
7397 code (774CCM-XKHE8X7) checked. Verified: 1827059. isIdOk: 413. Prob: 0.0226%
7398 code (73KKCM-XKHEB27) checked. Verified: 1827306. isIdOk: 413. Prob: 0.0226%
7399 code (72P1CM-XKHEBE4) checked. Verified: 1827553. isIdOk: 413. Prob: 0.0226%
7400 code (7CAACM-XKHE468) checked. Verified: 1827800. isIdOk: 413. Prob: 0.0226%
7401 code (7372CM-XKHE4KP) checked. Verified: 1828047. isIdOk: 413. Prob: 0.02259%
7402 code (7EA6CM-XKHE064) checked. Verified: 1828294. isIdOk: 413. Prob: 0.02259%
7403 code (7EEHCM-XKH6758) checked. Verified: 1828541. isIdOk: 413. Prob: 0.02259%
7404 code (73A7CM-XKH6C2M) checked. Verified: 1828788. isIdOk: 413. Prob: 0.02258%
7405 code (7XXACM-XKH6H37) checked. Verified: 1829035. isIdOk: 413. Prob: 0.02258%
7406 code (7638CM-XKH6H3C) checked. Verified: 1829282. isIdOk: 414. Prob: 0.02263%
7407 code (7T9KCM-XKH6HP9) checked. Verified: 1829529. isIdOk: 414. Prob: 0.02263%
7408 code (7BE7CM-XKH6335) checked. Verified: 1829776. isIdOk: 414. Prob: 0.02263%
7409 code (C429CM-XKH6TT3) checked. Verified: 1830023. isIdOk: 415. Prob: 0.02268%
7410 code (70P9CM-XKH65H7) checked. Verified: 1830270. isIdOk: 415. Prob: 0.02267%
7411 code (7773CM-XKH6529) checked. Verified: 1830517. isIdOk: 416. Prob: 0.02273%
7412 code (75ETCM-XKH65BT) checked. Verified: 1830764. isIdOk: 416. Prob: 0.02272%
7413 code (7TC2CM-XKH62E6) checked. Verified: 1831011. isIdOk: 416. Prob: 0.02272%
7414 code (7C4KCM-XKH62EK) checked. Verified: 1831258. isIdOk: 416. Prob: 0.02272%
7415 code (7752CM-XKH6E7C) checked. Verified: 1831505. isIdOk: 416. Prob: 0.02271%
7416 code (CKEMCM-XKH6EE7) checked. Verified: 1831752. isIdOk: 416. Prob: 0.02271%
7417 code (7XHPCM-XKH6E18) checked. Verified: 1831999. isIdOk: 416. Prob: 0.02271%
7418 code (77XMCM-XKH66TP) checked. Verified: 1832246. isIdOk: 416. Prob: 0.0227%
7419 code (CTTACM-XKH661T) checked. Verified: 1832493. isIdOk: 416. Prob: 0.0227%
7420 code (72X0CM-XKH69EC) checked. Verified: 1832740. isIdOk: 416. Prob: 0.0227%
7421 code (7K56CM-XKH6KT8) checked. Verified: 1832987. isIdOk: 416. Prob: 0.0227%
7422 code (CPA7CM-XKH6KX8) checked. Verified: 1833234. isIdOk: 416. Prob: 0.02269%
7423 code (7AHMCM-XKH6P11) checked. Verified: 1833481. isIdOk: 416. Prob: 0.02269%
7424 code (7TE5CM-XKH6122) checked. Verified: 1833728. isIdOk: 416. Prob: 0.02269%
7425 code (73E5CM-XKH6AT3) checked. Verified: 1833975. isIdOk: 416. Prob: 0.02268%
7426 code (74ABCM-XKH6MC8) checked. Verified: 1834222. isIdOk: 416. Prob: 0.02268%
7427 code (7X8CCM-XKH6M41) checked. Verified: 1834469. isIdOk: 416. Prob: 0.02268%
7428 code (7776CM-XKH6XXC) checked. Verified: 1834716. isIdOk: 416. Prob: 0.02267%
7429 code (C79PCM-XKH68T9) checked. Verified: 1834963. isIdOk: 416. Prob: 0.02267%
7430 code (7EM0CM-XKH68BH) checked. Verified: 1835210. isIdOk: 416. Prob: 0.02267%
7431 code (C247CM-XKH6B90) checked. Verified: 1835457. isIdOk: 416. Prob: 0.02266%
7432 code (7PA6CM-XKH6BK8) checked. Verified: 1835704. isIdOk: 416. Prob: 0.02266%
7433 code (7C2KCM-XKH6B15) checked. Verified: 1835951. isIdOk: 416. Prob: 0.02266%
7434 code (CA3HCM-XKH6B07) checked. Verified: 1836198. isIdOk: 416. Prob: 0.02266%
7435 code (C5CCCM-XKH64H1) checked. Verified: 1836445. isIdOk: 416. Prob: 0.02265%
7436 code (7083CM-XKH64BA) checked. Verified: 1836692. isIdOk: 416. Prob: 0.02265%
7437 code (774BCM-XKH6447) checked. Verified: 1836939. isIdOk: 416. Prob: 0.02265%
7438 code (7H68CM-XKH60TC) checked. Verified: 1837186. isIdOk: 416. Prob: 0.02264%
7439 code (7AX7CM-XKH6062) checked. Verified: 1837433. isIdOk: 416. Prob: 0.02264%
7440 code (7T2MCM-XKH60XM) checked. Verified: 1837680. isIdOk: 416. Prob: 0.02264%
7441 code (7BX3CM-XKH97M6) checked. Verified: 1837927. isIdOk: 416. Prob: 0.02263%
7442 code (7T01CM-XKH9CPA) checked. Verified: 1838174. isIdOk: 416. Prob: 0.02263%
7443 code (771CCM-XKH9HT2) checked. Verified: 1838421. isIdOk: 416. Prob: 0.02263%
7444 code (7697CM-XKH9H94) checked. Verified: 1838668. isIdOk: 416. Prob: 0.02263%
7445 code (7CPPCM-XKH935X) checked. Verified: 1838915. isIdOk: 416. Prob: 0.02262%
7446 code (73P1CM-XKH93AM) checked. Verified: 1839162. isIdOk: 416. Prob: 0.02262%
7447 code (770ECM-XKH9TCC) checked. Verified: 1839409. isIdOk: 416. Prob: 0.02262%
7448 code (77A1CM-XKH9T66) checked. Verified: 1839656. isIdOk: 416. Prob: 0.02261%
7449 code (752ECM-XKH955X) checked. Verified: 1839903. isIdOk: 416. Prob: 0.02261%
7450 code (7H9BCM-XKH95B9) checked. Verified: 1840150. isIdOk: 416. Prob: 0.02261%
7451 code (72AXCM-XKH922E) checked. Verified: 1840397. isIdOk: 416. Prob: 0.0226%
7452 code (7H2CCM-XKH9ET2) checked. Verified: 1840644. isIdOk: 416. Prob: 0.0226%
7453 code (752KCM-XKH96CB) checked. Verified: 1840891. isIdOk: 416. Prob: 0.0226%
7454 code (C6K4CM-XKH9649) checked. Verified: 1841138. isIdOk: 416. Prob: 0.02259%
7455 code (7345CM-XKH996H) checked. Verified: 1841385. isIdOk: 416. Prob: 0.02259%
7456 code (756KCM-XKH99MK) checked. Verified: 1841632. isIdOk: 416. Prob: 0.02259%
7457 code (7K8ACM-XKH9KPE) checked. Verified: 1841879. isIdOk: 416. Prob: 0.02259%
7458 code (7T7TCM-XKH9PEH) checked. Verified: 1842126. isIdOk: 416. Prob: 0.02258%
7459 code (77HBCM-XKH91E4) checked. Verified: 1842373. isIdOk: 416. Prob: 0.02258%
7460 code (7C59CM-XKH91A8) checked. Verified: 1842620. isIdOk: 416. Prob: 0.02258%
7461 code (CH84CM-XKH9AP7) checked. Verified: 1842867. isIdOk: 416. Prob: 0.02257%
7462 code (7A14CM-XKH9ME4) checked. Verified: 1843114. isIdOk: 416. Prob: 0.02257%
7463 code (7M8MCM-XKH9M80) checked. Verified: 1843361. isIdOk: 416. Prob: 0.02257%
7464 code (C23ACM-XKH9XH6) checked. Verified: 1843608. isIdOk: 416. Prob: 0.02256%
7465 code (7HTTCM-XKH9X42) checked. Verified: 1843855. isIdOk: 416. Prob: 0.02256%
7466 code (7H3PCM-XKH98B1) checked. Verified: 1844102. isIdOk: 416. Prob: 0.02256%
7467 code (79TPCM-XKH9BM1) checked. Verified: 1844349. isIdOk: 416. Prob: 0.02256%
7468 code (7CK4CM-XKH942P) checked. Verified: 1844596. isIdOk: 416. Prob: 0.02255%
7469 code (72XECM-XKH944E) checked. Verified: 1844843. isIdOk: 416. Prob: 0.02255%
7470 code (7MX0CM-XKH9031) checked. Verified: 1845090. isIdOk: 417. Prob: 0.0226%
7471 code (773CCM-XKH90P2) checked. Verified: 1845337. isIdOk: 417. Prob: 0.0226%
7472 code (7T5ECM-XKHK7E2) checked. Verified: 1845584. isIdOk: 417. Prob: 0.02259%
7473 code (HT6XCM-XKHKC63) checked. Verified: 1845831. isIdOk: 417. Prob: 0.02259%
7474 code (7PT5CM-XKHKC1C) checked. Verified: 1846078. isIdOk: 417. Prob: 0.02259%
7475 code (798PCM-XKHKHKB) checked. Verified: 1846325. isIdOk: 417. Prob: 0.02259%
7476 code (7M79CM-XKHKHPC) checked. Verified: 1846572. isIdOk: 417. Prob: 0.02258%
7477 code (7921CM-XKHK3P1) checked. Verified: 1846819. isIdOk: 417. Prob: 0.02258%
7478 code (7786CM-XKHK38C) checked. Verified: 1847066. isIdOk: 417. Prob: 0.02258%
7479 code (CBE8CM-XKHKTXT) checked. Verified: 1847313. isIdOk: 417. Prob: 0.02257%
7480 code (7E55CM-XKHK550) checked. Verified: 1847560. isIdOk: 417. Prob: 0.02257%
7481 code (706BCM-XKHK54T) checked. Verified: 1847807. isIdOk: 417. Prob: 0.02257%
7482 code (77H0CM-XKHK2B6) checked. Verified: 1848054. isIdOk: 417. Prob: 0.02256%
7483 code (71E0CM-XKHKET4) checked. Verified: 1848301. isIdOk: 417. Prob: 0.02256%
7484 code (71EACM-XKHKEM1) checked. Verified: 1848548. isIdOk: 417. Prob: 0.02256%
7485 code (726BCM-XKHK6KK) checked. Verified: 1848795. isIdOk: 417. Prob: 0.02256%
7486 code (769CCM-XKHK6M2) checked. Verified: 1849042. isIdOk: 417. Prob: 0.02255%
7487 code (7EA4CM-XKHK6M8) checked. Verified: 1849289. isIdOk: 417. Prob: 0.02255%
7488 code (7TKCCM-XKHK9EC) checked. Verified: 1849536. isIdOk: 417. Prob: 0.02255%
7489 code (7A1ACM-XKHKKCX) checked. Verified: 1849783. isIdOk: 417. Prob: 0.02254%
7490 code (73XBCM-XKHKKP6) checked. Verified: 1850030. isIdOk: 417. Prob: 0.02254%
7491 code (C8KECM-XKHKK8A) checked. Verified: 1850277. isIdOk: 417. Prob: 0.02254%
7492 code (CH20CM-XKHKK44) checked. Verified: 1850524. isIdOk: 417. Prob: 0.02253%
7493 code (73P5CM-XKHKPM2) checked. Verified: 1850771. isIdOk: 417. Prob: 0.02253%
7494 code (CH1BCM-XKHK1H8) checked. Verified: 1851018. isIdOk: 417. Prob: 0.02253%
7495 code (CEH3CM-XKHKA7E) checked. Verified: 1851265. isIdOk: 417. Prob: 0.02253%
7496 code (C56KCM-XKHKM78) checked. Verified: 1851512. isIdOk: 417. Prob: 0.02252%
7497 code (7CA3CM-XKHKM00) checked. Verified: 1851759. isIdOk: 417. Prob: 0.02252%
7498 code (7C1KCM-XKHKX53) checked. Verified: 1852006. isIdOk: 417. Prob: 0.02252%
7499 code (7224CM-XKHKXM4) checked. Verified: 1852253. isIdOk: 417. Prob: 0.02251%
7500 code (7758CM-XKHK8EE) checked. Verified: 1852500. isIdOk: 417. Prob: 0.02251%
7501 code (70BACM-XKHKB5X) checked. Verified: 1852747. isIdOk: 417. Prob: 0.02251%
7502 code (7C08CM-XKHKB6A) checked. Verified: 1852994. isIdOk: 417. Prob: 0.0225%
7503 code (7M36CM-XKHK472) checked. Verified: 1853241. isIdOk: 417. Prob: 0.0225%
7504 code (C5CBCM-XKHK42P) checked. Verified: 1853488. isIdOk: 417. Prob: 0.0225%
7505 code (7K68CM-XKHK4MP) checked. Verified: 1853735. isIdOk: 417. Prob: 0.0225%
7506 code (7T2XCM-XKHK4X9) checked. Verified: 1853982. isIdOk: 417. Prob: 0.02249%
7507 code (7CT0CM-XKHK0KB) checked. Verified: 1854229. isIdOk: 417. Prob: 0.02249%
7508 code (72A0CM-XKHK0MH) checked. Verified: 1854476. isIdOk: 417. Prob: 0.02249%
7509 code (C5TMCM-XKHP76P) checked. Verified: 1854723. isIdOk: 417. Prob: 0.02248%
7510 code (74APCM-XKHP7KP) checked. Verified: 1854970. isIdOk: 417. Prob: 0.02248%
7511 code (C7T7CM-XKHP7PT) checked. Verified: 1855217. isIdOk: 417. Prob: 0.02248%
7512 code (7X59CM-XKHPCT2) checked. Verified: 1855464. isIdOk: 418. Prob: 0.02253%
7513 code (772BCM-XKHPCTX) checked. Verified: 1855711. isIdOk: 418. Prob: 0.02253%
7514 code (70TMCM-XKHPC5K) checked. Verified: 1855958. isIdOk: 418. Prob: 0.02252%
7515 code (764PCM-XKHPC1T) checked. Verified: 1856205. isIdOk: 418. Prob: 0.02252%
7516 code (7CK2CM-XKHPCBX) checked. Verified: 1856452. isIdOk: 418. Prob: 0.02252%
7517 code (72H7CM-XKHPH24) checked. Verified: 1856699. isIdOk: 418. Prob: 0.02251%
7518 code (72H9CM-XKHPH84) checked. Verified: 1856946. isIdOk: 418. Prob: 0.02251%
7519 code (7EXXCM-XKHP3E9) checked. Verified: 1857193. isIdOk: 418. Prob: 0.02251%
7520 code (718XCM-XKHP39T) checked. Verified: 1857440. isIdOk: 418. Prob: 0.0225%
7521 code (7575CM-XKHPT74) checked. Verified: 1857687. isIdOk: 418. Prob: 0.0225%
7522 code (7C05CM-XKHPT69) checked. Verified: 1857934. isIdOk: 418. Prob: 0.0225%
7523 code (729CCM-XKHP52A) checked. Verified: 1858181. isIdOk: 418. Prob: 0.0225%
7524 code (78T0CM-XKHP58M) checked. Verified: 1858428. isIdOk: 418. Prob: 0.02249%
7525 code (7T8CCM-XKHP2H7) checked. Verified: 1858675. isIdOk: 418. Prob: 0.02249%
7526 code (7C10CM-XKHP2XM) checked. Verified: 1858922. isIdOk: 418. Prob: 0.02249%
7527 code (7T31CM-XKHPEE2) checked. Verified: 1859169. isIdOk: 418. Prob: 0.02248%
7528 code (7P99CM-XKHPEM6) checked. Verified: 1859416. isIdOk: 418. Prob: 0.02248%
7529 code (CXK3CM-XKHP63K) checked. Verified: 1859663. isIdOk: 418. Prob: 0.02248%
7530 code (73A3CM-XKHP62P) checked. Verified: 1859910. isIdOk: 418. Prob: 0.02247%
7531 code (795CCM-XKHP6KK) checked. Verified: 1860157. isIdOk: 418. Prob: 0.02247%
7532 code (7C3XCM-XKHP93M) checked. Verified: 1860404. isIdOk: 418. Prob: 0.02247%
7533 code (7CBBCM-XKHPKC7) checked. Verified: 1860651. isIdOk: 418. Prob: 0.02247%
7534 code (7242CM-XKHPK26) checked. Verified: 1860898. isIdOk: 418. Prob: 0.02246%
7535 code (72TBCM-XKHPPC4) checked. Verified: 1861145. isIdOk: 419. Prob: 0.02251%
7536 code (7P92CM-XKHPP56) checked. Verified: 1861392. isIdOk: 419. Prob: 0.02251%
7537 code (711ACM-XKHP13K) checked. Verified: 1861639. isIdOk: 419. Prob: 0.02251%
7538 code (7EAPCM-XKHP109) checked. Verified: 1861886. isIdOk: 419. Prob: 0.0225%
7539 code (76CKCM-XKHPA89) checked. Verified: 1862133. isIdOk: 419. Prob: 0.0225%
7540 code (7TH2CM-XKHPM79) checked. Verified: 1862380. isIdOk: 419. Prob: 0.0225%
7541 code (7P8KCM-XKHPM38) checked. Verified: 1862627. isIdOk: 419. Prob: 0.0225%
7542 code (7T93CM-XKHPMP3) checked. Verified: 1862874. isIdOk: 419. Prob: 0.02249%
7543 code (CE63CM-XKHPX2M) checked. Verified: 1863121. isIdOk: 419. Prob: 0.02249%
7544 code (C23BCM-XKHPXXE) checked. Verified: 1863368. isIdOk: 419. Prob: 0.02249%
7545 code (7C2PCM-XKHP8X8) checked. Verified: 1863615. isIdOk: 419. Prob: 0.02248%
7546 code (C7T2CM-XKHPB5T) checked. Verified: 1863862. isIdOk: 419. Prob: 0.02248%
7547 code (7CBXCM-XKHPB13) checked. Verified: 1864109. isIdOk: 419. Prob: 0.02248%
7548 code (7102CM-XKHP4H2) checked. Verified: 1864356. isIdOk: 419. Prob: 0.02247%
7549 code (7T37CM-XKHP46B) checked. Verified: 1864603. isIdOk: 419. Prob: 0.02247%
7550 code (7C7TCM-XKHP071) checked. Verified: 1864850. isIdOk: 419. Prob: 0.02247%
7551 code (774MCM-XKHP0CA) checked. Verified: 1865097. isIdOk: 419. Prob: 0.02247%
7552 code (7KAMCM-XKHP0T8) checked. Verified: 1865344. isIdOk: 419. Prob: 0.02246%
7553 code (71P6CM-XKHP04T) checked. Verified: 1865591. isIdOk: 419. Prob: 0.02246%
7554 code (73PACM-XKH17XT) checked. Verified: 1865838. isIdOk: 419. Prob: 0.02246%
7555 code (71K2CM-XKH174X) checked. Verified: 1866085. isIdOk: 419. Prob: 0.02245%
7556 code (7H19CM-XKH1CKT) checked. Verified: 1866332. isIdOk: 419. Prob: 0.02245%
7557 code (CTABCM-XKH1HCK) checked. Verified: 1866579. isIdOk: 419. Prob: 0.02245%
7558 code (7AA4CM-XKH1379) checked. Verified: 1866826. isIdOk: 419. Prob: 0.02244%
7559 code (7KEHCM-XKH13X0) checked. Verified: 1867073. isIdOk: 419. Prob: 0.02244%
7560 code (7P9CCM-XKH1T1T) checked. Verified: 1867320. isIdOk: 419. Prob: 0.02244%
7561 code (7TP1CM-XKH1TB4) checked. Verified: 1867567. isIdOk: 419. Prob: 0.02244%
7562 code (7ACHCM-XKH159B) checked. Verified: 1867814. isIdOk: 419. Prob: 0.02243%
7563 code (C77CCM-XKH154P) checked. Verified: 1868061. isIdOk: 419. Prob: 0.02243%
7564 code (HETTCM-XKH127M) checked. Verified: 1868308. isIdOk: 419. Prob: 0.02243%
7565 code (75TCCM-XKH1246) checked. Verified: 1868555. isIdOk: 419. Prob: 0.02242%
7566 code (769ECM-XKH1ETB) checked. Verified: 1868802. isIdOk: 419. Prob: 0.02242%
7567 code (CAP3CM-XKH1EKT) checked. Verified: 1869049. isIdOk: 419. Prob: 0.02242%
7568 code (HHAKCM-XKH1676) checked. Verified: 1869296. isIdOk: 419. Prob: 0.02241%
7569 code (7300CM-XKH16C9) checked. Verified: 1869543. isIdOk: 419. Prob: 0.02241%
7570 code (76PACM-XKH1696) checked. Verified: 1869790. isIdOk: 419. Prob: 0.02241%
7571 code (7T53CM-XKH19EX) checked. Verified: 1870037. isIdOk: 419. Prob: 0.02241%
7572 code (73E3CM-XKH19BT) checked. Verified: 1870284. isIdOk: 419. Prob: 0.0224%
7573 code (73H9CM-XKH1KK2) checked. Verified: 1870531. isIdOk: 419. Prob: 0.0224%
7574 code (786ACM-XKH1KA1) checked. Verified: 1870778. isIdOk: 419. Prob: 0.0224%
7575 code (7C68CM-XKH1PAC) checked. Verified: 1871025. isIdOk: 419. Prob: 0.02239%
7576 code (76MPCM-XKH1PBX) checked. Verified: 1871272. isIdOk: 419. Prob: 0.02239%
7577 code (7B9HCM-XKH1112) checked. Verified: 1871519. isIdOk: 419. Prob: 0.02239%
7578 code (7CHBCM-XKH1A63) checked. Verified: 1871766. isIdOk: 419. Prob: 0.02239%
7579 code (7M01CM-XKH1AB4) checked. Verified: 1872013. isIdOk: 419. Prob: 0.02238%
7580 code (7A8PCM-XKH1MT6) checked. Verified: 1872260. isIdOk: 419. Prob: 0.02238%
7581 code (CEH1CM-XKH1XC1) checked. Verified: 1872507. isIdOk: 419. Prob: 0.02238%
7582 code (75A1CM-XKH1XTE) checked. Verified: 1872754. isIdOk: 419. Prob: 0.02237%
7583 code (7430CM-XKH187B) checked. Verified: 1873001. isIdOk: 419. Prob: 0.02237%
7584 code (C58ACM-XKH18X9) checked. Verified: 1873248. isIdOk: 419. Prob: 0.02237%
7585 code (H39CCM-XKH1B5X) checked. Verified: 1873495. isIdOk: 419. Prob: 0.02236%
7586 code (7C65CM-XKH1B91) checked. Verified: 1873742. isIdOk: 419. Prob: 0.02236%
7587 code (7841CM-XKH149M) checked. Verified: 1873989. isIdOk: 419. Prob: 0.02236%
7588 code (7H3KCM-XKH109K) checked. Verified: 1874236. isIdOk: 419. Prob: 0.02236%
7589 code (7K92CM-XKH10A3) checked. Verified: 1874483. isIdOk: 419. Prob: 0.02235%
7590 code (CET8CM-XKHA7KH) checked. Verified: 1874730. isIdOk: 419. Prob: 0.02235%
7591 code (798XCM-XKHA7M5) checked. Verified: 1874977. isIdOk: 419. Prob: 0.02235%
7592 code (71CHCM-XKHAC9C) checked. Verified: 1875224. isIdOk: 419. Prob: 0.02234%
7593 code (7C5TCM-XKHAHEA) checked. Verified: 1875471. isIdOk: 419. Prob: 0.02234%
7594 code (7P3PCM-XKHAH6B) checked. Verified: 1875718. isIdOk: 419. Prob: 0.02234%
7595 code (77KACM-XKHAHBK) checked. Verified: 1875965. isIdOk: 419. Prob: 0.02234%
7596 code (77T7CM-XKHA3CC) checked. Verified: 1876212. isIdOk: 419. Prob: 0.02233%
7597 code (7PX7CM-XKHA3A8) checked. Verified: 1876459. isIdOk: 419. Prob: 0.02233%
7598 code (77KCCM-XKHAT6K) checked. Verified: 1876706. isIdOk: 419. Prob: 0.02233%
7599 code (7AB8CM-XKHAT9A) checked. Verified: 1876953. isIdOk: 419. Prob: 0.02232%
7600 code (7BMHCM-XKHATAB) checked. Verified: 1877200. isIdOk: 419. Prob: 0.02232%
7601 code (7BM7CM-XKHA5H1) checked. Verified: 1877447. isIdOk: 419. Prob: 0.02232%
7602 code (7A5HCM-XKHA55H) checked. Verified: 1877694. isIdOk: 419. Prob: 0.02231%
7603 code (76CHCM-XKHA2T7) checked. Verified: 1877941. isIdOk: 419. Prob: 0.02231%
7604 code (7H8HCM-XKHAEH3) checked. Verified: 1878188. isIdOk: 419. Prob: 0.02231%
7605 code (75M3CM-XKHAETP) checked. Verified: 1878435. isIdOk: 419. Prob: 0.02231%
7606 code (7HXBCM-XKHA6TM) checked. Verified: 1878682. isIdOk: 419. Prob: 0.0223%
7607 code (7C7TCM-XKHA6XC) checked. Verified: 1878929. isIdOk: 419. Prob: 0.0223%
7608 code (7MX2CM-XKHA9C4) checked. Verified: 1879176. isIdOk: 419. Prob: 0.0223%
7609 code (7P5TCM-XKHA98H) checked. Verified: 1879423. isIdOk: 419. Prob: 0.02229%
7610 code (77BKCM-XKHAK8H) checked. Verified: 1879670. isIdOk: 419. Prob: 0.02229%
7611 code (C437CM-XKHAKBX) checked. Verified: 1879917. isIdOk: 419. Prob: 0.02229%
7612 code (750TCM-XKHAP9T) checked. Verified: 1880164. isIdOk: 419. Prob: 0.02229%
7613 code (73A8CM-XKHA1ET) checked. Verified: 1880411. isIdOk: 419. Prob: 0.02228%
7614 code (CEC9CM-XKHA109) checked. Verified: 1880658. isIdOk: 419. Prob: 0.02228%
7615 code (7H68CM-XKHAAM6) checked. Verified: 1880905. isIdOk: 419. Prob: 0.02228%
7616 code (CB73CM-XKHAABP) checked. Verified: 1881152. isIdOk: 419. Prob: 0.02227%
7617 code (784PCM-XKHAMCE) checked. Verified: 1881399. isIdOk: 419. Prob: 0.02227%
7618 code (C485CM-XKHAM6A) checked. Verified: 1881646. isIdOk: 419. Prob: 0.02227%
7619 code (7C69CM-XKHAX2A) checked. Verified: 1881893. isIdOk: 419. Prob: 0.02226%
7620 code (CH2KCM-XKHAX0K) checked. Verified: 1882140. isIdOk: 419. Prob: 0.02226%
7621 code (7XB9CM-XKHA8EC) checked. Verified: 1882387. isIdOk: 419. Prob: 0.02226%
7622 code (7C40CM-XKHABHT) checked. Verified: 1882634. isIdOk: 420. Prob: 0.02231%
7623 code (797TCM-XKHAB69) checked. Verified: 1882881. isIdOk: 420. Prob: 0.02231%
7624 code (75E3CM-XKHABPH) checked. Verified: 1883128. isIdOk: 420. Prob: 0.0223%
7625 code (76XHCM-XKHA428) checked. Verified: 1883375. isIdOk: 420. Prob: 0.0223%
7626 code (75E5CM-XKHA0CX) checked. Verified: 1883622. isIdOk: 420. Prob: 0.0223%
7627 code (7K0ACM-XKHA0P4) checked. Verified: 1883869. isIdOk: 420. Prob: 0.02229%
7628 code (7714CM-XKHA0AA) checked. Verified: 1884116. isIdOk: 421. Prob: 0.02234%
7629 code (7K84CM-XKHA0XB) checked. Verified: 1884363. isIdOk: 421. Prob: 0.02234%
7630 code (7AP2CM-XKHM7KP) checked. Verified: 1884610. isIdOk: 421. Prob: 0.02234%
7631 code (7T57CM-XKHM7PH) checked. Verified: 1884857. isIdOk: 421. Prob: 0.02234%
7632 code (7X8ECM-XKHM7M6) checked. Verified: 1885104. isIdOk: 421. Prob: 0.02233%
7633 code (7KXACM-XKHMC16) checked. Verified: 1885351. isIdOk: 421. Prob: 0.02233%
7634 code (77CBCM-XKHMH2C) checked. Verified: 1885598. isIdOk: 421. Prob: 0.02233%
7635 code (7HK1CM-XKHMHPB) checked. Verified: 1885845. isIdOk: 421. Prob: 0.02232%
7636 code (73CMCM-XKHMHBP) checked. Verified: 1886092. isIdOk: 421. Prob: 0.02232%
7637 code (7C7HCM-XKHM3KT) checked. Verified: 1886339. isIdOk: 421. Prob: 0.02232%
7638 code (CTXPCM-XKHMT55) checked. Verified: 1886586. isIdOk: 421. Prob: 0.02232%
7639 code (75BCCM-XKHMT4H) checked. Verified: 1886833. isIdOk: 421. Prob: 0.02231%
7640 code (7H3BCM-XKHM5XH) checked. Verified: 1887080. isIdOk: 421. Prob: 0.02231%
7641 code (7C60CM-XKHM2C3) checked. Verified: 1887327. isIdOk: 421. Prob: 0.02231%
7642 code (7H1HCM-XKHM23B) checked. Verified: 1887574. isIdOk: 421. Prob: 0.0223%
7643 code (C791CM-XKHM2P7) checked. Verified: 1887821. isIdOk: 421. Prob: 0.0223%
7644 code (7H5HCM-XKHMEKT) checked. Verified: 1888068. isIdOk: 421. Prob: 0.0223%
7645 code (7K12CM-XKHME8B) checked. Verified: 1888315. isIdOk: 421. Prob: 0.0223%
7646 code (77C3CM-XKHM69C) checked. Verified: 1888562. isIdOk: 421. Prob: 0.02229%
7647 code (7CXPCM-XKHM6AP) checked. Verified: 1888809. isIdOk: 421. Prob: 0.02229%
7648 code (7B1HCM-XKHM994) checked. Verified: 1889056. isIdOk: 421. Prob: 0.02229%
7649 code (775HCM-XKHM9A0) checked. Verified: 1889303. isIdOk: 421. Prob: 0.02228%
7650 code (7P9MCM-XKHM942) checked. Verified: 1889550. isIdOk: 421. Prob: 0.02228%
7651 code (7343CM-XKHMKC8) checked. Verified: 1889797. isIdOk: 421. Prob: 0.02228%
7652 code (778TCM-XKHMPC6) checked. Verified: 1890044. isIdOk: 421. Prob: 0.02227%
7653 code (7P36CM-XKHMPXT) checked. Verified: 1890291. isIdOk: 421. Prob: 0.02227%
7654 code (7PT5CM-XKHMP8A) checked. Verified: 1890538. isIdOk: 421. Prob: 0.02227%
7655 code (770PCM-XKHM115) checked. Verified: 1890785. isIdOk: 421. Prob: 0.02227%
7656 code (757MCM-XKHMA2A) checked. Verified: 1891032. isIdOk: 421. Prob: 0.02226%
7657 code (7AB1CM-XKHMAM3) checked. Verified: 1891279. isIdOk: 421. Prob: 0.02226%
7658 code (768BCM-XKHMMM4) checked. Verified: 1891526. isIdOk: 421. Prob: 0.02226%
7659 code (7K1BCM-XKHMXPT) checked. Verified: 1891773. isIdOk: 422. Prob: 0.02231%
7660 code (716XCM-XKHM838) checked. Verified: 1892020. isIdOk: 422. Prob: 0.0223%
7661 code (773HCM-XKHM8TT) checked. Verified: 1892267. isIdOk: 422. Prob: 0.0223%
7662 code (77CMCM-XKHMBTK) checked. Verified: 1892514. isIdOk: 422. Prob: 0.0223%
7663 code (71HXCM-XKHMB03) checked. Verified: 1892761. isIdOk: 422. Prob: 0.0223%
7664 code (715ECM-XKHMB08) checked. Verified: 1893008. isIdOk: 422. Prob: 0.02229%
7665 code (CPHHCM-XKHM48B) checked. Verified: 1893255. isIdOk: 422. Prob: 0.02229%
7666 code (7H86CM-XKHM0XC) checked. Verified: 1893502. isIdOk: 422. Prob: 0.02229%
7667 code (C7ETCM-XKHX75H) checked. Verified: 1893749. isIdOk: 422. Prob: 0.02228%
7668 code (7P84CM-XKHX740) checked. Verified: 1893996. isIdOk: 422. Prob: 0.02228%
7669 code (7KH3CM-XKHXC3K) checked. Verified: 1894243. isIdOk: 422. Prob: 0.02228%
7670 code (7H79CM-XKHXCTX) checked. Verified: 1894490. isIdOk: 422. Prob: 0.02228%
7671 code (77K8CM-XKHXC96) checked. Verified: 1894737. isIdOk: 422. Prob: 0.02227%
7672 code (CC14CM-XKHXHTM) checked. Verified: 1894984. isIdOk: 423. Prob: 0.02232%
7673 code (7663CM-XKHX3H6) checked. Verified: 1895231. isIdOk: 423. Prob: 0.02232%
7674 code (73EECM-XKHX3K5) checked. Verified: 1895478. isIdOk: 423. Prob: 0.02232%
7675 code (7HPKCM-XKHXTTB) checked. Verified: 1895725. isIdOk: 423. Prob: 0.02231%
7676 code (7HT8CM-XKHXTE7) checked. Verified: 1895972. isIdOk: 423. Prob: 0.02231%
7677 code (7TKPCM-XKHX55K) checked. Verified: 1896219. isIdOk: 423. Prob: 0.02231%
7678 code (75TTCM-XKHX23B) checked. Verified: 1896466. isIdOk: 423. Prob: 0.0223%
7679 code (75X8CM-XKHX25C) checked. Verified: 1896713. isIdOk: 423. Prob: 0.0223%
7680 code (71K3CM-XKHX265) checked. Verified: 1896960. isIdOk: 423. Prob: 0.0223%
7681 code (7TK7CM-XKHX28T) checked. Verified: 1897207. isIdOk: 423. Prob: 0.0223%
7682 code (72AMCM-XKHXE20) checked. Verified: 1897454. isIdOk: 423. Prob: 0.02229%
7683 code (75T6CM-XKHXEME) checked. Verified: 1897701. isIdOk: 423. Prob: 0.02229%
7684 code (797BCM-XKHX6HK) checked. Verified: 1897948. isIdOk: 423. Prob: 0.02229%
7685 code (75CBCM-XKHX65K) checked. Verified: 1898195. isIdOk: 423. Prob: 0.02228%
7686 code (700CCM-XKHX625) checked. Verified: 1898442. isIdOk: 423. Prob: 0.02228%
7687 code (7EP1CM-XKHX6M7) checked. Verified: 1898689. isIdOk: 423. Prob: 0.02228%
7688 code (72MKCM-XKHX9H0) checked. Verified: 1898936. isIdOk: 423. Prob: 0.02228%
7689 code (77BPCM-XKHX95T) checked. Verified: 1899183. isIdOk: 423. Prob: 0.02227%
7690 code (7HC8CM-XKHXKTC) checked. Verified: 1899430. isIdOk: 424. Prob: 0.02232%
7691 code (7M9PCM-XKHXPT6) checked. Verified: 1899677. isIdOk: 424. Prob: 0.02232%
7692 code (7363CM-XKHXP48) checked. Verified: 1899924. isIdOk: 424. Prob: 0.02232%
7693 code (C306CM-XKHX1EE) checked. Verified: 1900171. isIdOk: 424. Prob: 0.02231%
7694 code (76PKCM-XKHX19E) checked. Verified: 1900418. isIdOk: 424. Prob: 0.02231%
7695 code (7757CM-XKHXA2C) checked. Verified: 1900665. isIdOk: 424. Prob: 0.02231%
7696 code (7EPXCM-XKHXAMA) checked. Verified: 1900912. isIdOk: 424. Prob: 0.02231%
7697 code (7CXCCM-XKHXA06) checked. Verified: 1901159. isIdOk: 424. Prob: 0.0223%
7698 code (77T9CM-XKHXM76) checked. Verified: 1901406. isIdOk: 424. Prob: 0.0223%
7699 code (7EB7CM-XKHXM49) checked. Verified: 1901653. isIdOk: 424. Prob: 0.0223%
7700 code (76K6CM-XKHXX4A) checked. Verified: 1901900. isIdOk: 424. Prob: 0.02229%
7701 code (7C1HCM-XKHX8A5) checked. Verified: 1902147. isIdOk: 424. Prob: 0.02229%
7702 code (751ECM-XKHXB5H) checked. Verified: 1902394. isIdOk: 424. Prob: 0.02229%
7703 code (7KT1CM-XKHX437) checked. Verified: 1902641. isIdOk: 424. Prob: 0.02228%
7704 code (774KCM-XKHX496) checked. Verified: 1902888. isIdOk: 424. Prob: 0.02228%
7705 code (751PCM-XKHX4M8) checked. Verified: 1903135. isIdOk: 424. Prob: 0.02228%
7706 code (C2CACM-XKHX076) checked. Verified: 1903382. isIdOk: 424. Prob: 0.02228%
7707 code (732ACM-XKHX0P3) checked. Verified: 1903629. isIdOk: 424. Prob: 0.02227%
7708 code (7M1TCM-XKHX015) checked. Verified: 1903876. isIdOk: 424. Prob: 0.02227%
7709 code (7CBECM-XKH87KC) checked. Verified: 1904123. isIdOk: 424. Prob: 0.02227%
7710 code (77K1CM-XKH8CT2) checked. Verified: 1904370. isIdOk: 424. Prob: 0.02226%
7711 code (733ACM-XKH8CBX) checked. Verified: 1904617. isIdOk: 424. Prob: 0.02226%
7712 code (7M72CM-XKH8C05) checked. Verified: 1904864. isIdOk: 424. Prob: 0.02226%
7713 code (72TKCM-XKH8H36) checked. Verified: 1905111. isIdOk: 424. Prob: 0.02226%
7714 code (7K4HCM-XKH8H52) checked. Verified: 1905358. isIdOk: 424. Prob: 0.02225%
7715 code (7B8KCM-XKH8H58) checked. Verified: 1905605. isIdOk: 424. Prob: 0.02225%
7716 code (7H6TCM-XKH8337) checked. Verified: 1905852. isIdOk: 424. Prob: 0.02225%
7717 code (73M0CM-XKH83TX) checked. Verified: 1906099. isIdOk: 425. Prob: 0.0223%
7718 code (7KK4CM-XKH83PP) checked. Verified: 1906346. isIdOk: 425. Prob: 0.02229%
7719 code (757PCM-XKH8TTP) checked. Verified: 1906593. isIdOk: 425. Prob: 0.02229%
7720 code (CK7CCM-XKH8TM6) checked. Verified: 1906840. isIdOk: 425. Prob: 0.02229%
7721 code (CC7PCM-XKH85P8) checked. Verified: 1907087. isIdOk: 425. Prob: 0.02229%
7722 code (790ECM-XKH8580) checked. Verified: 1907334. isIdOk: 425. Prob: 0.02228%
7723 code (7E6CCM-XKH8232) checked. Verified: 1907581. isIdOk: 425. Prob: 0.02228%
7724 code (77CTCM-XKH82KH) checked. Verified: 1907828. isIdOk: 425. Prob: 0.02228%
7725 code (77E1CM-XKH8E3B) checked. Verified: 1908075. isIdOk: 425. Prob: 0.02227%
7726 code (747CCM-XKH8ET6) checked. Verified: 1908322. isIdOk: 425. Prob: 0.02227%
7727 code (72TPCM-XKH8E52) checked. Verified: 1908569. isIdOk: 425. Prob: 0.02227%
7728 code (7TCTCM-XKH8EP7) checked. Verified: 1908816. isIdOk: 425. Prob: 0.02227%
7729 code (7T9MCM-XKH86HH) checked. Verified: 1909063. isIdOk: 425. Prob: 0.02226%
7730 code (C015CM-XKH8650) checked. Verified: 1909310. isIdOk: 425. Prob: 0.02226%
7731 code (79B7CM-XKH86MB) checked. Verified: 1909557. isIdOk: 425. Prob: 0.02226%
7732 code (CX61CM-XKH891T) checked. Verified: 1909804. isIdOk: 425. Prob: 0.02225%
7733 code (7994CM-XKH89AA) checked. Verified: 1910051. isIdOk: 425. Prob: 0.02225%
7734 code (C2EKCM-XKH8K6T) checked. Verified: 1910298. isIdOk: 425. Prob: 0.02225%
7735 code (7HA1CM-XKH8PC1) checked. Verified: 1910545. isIdOk: 425. Prob: 0.02224%
7736 code (7A1HCM-XKH8PPA) checked. Verified: 1910792. isIdOk: 425. Prob: 0.02224%
7737 code (77B1CM-XKH8PM6) checked. Verified: 1911039. isIdOk: 425. Prob: 0.02224%
7738 code (CK6ECM-XKH81E8) checked. Verified: 1911286. isIdOk: 425. Prob: 0.02224%
7739 code (77P3CM-XKH81M8) checked. Verified: 1911533. isIdOk: 425. Prob: 0.02223%
7740 code (73T3CM-XKH8AK9) checked. Verified: 1911780. isIdOk: 425. Prob: 0.02223%
7741 code (705ACM-XKH8M7A) checked. Verified: 1912027. isIdOk: 426. Prob: 0.02228%
7742 code (733TCM-XKH8M78) checked. Verified: 1912274. isIdOk: 427. Prob: 0.02233%
7743 code (73T9CM-XKH8M50) checked. Verified: 1912521. isIdOk: 427. Prob: 0.02233%
7744 code (7E76CM-XKH8M6H) checked. Verified: 1912768. isIdOk: 427. Prob: 0.02232%
7745 code (CM8TCM-XKH8MPB) checked. Verified: 1913015. isIdOk: 427. Prob: 0.02232%
7746 code (7C4MCM-XKH8XE4) checked. Verified: 1913262. isIdOk: 427. Prob: 0.02232%
7747 code (7PT3CM-XKH8826) checked. Verified: 1913509. isIdOk: 427. Prob: 0.02232%
7748 code (748XCM-XKH880M) checked. Verified: 1913756. isIdOk: 427. Prob: 0.02231%
7749 code (7674CM-XKH8BME) checked. Verified: 1914003. isIdOk: 427. Prob: 0.02231%
7750 code (727ECM-XKH84C5) checked. Verified: 1914250. isIdOk: 427. Prob: 0.02231%
7751 code (7MPTCM-XKH846C) checked. Verified: 1914497. isIdOk: 427. Prob: 0.0223%
7752 code (7M5XCM-XKH8024) checked. Verified: 1914744. isIdOk: 427. Prob: 0.0223%
7753 code (755XCM-XKH801X) checked. Verified: 1914991. isIdOk: 427. Prob: 0.0223%
7754 code (7A8KCM-XKHB7HE) checked. Verified: 1915238. isIdOk: 427. Prob: 0.02229%
7755 code (C969CM-XKHB789) checked. Verified: 1915485. isIdOk: 427. Prob: 0.02229%
7756 code (7H99CM-XKHBC6A) checked. Verified: 1915732. isIdOk: 427. Prob: 0.02229%
7757 code (CP2XCM-XKHBC0M) checked. Verified: 1915979. isIdOk: 427. Prob: 0.02229%
7758 code (3HT0CM-XKHBH95) checked. Verified: 1916226. isIdOk: 428. Prob: 0.02234%
7759 code (735MCM-XKHBHM9) checked. Verified: 1916473. isIdOk: 428. Prob: 0.02233%
7760 code (7311CM-XKHB3K7) checked. Verified: 1916720. isIdOk: 429. Prob: 0.02238%
7761 code (7799CM-XKHB3AK) checked. Verified: 1916967. isIdOk: 429. Prob: 0.02238%
7762 code (7E7PCM-XKHB34B) checked. Verified: 1917214. isIdOk: 429. Prob: 0.02238%
7763 code (7368CM-XKHBTTA) checked. Verified: 1917461. isIdOk: 429. Prob: 0.02237%
7764 code (742KCM-XKHBT4C) checked. Verified: 1917708. isIdOk: 429. Prob: 0.02237%
7765 code (7H46CM-XKHB555) checked. Verified: 1917955. isIdOk: 429. Prob: 0.02237%
7766 code (7H6ECM-XKHB5P6) checked. Verified: 1918202. isIdOk: 429. Prob: 0.02236%
7767 code (778XCM-XKHB582) checked. Verified: 1918449. isIdOk: 429. Prob: 0.02236%
7768 code (7EH5CM-XKHB26H) checked. Verified: 1918696. isIdOk: 429. Prob: 0.02236%
7769 code (7C3CCM-XKHB248) checked. Verified: 1918943. isIdOk: 429. Prob: 0.02236%
7770 code (7704CM-XKHBE83) checked. Verified: 1919190. isIdOk: 429. Prob: 0.02235%
7771 code (7HXCCM-XKHB6C8) checked. Verified: 1919437. isIdOk: 429. Prob: 0.02235%
7772 code (740TCM-XKHB6TC) checked. Verified: 1919684. isIdOk: 429. Prob: 0.02235%
7773 code (77P5CM-XKHB6E3) checked. Verified: 1919931. isIdOk: 429. Prob: 0.02234%
7774 code (73MXCM-XKHB6KK) checked. Verified: 1920178. isIdOk: 429. Prob: 0.02234%
7775 code (7C17CM-XKHB6MC) checked. Verified: 1920425. isIdOk: 429. Prob: 0.02234%
7776 code (7C2BCM-XKHB964) checked. Verified: 1920672. isIdOk: 429. Prob: 0.02234%
7777 code (7740CM-XKHB9X9) checked. Verified: 1920919. isIdOk: 429. Prob: 0.02233%
7778 code (776PCM-XKHBKKB) checked. Verified: 1921166. isIdOk: 429. Prob: 0.02233%
7779 code (7026CM-XKHBPKK) checked. Verified: 1921413. isIdOk: 429. Prob: 0.02233%
7780 code (7T9ACM-XKHBPM9) checked. Verified: 1921660. isIdOk: 429. Prob: 0.02232%
7781 code (718TCM-XKHB1C1) checked. Verified: 1921907. isIdOk: 429. Prob: 0.02232%
7782 code (7865CM-XKHB140) checked. Verified: 1922154. isIdOk: 429. Prob: 0.02232%
7783 code (7T59CM-XKHBAE3) checked. Verified: 1922401. isIdOk: 429. Prob: 0.02232%
7784 code (C7T1CM-XKHBM2E) checked. Verified: 1922648. isIdOk: 429. Prob: 0.02231%
7785 code (7C49CM-XKHBM6T) checked. Verified: 1922895. isIdOk: 429. Prob: 0.02231%
7786 code (78MKCM-XKHBX6X) checked. Verified: 1923142. isIdOk: 429. Prob: 0.02231%
7787 code (765HCM-XKHB8T5) checked. Verified: 1923389. isIdOk: 429. Prob: 0.0223%
7788 code (77H4CM-XKHB829) checked. Verified: 1923636. isIdOk: 429. Prob: 0.0223%
7789 code (CC4ACM-XKHB890) checked. Verified: 1923883. isIdOk: 429. Prob: 0.0223%
7790 code (7BP4CM-XKHB8AB) checked. Verified: 1924130. isIdOk: 429. Prob: 0.0223%
7791 code (75K7CM-XKHBB69) checked. Verified: 1924377. isIdOk: 429. Prob: 0.02229%
7792 code (77T8CM-XKHBB6K) checked. Verified: 1924624. isIdOk: 429. Prob: 0.02229%
7793 code (7EH4CM-XKHBB9K) checked. Verified: 1924871. isIdOk: 429. Prob: 0.02229%
7794 code (C2B4CM-XKHBB49) checked. Verified: 1925118. isIdOk: 429. Prob: 0.02228%
7795 code (7500CM-XKHB4E6) checked. Verified: 1925365. isIdOk: 431. Prob: 0.02239%
7796 code (7865CM-XKHB4MP) checked. Verified: 1925612. isIdOk: 431. Prob: 0.02238%
7797 code (77HTCM-XKHB0A9) checked. Verified: 1925859. isIdOk: 431. Prob: 0.02238%
7798 code (C5TBCM-XKHB08E) checked. Verified: 1926106. isIdOk: 431. Prob: 0.02238%
7799 code (7EK6CM-XKHB04P) checked. Verified: 1926353. isIdOk: 431. Prob: 0.02237%
7800 code (7B03CM-XKH47AK) checked. Verified: 1926600. isIdOk: 431. Prob: 0.02237%
7801 code (7HPXCM-XKH4CT1) checked. Verified: 1926847. isIdOk: 431. Prob: 0.02237%
7802 code (7C05CM-XKH4CXH) checked. Verified: 1927094. isIdOk: 431. Prob: 0.02237%
7803 code (7APTCM-XKH4C80) checked. Verified: 1927341. isIdOk: 431. Prob: 0.02236%
7804 code (7289CM-XKH4HBB) checked. Verified: 1927588. isIdOk: 431. Prob: 0.02236%
7805 code (7HM0CM-XKH43XP) checked. Verified: 1927835. isIdOk: 431. Prob: 0.02236%
7806 code (C7AMCM-XKH4TC2) checked. Verified: 1928082. isIdOk: 431. Prob: 0.02235%
7807 code (7B9TCM-XKH4T43) checked. Verified: 1928329. isIdOk: 431. Prob: 0.02235%
7808 code (75T6CM-XKH4520) checked. Verified: 1928576. isIdOk: 431. Prob: 0.02235%
7809 code (712BCM-XKH4507) checked. Verified: 1928823. isIdOk: 431. Prob: 0.02235%
7810 code (7EM9CM-XKH420A) checked. Verified: 1929070. isIdOk: 432. Prob: 0.02239%
7811 code (7BC2CM-XKH4E5T) checked. Verified: 1929317. isIdOk: 432. Prob: 0.02239%
7812 code (7M34CM-XKH4E8H) checked. Verified: 1929564. isIdOk: 432. Prob: 0.02239%
7813 code (7794CM-XKH46MA) checked. Verified: 1929811. isIdOk: 432. Prob: 0.02239%
7814 code (7EHMCM-XKH49PK) checked. Verified: 1930058. isIdOk: 432. Prob: 0.02238%
7815 code (C93ACM-XKH490K) checked. Verified: 1930305. isIdOk: 432. Prob: 0.02238%
7816 code (C72TCM-XKH4KP8) checked. Verified: 1930552. isIdOk: 432. Prob: 0.02238%
7817 code (C7P0CM-XKH4KM7) checked. Verified: 1930799. isIdOk: 432. Prob: 0.02237%
7818 code (7PM7CM-XKH4K47) checked. Verified: 1931046. isIdOk: 432. Prob: 0.02237%
7819 code (73C0CM-XKH4PTK) checked. Verified: 1931293. isIdOk: 432. Prob: 0.02237%
7820 code (7A86CM-XKH4177) checked. Verified: 1931540. isIdOk: 432. Prob: 0.02237%
7821 code (71AHCM-XKH41C9) checked. Verified: 1931787. isIdOk: 432. Prob: 0.02236%
7822 code (7H23CM-XKH41A2) checked. Verified: 1932034. isIdOk: 433. Prob: 0.02241%
7823 code (CB13CM-XKH4A93) checked. Verified: 1932281. isIdOk: 433. Prob: 0.02241%
7824 code (CM0HCM-XKH4M21) checked. Verified: 1932528. isIdOk: 433. Prob: 0.02241%
7825 code (7C9HCM-XKH4XHT) checked. Verified: 1932775. isIdOk: 433. Prob: 0.0224%
7826 code (7574CM-XKH4X28) checked. Verified: 1933022. isIdOk: 433. Prob: 0.0224%
7827 code (756ACM-XKH483T) checked. Verified: 1933269. isIdOk: 433. Prob: 0.0224%
7828 code (7862CM-XKH48TH) checked. Verified: 1933516. isIdOk: 433. Prob: 0.02239%
7829 code (7C2TCM-XKH48EC) checked. Verified: 1933763. isIdOk: 433. Prob: 0.02239%
7830 code (CCXKCM-XKH4B5E) checked. Verified: 1934010. isIdOk: 433. Prob: 0.02239%
7831 code (70MACM-XKH4B43) checked. Verified: 1934257. isIdOk: 433. Prob: 0.02239%
7832 code (CA7ACM-XKH44AX) checked. Verified: 1934504. isIdOk: 433. Prob: 0.02238%
7833 code (7HKXCM-XKH40AM) checked. Verified: 1934751. isIdOk: 433. Prob: 0.02238%
7834 code (7X8BCM-XKH071T) checked. Verified: 1934998. isIdOk: 433. Prob: 0.02238%
7835 code (7CXBCM-XKH0CPC) checked. Verified: 1935245. isIdOk: 433. Prob: 0.02237%
7836 code (7EE4CM-XKH0HE7) checked. Verified: 1935492. isIdOk: 433. Prob: 0.02237%
7837 code (7BKACM-XKH0H1K) checked. Verified: 1935739. isIdOk: 433. Prob: 0.02237%
7838 code (CH4ACM-XKH0H4C) checked. Verified: 1935986. isIdOk: 433. Prob: 0.02237%
7839 code (7HMKCM-XKH03XT) checked. Verified: 1936233. isIdOk: 433. Prob: 0.02236%
7840 code (7278CM-XKH0T7K) checked. Verified: 1936480. isIdOk: 433. Prob: 0.02236%
7841 code (72K8CM-XKH0T5K) checked. Verified: 1936727. isIdOk: 433. Prob: 0.02236%
7842 code (7EE9CM-XKH0T8A) checked. Verified: 1936974. isIdOk: 433. Prob: 0.02235%
7843 code (77A2CM-XKH052A) checked. Verified: 1937221. isIdOk: 434. Prob: 0.0224%
7844 code (77E2CM-XKH0270) checked. Verified: 1937468. isIdOk: 434. Prob: 0.0224%
7845 code (7KHKCM-XKH0268) checked. Verified: 1937715. isIdOk: 434. Prob: 0.0224%
7846 code (CM76CM-XKH0E33) checked. Verified: 1937962. isIdOk: 434. Prob: 0.02239%
7847 code (78MMCM-XKH0E8T) checked. Verified: 1938209. isIdOk: 434. Prob: 0.02239%
7848 code (754ECM-XKH0E08) checked. Verified: 1938456. isIdOk: 434. Prob: 0.02239%
7849 code (7T6XCM-XKH06H5) checked. Verified: 1938703. isIdOk: 434. Prob: 0.02239%
7850 code (761CCM-XKH0642) checked. Verified: 1938950. isIdOk: 434. Prob: 0.02238%
7851 code (75A0CM-XKH09CE) checked. Verified: 1939197. isIdOk: 434. Prob: 0.02238%
7852 code (7AP2CM-XKH09XA) checked. Verified: 1939444. isIdOk: 434. Prob: 0.02238%
7853 code (CX30CM-XKH0K55) checked. Verified: 1939691. isIdOk: 434. Prob: 0.02237%
7854 code (72BMCM-XKH0KBX) checked. Verified: 1939938. isIdOk: 434. Prob: 0.02237%
7855 code (73K7CM-XKH0PA5) checked. Verified: 1940185. isIdOk: 434. Prob: 0.02237%
7856 code (H5PMCM-XKH01K7) checked. Verified: 1940432. isIdOk: 434. Prob: 0.02237%
7857 code (7K9PCM-XKH018K) checked. Verified: 1940679. isIdOk: 434. Prob: 0.02236%
7858 code (7P0TCM-XKH0142) checked. Verified: 1940926. isIdOk: 434. Prob: 0.02236%
7859 code (762KCM-XKH0AX3) checked. Verified: 1941173. isIdOk: 434. Prob: 0.02236%
7860 code (7TPPCM-XKH0MEX) checked. Verified: 1941420. isIdOk: 434. Prob: 0.02235%
7861 code (7CK0CM-XKH0MKX) checked. Verified: 1941667. isIdOk: 434. Prob: 0.02235%
7862 code (7TC6CM-XKH0XH1) checked. Verified: 1941914. isIdOk: 434. Prob: 0.02235%
7863 code (71A2CM-XKH0XPE) checked. Verified: 1942161. isIdOk: 435. Prob: 0.0224%
7864 code (7PMKCM-XKH08T3) checked. Verified: 1942408. isIdOk: 435. Prob: 0.02239%
7865 code (7XBKCM-XKH08E8) checked. Verified: 1942655. isIdOk: 435. Prob: 0.02239%
7866 code (73M6CM-XKH08A6) checked. Verified: 1942902. isIdOk: 435. Prob: 0.02239%
7867 code (7267CM-XKH08XM) checked. Verified: 1943149. isIdOk: 435. Prob: 0.02239%
7868 code (7A7BCM-XKH084C) checked. Verified: 1943396. isIdOk: 435. Prob: 0.02238%
7869 code (7643CM-XKH0BP1) checked. Verified: 1943643. isIdOk: 435. Prob: 0.02238%
7870 code (77MECM-XKH046A) checked. Verified: 1943890. isIdOk: 435. Prob: 0.02238%
7871 code (73C1CM-XKH006B) checked. Verified: 1944137. isIdOk: 435. Prob: 0.02237%
7872 code (72E5CM-XKH00XX) checked. Verified: 1944384. isIdOk: 435. Prob: 0.02237%
7873 code (713PCM-XK3775T) checked. Verified: 1944631. isIdOk: 435. Prob: 0.02237%
7874 code (7K1ACM-XK37748) checked. Verified: 1944878. isIdOk: 435. Prob: 0.02237%
7875 code (7294CM-XK37C6P) checked. Verified: 1945125. isIdOk: 435. Prob: 0.02236%
7876 code (73EMCM-XK37H77) checked. Verified: 1945372. isIdOk: 435. Prob: 0.02236%
7877 code (7C39CM-XK37H0X) checked. Verified: 1945619. isIdOk: 435. Prob: 0.02236%
7878 code (7KCPCM-XK373BH) checked. Verified: 1945866. isIdOk: 435. Prob: 0.02236%
7879 code (75T0CM-XK37TAP) checked. Verified: 1946113. isIdOk: 435. Prob: 0.02235%
7880 code (7MT8CM-XK37579) checked. Verified: 1946360. isIdOk: 436. Prob: 0.0224%
7881 code (7E5BCM-XK3755P) checked. Verified: 1946607. isIdOk: 436. Prob: 0.0224%
7882 code (73CPCM-XK37505) checked. Verified: 1946854. isIdOk: 436. Prob: 0.0224%
7883 code (79M1CM-XK372KK) checked. Verified: 1947101. isIdOk: 437. Prob: 0.02244%
7884 code (7E1KCM-XK37243) checked. Verified: 1947348. isIdOk: 437. Prob: 0.02244%
7885 code (7C75CM-XK37209) checked. Verified: 1947595. isIdOk: 437. Prob: 0.02244%
7886 code (7CH6CM-XK37EK9) checked. Verified: 1947842. isIdOk: 437. Prob: 0.02244%
7887 code (7M84CM-XK376T6) checked. Verified: 1948089. isIdOk: 437. Prob: 0.02243%
7888 code (71BECM-XK379CB) checked. Verified: 1948336. isIdOk: 437. Prob: 0.02243%
7889 code (76CCCM-XK3792C) checked. Verified: 1948583. isIdOk: 437. Prob: 0.02243%
7890 code (C68ECM-XK37K51) checked. Verified: 1948830. isIdOk: 438. Prob: 0.02248%
7891 code (7E68CM-XK37K46) checked. Verified: 1949077. isIdOk: 438. Prob: 0.02247%
7892 code (7XT0CM-XK37PE4) checked. Verified: 1949324. isIdOk: 438. Prob: 0.02247%
7893 code (797HCM-XK37PAX) checked. Verified: 1949571. isIdOk: 438. Prob: 0.02247%
7894 code (7TA0CM-XK37190) checked. Verified: 1949818. isIdOk: 438. Prob: 0.02246%
7895 code (77XACM-XK37A99) checked. Verified: 1950065. isIdOk: 438. Prob: 0.02246%
7896 code (7KHACM-XK37MT1) checked. Verified: 1950312. isIdOk: 438. Prob: 0.02246%
7897 code (7TA5CM-XK37M13) checked. Verified: 1950559. isIdOk: 438. Prob: 0.02246%
7898 code (7186CM-XK37X63) checked. Verified: 1950806. isIdOk: 438. Prob: 0.02245%
7899 code (739ECM-XK37X6P) checked. Verified: 1951053. isIdOk: 438. Prob: 0.02245%
7900 code (CCK9CM-XK37X13) checked. Verified: 1951300. isIdOk: 438. Prob: 0.02245%
7901 code (7C6BCM-XK37878) checked. Verified: 1951547. isIdOk: 438. Prob: 0.02244%
7902 code (72P4CM-XK37B7H) checked. Verified: 1951794. isIdOk: 438. Prob: 0.02244%
7903 code (7H72CM-XK37BCP) checked. Verified: 1952041. isIdOk: 438. Prob: 0.02244%
7904 code (76AMCM-XK37BC8) checked. Verified: 1952288. isIdOk: 438. Prob: 0.02244%
7905 code (7X18CM-XK37B1B) checked. Verified: 1952535. isIdOk: 438. Prob: 0.02243%
7906 code (7CHXCM-XK3746E) checked. Verified: 1952782. isIdOk: 438. Prob: 0.02243%
7907 code (7MMMCM-XK37466) checked. Verified: 1953029. isIdOk: 438. Prob: 0.02243%
7908 code (7CH5CM-XK374B9) checked. Verified: 1953276. isIdOk: 438. Prob: 0.02242%
7909 code (CE6CCM-XK370E3) checked. Verified: 1953523. isIdOk: 438. Prob: 0.02242%
7910 code (762XCM-XK370P2) checked. Verified: 1953770. isIdOk: 439. Prob: 0.02247%
7911 code (7EXECM-XK3C777) checked. Verified: 1954017. isIdOk: 440. Prob: 0.02252%
7912 code (70ATCM-XK3C766) checked. Verified: 1954264. isIdOk: 440. Prob: 0.02251%
7913 code (7BH9CM-XK3C7K6) checked. Verified: 1954511. isIdOk: 440. Prob: 0.02251%
7914 code (CE0HCM-XK3CCTC) checked. Verified: 1954758. isIdOk: 440. Prob: 0.02251%
7915 code (75XBCM-XK3CCB5) checked. Verified: 1955005. isIdOk: 440. Prob: 0.02251%
7916 code (79X9CM-XK3CHT3) checked. Verified: 1955252. isIdOk: 440. Prob: 0.0225%
7917 code (7TPMCM-XK3CHPC) checked. Verified: 1955499. isIdOk: 441. Prob: 0.02255%
7918 code (7EBMCM-XK3CHXH) checked. Verified: 1955746. isIdOk: 441. Prob: 0.02255%
7919 code (C720CM-XK3C3X5) checked. Verified: 1955993. isIdOk: 442. Prob: 0.0226%
7920 code (73CBCM-XK3CT23) checked. Verified: 1956240. isIdOk: 442. Prob: 0.02259%
7921 code (724ECM-XK3CT02) checked. Verified: 1956487. isIdOk: 442. Prob: 0.02259%
7922 code (CE76CM-XK3C5EK) checked. Verified: 1956734. isIdOk: 442. Prob: 0.02259%
7923 code (77AECM-XK3C503) checked. Verified: 1956981. isIdOk: 442. Prob: 0.02259%
7924 code (7T0TCM-XK3C200) checked. Verified: 1957228. isIdOk: 442. Prob: 0.02258%
7925 code (76TXCM-XK3CE7C) checked. Verified: 1957475. isIdOk: 442. Prob: 0.02258%
7926 code (73CECM-XK3CE0E) checked. Verified: 1957722. isIdOk: 442. Prob: 0.02258%
7927 code (77E5CM-XK3C626) checked. Verified: 1957969. isIdOk: 442. Prob: 0.02257%
7928 code (7PC6CM-XK3C9TX) checked. Verified: 1958216. isIdOk: 442. Prob: 0.02257%
7929 code (7E76CM-XK3CKCP) checked. Verified: 1958463. isIdOk: 442. Prob: 0.02257%
7930 code (74K6CM-XK3CK3E) checked. Verified: 1958710. isIdOk: 442. Prob: 0.02257%
7931 code (CHB7CM-XK3CKKB) checked. Verified: 1958957. isIdOk: 442. Prob: 0.02256%
7932 code (7T26CM-XK3CPK6) checked. Verified: 1959204. isIdOk: 442. Prob: 0.02256%
7933 code (75B3CM-XK3C177) checked. Verified: 1959451. isIdOk: 442. Prob: 0.02256%
7934 code (C5A7CM-XK3C19B) checked. Verified: 1959698. isIdOk: 442. Prob: 0.02255%
7935 code (744BCM-XK3CA6T) checked. Verified: 1959945. isIdOk: 442. Prob: 0.02255%
7936 code (7523CM-XK3CA4C) checked. Verified: 1960192. isIdOk: 442. Prob: 0.02255%
7937 code (7M9KCM-XK3CM18) checked. Verified: 1960439. isIdOk: 442. Prob: 0.02255%
7938 code (7ATTCM-XK3CX37) checked. Verified: 1960686. isIdOk: 442. Prob: 0.02254%
7939 code (7T14CM-XK3C836) checked. Verified: 1960933. isIdOk: 443. Prob: 0.02259%
7940 code (7P57CM-XK3C8TT) checked. Verified: 1961180. isIdOk: 443. Prob: 0.02259%
7941 code (7516CM-XK3C868) checked. Verified: 1961427. isIdOk: 443. Prob: 0.02259%
7942 code (7C2MCM-XK3CB28) checked. Verified: 1961674. isIdOk: 443. Prob: 0.02258%
7943 code (76C0CM-XK3CB08) checked. Verified: 1961921. isIdOk: 443. Prob: 0.02258%
7944 code (7KX7CM-XK3C4PT) checked. Verified: 1962168. isIdOk: 443. Prob: 0.02258%
7945 code (75CMCM-XK3C419) checked. Verified: 1962415. isIdOk: 443. Prob: 0.02257%
7946 code (73BECM-XK3C48X) checked. Verified: 1962662. isIdOk: 443. Prob: 0.02257%
7947 code (7708CM-XK3C0AB) checked. Verified: 1962909. isIdOk: 443. Prob: 0.02257%
7948 code (77M7CM-XK3H7C4) checked. Verified: 1963156. isIdOk: 443. Prob: 0.02257%
7949 code (HC8HCM-XK3H72M) checked. Verified: 1963403. isIdOk: 443. Prob: 0.02256%
7950 code (7XB4CM-XK3H766) checked. Verified: 1963650. isIdOk: 443. Prob: 0.02256%
7951 code (78MMCM-XK3HCEK) checked. Verified: 1963897. isIdOk: 443. Prob: 0.02256%
7952 code (7HHTCM-XK3HCB7) checked. Verified: 1964144. isIdOk: 443. Prob: 0.02255%
7953 code (75E9CM-XK3HCBM) checked. Verified: 1964391. isIdOk: 443. Prob: 0.02255%
7954 code (7CX2CM-XK3HHM3) checked. Verified: 1964638. isIdOk: 443. Prob: 0.02255%
7955 code (7T6CCM-XK3H3CX) checked. Verified: 1964885. isIdOk: 443. Prob: 0.02255%
7956 code (7M6KCM-XK3H36X) checked. Verified: 1965132. isIdOk: 443. Prob: 0.02254%
7957 code (7H33CM-XK3H3KX) checked. Verified: 1965379. isIdOk: 443. Prob: 0.02254%
7958 code (C57XCM-XK3H3A6) checked. Verified: 1965626. isIdOk: 443. Prob: 0.02254%
7959 code (7H9KCM-XK3HT3C) checked. Verified: 1965873. isIdOk: 443. Prob: 0.02253%
7960 code (762CCM-XK3H574) checked. Verified: 1966120. isIdOk: 443. Prob: 0.02253%
7961 code (75KCCM-XK3H570) checked. Verified: 1966367. isIdOk: 443. Prob: 0.02253%
7962 code (73THCM-XK3H5H6) checked. Verified: 1966614. isIdOk: 443. Prob: 0.02253%
7963 code (7H7HCM-XK3H53M) checked. Verified: 1966861. isIdOk: 443. Prob: 0.02252%
7964 code (7H4ECM-XK3H5K7) checked. Verified: 1967108. isIdOk: 443. Prob: 0.02252%
7965 code (778BCM-XK3H2E4) checked. Verified: 1967355. isIdOk: 443. Prob: 0.02252%
7966 code (7CT4CM-XK3H2KP) checked. Verified: 1967602. isIdOk: 443. Prob: 0.02251%
7967 code (7TKTCM-XK3HE28) checked. Verified: 1967849. isIdOk: 443. Prob: 0.02251%
7968 code (7707CM-XK3HEA2) checked. Verified: 1968096. isIdOk: 443. Prob: 0.02251%
7969 code (CECCCM-XK3H6T2) checked. Verified: 1968343. isIdOk: 443. Prob: 0.02251%
7970 code (7M1KCM-XK3H936) checked. Verified: 1968590. isIdOk: 444. Prob: 0.02255%
7971 code (7CPACM-XK3H9BB) checked. Verified: 1968837. isIdOk: 444. Prob: 0.02255%
7972 code (759HCM-XK3HKCM) checked. Verified: 1969084. isIdOk: 444. Prob: 0.02255%
7973 code (7X7MCM-XK3HKXC) checked. Verified: 1969331. isIdOk: 444. Prob: 0.02255%
7974 code (79MTCM-XK3HP70) checked. Verified: 1969578. isIdOk: 444. Prob: 0.02254%
7975 code (7C0TCM-XK3HP45) checked. Verified: 1969825. isIdOk: 444. Prob: 0.02254%
7976 code (75B6CM-XK3H1H7) checked. Verified: 1970072. isIdOk: 444. Prob: 0.02254%
7977 code (C359CM-XK3H10P) checked. Verified: 1970319. isIdOk: 444. Prob: 0.02253%
7978 code (77HXCM-XK3HA47) checked. Verified: 1970566. isIdOk: 444. Prob: 0.02253%
7979 code (76AECM-XK3HMX9) checked. Verified: 1970813. isIdOk: 444. Prob: 0.02253%
7980 code (7HX8CM-XK3HXH8) checked. Verified: 1971060. isIdOk: 444. Prob: 0.02253%
7981 code (7C31CM-XK3H87A) checked. Verified: 1971307. isIdOk: 444. Prob: 0.02252%
7982 code (7C0HCM-XK3H8EC) checked. Verified: 1971554. isIdOk: 444. Prob: 0.02252%
7983 code (76X3CM-XK3H8EB) checked. Verified: 1971801. isIdOk: 444. Prob: 0.02252%
7984 code (C4P0CM-XK3H884) checked. Verified: 1972048. isIdOk: 444. Prob: 0.02251%
7985 code (72MTCM-XK3HB1T) checked. Verified: 1972295. isIdOk: 444. Prob: 0.02251%
7986 code (7HA7CM-XK3H42P) checked. Verified: 1972542. isIdOk: 444. Prob: 0.02251%
7987 code (7CB4CM-XK3H05A) checked. Verified: 1972789. isIdOk: 444. Prob: 0.02251%
7988 code (7TC3CM-XK3H0P0) checked. Verified: 1973036. isIdOk: 444. Prob: 0.0225%
7989 code (7HM6CM-XK33795) checked. Verified: 1973283. isIdOk: 444. Prob: 0.0225%
7990 code (7983CM-XK3370C) checked. Verified: 1973530. isIdOk: 444. Prob: 0.0225%
7991 code (773MCM-XK33C48) checked. Verified: 1973777. isIdOk: 444. Prob: 0.02249%
7992 code (731ACM-XK33HEH) checked. Verified: 1974024. isIdOk: 444. Prob: 0.02249%
7993 code (776XCM-XK33HEK) checked. Verified: 1974271. isIdOk: 444. Prob: 0.02249%
7994 code (73E7CM-XK33H00) checked. Verified: 1974518. isIdOk: 444. Prob: 0.02249%
7995 code (704KCM-XK3333C) checked. Verified: 1974765. isIdOk: 444. Prob: 0.02248%
7996 code (7MX1CM-XK3334P) checked. Verified: 1975012. isIdOk: 444. Prob: 0.02248%
7997 code (7210CM-XK33TCP) checked. Verified: 1975259. isIdOk: 444. Prob: 0.02248%
7998 code (77H0CM-XK33T23) checked. Verified: 1975506. isIdOk: 444. Prob: 0.02248%
7999 code (7M45CM-XK335HP) checked. Verified: 1975753. isIdOk: 444. Prob: 0.02247%
8000 code (73E7CM-XK335KT) checked. Verified: 1976000. isIdOk: 444. Prob: 0.02247%
1000
Starting range [1000 nln ...]:
8001 code (7ECE65-M5CBAT9) checked. Verified: 1976247. isIdOk: 444. Prob: 0.02247%
8002 code (70T665-M5CBA6X) checked. Verified: 1976494. isIdOk: 444. Prob: 0.02246%
8003 code (C56065-M5CBA0H) checked. Verified: 1976741. isIdOk: 444. Prob: 0.02246%
8004 code (74AT65-M5CBMXH) checked. Verified: 1976988. isIdOk: 444. Prob: 0.02246%
8005 code (783E65-M5CBX5M) checked. Verified: 1977235. isIdOk: 444. Prob: 0.02246%
8006 code (702365-M5CBX4A) checked. Verified: 1977482. isIdOk: 444. Prob: 0.02245%
8007 code (7H6065-M5CB803) checked. Verified: 1977729. isIdOk: 444. Prob: 0.02245%
8008 code (79C565-M5CBBAC) checked. Verified: 1977976. isIdOk: 444. Prob: 0.02245%
8009 code (CCXB65-M5CB45B) checked. Verified: 1978223. isIdOk: 444. Prob: 0.02244%
8010 code (7B7765-M5CB48A) checked. Verified: 1978470. isIdOk: 444. Prob: 0.02244%
8011 code (750C65-M5CB0EP) checked. Verified: 1978717. isIdOk: 444. Prob: 0.02244%
8012 code (C9XA65-M5C477A) checked. Verified: 1978964. isIdOk: 444. Prob: 0.02244%
8013 code (72BC65-M5C474T) checked. Verified: 1979211. isIdOk: 444. Prob: 0.02243%
8014 code (72B465-M5C4CTX) checked. Verified: 1979458. isIdOk: 445. Prob: 0.02248%
8015 code (7HB365-M5C4CBM) checked. Verified: 1979705. isIdOk: 445. Prob: 0.02248%
8016 code (73XT65-M5C4HKH) checked. Verified: 1979952. isIdOk: 445. Prob: 0.02248%
8017 code (700H65-M5C4H8P) checked. Verified: 1980199. isIdOk: 445. Prob: 0.02247%
8018 code (772X65-M5C4314) checked. Verified: 1980446. isIdOk: 445. Prob: 0.02247%
8019 code (772P65-M5C4T5B) checked. Verified: 1980693. isIdOk: 445. Prob: 0.02247%
8020 code (757B65-M5C4571) checked. Verified: 1980940. isIdOk: 445. Prob: 0.02246%
8021 code (7TC565-M5C45M2) checked. Verified: 1981187. isIdOk: 445. Prob: 0.02246%
8022 code (70TX65-M5C42TT) checked. Verified: 1981434. isIdOk: 445. Prob: 0.02246%
8023 code (7CTX65-M5C4202) checked. Verified: 1981681. isIdOk: 445. Prob: 0.02246%
8024 code (725865-M5C4E2P) checked. Verified: 1981928. isIdOk: 445. Prob: 0.02245%
8025 code (799E65-M5C4EBX) checked. Verified: 1982175. isIdOk: 445. Prob: 0.02245%
8026 code (7HB065-M5C46BA) checked. Verified: 1982422. isIdOk: 445. Prob: 0.02245%
8027 code (7C8565-M5C4956) checked. Verified: 1982669. isIdOk: 445. Prob: 0.02244%
8028 code (77KB65-M5C4KTX) checked. Verified: 1982916. isIdOk: 445. Prob: 0.02244%
8029 code (7P7T65-M5C4K4B) checked. Verified: 1983163. isIdOk: 445. Prob: 0.02244%
8030 code (761A65-M5C4PT8) checked. Verified: 1983410. isIdOk: 445. Prob: 0.02244%
8031 code (79P065-M5C4PE2) checked. Verified: 1983657. isIdOk: 445. Prob: 0.02243%
8032 code (7CM865-M5C413B) checked. Verified: 1983904. isIdOk: 445. Prob: 0.02243%
8033 code (72P765-M5C4AHC) checked. Verified: 1984151. isIdOk: 445. Prob: 0.02243%
8034 code (72HX65-M5C4A52) checked. Verified: 1984398. isIdOk: 445. Prob: 0.02242%
8035 code (7H2A65-M5C4A5M) checked. Verified: 1984645. isIdOk: 445. Prob: 0.02242%
8036 code (792B65-M5C4A4T) checked. Verified: 1984892. isIdOk: 445. Prob: 0.02242%
8037 code (7CHE65-M5C4MT6) checked. Verified: 1985139. isIdOk: 445. Prob: 0.02242%
8038 code (7K9965-M5C4MA4) checked. Verified: 1985386. isIdOk: 445. Prob: 0.02241%
8039 code (7P8565-M5C4XTC) checked. Verified: 1985633. isIdOk: 445. Prob: 0.02241%
8040 code (7TPB65-M5C4X5B) checked. Verified: 1985880. isIdOk: 445. Prob: 0.02241%
8041 code (73XP65-M5C4XPH) checked. Verified: 1986127. isIdOk: 445. Prob: 0.02241%
8042 code (7K5565-M5C4867) checked. Verified: 1986374. isIdOk: 445. Prob: 0.0224%
8043 code (H69965-M5C48BM) checked. Verified: 1986621. isIdOk: 445. Prob: 0.0224%
8044 code (7CM965-M5C4B6M) checked. Verified: 1986868. isIdOk: 445. Prob: 0.0224%
8045 code (72BA65-M5C443X) checked. Verified: 1987115. isIdOk: 445. Prob: 0.02239%
8046 code (7XHC65-M5C4451) checked. Verified: 1987362. isIdOk: 445. Prob: 0.02239%
8047 code (75AM65-M5C44BM) checked. Verified: 1987609. isIdOk: 445. Prob: 0.02239%
8048 code (77MM65-M5C406C) checked. Verified: 1987856. isIdOk: 445. Prob: 0.02239%
8049 code (7CHH65-M5C406A) checked. Verified: 1988103. isIdOk: 445. Prob: 0.02238%
8050 code (71B365-M5C40B9) checked. Verified: 1988350. isIdOk: 445. Prob: 0.02238%
8051 code (7CKM65-M5C40B1) checked. Verified: 1988597. isIdOk: 445. Prob: 0.02238%
8052 code (72HM65-M5C07P8) checked. Verified: 1988844. isIdOk: 445. Prob: 0.02237%
8053 code (795865-M5C0CC4) checked. Verified: 1989091. isIdOk: 445. Prob: 0.02237%
8054 code (7T4365-M5C0C11) checked. Verified: 1989338. isIdOk: 445. Prob: 0.02237%
8055 code (711965-M5C0H39) checked. Verified: 1989585. isIdOk: 445. Prob: 0.02237%
8056 code (786E65-M5C03C5) checked. Verified: 1989832. isIdOk: 445. Prob: 0.02236%
8057 code (CA0165-M5C03K0) checked. Verified: 1990079. isIdOk: 445. Prob: 0.02236%
8058 code (7B5865-M5C0TKM) checked. Verified: 1990326. isIdOk: 445. Prob: 0.02236%
8059 code (762865-M5C05HM) checked. Verified: 1990573. isIdOk: 445. Prob: 0.02236%
8060 code (7ATH65-M5C0569) checked. Verified: 1990820. isIdOk: 445. Prob: 0.02235%
8061 code (7CMK65-M5C0509) checked. Verified: 1991067. isIdOk: 445. Prob: 0.02235%
8062 code (7CTT65-M5C025P) checked. Verified: 1991314. isIdOk: 445. Prob: 0.02235%
8063 code (CH5165-M5C021A) checked. Verified: 1991561. isIdOk: 445. Prob: 0.02234%
8064 code (73PH65-M5C0EEH) checked. Verified: 1991808. isIdOk: 445. Prob: 0.02234%
8065 code (7MM265-M5C06EB) checked. Verified: 1992055. isIdOk: 445. Prob: 0.02234%
8066 code (HCCP65-M5C09H4) checked. Verified: 1992302. isIdOk: 445. Prob: 0.02234%
8067 code (72H465-M5C098A) checked. Verified: 1992549. isIdOk: 445. Prob: 0.02233%
8068 code (7HX565-M5C0KM6) checked. Verified: 1992796. isIdOk: 445. Prob: 0.02233%
8069 code (7TME65-M5C0P1B) checked. Verified: 1993043. isIdOk: 445. Prob: 0.02233%
8070 code (733365-M5C01H7) checked. Verified: 1993290. isIdOk: 445. Prob: 0.02232%
8071 code (750E65-M5C019B) checked. Verified: 1993537. isIdOk: 445. Prob: 0.02232%
8072 code (C6A865-M5C0149) checked. Verified: 1993784. isIdOk: 445. Prob: 0.02232%
8073 code (78P165-M5C0AEE) checked. Verified: 1994031. isIdOk: 445. Prob: 0.02232%
8074 code (7H7765-M5C0AMT) checked. Verified: 1994278. isIdOk: 445. Prob: 0.02231%
8075 code (72A165-M5C0MT7) checked. Verified: 1994525. isIdOk: 445. Prob: 0.02231%
8076 code (7TC265-M5C0MBT) checked. Verified: 1994772. isIdOk: 445. Prob: 0.02231%
8077 code (7CC965-M5C0XP4) checked. Verified: 1995019. isIdOk: 445. Prob: 0.02231%
8078 code (7ACT65-M5C087C) checked. Verified: 1995266. isIdOk: 445. Prob: 0.0223%
8079 code (7CX865-M5C08BC) checked. Verified: 1995513. isIdOk: 445. Prob: 0.0223%
8080 code (77E765-M5C0BH9) checked. Verified: 1995760. isIdOk: 445. Prob: 0.0223%
8081 code (7EC265-M5C0BA0) checked. Verified: 1996007. isIdOk: 445. Prob: 0.02229%
8082 code (7AT765-M5C043X) checked. Verified: 1996254. isIdOk: 445. Prob: 0.02229%
8083 code (7EMH65-M5C00H4) checked. Verified: 1996501. isIdOk: 445. Prob: 0.02229%
8084 code (7T5565-M5H7775) checked. Verified: 1996748. isIdOk: 445. Prob: 0.02229%
8085 code (76T665-M5H77BP) checked. Verified: 1996995. isIdOk: 445. Prob: 0.02228%
8086 code (793X65-M5H770T) checked. Verified: 1997242. isIdOk: 445. Prob: 0.02228%
8087 code (7M5T65-M5H7C99) checked. Verified: 1997489. isIdOk: 445. Prob: 0.02228%
8088 code (76X665-M5H7CMH) checked. Verified: 1997736. isIdOk: 445. Prob: 0.02228%
8089 code (73H265-M5H7HC7) checked. Verified: 1997983. isIdOk: 445. Prob: 0.02227%
8090 code (7TC965-M5H7HP6) checked. Verified: 1998230. isIdOk: 445. Prob: 0.02227%
8091 code (7CAA65-M5H7352) checked. Verified: 1998477. isIdOk: 445. Prob: 0.02227%
8092 code (7TA965-M5H7THK) checked. Verified: 1998724. isIdOk: 445. Prob: 0.02226%
8093 code (73T465-M5H7T2X) checked. Verified: 1998971. isIdOk: 445. Prob: 0.02226%
8094 code (C78B65-M5H752T) checked. Verified: 1999218. isIdOk: 445. Prob: 0.02226%
8095 code (72P065-M5H72H3) checked. Verified: 1999465. isIdOk: 445. Prob: 0.02226%
8096 code (7B2765-M5H7211) checked. Verified: 1999712. isIdOk: 445. Prob: 0.02225%
8097 code (7K0665-M5H72XT) checked. Verified: 1999959. isIdOk: 445. Prob: 0.02225%
8098 code (7C9665-M5H7ETP) checked. Verified: 2000206. isIdOk: 445. Prob: 0.02225%
8099 code (714965-M5H7EE8) checked. Verified: 2000453. isIdOk: 445. Prob: 0.02224%
8100 code (774565-M5H76EM) checked. Verified: 2000700. isIdOk: 445. Prob: 0.02224%
8101 code (7HCK65-M5H764T) checked. Verified: 2000947. isIdOk: 445. Prob: 0.02224%
8102 code (CA5865-M5H79T0) checked. Verified: 2001194. isIdOk: 445. Prob: 0.02224%
8103 code (7C2T65-M5H796P) checked. Verified: 2001441. isIdOk: 445. Prob: 0.02223%
8104 code (7PC165-M5H79KT) checked. Verified: 2001688. isIdOk: 445. Prob: 0.02223%
8105 code (715K65-M5H79M2) checked. Verified: 2001935. isIdOk: 446. Prob: 0.02228%
8106 code (7TMA65-M5H7K9X) checked. Verified: 2002182. isIdOk: 446. Prob: 0.02228%
8107 code (726165-M5H7K1C) checked. Verified: 2002429. isIdOk: 446. Prob: 0.02227%
8108 code (7ET965-M5H7P5T) checked. Verified: 2002676. isIdOk: 446. Prob: 0.02227%
8109 code (783C65-M5H713H) checked. Verified: 2002923. isIdOk: 446. Prob: 0.02227%
8110 code (70M265-M5H7169) checked. Verified: 2003170. isIdOk: 446. Prob: 0.02226%
8111 code (78MT65-M5H7A39) checked. Verified: 2003417. isIdOk: 446. Prob: 0.02226%
8112 code (7K5E65-M5H7A47) checked. Verified: 2003664. isIdOk: 446. Prob: 0.02226%
8113 code (723P65-M5H7M21) checked. Verified: 2003911. isIdOk: 446. Prob: 0.02226%
8114 code (CEHB65-M5H7XHH) checked. Verified: 2004158. isIdOk: 446. Prob: 0.02225%
8115 code (799765-M5H7XBT) checked. Verified: 2004405. isIdOk: 446. Prob: 0.02225%
8116 code (719865-M5H7812) checked. Verified: 2004652. isIdOk: 446. Prob: 0.02225%
8117 code (7KP865-M5H7BTH) checked. Verified: 2004899. isIdOk: 446. Prob: 0.02225%
8118 code (7HT665-M5H7BXE) checked. Verified: 2005146. isIdOk: 446. Prob: 0.02224%
8119 code (7X7665-M5H7BXA) checked. Verified: 2005393. isIdOk: 446. Prob: 0.02224%
8120 code (730165-M5H7433) checked. Verified: 2005640. isIdOk: 446. Prob: 0.02224%
8121 code (77MB65-M5H74AE) checked. Verified: 2005887. isIdOk: 446. Prob: 0.02223%
8122 code (7CMC65-M5H7059) checked. Verified: 2006134. isIdOk: 446. Prob: 0.02223%
8123 code (C0M965-M5H70EC) checked. Verified: 2006381. isIdOk: 446. Prob: 0.02223%
8124 code (757P65-M5HC755) checked. Verified: 2006628. isIdOk: 446. Prob: 0.02223%
8125 code (7CE665-M5HC7ME) checked. Verified: 2006875. isIdOk: 446. Prob: 0.02222%
8126 code (7HTA65-M5HCCP7) checked. Verified: 2007122. isIdOk: 446. Prob: 0.02222%
8127 code (7TTA65-M5HCCXK) checked. Verified: 2007369. isIdOk: 446. Prob: 0.02222%
8128 code (752565-M5HCC09) checked. Verified: 2007616. isIdOk: 446. Prob: 0.02222%
8129 code (775865-M5HCH2H) checked. Verified: 2007863. isIdOk: 446. Prob: 0.02221%
8130 code (C31K65-M5HC3T2) checked. Verified: 2008110. isIdOk: 446. Prob: 0.02221%
8131 code (76HE65-M5HC367) checked. Verified: 2008357. isIdOk: 446. Prob: 0.02221%
8132 code (72T565-M5HC34B) checked. Verified: 2008604. isIdOk: 446. Prob: 0.0222%
8133 code (C35165-M5HCTB3) checked. Verified: 2008851. isIdOk: 446. Prob: 0.0222%
8134 code (7EK965-M5HC5A3) checked. Verified: 2009098. isIdOk: 446. Prob: 0.0222%
8135 code (7KMK65-M5HC219) checked. Verified: 2009345. isIdOk: 446. Prob: 0.0222%
8136 code (7C7265-M5HCEPP) checked. Verified: 2009592. isIdOk: 446. Prob: 0.02219%
8137 code (77M265-M5HC639) checked. Verified: 2009839. isIdOk: 446. Prob: 0.02219%
8138 code (7EXK65-M5HC97H) checked. Verified: 2010086. isIdOk: 446. Prob: 0.02219%
8139 code (73X665-M5HC9P4) checked. Verified: 2010333. isIdOk: 446. Prob: 0.02219%
8140 code (728765-M5HCKEM) checked. Verified: 2010580. isIdOk: 446. Prob: 0.02218%
8141 code (78AK65-M5HCKKP) checked. Verified: 2010827. isIdOk: 446. Prob: 0.02218%
8142 code (7CCH65-M5HCPCP) checked. Verified: 2011074. isIdOk: 446. Prob: 0.02218%
8143 code (77M165-M5HCPME) checked. Verified: 2011321. isIdOk: 446. Prob: 0.02217%
8144 code (7TKT65-M5HC1CM) checked. Verified: 2011568. isIdOk: 446. Prob: 0.02217%
8145 code (7CP065-M5HC122) checked. Verified: 2011815. isIdOk: 446. Prob: 0.02217%
8146 code (7C7T65-M5HC16E) checked. Verified: 2012062. isIdOk: 446. Prob: 0.02217%
8147 code (7M8H65-M5HC14P) checked. Verified: 2012309. isIdOk: 446. Prob: 0.02216%
8148 code (7KK865-M5HCAE2) checked. Verified: 2012556. isIdOk: 446. Prob: 0.02216%
8149 code (7P8065-M5HCAXA) checked. Verified: 2012803. isIdOk: 446. Prob: 0.02216%
8150 code (75MT65-M5HCA82) checked. Verified: 2013050. isIdOk: 446. Prob: 0.02216%
8151 code (714265-M5HCABB) checked. Verified: 2013297. isIdOk: 446. Prob: 0.02215%
8152 code (72MK65-M5HCMPM) checked. Verified: 2013544. isIdOk: 446. Prob: 0.02215%
8153 code (72E265-M5HCX7T) checked. Verified: 2013791. isIdOk: 446. Prob: 0.02215%
8154 code (C52665-M5HCX8C) checked. Verified: 2014038. isIdOk: 446. Prob: 0.02214%
8155 code (726665-M5HC8MM) checked. Verified: 2014285. isIdOk: 446. Prob: 0.02214%
8156 code (7CAH65-M5HCBE5) checked. Verified: 2014532. isIdOk: 446. Prob: 0.02214%
8157 code (756065-M5HCBKP) checked. Verified: 2014779. isIdOk: 447. Prob: 0.02219%
8158 code (774065-M5HC49B) checked. Verified: 2015026. isIdOk: 447. Prob: 0.02218%
8159 code (71C065-M5HC0C8) checked. Verified: 2015273. isIdOk: 447. Prob: 0.02218%
8160 code (732E65-M5HC018) checked. Verified: 2015520. isIdOk: 447. Prob: 0.02218%
8161 code (762465-M5HH7TE) checked. Verified: 2015767. isIdOk: 447. Prob: 0.02218%
8162 code (7T4M65-M5HHCCP) checked. Verified: 2016014. isIdOk: 447. Prob: 0.02217%
8163 code (772165-M5HHCAX) checked. Verified: 2016261. isIdOk: 447. Prob: 0.02217%
8164 code (78MX65-M5HHH2A) checked. Verified: 2016508. isIdOk: 447. Prob: 0.02217%
8165 code (777C65-M5HHHE8) checked. Verified: 2016755. isIdOk: 447. Prob: 0.02216%
8166 code (756865-M5HHH8C) checked. Verified: 2017002. isIdOk: 447. Prob: 0.02216%
8167 code (79E965-M5HH3C5) checked. Verified: 2017249. isIdOk: 447. Prob: 0.02216%
8168 code (7C6365-M5HH335) checked. Verified: 2017496. isIdOk: 447. Prob: 0.02216%
8169 code (C36B65-M5HH3E1) checked. Verified: 2017743. isIdOk: 447. Prob: 0.02215%
8170 code (7E1K65-M5HH3EM) checked. Verified: 2017990. isIdOk: 447. Prob: 0.02215%
8171 code (790C65-M5HH36X) checked. Verified: 2018237. isIdOk: 447. Prob: 0.02215%
8172 code (7EKH65-M5HH3B0) checked. Verified: 2018484. isIdOk: 447. Prob: 0.02215%
8173 code (7T8P65-M5HHTXX) checked. Verified: 2018731. isIdOk: 447. Prob: 0.02214%
8174 code (7CAT65-M5HH52P) checked. Verified: 2018978. isIdOk: 447. Prob: 0.02214%
8175 code (774365-M5HH255) checked. Verified: 2019225. isIdOk: 447. Prob: 0.02214%
8176 code (7BK465-M5HH211) checked. Verified: 2019472. isIdOk: 447. Prob: 0.02213%
8177 code (CCTH65-M5HH248) checked. Verified: 2019719. isIdOk: 447. Prob: 0.02213%
8178 code (CC1E65-M5HHEPP) checked. Verified: 2019966. isIdOk: 447. Prob: 0.02213%
8179 code (7M0065-M5HH6PT) checked. Verified: 2020213. isIdOk: 447. Prob: 0.02213%
8180 code (7TE365-M5HH6MB) checked. Verified: 2020460. isIdOk: 447. Prob: 0.02212%
8181 code (CMH965-M5HH910) checked. Verified: 2020707. isIdOk: 447. Prob: 0.02212%
8182 code (754065-M5HHK1M) checked. Verified: 2020954. isIdOk: 447. Prob: 0.02212%
8183 code (78B565-M5HHPCE) checked. Verified: 2021201. isIdOk: 447. Prob: 0.02212%
8184 code (CEB265-M5HHPP4) checked. Verified: 2021448. isIdOk: 448. Prob: 0.02216%
8185 code (CH6B65-M5HH1EA) checked. Verified: 2021695. isIdOk: 448. Prob: 0.02216%
8186 code (CC0565-M5HH1M2) checked. Verified: 2021942. isIdOk: 448. Prob: 0.02216%
8187 code (HT7965-M5HH182) checked. Verified: 2022189. isIdOk: 448. Prob: 0.02215%
8188 code (72X665-M5HHAHB) checked. Verified: 2022436. isIdOk: 448. Prob: 0.02215%
8189 code (7CAP65-M5HHM36) checked. Verified: 2022683. isIdOk: 448. Prob: 0.02215%
8190 code (CH2665-M5HHM2P) checked. Verified: 2022930. isIdOk: 448. Prob: 0.02215%
8191 code (7C6E65-M5HHMXP) checked. Verified: 2023177. isIdOk: 448. Prob: 0.02214%
8192 code (734065-M5HHX83) checked. Verified: 2023424. isIdOk: 448. Prob: 0.02214%
8193 code (7H7565-M5HH88P) checked. Verified: 2023671. isIdOk: 448. Prob: 0.02214%
8194 code (71CM65-M5HH8BB) checked. Verified: 2023918. isIdOk: 448. Prob: 0.02214%
8195 code (76T265-M5HHBTM) checked. Verified: 2024165. isIdOk: 448. Prob: 0.02213%
8196 code (7P5H65-M5HHBT8) checked. Verified: 2024412. isIdOk: 448. Prob: 0.02213%
8197 code (74M365-M5HHB9X) checked. Verified: 2024659. isIdOk: 448. Prob: 0.02213%
8198 code (77KC65-M5HHB98) checked. Verified: 2024906. isIdOk: 448. Prob: 0.02212%
8199 code (CAA265-M5HH42M) checked. Verified: 2025153. isIdOk: 448. Prob: 0.02212%
8200 code (765X65-M5HH4BC) checked. Verified: 2025400. isIdOk: 448. Prob: 0.02212%
8201 code (72TH65-M5HH01H) checked. Verified: 2025647. isIdOk: 448. Prob: 0.02212%
8202 code (7CA365-M5HH0XM) checked. Verified: 2025894. isIdOk: 448. Prob: 0.02211%
8203 code (7T2465-M5H372E) checked. Verified: 2026141. isIdOk: 448. Prob: 0.02211%
8204 code (7CBM65-M5H37PH) checked. Verified: 2026388. isIdOk: 448. Prob: 0.02211%
8205 code (7TH965-M5H37P6) checked. Verified: 2026635. isIdOk: 448. Prob: 0.02211%
8206 code (7P6765-M5H3CC8) checked. Verified: 2026882. isIdOk: 448. Prob: 0.0221%
8207 code (7P1X65-M5H3C87) checked. Verified: 2027129. isIdOk: 448. Prob: 0.0221%
8208 code (758665-M5H3C41) checked. Verified: 2027376. isIdOk: 448. Prob: 0.0221%
8209 code (7H2365-M5H3HH9) checked. Verified: 2027623. isIdOk: 448. Prob: 0.02209%
8210 code (7HTT65-M5H3HHB) checked. Verified: 2027870. isIdOk: 448. Prob: 0.02209%
8211 code (776565-M5H33C6) checked. Verified: 2028117. isIdOk: 448. Prob: 0.02209%
8212 code (7TKK65-M5H33BE) checked. Verified: 2028364. isIdOk: 448. Prob: 0.02209%
8213 code (7K0865-M5H3T1B) checked. Verified: 2028611. isIdOk: 448. Prob: 0.02208%
8214 code (7T9365-M5H359E) checked. Verified: 2028858. isIdOk: 448. Prob: 0.02208%
8215 code (767M65-M5H35XP) checked. Verified: 2029105. isIdOk: 448. Prob: 0.02208%
8216 code (7T0665-M5H32X9) checked. Verified: 2029352. isIdOk: 448. Prob: 0.02208%
8217 code (79KM65-M5H3E3A) checked. Verified: 2029599. isIdOk: 448. Prob: 0.02207%
8218 code (795965-M5H3E0X) checked. Verified: 2029846. isIdOk: 448. Prob: 0.02207%
8219 code (78BX65-M5H364C) checked. Verified: 2030093. isIdOk: 448. Prob: 0.02207%
8220 code (74XK65-M5H393B) checked. Verified: 2030340. isIdOk: 448. Prob: 0.02207%
8221 code (73CB65-M5H39M2) checked. Verified: 2030587. isIdOk: 448. Prob: 0.02206%
8222 code (H9AB65-M5H3KK0) checked. Verified: 2030834. isIdOk: 448. Prob: 0.02206%
8223 code (76K765-M5H3PH8) checked. Verified: 2031081. isIdOk: 448. Prob: 0.02206%
8224 code (C9EP65-M5H3P0K) checked. Verified: 2031328. isIdOk: 448. Prob: 0.02205%
8225 code (C2K965-M5H31T5) checked. Verified: 2031575. isIdOk: 448. Prob: 0.02205%
8226 code (74PH65-M5H319K) checked. Verified: 2031822. isIdOk: 448. Prob: 0.02205%
8227 code (7TPT65-M5H3111) checked. Verified: 2032069. isIdOk: 448. Prob: 0.02205%
8228 code (763B65-M5H3A19) checked. Verified: 2032316. isIdOk: 448. Prob: 0.02204%
8229 code (762B65-M5H3MPA) checked. Verified: 2032563. isIdOk: 448. Prob: 0.02204%
8230 code (7X0465-M5H3MX6) checked. Verified: 2032810. isIdOk: 448. Prob: 0.02204%
8231 code (778965-M5H3XH1) checked. Verified: 2033057. isIdOk: 448. Prob: 0.02204%
8232 code (CXMM65-M5H3870) checked. Verified: 2033304. isIdOk: 448. Prob: 0.02203%
8233 code (77XK65-M5H389E) checked. Verified: 2033551. isIdOk: 448. Prob: 0.02203%
8234 code (726A65-M5H3BEH) checked. Verified: 2033798. isIdOk: 448. Prob: 0.02203%
8235 code (7T0B65-M5H3BM7) checked. Verified: 2034045. isIdOk: 448. Prob: 0.02203%
8236 code (723165-M5H341B) checked. Verified: 2034292. isIdOk: 448. Prob: 0.02202%
8237 code (768C65-M5H34MH) checked. Verified: 2034539. isIdOk: 448. Prob: 0.02202%
8238 code (78T865-M5H34XM) checked. Verified: 2034786. isIdOk: 448. Prob: 0.02202%
8239 code (7C9365-M5H30PP) checked. Verified: 2035033. isIdOk: 448. Prob: 0.02201%
8240 code (7HAE65-M5HT754) checked. Verified: 2035280. isIdOk: 448. Prob: 0.02201%
8241 code (HXK965-M5HTCC3) checked. Verified: 2035527. isIdOk: 448. Prob: 0.02201%
8242 code (7HXE65-M5HTCX8) checked. Verified: 2035774. isIdOk: 448. Prob: 0.02201%
8243 code (CHXK65-M5HTHKP) checked. Verified: 2036021. isIdOk: 448. Prob: 0.022%
8244 code (73HX65-M5HTHK1) checked. Verified: 2036268. isIdOk: 448. Prob: 0.022%
8245 code (73PX65-M5HT3CK) checked. Verified: 2036515. isIdOk: 448. Prob: 0.022%
8246 code (78PX65-M5HT3A2) checked. Verified: 2036762. isIdOk: 449. Prob: 0.02204%
8247 code (76X765-M5HTT36) checked. Verified: 2037009. isIdOk: 449. Prob: 0.02204%
8248 code (CXEX65-M5HT57P) checked. Verified: 2037256. isIdOk: 449. Prob: 0.02204%
8249 code (7KB165-M5HT578) checked. Verified: 2037503. isIdOk: 449. Prob: 0.02204%
8250 code (7X4965-M5HT2CM) checked. Verified: 2037750. isIdOk: 449. Prob: 0.02203%
8251 code (7AB365-M5HT2MB) checked. Verified: 2037997. isIdOk: 449. Prob: 0.02203%
8252 code (7HT265-M5HT20K) checked. Verified: 2038244. isIdOk: 449. Prob: 0.02203%
8253 code (7T9565-M5HTE16) checked. Verified: 2038491. isIdOk: 449. Prob: 0.02203%
8254 code (75KM65-M5HT6HE) checked. Verified: 2038738. isIdOk: 449. Prob: 0.02202%
8255 code (7EXX65-M5HT642) checked. Verified: 2038985. isIdOk: 449. Prob: 0.02202%
8256 code (74C665-M5HT99M) checked. Verified: 2039232. isIdOk: 449. Prob: 0.02202%
8257 code (79AA65-M5HTK2E) checked. Verified: 2039479. isIdOk: 449. Prob: 0.02202%
8258 code (73P965-M5HTK29) checked. Verified: 2039726. isIdOk: 449. Prob: 0.02201%
8259 code (733P65-M5HTKMX) checked. Verified: 2039973. isIdOk: 449. Prob: 0.02201%
8260 code (710165-M5HTP51) checked. Verified: 2040220. isIdOk: 449. Prob: 0.02201%
8261 code (73MM65-M5HTPK6) checked. Verified: 2040467. isIdOk: 449. Prob: 0.022%
8262 code (77K965-M5HTPK9) checked. Verified: 2040714. isIdOk: 449. Prob: 0.022%
8263 code (7K8M65-M5HTP45) checked. Verified: 2040961. isIdOk: 449. Prob: 0.022%
8264 code (77KA65-M5HT1C5) checked. Verified: 2041208. isIdOk: 449. Prob: 0.022%
8265 code (7T5P65-M5HT1PE) checked. Verified: 2041455. isIdOk: 449. Prob: 0.02199%
8266 code (7ECM65-M5HT14T) checked. Verified: 2041702. isIdOk: 449. Prob: 0.02199%
8267 code (736265-M5HTAXH) checked. Verified: 2041949. isIdOk: 450. Prob: 0.02204%
8268 code (7K1H65-M5HTMPE) checked. Verified: 2042196. isIdOk: 450. Prob: 0.02204%
8269 code (7HHK65-M5HTXEM) checked. Verified: 2042443. isIdOk: 450. Prob: 0.02203%
8270 code (762H65-M5HT86E) checked. Verified: 2042690. isIdOk: 450. Prob: 0.02203%
8271 code (7X6C65-M5HT89C) checked. Verified: 2042937. isIdOk: 450. Prob: 0.02203%
8272 code (CCMT65-M5HT8BC) checked. Verified: 2043184. isIdOk: 450. Prob: 0.02202%
8273 code (777065-M5HTBKK) checked. Verified: 2043431. isIdOk: 450. Prob: 0.02202%
8274 code (7MA365-M5HT434) checked. Verified: 2043678. isIdOk: 450. Prob: 0.02202%
8275 code (7C6A65-M5HT4E9) checked. Verified: 2043925. isIdOk: 450. Prob: 0.02202%
8276 code (CT8365-M5HT063) checked. Verified: 2044172. isIdOk: 450. Prob: 0.02201%
8277 code (7PMB65-M5H57CH) checked. Verified: 2044419. isIdOk: 450. Prob: 0.02201%
8278 code (7CTK65-M5H5728) checked. Verified: 2044666. isIdOk: 450. Prob: 0.02201%
8279 code (75MP65-M5H5C2K) checked. Verified: 2044913. isIdOk: 450. Prob: 0.02201%
8280 code (7T7065-M5H5HH6) checked. Verified: 2045160. isIdOk: 450. Prob: 0.022%
8281 code (777665-M5H5H20) checked. Verified: 2045407. isIdOk: 450. Prob: 0.022%
8282 code (7E9665-M5H5HE2) checked. Verified: 2045654. isIdOk: 450. Prob: 0.022%
8283 code (75HM65-M5H535H) checked. Verified: 2045901. isIdOk: 450. Prob: 0.022%
8284 code (7CCA65-M5H5T52) checked. Verified: 2046148. isIdOk: 450. Prob: 0.02199%
8285 code (754E65-M5H5TA6) checked. Verified: 2046395. isIdOk: 450. Prob: 0.02199%
8286 code (7AMA65-M5H555X) checked. Verified: 2046642. isIdOk: 451. Prob: 0.02204%
8287 code (79M165-M5H55B5) checked. Verified: 2046889. isIdOk: 451. Prob: 0.02203%
8288 code (7CC365-M5H5547) checked. Verified: 2047136. isIdOk: 451. Prob: 0.02203%
8289 code (7C7165-M5H521A) checked. Verified: 2047383. isIdOk: 451. Prob: 0.02203%
8290 code (CA9865-M5H5E66) checked. Verified: 2047630. isIdOk: 451. Prob: 0.02203%
8291 code (722765-M5H5665) checked. Verified: 2047877. isIdOk: 451. Prob: 0.02202%
8292 code (7X9865-M5H59E5) checked. Verified: 2048124. isIdOk: 451. Prob: 0.02202%
8293 code (7PME65-M5H5K7M) checked. Verified: 2048371. isIdOk: 451. Prob: 0.02202%
8294 code (CEP265-M5H5K28) checked. Verified: 2048618. isIdOk: 451. Prob: 0.02201%
8295 code (751H65-M5H5KK0) checked. Verified: 2048865. isIdOk: 451. Prob: 0.02201%
8296 code (7EBA65-M5H5PT5) checked. Verified: 2049112. isIdOk: 451. Prob: 0.02201%
8297 code (770265-M5H51T6) checked. Verified: 2049359. isIdOk: 451. Prob: 0.02201%
8298 code (7EHK65-M5H51E8) checked. Verified: 2049606. isIdOk: 451. Prob: 0.022%
8299 code (7T6H65-M5H51K4) checked. Verified: 2049853. isIdOk: 451. Prob: 0.022%
8300 code (73XH65-M5H5AET) checked. Verified: 2050100. isIdOk: 451. Prob: 0.022%
8301 code (7EMT65-M5H5A67) checked. Verified: 2050347. isIdOk: 451. Prob: 0.022%
8302 code (7C0A65-M5H5A8C) checked. Verified: 2050594. isIdOk: 451. Prob: 0.02199%
8303 code (71BK65-M5H5M76) checked. Verified: 2050841. isIdOk: 451. Prob: 0.02199%
8304 code (733265-M5H5M5E) checked. Verified: 2051088. isIdOk: 451. Prob: 0.02199%
8305 code (7CP165-M5H5X78) checked. Verified: 2051335. isIdOk: 451. Prob: 0.02199%
8306 code (7A6M65-M5H5X5T) checked. Verified: 2051582. isIdOk: 451. Prob: 0.02198%
8307 code (75E665-M5H5XXE) checked. Verified: 2051829. isIdOk: 451. Prob: 0.02198%
8308 code (7C0X65-M5H58HH) checked. Verified: 2052076. isIdOk: 451. Prob: 0.02198%
8309 code (7K1165-M5H589C) checked. Verified: 2052323. isIdOk: 451. Prob: 0.02198%
8310 code (727T65-M5H5BT5) checked. Verified: 2052570. isIdOk: 451. Prob: 0.02197%
8311 code (7X1E65-M5H5B63) checked. Verified: 2052817. isIdOk: 451. Prob: 0.02197%
8312 code (7AH865-M5H54TK) checked. Verified: 2053064. isIdOk: 451. Prob: 0.02197%
8313 code (719765-M5H54PH) checked. Verified: 2053311. isIdOk: 451. Prob: 0.02196%
8314 code (7TX065-M5H50C7) checked. Verified: 2053558. isIdOk: 451. Prob: 0.02196%
8315 code (77B865-M5H50P5) checked. Verified: 2053805. isIdOk: 451. Prob: 0.02196%
8316 code (7HTE65-M5H50B3) checked. Verified: 2054052. isIdOk: 451. Prob: 0.02196%
8317 code (7T9X65-M5H277C) checked. Verified: 2054299. isIdOk: 451. Prob: 0.02195%
8318 code (767M65-M5H27X6) checked. Verified: 2054546. isIdOk: 452. Prob: 0.022%
8319 code (720P65-M5H2C74) checked. Verified: 2054793. isIdOk: 452. Prob: 0.022%
8320 code (7TC765-M5H2CX8) checked. Verified: 2055040. isIdOk: 452. Prob: 0.02199%
8321 code (7PB365-M5H2H5K) checked. Verified: 2055287. isIdOk: 452. Prob: 0.02199%
8322 code (72M365-M5H237M) checked. Verified: 2055534. isIdOk: 452. Prob: 0.02199%
8323 code (7HEP65-M5H23BE) checked. Verified: 2055781. isIdOk: 452. Prob: 0.02199%
8324 code (CECM65-M5H2TCP) checked. Verified: 2056028. isIdOk: 452. Prob: 0.02198%
8325 code (714565-M5H2TE3) checked. Verified: 2056275. isIdOk: 452. Prob: 0.02198%
8326 code (7E7965-M5H2T14) checked. Verified: 2056522. isIdOk: 453. Prob: 0.02203%
8327 code (74CB65-M5H25TX) checked. Verified: 2056769. isIdOk: 453. Prob: 0.02202%
8328 code (75PK65-M5H2236) checked. Verified: 2057016. isIdOk: 453. Prob: 0.02202%
8329 code (770765-M5H226B) checked. Verified: 2057263. isIdOk: 453. Prob: 0.02202%
8330 code (7C4865-M5H22P7) checked. Verified: 2057510. isIdOk: 453. Prob: 0.02202%
8331 code (72PX65-M5H2E67) checked. Verified: 2057757. isIdOk: 453. Prob: 0.02201%
8332 code (7CXT65-M5H265B) checked. Verified: 2058004. isIdOk: 453. Prob: 0.02201%
8333 code (7PKP65-M5H260H) checked. Verified: 2058251. isIdOk: 453. Prob: 0.02201%
8334 code (773765-M5H29PX) checked. Verified: 2058498. isIdOk: 453. Prob: 0.02201%
8335 code (758065-M5H2K64) checked. Verified: 2058745. isIdOk: 453. Prob: 0.022%
8336 code (75MK65-M5H2KA0) checked. Verified: 2058992. isIdOk: 453. Prob: 0.022%
8337 code (737865-M5H2K0A) checked. Verified: 2059239. isIdOk: 453. Prob: 0.022%
8338 code (7TH665-M5H2PA7) checked. Verified: 2059486. isIdOk: 453. Prob: 0.022%
8339 code (CCP365-M5H219T) checked. Verified: 2059733. isIdOk: 454. Prob: 0.02204%
8340 code (7T5665-M5H2145) checked. Verified: 2059980. isIdOk: 454. Prob: 0.02204%
8341 code (7BHE65-M5H210B) checked. Verified: 2060227. isIdOk: 454. Prob: 0.02204%
8342 code (H98865-M5H2A38) checked. Verified: 2060474. isIdOk: 454. Prob: 0.02203%
8343 code (C31265-M5H2M3B) checked. Verified: 2060721. isIdOk: 454. Prob: 0.02203%
8344 code (77H465-M5H2MPT) checked. Verified: 2060968. isIdOk: 454. Prob: 0.02203%
8345 code (723K65-M5H2X9T) checked. Verified: 2061215. isIdOk: 454. Prob: 0.02203%
8346 code (7CXE65-M5H2X82) checked. Verified: 2061462. isIdOk: 454. Prob: 0.02202%
8347 code (759265-M5H28P9) checked. Verified: 2061709. isIdOk: 454. Prob: 0.02202%
8348 code (7M0A65-M5H28AP) checked. Verified: 2061956. isIdOk: 454. Prob: 0.02202%
8349 code (73B365-M5H28A1) checked. Verified: 2062203. isIdOk: 454. Prob: 0.02202%
8350 code (7A5H65-M5H28X5) checked. Verified: 2062450. isIdOk: 454. Prob: 0.02201%
8351 code (7BAP65-M5H2BX4) checked. Verified: 2062697. isIdOk: 454. Prob: 0.02201%
8352 code (727K65-M5H247M) checked. Verified: 2062944. isIdOk: 454. Prob: 0.02201%
8353 code (70HH65-M5H249C) checked. Verified: 2063191. isIdOk: 454. Prob: 0.022%
8354 code (CMXH65-M5H207T) checked. Verified: 2063438. isIdOk: 454. Prob: 0.022%
8355 code (7HAB65-M5H2084) checked. Verified: 2063685. isIdOk: 454. Prob: 0.022%
8356 code (773765-M5HE787) checked. Verified: 2063932. isIdOk: 454. Prob: 0.022%
8357 code (7PK565-M5HEC6X) checked. Verified: 2064179. isIdOk: 454. Prob: 0.02199%
8358 code (C6MB65-M5HEH2C) checked. Verified: 2064426. isIdOk: 454. Prob: 0.02199%
8359 code (71AH65-M5HEH48) checked. Verified: 2064673. isIdOk: 454. Prob: 0.02199%
8360 code (77AH65-M5HE3H2) checked. Verified: 2064920. isIdOk: 454. Prob: 0.02199%
8361 code (7H3365-M5HE3BE) checked. Verified: 2065167. isIdOk: 454. Prob: 0.02198%
8362 code (7PC665-M5HET97) checked. Verified: 2065414. isIdOk: 454. Prob: 0.02198%
8363 code (7P6365-M5HE5EA) checked. Verified: 2065661. isIdOk: 454. Prob: 0.02198%
8364 code (7C3C65-M5HE2C4) checked. Verified: 2065908. isIdOk: 454. Prob: 0.02198%
8365 code (788C65-M5HE2XC) checked. Verified: 2066155. isIdOk: 454. Prob: 0.02197%
8366 code (7EC665-M5HEEHP) checked. Verified: 2066402. isIdOk: 454. Prob: 0.02197%
8367 code (744265-M5HE6H2) checked. Verified: 2066649. isIdOk: 454. Prob: 0.02197%
8368 code (C7KM65-M5HE69K) checked. Verified: 2066896. isIdOk: 454. Prob: 0.02197%
8369 code (7KXK65-M5HE9CK) checked. Verified: 2067143. isIdOk: 454. Prob: 0.02196%
8370 code (7H1665-M5HE9E9) checked. Verified: 2067390. isIdOk: 454. Prob: 0.02196%
8371 code (7A3E65-M5HE9B4) checked. Verified: 2067637. isIdOk: 454. Prob: 0.02196%
8372 code (73M865-M5HEKXC) checked. Verified: 2067884. isIdOk: 454. Prob: 0.02195%
8373 code (7HMX65-M5HEP15) checked. Verified: 2068131. isIdOk: 454. Prob: 0.02195%
8374 code (75HT65-M5HE1AC) checked. Verified: 2068378. isIdOk: 454. Prob: 0.02195%
8375 code (C9HH65-M5HEAP4) checked. Verified: 2068625. isIdOk: 454. Prob: 0.02195%
8376 code (CBCB65-M5HEAMX) checked. Verified: 2068872. isIdOk: 454. Prob: 0.02194%
8377 code (C22565-M5HEAB1) checked. Verified: 2069119. isIdOk: 454. Prob: 0.02194%
8378 code (73EC65-M5HEM94) checked. Verified: 2069366. isIdOk: 454. Prob: 0.02194%
8379 code (72M865-M5HEXTT) checked. Verified: 2069613. isIdOk: 454. Prob: 0.02194%
8380 code (74T765-M5HEX2P) checked. Verified: 2069860. isIdOk: 454. Prob: 0.02193%
8381 code (70KX65-M5HE8T8) checked. Verified: 2070107. isIdOk: 454. Prob: 0.02193%
8382 code (7CB865-M5HE89A) checked. Verified: 2070354. isIdOk: 454. Prob: 0.02193%
8383 code (7BKX65-M5HEB9P) checked. Verified: 2070601. isIdOk: 454. Prob: 0.02193%
8384 code (C36C65-M5HEBM6) checked. Verified: 2070848. isIdOk: 454. Prob: 0.02192%
8385 code (79AM65-M5HE4TC) checked. Verified: 2071095. isIdOk: 454. Prob: 0.02192%
8386 code (7K1E65-M5HE42P) checked. Verified: 2071342. isIdOk: 454. Prob: 0.02192%
8387 code (793H65-M5HE44P) checked. Verified: 2071589. isIdOk: 454. Prob: 0.02192%
8388 code (C0X765-M5HE05X) checked. Verified: 2071836. isIdOk: 454. Prob: 0.02191%
8389 code (7HC765-M5HE06C) checked. Verified: 2072083. isIdOk: 454. Prob: 0.02191%
8390 code (77K465-M5H67C0) checked. Verified: 2072330. isIdOk: 454. Prob: 0.02191%
8391 code (733E65-M5H67XA) checked. Verified: 2072577. isIdOk: 454. Prob: 0.02191%
8392 code (7HET65-M5H6CET) checked. Verified: 2072824. isIdOk: 454. Prob: 0.0219%
8393 code (7E5865-M5H6H3K) checked. Verified: 2073071. isIdOk: 454. Prob: 0.0219%
8394 code (7TP065-M5H6H23) checked. Verified: 2073318. isIdOk: 454. Prob: 0.0219%
8395 code (711M65-M5H6355) checked. Verified: 2073565. isIdOk: 454. Prob: 0.02189%
8396 code (72T765-M5H6T5T) checked. Verified: 2073812. isIdOk: 454. Prob: 0.02189%
8397 code (75B565-M5H6527) checked. Verified: 2074059. isIdOk: 454. Prob: 0.02189%
8398 code (720E65-M5H62T5) checked. Verified: 2074306. isIdOk: 454. Prob: 0.02189%
8399 code (CEKE65-M5H6E3K) checked. Verified: 2074553. isIdOk: 454. Prob: 0.02188%
8400 code (7HCM65-M5H66CB) checked. Verified: 2074800. isIdOk: 454. Prob: 0.02188%
8401 code (7PT865-M5H69H7) checked. Verified: 2075047. isIdOk: 455. Prob: 0.02193%
8402 code (798765-M5H69TH) checked. Verified: 2075294. isIdOk: 455. Prob: 0.02192%
8403 code (76ME65-M5H6929) checked. Verified: 2075541. isIdOk: 455. Prob: 0.02192%
8404 code (7XM565-M5H69AP) checked. Verified: 2075788. isIdOk: 455. Prob: 0.02192%
8405 code (785665-M5H6K2K) checked. Verified: 2076035. isIdOk: 455. Prob: 0.02192%
8406 code (H2C365-M5H6KX0) checked. Verified: 2076282. isIdOk: 455. Prob: 0.02191%
8407 code (7EM165-M5H6P7E) checked. Verified: 2076529. isIdOk: 455. Prob: 0.02191%
8408 code (772865-M5H6PEA) checked. Verified: 2076776. isIdOk: 455. Prob: 0.02191%
8409 code (7E7X65-M5H613H) checked. Verified: 2077023. isIdOk: 455. Prob: 0.02191%
8410 code (7CC265-M5H616B) checked. Verified: 2077270. isIdOk: 455. Prob: 0.0219%
8411 code (7T5865-M5H61BX) checked. Verified: 2077517. isIdOk: 455. Prob: 0.0219%
8412 code (CXPE65-M5H6A9C) checked. Verified: 2077764. isIdOk: 456. Prob: 0.02195%
8413 code (7H8P65-M5H6M7H) checked. Verified: 2078011. isIdOk: 456. Prob: 0.02194%
8414 code (7MPH65-M5H6M10) checked. Verified: 2078258. isIdOk: 456. Prob: 0.02194%
8415 code (C65H65-M5H6X9M) checked. Verified: 2078505. isIdOk: 456. Prob: 0.02194%
8416 code (7CBX65-M5H68K7) checked. Verified: 2078752. isIdOk: 456. Prob: 0.02194%
8417 code (77P165-M5H6BEX) checked. Verified: 2078999. isIdOk: 456. Prob: 0.02193%
8418 code (7T5965-M5H6BM0) checked. Verified: 2079246. isIdOk: 456. Prob: 0.02193%
8419 code (71XK65-M5H6B89) checked. Verified: 2079493. isIdOk: 456. Prob: 0.02193%
8420 code (CH6H65-M5H6B09) checked. Verified: 2079740. isIdOk: 456. Prob: 0.02193%
8421 code (H9A165-M5H6487) checked. Verified: 2079987. isIdOk: 456. Prob: 0.02192%
8422 code (778365-M5H602P) checked. Verified: 2080234. isIdOk: 456. Prob: 0.02192%
8423 code (756P65-M5H60E2) checked. Verified: 2080481. isIdOk: 456. Prob: 0.02192%
8424 code (71P865-M5H60BH) checked. Verified: 2080728. isIdOk: 456. Prob: 0.02192%
8425 code (CMKM65-M5H97PE) checked. Verified: 2080975. isIdOk: 456. Prob: 0.02191%
8426 code (732565-M5H9C99) checked. Verified: 2081222. isIdOk: 456. Prob: 0.02191%
8427 code (7PTX65-M5H9C43) checked. Verified: 2081469. isIdOk: 456. Prob: 0.02191%
8428 code (7CHC65-M5H9HX6) checked. Verified: 2081716. isIdOk: 456. Prob: 0.02191%
8429 code (72T265-M5H9339) checked. Verified: 2081963. isIdOk: 456. Prob: 0.0219%
8430 code (71EH65-M5H934B) checked. Verified: 2082210. isIdOk: 456. Prob: 0.0219%
8431 code (7CHT65-M5H9TH4) checked. Verified: 2082457. isIdOk: 456. Prob: 0.0219%
8432 code (7M1665-M5H9T59) checked. Verified: 2082704. isIdOk: 456. Prob: 0.02189%
8433 code (C9XP65-M5H9TM7) checked. Verified: 2082951. isIdOk: 456. Prob: 0.02189%
8434 code (7K4765-M5H951M) checked. Verified: 2083198. isIdOk: 456. Prob: 0.02189%
8435 code (7H2565-M5H925T) checked. Verified: 2083445. isIdOk: 456. Prob: 0.02189%
8436 code (75AC65-M5H92X4) checked. Verified: 2083692. isIdOk: 457. Prob: 0.02193%
8437 code (735365-M5H92X0) checked. Verified: 2083939. isIdOk: 457. Prob: 0.02193%
8438 code (7MM865-M5H9E5T) checked. Verified: 2084186. isIdOk: 457. Prob: 0.02193%
8439 code (CE7E65-M5H9E4X) checked. Verified: 2084433. isIdOk: 457. Prob: 0.02192%
8440 code (7EEE65-M5H9663) checked. Verified: 2084680. isIdOk: 457. Prob: 0.02192%
8441 code (CH4365-M5H9612) checked. Verified: 2084927. isIdOk: 457. Prob: 0.02192%
8442 code (796865-M5H99K9) checked. Verified: 2085174. isIdOk: 457. Prob: 0.02192%
8443 code (7PM565-M5H9942) checked. Verified: 2085421. isIdOk: 457. Prob: 0.02191%
8444 code (7M5765-M5H9K63) checked. Verified: 2085668. isIdOk: 457. Prob: 0.02191%
8445 code (7XK465-M5H9KPC) checked. Verified: 2085915. isIdOk: 457. Prob: 0.02191%
8446 code (7TX965-M5H9PEK) checked. Verified: 2086162. isIdOk: 457. Prob: 0.02191%
8447 code (722965-M5H9P03) checked. Verified: 2086409. isIdOk: 457. Prob: 0.0219%
8448 code (792M65-M5H912A) checked. Verified: 2086656. isIdOk: 457. Prob: 0.0219%
8449 code (7C1C65-M5H91B6) checked. Verified: 2086903. isIdOk: 458. Prob: 0.02195%
8450 code (72CK65-M5H914A) checked. Verified: 2087150. isIdOk: 458. Prob: 0.02194%
8451 code (7EB265-M5H9A45) checked. Verified: 2087397. isIdOk: 458. Prob: 0.02194%
8452 code (7KX665-M5H9MBK) checked. Verified: 2087644. isIdOk: 458. Prob: 0.02194%
8453 code (7CM165-M5H9XEE) checked. Verified: 2087891. isIdOk: 458. Prob: 0.02194%
8454 code (7C0765-M5H9X9C) checked. Verified: 2088138. isIdOk: 458. Prob: 0.02193%
8455 code (7K8M65-M5H9X9T) checked. Verified: 2088385. isIdOk: 458. Prob: 0.02193%
8456 code (755165-M5H98CH) checked. Verified: 2088632. isIdOk: 458. Prob: 0.02193%
8457 code (713X65-M5H98MH) checked. Verified: 2088879. isIdOk: 459. Prob: 0.02197%
8458 code (797K65-M5H9B24) checked. Verified: 2089126. isIdOk: 459. Prob: 0.02197%
8459 code (75X065-M5H9BK1) checked. Verified: 2089373. isIdOk: 459. Prob: 0.02197%
8460 code (76T065-M5H94EX) checked. Verified: 2089620. isIdOk: 459. Prob: 0.02197%
8461 code (77TT65-M5H9417) checked. Verified: 2089867. isIdOk: 459. Prob: 0.02196%
8462 code (763B65-M5H90HP) checked. Verified: 2090114. isIdOk: 459. Prob: 0.02196%
8463 code (7C5X65-M5H90HB) checked. Verified: 2090361. isIdOk: 459. Prob: 0.02196%
8464 code (CCAK65-M5H903B) checked. Verified: 2090608. isIdOk: 459. Prob: 0.02196%
8465 code (C9K065-M5H9018) checked. Verified: 2090855. isIdOk: 459. Prob: 0.02195%
8466 code (C25665-M5HK7C9) checked. Verified: 2091102. isIdOk: 459. Prob: 0.02195%
8467 code (782465-M5HK7KC) checked. Verified: 2091349. isIdOk: 459. Prob: 0.02195%
8468 code (739065-M5HK7A0) checked. Verified: 2091596. isIdOk: 459. Prob: 0.02194%
8469 code (769A65-M5HKC7K) checked. Verified: 2091843. isIdOk: 459. Prob: 0.02194%
8470 code (7H6265-M5HKCH0) checked. Verified: 2092090. isIdOk: 459. Prob: 0.02194%
8471 code (7TKK65-M5HKC3P) checked. Verified: 2092337. isIdOk: 459. Prob: 0.02194%
8472 code (726X65-M5HKH31) checked. Verified: 2092584. isIdOk: 459. Prob: 0.02193%
8473 code (7CKT65-M5HKH34) checked. Verified: 2092831. isIdOk: 459. Prob: 0.02193%
8474 code (HP2565-M5HKHAK) checked. Verified: 2093078. isIdOk: 459. Prob: 0.02193%
8475 code (7C5C65-M5HK37C) checked. Verified: 2093325. isIdOk: 459. Prob: 0.02193%
8476 code (7TMK65-M5HK3EK) checked. Verified: 2093572. isIdOk: 459. Prob: 0.02192%
8477 code (75E165-M5HK30P) checked. Verified: 2093819. isIdOk: 459. Prob: 0.02192%
8478 code (7TH765-M5HK30X) checked. Verified: 2094066. isIdOk: 459. Prob: 0.02192%
8479 code (7BBP65-M5HKT1P) checked. Verified: 2094313. isIdOk: 459. Prob: 0.02192%
8480 code (HCHH65-M5HK5PA) checked. Verified: 2094560. isIdOk: 459. Prob: 0.02191%
8481 code (7TH265-M5HK2KX) checked. Verified: 2094807. isIdOk: 459. Prob: 0.02191%
8482 code (75M665-M5HK2MP) checked. Verified: 2095054. isIdOk: 459. Prob: 0.02191%
8483 code (C31B65-M5HKEKE) checked. Verified: 2095301. isIdOk: 459. Prob: 0.02191%
8484 code (H92665-M5HKEKA) checked. Verified: 2095548. isIdOk: 459. Prob: 0.0219%
8485 code (7HK465-M5HK6TX) checked. Verified: 2095795. isIdOk: 459. Prob: 0.0219%
8486 code (71PT65-M5HK619) checked. Verified: 2096042. isIdOk: 459. Prob: 0.0219%
8487 code (7A0E65-M5HK9TE) checked. Verified: 2096289. isIdOk: 459. Prob: 0.0219%
8488 code (7EHT65-M5HK911) checked. Verified: 2096536. isIdOk: 459. Prob: 0.02189%
8489 code (756E65-M5HKK79) checked. Verified: 2096783. isIdOk: 460. Prob: 0.02194%
8490 code (71X865-M5HKKCM) checked. Verified: 2097030. isIdOk: 460. Prob: 0.02194%
8491 code (CCE265-M5HKKE4) checked. Verified: 2097277. isIdOk: 460. Prob: 0.02193%
8492 code (7E0465-M5HKK94) checked. Verified: 2097524. isIdOk: 460. Prob: 0.02193%
8493 code (7KBX65-M5HKP73) checked. Verified: 2097771. isIdOk: 460. Prob: 0.02193%
8494 code (7CKH65-M5HKP81) checked. Verified: 2098018. isIdOk: 460. Prob: 0.02193%
8495 code (7EKA65-M5HK1A3) checked. Verified: 2098265. isIdOk: 460. Prob: 0.02192%
8496 code (C29A65-M5HKA24) checked. Verified: 2098512. isIdOk: 460. Prob: 0.02192%
8497 code (7AA065-M5HKAA8) checked. Verified: 2098759. isIdOk: 460. Prob: 0.02192%
8498 code (7A8665-M5HKMP7) checked. Verified: 2099006. isIdOk: 460. Prob: 0.02192%
8499 code (7E4865-M5HKMX4) checked. Verified: 2099253. isIdOk: 460. Prob: 0.02191%
8500 code (C63B65-M5HKX1X) checked. Verified: 2099500. isIdOk: 460. Prob: 0.02191%
8501 code (76E665-M5HKXAH) checked. Verified: 2099747. isIdOk: 460. Prob: 0.02191%
8502 code (77TB65-M5HKXB4) checked. Verified: 2099994. isIdOk: 460. Prob: 0.0219%
8503 code (776H65-M5HK8B8) checked. Verified: 2100241. isIdOk: 461. Prob: 0.02195%
8504 code (7CCX65-M5HKBTT) checked. Verified: 2100488. isIdOk: 461. Prob: 0.02195%
8505 code (78M565-M5HKBEX) checked. Verified: 2100735. isIdOk: 461. Prob: 0.02194%
8506 code (726865-M5HK4HC) checked. Verified: 2100982. isIdOk: 461. Prob: 0.02194%
8507 code (7C2E65-M5HK076) checked. Verified: 2101229. isIdOk: 461. Prob: 0.02194%
8508 code (74C865-M5HK0M0) checked. Verified: 2101476. isIdOk: 461. Prob: 0.02194%
8509 code (HK3B65-M5HP7M7) checked. Verified: 2101723. isIdOk: 461. Prob: 0.02193%
8510 code (7CE365-M5HP7BM) checked. Verified: 2101970. isIdOk: 461. Prob: 0.02193%
8511 code (7ETX65-M5HP743) checked. Verified: 2102217. isIdOk: 461. Prob: 0.02193%
8512 code (7E7H65-M5HP74T) checked. Verified: 2102464. isIdOk: 461. Prob: 0.02193%
8513 code (74C965-M5HPC2P) checked. Verified: 2102711. isIdOk: 461. Prob: 0.02192%
8514 code (C34P65-M5HPH52) checked. Verified: 2102958. isIdOk: 461. Prob: 0.02192%
8515 code (729765-M5HP327) checked. Verified: 2103205. isIdOk: 461. Prob: 0.02192%
8516 code (7MH165-M5HP304) checked. Verified: 2103452. isIdOk: 461. Prob: 0.02192%
8517 code (7C1T65-M5HPT2T) checked. Verified: 2103699. isIdOk: 462. Prob: 0.02196%
8518 code (C94465-M5HPT6E) checked. Verified: 2103946. isIdOk: 462. Prob: 0.02196%
8519 code (7KTE65-M5HPT6X) checked. Verified: 2104193. isIdOk: 462. Prob: 0.02196%
8520 code (7H3E65-M5HPT0B) checked. Verified: 2104440. isIdOk: 462. Prob: 0.02195%
8521 code (770465-M5HP5PA) checked. Verified: 2104687. isIdOk: 462. Prob: 0.02195%
8522 code (7KPT65-M5HP5A7) checked. Verified: 2104934. isIdOk: 462. Prob: 0.02195%
8523 code (7K4465-M5HP2K6) checked. Verified: 2105181. isIdOk: 462. Prob: 0.02195%
8524 code (CHX865-M5HPE22) checked. Verified: 2105428. isIdOk: 462. Prob: 0.02194%
8525 code (C7X265-M5HPE4E) checked. Verified: 2105675. isIdOk: 462. Prob: 0.02194%
8526 code (C7PE65-M5HP635) checked. Verified: 2105922. isIdOk: 462. Prob: 0.02194%
8527 code (C2X165-M5HP6PB) checked. Verified: 2106169. isIdOk: 462. Prob: 0.02194%
8528 code (739865-M5HP994) checked. Verified: 2106416. isIdOk: 462. Prob: 0.02193%
8529 code (732H65-M5HPKH6) checked. Verified: 2106663. isIdOk: 463. Prob: 0.02198%
8530 code (C38165-M5HPK19) checked. Verified: 2106910. isIdOk: 463. Prob: 0.02198%
8531 code (796665-M5HPP14) checked. Verified: 2107157. isIdOk: 463. Prob: 0.02197%
8532 code (7C8B65-M5HPPB8) checked. Verified: 2107404. isIdOk: 463. Prob: 0.02197%
8533 code (7C8565-M5HP1KH) checked. Verified: 2107651. isIdOk: 463. Prob: 0.02197%
8534 code (7H3T65-M5HP1M9) checked. Verified: 2107898. isIdOk: 463. Prob: 0.02197%
8535 code (7P1A65-M5HPAE7) checked. Verified: 2108145. isIdOk: 463. Prob: 0.02196%
8536 code (C76E65-M5HPM5H) checked. Verified: 2108392. isIdOk: 463. Prob: 0.02196%
8537 code (7TC965-M5HPMBC) checked. Verified: 2108639. isIdOk: 463. Prob: 0.02196%
8538 code (728P65-M5HPXA1) checked. Verified: 2108886. isIdOk: 463. Prob: 0.02195%
8539 code (7H9X65-M5HP8AX) checked. Verified: 2109133. isIdOk: 463. Prob: 0.02195%
8540 code (7T1965-M5HPBH0) checked. Verified: 2109380. isIdOk: 463. Prob: 0.02195%
8541 code (7TTK65-M5HP47H) checked. Verified: 2109627. isIdOk: 464. Prob: 0.02199%
8542 code (7HBC65-M5HP454) checked. Verified: 2109874. isIdOk: 464. Prob: 0.02199%
8543 code (791265-M5HP461) checked. Verified: 2110121. isIdOk: 464. Prob: 0.02199%
8544 code (76X265-M5HP4AM) checked. Verified: 2110368. isIdOk: 464. Prob: 0.02199%
8545 code (7C3765-M5HP015) checked. Verified: 2110615. isIdOk: 464. Prob: 0.02198%
8546 code (74AC65-M5HP0XK) checked. Verified: 2110862. isIdOk: 464. Prob: 0.02198%
8547 code (7H2M65-M5H178C) checked. Verified: 2111109. isIdOk: 464. Prob: 0.02198%
8548 code (779E65-M5H1CM0) checked. Verified: 2111356. isIdOk: 464. Prob: 0.02198%
8549 code (7CEB65-M5H1C06) checked. Verified: 2111603. isIdOk: 464. Prob: 0.02197%
8550 code (7CB765-M5H1H02) checked. Verified: 2111850. isIdOk: 464. Prob: 0.02197%
8551 code (78T965-M5H1344) checked. Verified: 2112097. isIdOk: 464. Prob: 0.02197%
8552 code (75XB65-M5H1T06) checked. Verified: 2112344. isIdOk: 464. Prob: 0.02197%
8553 code (74T765-M5H157P) checked. Verified: 2112591. isIdOk: 464. Prob: 0.02196%
8554 code (772465-M5H15EE) checked. Verified: 2112838. isIdOk: 464. Prob: 0.02196%
8555 code (77CE65-M5H151E) checked. Verified: 2113085. isIdOk: 464. Prob: 0.02196%
8556 code (77A665-M5H15BM) checked. Verified: 2113332. isIdOk: 464. Prob: 0.02196%
8557 code (7H2X65-M5H122K) checked. Verified: 2113579. isIdOk: 464. Prob: 0.02195%
8558 code (79AM65-M5H121C) checked. Verified: 2113826. isIdOk: 464. Prob: 0.02195%
8559 code (7KC665-M5H1EH4) checked. Verified: 2114073. isIdOk: 464. Prob: 0.02195%
8560 code (795865-M5H1E99) checked. Verified: 2114320. isIdOk: 464. Prob: 0.02195%
8561 code (7A4165-M5H16EM) checked. Verified: 2114567. isIdOk: 464. Prob: 0.02194%
8562 code (78C365-M5H16PC) checked. Verified: 2114814. isIdOk: 464. Prob: 0.02194%
8563 code (7K7865-M5H16M8) checked. Verified: 2115061. isIdOk: 464. Prob: 0.02194%
8564 code (7X9565-M5H19C2) checked. Verified: 2115308. isIdOk: 464. Prob: 0.02194%
8565 code (798M65-M5H1926) checked. Verified: 2115555. isIdOk: 464. Prob: 0.02193%
8566 code (7M1H65-M5H1982) checked. Verified: 2115802. isIdOk: 464. Prob: 0.02193%
8567 code (7XCM65-M5H1K9E) checked. Verified: 2116049. isIdOk: 464. Prob: 0.02193%
8568 code (75P365-M5H1K16) checked. Verified: 2116296. isIdOk: 465. Prob: 0.02197%
8569 code (70XC65-M5H1K04) checked. Verified: 2116543. isIdOk: 466. Prob: 0.02202%
8570 code (HK8C65-M5H1PEH) checked. Verified: 2116790. isIdOk: 466. Prob: 0.02201%
8571 code (7XMH65-M5H1P60) checked. Verified: 2117037. isIdOk: 466. Prob: 0.02201%
8572 code (75TC65-M5H1P1X) checked. Verified: 2117284. isIdOk: 466. Prob: 0.02201%
8573 code (7CE565-M5H11C9) checked. Verified: 2117531. isIdOk: 466. Prob: 0.02201%
8574 code (C69865-M5H1A7H) checked. Verified: 2117778. isIdOk: 466. Prob: 0.022%
8575 code (7T0465-M5H1A21) checked. Verified: 2118025. isIdOk: 466. Prob: 0.022%
8576 code (754M65-M5H1A92) checked. Verified: 2118272. isIdOk: 466. Prob: 0.022%
8577 code (7A7H65-M5H1M78) checked. Verified: 2118519. isIdOk: 466. Prob: 0.022%
8578 code (7H5P65-M5H1MB5) checked. Verified: 2118766. isIdOk: 467. Prob: 0.02204%
8579 code (7CM865-M5H1X11) checked. Verified: 2119013. isIdOk: 467. Prob: 0.02204%
8580 code (7EX565-M5H189A) checked. Verified: 2119260. isIdOk: 468. Prob: 0.02208%
8581 code (75EE65-M5H18K4) checked. Verified: 2119507. isIdOk: 468. Prob: 0.02208%
8582 code (7CT965-M5H1BH8) checked. Verified: 2119754. isIdOk: 468. Prob: 0.02208%
8583 code (7T2X65-M5H1B4K) checked. Verified: 2120001. isIdOk: 469. Prob: 0.02212%
8584 code (7K4E65-M5H1492) checked. Verified: 2120248. isIdOk: 469. Prob: 0.02212%
8585 code (79A165-M5H10KC) checked. Verified: 2120495. isIdOk: 469. Prob: 0.02212%
8586 code (734365-M5HA76K) checked. Verified: 2120742. isIdOk: 469. Prob: 0.02211%
8587 code (78XX65-M5HA74B) checked. Verified: 2120989. isIdOk: 469. Prob: 0.02211%
8588 code (7T5665-M5HAC1P) checked. Verified: 2121236. isIdOk: 469. Prob: 0.02211%
8589 code (737A65-M5HAHCT) checked. Verified: 2121483. isIdOk: 469. Prob: 0.02211%
8590 code (CE7965-M5HAHA6) checked. Verified: 2121730. isIdOk: 470. Prob: 0.02215%
8591 code (HB7865-M5HAHM4) checked. Verified: 2121977. isIdOk: 470. Prob: 0.02215%
8592 code (770465-M5HA376) checked. Verified: 2122224. isIdOk: 470. Prob: 0.02215%
8593 code (756M65-M5HAT7A) checked. Verified: 2122471. isIdOk: 470. Prob: 0.02214%
8594 code (7HB465-M5HAT8X) checked. Verified: 2122718. isIdOk: 470. Prob: 0.02214%
8595 code (7H9P65-M5HA55E) checked. Verified: 2122965. isIdOk: 470. Prob: 0.02214%
8596 code (77EP65-M5HA27E) checked. Verified: 2123212. isIdOk: 471. Prob: 0.02218%
8597 code (71E265-M5HA2T9) checked. Verified: 2123459. isIdOk: 471. Prob: 0.02218%
8598 code (77MP65-M5HA2T4) checked. Verified: 2123706. isIdOk: 471. Prob: 0.02218%
8599 code (725165-M5HA2E3) checked. Verified: 2123953. isIdOk: 471. Prob: 0.02218%
8600 code (7E1B65-M5HA2M1) checked. Verified: 2124200. isIdOk: 471. Prob: 0.02217%
8601 code (7EA865-M5HAEMM) checked. Verified: 2124447. isIdOk: 471. Prob: 0.02217%
8602 code (C3C365-M5HAEX8) checked. Verified: 2124694. isIdOk: 471. Prob: 0.02217%
8603 code (7MB865-M5HAEB9) checked. Verified: 2124941. isIdOk: 472. Prob: 0.02221%
8604 code (720965-M5HA6X1) checked. Verified: 2125188. isIdOk: 472. Prob: 0.02221%
8605 code (768765-M5HA9MA) checked. Verified: 2125435. isIdOk: 472. Prob: 0.02221%
8606 code (7TMX65-M5HAKX3) checked. Verified: 2125682. isIdOk: 472. Prob: 0.0222%
8607 code (7TEH65-M5HAK08) checked. Verified: 2125929. isIdOk: 472. Prob: 0.0222%
8608 code (7T6565-M5HAPKM) checked. Verified: 2126176. isIdOk: 472. Prob: 0.0222%
8609 code (7C7465-M5HA17T) checked. Verified: 2126423. isIdOk: 472. Prob: 0.0222%
8610 code (7CK865-M5HA1MK) checked. Verified: 2126670. isIdOk: 472. Prob: 0.02219%
8611 code (7CC465-M5HAAKK) checked. Verified: 2126917. isIdOk: 472. Prob: 0.02219%
8612 code (C63565-M5HAAX4) checked. Verified: 2127164. isIdOk: 473. Prob: 0.02224%
8613 code (7KC665-M5HAMEE) checked. Verified: 2127411. isIdOk: 473. Prob: 0.02223%
8614 code (CC7865-M5HAMA6) checked. Verified: 2127658. isIdOk: 473. Prob: 0.02223%
8615 code (702565-M5HAMM6) checked. Verified: 2127905. isIdOk: 473. Prob: 0.02223%
8616 code (7C0565-M5HAX3M) checked. Verified: 2128152. isIdOk: 473. Prob: 0.02223%
8617 code (CC5B65-M5HAXP1) checked. Verified: 2128399. isIdOk: 473. Prob: 0.02222%
8618 code (C7TA65-M5HA86X) checked. Verified: 2128646. isIdOk: 473. Prob: 0.02222%
8619 code (7B2865-M5HAB76) checked. Verified: 2128893. isIdOk: 473. Prob: 0.02222%
8620 code (7H5665-M5HAB2M) checked. Verified: 2129140. isIdOk: 473. Prob: 0.02222%
8621 code (76MK65-M5HA423) checked. Verified: 2129387. isIdOk: 473. Prob: 0.02221%
8622 code (7C4E65-M5HA4M7) checked. Verified: 2129634. isIdOk: 473. Prob: 0.02221%
8623 code (79B565-M5HA0C9) checked. Verified: 2129881. isIdOk: 473. Prob: 0.02221%
8624 code (C5AE65-M5HA087) checked. Verified: 2130128. isIdOk: 473. Prob: 0.02221%
8625 code (774065-M5HM7T9) checked. Verified: 2130375. isIdOk: 473. Prob: 0.0222%
8626 code (7XK865-M5HM705) checked. Verified: 2130622. isIdOk: 473. Prob: 0.0222%
8627 code (C3PC65-M5HMC6E) checked. Verified: 2130869. isIdOk: 473. Prob: 0.0222%
8628 code (72H965-M5HMH21) checked. Verified: 2131116. isIdOk: 473. Prob: 0.02219%
8629 code (777C65-M5HMH10) checked. Verified: 2131363. isIdOk: 473. Prob: 0.02219%
8630 code (790B65-M5HMHX0) checked. Verified: 2131610. isIdOk: 473. Prob: 0.02219%
8631 code (7H2E65-M5HM3AX) checked. Verified: 2131857. isIdOk: 473. Prob: 0.02219%
8632 code (7C4965-M5HMT24) checked. Verified: 2132104. isIdOk: 473. Prob: 0.02218%
8633 code (743M65-M5HM53X) checked. Verified: 2132351. isIdOk: 473. Prob: 0.02218%
8634 code (7HH065-M5HM5AM) checked. Verified: 2132598. isIdOk: 473. Prob: 0.02218%
8635 code (761265-M5HM2AX) checked. Verified: 2132845. isIdOk: 473. Prob: 0.02218%
8636 code (H27A65-M5HME56) checked. Verified: 2133092. isIdOk: 473. Prob: 0.02217%
8637 code (7H4765-M5HMEBE) checked. Verified: 2133339. isIdOk: 473. Prob: 0.02217%
8638 code (7HKT65-M5HM6MT) checked. Verified: 2133586. isIdOk: 473. Prob: 0.02217%
8639 code (7X0965-M5HM9E4) checked. Verified: 2133833. isIdOk: 473. Prob: 0.02217%
8640 code (71B865-M5HM961) checked. Verified: 2134080. isIdOk: 473. Prob: 0.02216%
8641 code (739265-M5HMK39) checked. Verified: 2134327. isIdOk: 473. Prob: 0.02216%
8642 code (7HTC65-M5HMKE2) checked. Verified: 2134574. isIdOk: 473. Prob: 0.02216%
8643 code (7H4165-M5HMK1T) checked. Verified: 2134821. isIdOk: 473. Prob: 0.02216%
8644 code (CH6465-M5HMPEC) checked. Verified: 2135068. isIdOk: 473. Prob: 0.02215%
8645 code (7H6M65-M5HMP42) checked. Verified: 2135315. isIdOk: 473. Prob: 0.02215%
8646 code (7AAB65-M5HM19K) checked. Verified: 2135562. isIdOk: 473. Prob: 0.02215%
8647 code (7TM065-M5HM14X) checked. Verified: 2135809. isIdOk: 473. Prob: 0.02215%
8648 code (CA9M65-M5HMAHX) checked. Verified: 2136056. isIdOk: 473. Prob: 0.02214%
8649 code (7AAA65-M5HMAX0) checked. Verified: 2136303. isIdOk: 473. Prob: 0.02214%
8650 code (725P65-M5HMMHT) checked. Verified: 2136550. isIdOk: 473. Prob: 0.02214%
8651 code (718C65-M5HMMAH) checked. Verified: 2136797. isIdOk: 473. Prob: 0.02214%
8652 code (735H65-M5HMM4H) checked. Verified: 2137044. isIdOk: 473. Prob: 0.02213%
8653 code (HPH165-M5HMXP7) checked. Verified: 2137291. isIdOk: 473. Prob: 0.02213%
8654 code (7P7H65-M5HM86E) checked. Verified: 2137538. isIdOk: 473. Prob: 0.02213%
8655 code (78H165-M5HM81C) checked. Verified: 2137785. isIdOk: 473. Prob: 0.02213%
8656 code (HT7X65-M5HM883) checked. Verified: 2138032. isIdOk: 473. Prob: 0.02212%
8657 code (79E065-M5HM848) checked. Verified: 2138279. isIdOk: 473. Prob: 0.02212%
8658 code (71T265-M5HMB4T) checked. Verified: 2138526. isIdOk: 473. Prob: 0.02212%
8659 code (7K8A65-M5HM44E) checked. Verified: 2138773. isIdOk: 473. Prob: 0.02212%
8660 code (C9X865-M5HM0P7) checked. Verified: 2139020. isIdOk: 473. Prob: 0.02211%
8661 code (79P565-M5HX739) checked. Verified: 2139267. isIdOk: 473. Prob: 0.02211%
8662 code (75EE65-M5HXCCM) checked. Verified: 2139514. isIdOk: 473. Prob: 0.02211%
8663 code (77MH65-M5HXHH3) checked. Verified: 2139761. isIdOk: 473. Prob: 0.02211%
8664 code (7P5065-M5HXH4H) checked. Verified: 2140008. isIdOk: 473. Prob: 0.0221%
8665 code (75PH65-M5HXH46) checked. Verified: 2140255. isIdOk: 473. Prob: 0.0221%
8666 code (7H9K65-M5HXH48) checked. Verified: 2140502. isIdOk: 473. Prob: 0.0221%
8667 code (775765-M5HXH4B) checked. Verified: 2140749. isIdOk: 473. Prob: 0.0221%
8668 code (773765-M5HX3B4) checked. Verified: 2140996. isIdOk: 473. Prob: 0.02209%
8669 code (776365-M5HXT3A) checked. Verified: 2141243. isIdOk: 473. Prob: 0.02209%
8670 code (7E9365-M5HXTA7) checked. Verified: 2141490. isIdOk: 473. Prob: 0.02209%
8671 code (775P65-M5HXT8X) checked. Verified: 2141737. isIdOk: 474. Prob: 0.02213%
8672 code (7XPC65-M5HXT80) checked. Verified: 2141984. isIdOk: 474. Prob: 0.02213%
8673 code (728965-M5HXTB1) checked. Verified: 2142231. isIdOk: 474. Prob: 0.02213%
8674 code (7EE265-M5HX56P) checked. Verified: 2142478. isIdOk: 474. Prob: 0.02212%
8675 code (757965-M5HX5AC) checked. Verified: 2142725. isIdOk: 474. Prob: 0.02212%
8676 code (7E8465-M5HX5M2) checked. Verified: 2142972. isIdOk: 474. Prob: 0.02212%
8677 code (77PT65-M5HX271) checked. Verified: 2143219. isIdOk: 474. Prob: 0.02212%
8678 code (7PX665-M5HX213) checked. Verified: 2143466. isIdOk: 474. Prob: 0.02211%
8679 code (7M3T65-M5HX2M4) checked. Verified: 2143713. isIdOk: 474. Prob: 0.02211%
8680 code (7E3E65-M5HXE5K) checked. Verified: 2143960. isIdOk: 474. Prob: 0.02211%
8681 code (772T65-M5HX6HM) checked. Verified: 2144207. isIdOk: 474. Prob: 0.02211%
8682 code (70KB65-M5HX618) checked. Verified: 2144454. isIdOk: 474. Prob: 0.0221%
8683 code (725C65-M5HX9P3) checked. Verified: 2144701. isIdOk: 474. Prob: 0.0221%
8684 code (750065-M5HXK7T) checked. Verified: 2144948. isIdOk: 474. Prob: 0.0221%
8685 code (CH4M65-M5HXKKX) checked. Verified: 2145195. isIdOk: 474. Prob: 0.0221%
8686 code (770865-M5HXPKA) checked. Verified: 2145442. isIdOk: 474. Prob: 0.02209%
8687 code (7EA665-M5HX17B) checked. Verified: 2145689. isIdOk: 474. Prob: 0.02209%
8688 code (77P865-M5HXACA) checked. Verified: 2145936. isIdOk: 474. Prob: 0.02209%
8689 code (75C665-M5HXA98) checked. Verified: 2146183. isIdOk: 474. Prob: 0.02209%
8690 code (HTM765-M5HXM3P) checked. Verified: 2146430. isIdOk: 474. Prob: 0.02208%
8691 code (72B265-M5HXXCX) checked. Verified: 2146677. isIdOk: 474. Prob: 0.02208%
8692 code (7E2465-M5HXX80) checked. Verified: 2146924. isIdOk: 474. Prob: 0.02208%
8693 code (7XXH65-M5HXX0A) checked. Verified: 2147171. isIdOk: 474. Prob: 0.02208%
8694 code (7CB665-M5HX84B) checked. Verified: 2147418. isIdOk: 474. Prob: 0.02207%
8695 code (7HBB65-M5HXBXX) checked. Verified: 2147665. isIdOk: 474. Prob: 0.02207%
8696 code (CHPK65-M5HX4X2) checked. Verified: 2147912. isIdOk: 474. Prob: 0.02207%
8697 code (77KP65-M5HX0C1) checked. Verified: 2148159. isIdOk: 474. Prob: 0.02207%
8698 code (7C2A65-M5HX03X) checked. Verified: 2148406. isIdOk: 474. Prob: 0.02206%
8699 code (7P3T65-M5HX0XA) checked. Verified: 2148653. isIdOk: 474. Prob: 0.02206%
8700 code (7TB965-M5H87P1) checked. Verified: 2148900. isIdOk: 474. Prob: 0.02206%
8701 code (CC6965-M5H8C3M) checked. Verified: 2149147. isIdOk: 474. Prob: 0.02206%
8702 code (7E3565-M5H8CK2) checked. Verified: 2149394. isIdOk: 474. Prob: 0.02205%
8703 code (77XT65-M5H8H7B) checked. Verified: 2149641. isIdOk: 474. Prob: 0.02205%
8704 code (7H3M65-M5H8H2C) checked. Verified: 2149888. isIdOk: 474. Prob: 0.02205%
8705 code (79K265-M5H8333) checked. Verified: 2150135. isIdOk: 474. Prob: 0.02205%
8706 code (77MC65-M5H832P) checked. Verified: 2150382. isIdOk: 474. Prob: 0.02204%
8707 code (7H9T65-M5H8T74) checked. Verified: 2150629. isIdOk: 474. Prob: 0.02204%
8708 code (73CC65-M5H8T2B) checked. Verified: 2150876. isIdOk: 474. Prob: 0.02204%
8709 code (756C65-M5H8T0K) checked. Verified: 2151123. isIdOk: 474. Prob: 0.02204%
8710 code (7CB165-M5H8574) checked. Verified: 2151370. isIdOk: 474. Prob: 0.02203%
8711 code (7C8565-M5H850E) checked. Verified: 2151617. isIdOk: 474. Prob: 0.02203%
8712 code (C3BT65-M5H82M9) checked. Verified: 2151864. isIdOk: 474. Prob: 0.02203%
8713 code (7TPB65-M5H8E6C) checked. Verified: 2152111. isIdOk: 474. Prob: 0.02202%
8714 code (CT4465-M5H8E9P) checked. Verified: 2152358. isIdOk: 474. Prob: 0.02202%
8715 code (7P0765-M5H8EB3) checked. Verified: 2152605. isIdOk: 474. Prob: 0.02202%
8716 code (7HEE65-M5H8673) checked. Verified: 2152852. isIdOk: 474. Prob: 0.02202%
8717 code (7C7365-M5H86BX) checked. Verified: 2153099. isIdOk: 474. Prob: 0.02201%
8718 code (728165-M5H895T) checked. Verified: 2153346. isIdOk: 474. Prob: 0.02201%
8719 code (766665-M5H8K72) checked. Verified: 2153593. isIdOk: 474. Prob: 0.02201%
8720 code (7P3A65-M5H8K2E) checked. Verified: 2153840. isIdOk: 474. Prob: 0.02201%
8721 code (734265-M5H8P3K) checked. Verified: 2154087. isIdOk: 474. Prob: 0.022%
8722 code (776P65-M5H8P15) checked. Verified: 2154334. isIdOk: 474. Prob: 0.022%
8723 code (733365-M5H81P2) checked. Verified: 2154581. isIdOk: 475. Prob: 0.02205%
8724 code (765X65-M5H8AP4) checked. Verified: 2154828. isIdOk: 475. Prob: 0.02204%
8725 code (720865-M5H8M63) checked. Verified: 2155075. isIdOk: 475. Prob: 0.02204%
8726 code (H2BA65-M5H8MX8) checked. Verified: 2155322. isIdOk: 475. Prob: 0.02204%
8727 code (7H6165-M5H8XCH) checked. Verified: 2155569. isIdOk: 475. Prob: 0.02204%
8728 code (7BH365-M5H8X87) checked. Verified: 2155816. isIdOk: 475. Prob: 0.02203%
8729 code (7TPH65-M5H886T) checked. Verified: 2156063. isIdOk: 475. Prob: 0.02203%
8730 code (72EB65-M5H884B) checked. Verified: 2156310. isIdOk: 475. Prob: 0.02203%
8731 code (7C6965-M5H8B5H) checked. Verified: 2156557. isIdOk: 475. Prob: 0.02203%
8732 code (77PX65-M5H84CM) checked. Verified: 2156804. isIdOk: 475. Prob: 0.02202%
8733 code (7AHC65-M5H8487) checked. Verified: 2157051. isIdOk: 475. Prob: 0.02202%
8734 code (78T865-M5H80E0) checked. Verified: 2157298. isIdOk: 476. Prob: 0.02206%
8735 code (77XP65-M5HB7T5) checked. Verified: 2157545. isIdOk: 476. Prob: 0.02206%
8736 code (7C7A65-M5HB72E) checked. Verified: 2157792. isIdOk: 476. Prob: 0.02206%
8737 code (749465-M5HB7XC) checked. Verified: 2158039. isIdOk: 476. Prob: 0.02206%
8738 code (7ECB65-M5HBCC8) checked. Verified: 2158286. isIdOk: 476. Prob: 0.02205%
8739 code (7H3365-M5HBC8E) checked. Verified: 2158533. isIdOk: 476. Prob: 0.02205%
8740 code (7XT465-M5HBC44) checked. Verified: 2158780. isIdOk: 476. Prob: 0.02205%
8741 code (719765-M5HBHAA) checked. Verified: 2159027. isIdOk: 476. Prob: 0.02205%
8742 code (755K65-M5HB318) checked. Verified: 2159274. isIdOk: 476. Prob: 0.02204%
8743 code (7C1265-M5HB34C) checked. Verified: 2159521. isIdOk: 476. Prob: 0.02204%
8744 code (722065-M5HBT22) checked. Verified: 2159768. isIdOk: 476. Prob: 0.02204%
8745 code (7E5H65-M5HBTBT) checked. Verified: 2160015. isIdOk: 476. Prob: 0.02204%
8746 code (722865-M5HB5CA) checked. Verified: 2160262. isIdOk: 476. Prob: 0.02203%
8747 code (75X765-M5HB545) checked. Verified: 2160509. isIdOk: 476. Prob: 0.02203%
8748 code (7TT865-M5HB290) checked. Verified: 2160756. isIdOk: 476. Prob: 0.02203%
8749 code (7HHH65-M5HBE2T) checked. Verified: 2161003. isIdOk: 476. Prob: 0.02203%
8750 code (7ME765-M5HB6CM) checked. Verified: 2161250. isIdOk: 476. Prob: 0.02202%
8751 code (7XM565-M5HB696) checked. Verified: 2161497. isIdOk: 476. Prob: 0.02202%
8752 code (739665-M5HB9CH) checked. Verified: 2161744. isIdOk: 476. Prob: 0.02202%
8753 code (74A365-M5HB941) checked. Verified: 2161991. isIdOk: 476. Prob: 0.02202%
8754 code (701B65-M5HBK78) checked. Verified: 2162238. isIdOk: 476. Prob: 0.02201%
8755 code (773765-M5HBK4K) checked. Verified: 2162485. isIdOk: 476. Prob: 0.02201%
8756 code (7XT165-M5HBP1T) checked. Verified: 2162732. isIdOk: 476. Prob: 0.02201%
8757 code (7AC365-M5HB1KT) checked. Verified: 2162979. isIdOk: 476. Prob: 0.02201%
8758 code (73T965-M5HB10K) checked. Verified: 2163226. isIdOk: 476. Prob: 0.022%
8759 code (71E665-M5HBA6B) checked. Verified: 2163473. isIdOk: 476. Prob: 0.022%
8760 code (781765-M5HBM70) checked. Verified: 2163720. isIdOk: 476. Prob: 0.022%
8761 code (73B565-M5HBMTM) checked. Verified: 2163967. isIdOk: 476. Prob: 0.022%
8762 code (771265-M5HBMM2) checked. Verified: 2164214. isIdOk: 476. Prob: 0.02199%
8763 code (7CA565-M5HBM8C) checked. Verified: 2164461. isIdOk: 476. Prob: 0.02199%
8764 code (7TC265-M5HBX2T) checked. Verified: 2164708. isIdOk: 476. Prob: 0.02199%
8765 code (CTC965-M5HBXB1) checked. Verified: 2164955. isIdOk: 476. Prob: 0.02199%
8766 code (793A65-M5HBX4M) checked. Verified: 2165202. isIdOk: 476. Prob: 0.02198%
8767 code (73AT65-M5HB8P4) checked. Verified: 2165449. isIdOk: 476. Prob: 0.02198%
8768 code (780865-M5HBBEK) checked. Verified: 2165696. isIdOk: 476. Prob: 0.02198%
8769 code (7P8T65-M5HBB88) checked. Verified: 2165943. isIdOk: 476. Prob: 0.02198%
8770 code (7E4X65-M5HB46C) checked. Verified: 2166190. isIdOk: 476. Prob: 0.02197%
8771 code (7A9765-M5HB0T3) checked. Verified: 2166437. isIdOk: 476. Prob: 0.02197%
8772 code (7A2K65-M5HB02P) checked. Verified: 2166684. isIdOk: 476. Prob: 0.02197%
8773 code (739265-M5HB0X3) checked. Verified: 2166931. isIdOk: 476. Prob: 0.02197%
8774 code (797H65-M5HB0B4) checked. Verified: 2167178. isIdOk: 476. Prob: 0.02196%
8775 code (7TEH65-M5H472C) checked. Verified: 2167425. isIdOk: 476. Prob: 0.02196%
8776 code (7A2065-M5H471E) checked. Verified: 2167672. isIdOk: 476. Prob: 0.02196%
8777 code (7H9E65-M5H47A4) checked. Verified: 2167919. isIdOk: 476. Prob: 0.02196%
8778 code (7PEE65-M5H478M) checked. Verified: 2168166. isIdOk: 476. Prob: 0.02195%
8779 code (7THM65-M5H4C1X) checked. Verified: 2168413. isIdOk: 476. Prob: 0.02195%
8780 code (77A865-M5H4H30) checked. Verified: 2168660. isIdOk: 476. Prob: 0.02195%
8781 code (7KEH65-M5H4HTP) checked. Verified: 2168907. isIdOk: 476. Prob: 0.02195%
8782 code (77ET65-M5H4H14) checked. Verified: 2169154. isIdOk: 476. Prob: 0.02194%
8783 code (7H5K65-M5H43K8) checked. Verified: 2169401. isIdOk: 476. Prob: 0.02194%
8784 code (C5TT65-M5H4T6X) checked. Verified: 2169648. isIdOk: 476. Prob: 0.02194%
8785 code (75HX65-M5H4TK6) checked. Verified: 2169895. isIdOk: 476. Prob: 0.02194%
8786 code (766765-M5H4TXK) checked. Verified: 2170142. isIdOk: 476. Prob: 0.02193%
8787 code (763T65-M5H4T06) checked. Verified: 2170389. isIdOk: 476. Prob: 0.02193%
8788 code (712E65-M5H452A) checked. Verified: 2170636. isIdOk: 476. Prob: 0.02193%
8789 code (72C365-M5H45X9) checked. Verified: 2170883. isIdOk: 476. Prob: 0.02193%
8790 code (7PET65-M5H42HH) checked. Verified: 2171130. isIdOk: 476. Prob: 0.02192%
8791 code (7C0665-M5H4238) checked. Verified: 2171377. isIdOk: 476. Prob: 0.02192%
8792 code (HB5665-M5H42MC) checked. Verified: 2171624. isIdOk: 476. Prob: 0.02192%
8793 code (7APE65-M5H4E3P) checked. Verified: 2171871. isIdOk: 476. Prob: 0.02192%
8794 code (7THE65-M5H4E8P) checked. Verified: 2172118. isIdOk: 476. Prob: 0.02191%
8795 code (73MB65-M5H46X0) checked. Verified: 2172365. isIdOk: 476. Prob: 0.02191%
8796 code (7T3C65-M5H493K) checked. Verified: 2172612. isIdOk: 476. Prob: 0.02191%
8797 code (75KC65-M5H492C) checked. Verified: 2172859. isIdOk: 476. Prob: 0.02191%
8798 code (C7BB65-M5H49AP) checked. Verified: 2173106. isIdOk: 476. Prob: 0.0219%
8799 code (7MAX65-M5H49AB) checked. Verified: 2173353. isIdOk: 476. Prob: 0.0219%
8800 code (7CTC65-M5H49XH) checked. Verified: 2173600. isIdOk: 476. Prob: 0.0219%
8801 code (7H2965-M5H4K5P) checked. Verified: 2173847. isIdOk: 476. Prob: 0.0219%
8802 code (7MP665-M5H4K02) checked. Verified: 2174094. isIdOk: 476. Prob: 0.02189%
8803 code (C7X565-M5H4PE9) checked. Verified: 2174341. isIdOk: 476. Prob: 0.02189%
8804 code (7TH565-M5H417H) checked. Verified: 2174588. isIdOk: 476. Prob: 0.02189%
8805 code (7K1X65-M5H41PH) checked. Verified: 2174835. isIdOk: 476. Prob: 0.02189%
8806 code (7BT665-M5H4ACT) checked. Verified: 2175082. isIdOk: 476. Prob: 0.02188%
8807 code (762T65-M5H4AXA) checked. Verified: 2175329. isIdOk: 476. Prob: 0.02188%
8808 code (77BA65-M5H4M5B) checked. Verified: 2175576. isIdOk: 476. Prob: 0.02188%
8809 code (CE1C65-M5H4X35) checked. Verified: 2175823. isIdOk: 476. Prob: 0.02188%
8810 code (CK5365-M5H4X0P) checked. Verified: 2176070. isIdOk: 477. Prob: 0.02192%
8811 code (7HC265-M5H48ME) checked. Verified: 2176317. isIdOk: 477. Prob: 0.02192%
8812 code (73PT65-M5H4BP4) checked. Verified: 2176564. isIdOk: 477. Prob: 0.02192%
8813 code (7EEA65-M5H4BBA) checked. Verified: 2176811. isIdOk: 477. Prob: 0.02191%
8814 code (72CE65-M5H44H0) checked. Verified: 2177058. isIdOk: 477. Prob: 0.02191%
8815 code (7E5565-M5H44X7) checked. Verified: 2177305. isIdOk: 477. Prob: 0.02191%
8816 code (79P565-M5H44B5) checked. Verified: 2177552. isIdOk: 477. Prob: 0.02191%
8817 code (7C1665-M5H4022) checked. Verified: 2177799. isIdOk: 477. Prob: 0.0219%
8818 code (CPB465-M5H075X) checked. Verified: 2178046. isIdOk: 477. Prob: 0.0219%
8819 code (7CMM65-M5H070T) checked. Verified: 2178293. isIdOk: 477. Prob: 0.0219%
8820 code (754865-M5H0C9P) checked. Verified: 2178540. isIdOk: 477. Prob: 0.0219%
8821 code (731X65-M5H0C4H) checked. Verified: 2178787. isIdOk: 477. Prob: 0.02189%
8822 code (7PBM65-M5H0H30) checked. Verified: 2179034. isIdOk: 477. Prob: 0.02189%
8823 code (CBBT65-M5H0H42) checked. Verified: 2179281. isIdOk: 477. Prob: 0.02189%
8824 code (7EE765-M5H03P4) checked. Verified: 2179528. isIdOk: 477. Prob: 0.02189%
8825 code (724365-M5H0TEP) checked. Verified: 2179775. isIdOk: 477. Prob: 0.02188%
8826 code (7KEH65-M5H05TT) checked. Verified: 2180022. isIdOk: 477. Prob: 0.02188%
8827 code (7C6965-M5H02C1) checked. Verified: 2180269. isIdOk: 477. Prob: 0.02188%
8828 code (7H7T65-M5H025K) checked. Verified: 2180516. isIdOk: 477. Prob: 0.02188%
8829 code (7CMP65-M5H02K2) checked. Verified: 2180763. isIdOk: 477. Prob: 0.02187%
8830 code (7C1465-M5H0E7A) checked. Verified: 2181010. isIdOk: 477. Prob: 0.02187%
8831 code (741965-M5H0E22) checked. Verified: 2181257. isIdOk: 477. Prob: 0.02187%
8832 code (7B1X65-M5H0EA6) checked. Verified: 2181504. isIdOk: 477. Prob: 0.02187%
8833 code (7EC365-M5H06KM) checked. Verified: 2181751. isIdOk: 477. Prob: 0.02186%
8834 code (7H7365-M5H0645) checked. Verified: 2181998. isIdOk: 477. Prob: 0.02186%
8835 code (7H5K65-M5H092A) checked. Verified: 2182245. isIdOk: 477. Prob: 0.02186%
8836 code (772M65-M5H0KTP) checked. Verified: 2182492. isIdOk: 477. Prob: 0.02186%
8837 code (7CHP65-M5H0PT1) checked. Verified: 2182739. isIdOk: 477. Prob: 0.02185%
8838 code (776065-M5H0P9T) checked. Verified: 2182986. isIdOk: 477. Prob: 0.02185%
8839 code (7T7965-M5H0PKA) checked. Verified: 2183233. isIdOk: 477. Prob: 0.02185%
8840 code (703B65-M5H01C6) checked. Verified: 2183480. isIdOk: 477. Prob: 0.02185%
8841 code (7HTX65-M5H0AHC) checked. Verified: 2183727. isIdOk: 477. Prob: 0.02184%
8842 code (737B65-M5H0A93) checked. Verified: 2183974. isIdOk: 478. Prob: 0.02189%
8843 code (7C6M65-M5H0A90) checked. Verified: 2184221. isIdOk: 478. Prob: 0.02188%
8844 code (7H4M65-M5H0M27) checked. Verified: 2184468. isIdOk: 478. Prob: 0.02188%
8845 code (790T65-M5H0M4X) checked. Verified: 2184715. isIdOk: 478. Prob: 0.02188%
8846 code (7BK365-M5H0XKA) checked. Verified: 2184962. isIdOk: 478. Prob: 0.02188%
8847 code (7AEH65-M5H0877) checked. Verified: 2185209. isIdOk: 478. Prob: 0.02187%
8848 code (7B0565-M5H08E7) checked. Verified: 2185456. isIdOk: 478. Prob: 0.02187%
8849 code (72BA65-M5H0B2H) checked. Verified: 2185703. isIdOk: 478. Prob: 0.02187%
8850 code (726T65-M5H0BBE) checked. Verified: 2185950. isIdOk: 478. Prob: 0.02187%
8851 code (CTMH65-M5H047B) checked. Verified: 2186197. isIdOk: 478. Prob: 0.02186%
8852 code (7H9T65-M5H04H0) checked. Verified: 2186444. isIdOk: 478. Prob: 0.02186%
8853 code (7T7065-M5H04TX) checked. Verified: 2186691. isIdOk: 478. Prob: 0.02186%
8854 code (754C65-M5H0427) checked. Verified: 2186938. isIdOk: 478. Prob: 0.02186%
8855 code (7E6065-M5H04B6) checked. Verified: 2187185. isIdOk: 478. Prob: 0.02185%
8856 code (79X565-M5H00B9) checked. Verified: 2187432. isIdOk: 478. Prob: 0.02185%
8857 code (H38H65-M5H00B1) checked. Verified: 2187679. isIdOk: 478. Prob: 0.02185%
8858 code (704M65-M5377M7) checked. Verified: 2187926. isIdOk: 478. Prob: 0.02185%
8859 code (7T0765-M53778A) checked. Verified: 2188173. isIdOk: 478. Prob: 0.02184%
8860 code (7C9A65-M537C38) checked. Verified: 2188420. isIdOk: 478. Prob: 0.02184%
8861 code (7H8165-M537CP4) checked. Verified: 2188667. isIdOk: 478. Prob: 0.02184%
8862 code (77A865-M537HT9) checked. Verified: 2188914. isIdOk: 478. Prob: 0.02184%
8863 code (7KA265-M537H8T) checked. Verified: 2189161. isIdOk: 478. Prob: 0.02183%
8864 code (7XKT65-M537377) checked. Verified: 2189408. isIdOk: 478. Prob: 0.02183%
8865 code (714365-M5373AC) checked. Verified: 2189655. isIdOk: 478. Prob: 0.02183%
8866 code (737C65-M537TA9) checked. Verified: 2189902. isIdOk: 478. Prob: 0.02183%
8867 code (75K365-M537T0E) checked. Verified: 2190149. isIdOk: 478. Prob: 0.02182%
8868 code (7AXC65-M537575) checked. Verified: 2190396. isIdOk: 478. Prob: 0.02182%
8869 code (73XC65-M5375TB) checked. Verified: 2190643. isIdOk: 478. Prob: 0.02182%
8870 code (7X6P65-M53727X) checked. Verified: 2190890. isIdOk: 478. Prob: 0.02182%
8871 code (7BA865-M537297) checked. Verified: 2191137. isIdOk: 478. Prob: 0.02182%
8872 code (C6P165-M5372MK) checked. Verified: 2191384. isIdOk: 478. Prob: 0.02181%
8873 code (777065-M5372XT) checked. Verified: 2191631. isIdOk: 478. Prob: 0.02181%
8874 code (768K65-M537EK9) checked. Verified: 2191878. isIdOk: 478. Prob: 0.02181%
8875 code (C60P65-M5376EX) checked. Verified: 2192125. isIdOk: 478. Prob: 0.02181%
8876 code (7KBB65-M537615) checked. Verified: 2192372. isIdOk: 478. Prob: 0.0218%
8877 code (C7C665-M5376A1) checked. Verified: 2192619. isIdOk: 478. Prob: 0.0218%
8878 code (CHHX65-M53797H) checked. Verified: 2192866. isIdOk: 478. Prob: 0.0218%
8879 code (7C7C65-M53796A) checked. Verified: 2193113. isIdOk: 478. Prob: 0.0218%
8880 code (75T565-M53794A) checked. Verified: 2193360. isIdOk: 478. Prob: 0.02179%
8881 code (C6K465-M537KC3) checked. Verified: 2193607. isIdOk: 478. Prob: 0.02179%
8882 code (7E7065-M537K85) checked. Verified: 2193854. isIdOk: 478. Prob: 0.02179%
8883 code (7T8465-M537PXP) checked. Verified: 2194101. isIdOk: 478. Prob: 0.02179%
8884 code (7E3865-M5371K6) checked. Verified: 2194348. isIdOk: 478. Prob: 0.02178%
8885 code (CP1H65-M537A7B) checked. Verified: 2194595. isIdOk: 478. Prob: 0.02178%
8886 code (7T9M65-M537AB7) checked. Verified: 2194842. isIdOk: 478. Prob: 0.02178%
8887 code (77C165-M537M91) checked. Verified: 2195089. isIdOk: 478. Prob: 0.02178%
8888 code (7K1365-M537M84) checked. Verified: 2195336. isIdOk: 478. Prob: 0.02177%
8889 code (790365-M537XKC) checked. Verified: 2195583. isIdOk: 479. Prob: 0.02182%
8890 code (7KCA65-M537XBM) checked. Verified: 2195830. isIdOk: 479. Prob: 0.02181%
8891 code (774E65-M53787C) checked. Verified: 2196077. isIdOk: 479. Prob: 0.02181%
8892 code (7E2665-M5378K8) checked. Verified: 2196324. isIdOk: 479. Prob: 0.02181%
8893 code (712C65-M537809) checked. Verified: 2196571. isIdOk: 479. Prob: 0.02181%
8894 code (794T65-M537BT8) checked. Verified: 2196818. isIdOk: 479. Prob: 0.0218%
8895 code (7H3X65-M537B9H) checked. Verified: 2197065. isIdOk: 479. Prob: 0.0218%
8896 code (7K7P65-M537BMK) checked. Verified: 2197312. isIdOk: 479. Prob: 0.0218%
8897 code (7E7P65-M5374A3) checked. Verified: 2197559. isIdOk: 479. Prob: 0.0218%
8898 code (7EBK65-M5370TH) checked. Verified: 2197806. isIdOk: 479. Prob: 0.02179%
8899 code (799P65-M5370AT) checked. Verified: 2198053. isIdOk: 479. Prob: 0.02179%
8900 code (C34M65-M53C75B) checked. Verified: 2198300. isIdOk: 479. Prob: 0.02179%
8901 code (7A3T65-M53C792) checked. Verified: 2198547. isIdOk: 479. Prob: 0.02179%
8902 code (73EH65-M53C704) checked. Verified: 2198794. isIdOk: 479. Prob: 0.02178%
8903 code (774C65-M53CCTP) checked. Verified: 2199041. isIdOk: 479. Prob: 0.02178%
8904 code (77PP65-M53CCE9) checked. Verified: 2199288. isIdOk: 479. Prob: 0.02178%
8905 code (7TKM65-M53CCP0) checked. Verified: 2199535. isIdOk: 479. Prob: 0.02178%
8906 code (7M1665-M53CHT9) checked. Verified: 2199782. isIdOk: 479. Prob: 0.02177%
8907 code (7AC665-M53CH8E) checked. Verified: 2200029. isIdOk: 480. Prob: 0.02182%
8908 code (7KE365-M53C316) checked. Verified: 2200276. isIdOk: 480. Prob: 0.02182%
8909 code (C7K165-M53C3XX) checked. Verified: 2200523. isIdOk: 480. Prob: 0.02181%
8910 code (76BT65-M53CTH6) checked. Verified: 2200770. isIdOk: 480. Prob: 0.02181%
8911 code (7C4665-M53CT60) checked. Verified: 2201017. isIdOk: 480. Prob: 0.02181%
8912 code (781B65-M53C59M) checked. Verified: 2201264. isIdOk: 480. Prob: 0.02181%
8913 code (76C365-M53C5M8) checked. Verified: 2201511. isIdOk: 480. Prob: 0.0218%
8914 code (CTB065-M53C23M) checked. Verified: 2201758. isIdOk: 480. Prob: 0.0218%
8915 code (C3H165-M53CE3K) checked. Verified: 2202005. isIdOk: 480. Prob: 0.0218%
8916 code (7CE265-M53CE28) checked. Verified: 2202252. isIdOk: 480. Prob: 0.0218%
8917 code (72AK65-M53CE63) checked. Verified: 2202499. isIdOk: 480. Prob: 0.02179%
8918 code (7PBB65-M53CE48) checked. Verified: 2202746. isIdOk: 480. Prob: 0.02179%
8919 code (7TAM65-M53C6P1) checked. Verified: 2202993. isIdOk: 480. Prob: 0.02179%
8920 code (CH3A65-M53C932) checked. Verified: 2203240. isIdOk: 480. Prob: 0.02179%
8921 code (7KX165-M53CK32) checked. Verified: 2203487. isIdOk: 480. Prob: 0.02178%
8922 code (74CK65-M53CPH4) checked. Verified: 2203734. isIdOk: 480. Prob: 0.02178%
8923 code (7XKT65-M53CP06) checked. Verified: 2203981. isIdOk: 480. Prob: 0.02178%
8924 code (7BP665-M53C1AM) checked. Verified: 2204228. isIdOk: 480. Prob: 0.02178%
8925 code (75B165-M53C1BA) checked. Verified: 2204475. isIdOk: 480. Prob: 0.02177%
8926 code (745065-M53CA5A) checked. Verified: 2204722. isIdOk: 480. Prob: 0.02177%
8927 code (7E5765-M53CAXM) checked. Verified: 2204969. isIdOk: 480. Prob: 0.02177%
8928 code (76C965-M53CM83) checked. Verified: 2205216. isIdOk: 480. Prob: 0.02177%
8929 code (7MPH65-M53CX38) checked. Verified: 2205463. isIdOk: 480. Prob: 0.02176%
8930 code (780565-M53CX41) checked. Verified: 2205710. isIdOk: 480. Prob: 0.02176%
8931 code (72A065-M53C8EP) checked. Verified: 2205957. isIdOk: 480. Prob: 0.02176%
8932 code (7K0165-M53C8B1) checked. Verified: 2206204. isIdOk: 480. Prob: 0.02176%
8933 code (7X3765-M53CBP2) checked. Verified: 2206451. isIdOk: 480. Prob: 0.02175%
8934 code (75K865-M53C41C) checked. Verified: 2206698. isIdOk: 480. Prob: 0.02175%
8935 code (7PX565-M53C0C6) checked. Verified: 2206945. isIdOk: 480. Prob: 0.02175%
8936 code (CKHX65-M53C03K) checked. Verified: 2207192. isIdOk: 480. Prob: 0.02175%
8937 code (7E5E65-M53C086) checked. Verified: 2207439. isIdOk: 480. Prob: 0.02174%
8938 code (776565-M53H752) checked. Verified: 2207686. isIdOk: 480. Prob: 0.02174%
8939 code (758K65-M53HC55) checked. Verified: 2207933. isIdOk: 480. Prob: 0.02174%
8940 code (712865-M53HCM0) checked. Verified: 2208180. isIdOk: 480. Prob: 0.02174%
8941 code (CA9665-M53HCX1) checked. Verified: 2208427. isIdOk: 480. Prob: 0.02173%
8942 code (71C465-M53HC4H) checked. Verified: 2208674. isIdOk: 480. Prob: 0.02173%
8943 code (77TX65-M53HH1H) checked. Verified: 2208921. isIdOk: 480. Prob: 0.02173%
8944 code (7X9C65-M53HHXH) checked. Verified: 2209168. isIdOk: 480. Prob: 0.02173%
8945 code (765765-M53HH43) checked. Verified: 2209415. isIdOk: 481. Prob: 0.02177%
8946 code (7CC765-M53H3HK) checked. Verified: 2209662. isIdOk: 481. Prob: 0.02177%
8947 code (7PK965-M53HT3H) checked. Verified: 2209909. isIdOk: 481. Prob: 0.02177%
8948 code (7T1H65-M53HT08) checked. Verified: 2210156. isIdOk: 481. Prob: 0.02176%
8949 code (7H9465-M53H5PP) checked. Verified: 2210403. isIdOk: 481. Prob: 0.02176%
8950 code (733M65-M53H2HT) checked. Verified: 2210650. isIdOk: 481. Prob: 0.02176%
8951 code (33TH65-M53H23A) checked. Verified: 2210897. isIdOk: 481. Prob: 0.02176%
8952 code (CHB965-M53HEHC) checked. Verified: 2211144. isIdOk: 482. Prob: 0.0218%
8953 code (CC9365-M53HE31) checked. Verified: 2211391. isIdOk: 482. Prob: 0.0218%
8954 code (77EA65-M53HEKC) checked. Verified: 2211638. isIdOk: 482. Prob: 0.02179%
8955 code (CT2C65-M53HEB4) checked. Verified: 2211885. isIdOk: 482. Prob: 0.02179%
8956 code (7E7265-M53H6PK) checked. Verified: 2212132. isIdOk: 482. Prob: 0.02179%
8957 code (7HC665-M53H9C4) checked. Verified: 2212379. isIdOk: 483. Prob: 0.02183%
8958 code (77XE65-M53H9X2) checked. Verified: 2212626. isIdOk: 483. Prob: 0.02183%
8959 code (77EK65-M53HK3B) checked. Verified: 2212873. isIdOk: 483. Prob: 0.02183%
8960 code (75M265-M53HK94) checked. Verified: 2213120. isIdOk: 483. Prob: 0.02182%
8961 code (7H2M65-M53HK40) checked. Verified: 2213367. isIdOk: 483. Prob: 0.02182%
8962 code (71BM65-M53HPCP) checked. Verified: 2213614. isIdOk: 483. Prob: 0.02182%
8963 code (7X7A65-M53HPM4) checked. Verified: 2213861. isIdOk: 483. Prob: 0.02182%
8964 code (7H6C65-M53H1K3) checked. Verified: 2214108. isIdOk: 483. Prob: 0.02181%
8965 code (7B4465-M53HAH9) checked. Verified: 2214355. isIdOk: 483. Prob: 0.02181%
8966 code (7C8E65-M53HA24) checked. Verified: 2214602. isIdOk: 483. Prob: 0.02181%
8967 code (73K065-M53HA0P) checked. Verified: 2214849. isIdOk: 483. Prob: 0.02181%
8968 code (762X65-M53HM6M) checked. Verified: 2215096. isIdOk: 483. Prob: 0.0218%
8969 code (75EA65-M53HMA5) checked. Verified: 2215343. isIdOk: 485. Prob: 0.02189%
8970 code (795E65-M53HMMX) checked. Verified: 2215590. isIdOk: 485. Prob: 0.02189%
8971 code (7TXK65-M53HXM0) checked. Verified: 2215837. isIdOk: 485. Prob: 0.02189%
8972 code (C52765-M53H8MK) checked. Verified: 2216084. isIdOk: 485. Prob: 0.02189%
8973 code (71A965-M53HB73) checked. Verified: 2216331. isIdOk: 485. Prob: 0.02188%
8974 code (76CE65-M53HB60) checked. Verified: 2216578. isIdOk: 485. Prob: 0.02188%
8975 code (C72265-M53HB91) checked. Verified: 2216825. isIdOk: 485. Prob: 0.02188%
8976 code (7XCK65-M53HB9A) checked. Verified: 2217072. isIdOk: 485. Prob: 0.02188%
8977 code (7C5965-M53HBXC) checked. Verified: 2217319. isIdOk: 485. Prob: 0.02187%
8978 code (773265-M53H429) checked. Verified: 2217566. isIdOk: 486. Prob: 0.02192%
8979 code (739E65-M53H4A4) checked. Verified: 2217813. isIdOk: 486. Prob: 0.02191%
8980 code (7T4X65-M53H05T) checked. Verified: 2218060. isIdOk: 486. Prob: 0.02191%
8981 code (710265-M53375T) checked. Verified: 2218307. isIdOk: 486. Prob: 0.02191%
8982 code (7HKC65-M533722) checked. Verified: 2218554. isIdOk: 486. Prob: 0.02191%
8983 code (78C165-M533CH7) checked. Verified: 2218801. isIdOk: 486. Prob: 0.0219%
8984 code (73M965-M533CB9) checked. Verified: 2219048. isIdOk: 486. Prob: 0.0219%
8985 code (7H5165-M533HM0) checked. Verified: 2219295. isIdOk: 486. Prob: 0.0219%
8986 code (7TE765-M5333PB) checked. Verified: 2219542. isIdOk: 486. Prob: 0.0219%
8987 code (7HM565-M5333AH) checked. Verified: 2219789. isIdOk: 486. Prob: 0.02189%
8988 code (7A1165-M533T97) checked. Verified: 2220036. isIdOk: 486. Prob: 0.02189%
8989 code (748265-M5335T7) checked. Verified: 2220283. isIdOk: 486. Prob: 0.02189%
8990 code (7CBH65-M5335X8) checked. Verified: 2220530. isIdOk: 486. Prob: 0.02189%
8991 code (7AB265-M533224) checked. Verified: 2220777. isIdOk: 486. Prob: 0.02188%
8992 code (C8HE65-M533EEM) checked. Verified: 2221024. isIdOk: 486. Prob: 0.02188%
8993 code (CC9T65-M5336H0) checked. Verified: 2221271. isIdOk: 486. Prob: 0.02188%
8994 code (79T465-M53363T) checked. Verified: 2221518. isIdOk: 486. Prob: 0.02188%
8995 code (75EC65-M533931) checked. Verified: 2221765. isIdOk: 486. Prob: 0.02187%
8996 code (7ETX65-M53394K) checked. Verified: 2222012. isIdOk: 486. Prob: 0.02187%
8997 code (7C9065-M533K9T) checked. Verified: 2222259. isIdOk: 486. Prob: 0.02187%
8998 code (CM7X65-M533P6T) checked. Verified: 2222506. isIdOk: 486. Prob: 0.02187%
8999 code (7E5B65-M533154) checked. Verified: 2222753. isIdOk: 486. Prob: 0.02186%
9000 code (7A5K65-M5331BH) checked. Verified: 2223000. isIdOk: 486. Prob: 0.02186%
10000
Starting range [10000 nln ...]:
9001 code (78H2TC4-X38BAK4) checked. Verified: 2223266. isIdOk: 486. Prob: 0.02186%
9002 code (764BTC4-X38BAX2) checked. Verified: 2223532. isIdOk: 486. Prob: 0.02186%
9003 code (C5E7TC4-X38BMX0) checked. Verified: 2223798. isIdOk: 486. Prob: 0.02185%
9004 code (7M1HTC4-X38BXTK) checked. Verified: 2224064. isIdOk: 486. Prob: 0.02185%
9005 code (7EB6TC4-X38BX11) checked. Verified: 2224330. isIdOk: 486. Prob: 0.02185%
9006 code (7718TC4-X38B836) checked. Verified: 2224596. isIdOk: 486. Prob: 0.02185%
9007 code (C78KTC4-X38B8XT) checked. Verified: 2224862. isIdOk: 486. Prob: 0.02184%
9008 code (729PTC4-X38B886) checked. Verified: 2225128. isIdOk: 486. Prob: 0.02184%
9009 code (77KPTC4-X38BB92) checked. Verified: 2225394. isIdOk: 486. Prob: 0.02184%
9010 code (7C4XTC4-X38B4HC) checked. Verified: 2225660. isIdOk: 486. Prob: 0.02184%
9011 code (7PMETC4-X38B0HP) checked. Verified: 2225926. isIdOk: 486. Prob: 0.02183%
9012 code (77M2TC4-X38B022) checked. Verified: 2226192. isIdOk: 487. Prob: 0.02188%
9013 code (760BTC4-X38B06H) checked. Verified: 2226458. isIdOk: 487. Prob: 0.02187%
9014 code (7195TC4-X3847ET) checked. Verified: 2226724. isIdOk: 487. Prob: 0.02187%
9015 code (7X13TC4-X384C73) checked. Verified: 2226990. isIdOk: 487. Prob: 0.02187%
9016 code (72H6TC4-X384C15) checked. Verified: 2227256. isIdOk: 487. Prob: 0.02187%
9017 code (796MTC4-X384CXE) checked. Verified: 2227522. isIdOk: 487. Prob: 0.02186%
9018 code (73C0TC4-X384HMK) checked. Verified: 2227788. isIdOk: 488. Prob: 0.02191%
9019 code (7TP4TC4-X3843T9) checked. Verified: 2228054. isIdOk: 488. Prob: 0.0219%
9020 code (7K0MTC4-X3843PK) checked. Verified: 2228320. isIdOk: 488. Prob: 0.0219%
9021 code (7KBCTC4-X38434H) checked. Verified: 2228586. isIdOk: 489. Prob: 0.02194%
9022 code (CM8ATC4-X384TCC) checked. Verified: 2228852. isIdOk: 489. Prob: 0.02194%
9023 code (7TECTC4-X384T6H) checked. Verified: 2229118. isIdOk: 489. Prob: 0.02194%
9024 code (758PTC4-X384T9X) checked. Verified: 2229384. isIdOk: 489. Prob: 0.02193%
9025 code (7HPATC4-X3845C2) checked. Verified: 2229650. isIdOk: 489. Prob: 0.02193%
9026 code (7TC2TC4-X38427K) checked. Verified: 2229916. isIdOk: 489. Prob: 0.02193%
9027 code (76K0TC4-X3842P3) checked. Verified: 2230182. isIdOk: 489. Prob: 0.02193%
9028 code (77E9TC4-X384EEX) checked. Verified: 2230448. isIdOk: 489. Prob: 0.02192%
9029 code (79C4TC4-X384659) checked. Verified: 2230714. isIdOk: 489. Prob: 0.02192%
9030 code (CCC5TC4-X3849T0) checked. Verified: 2230980. isIdOk: 489. Prob: 0.02192%
9031 code (HH80TC4-X384999) checked. Verified: 2231246. isIdOk: 489. Prob: 0.02192%
9032 code (79HHTC4-X3849K6) checked. Verified: 2231512. isIdOk: 489. Prob: 0.02191%
9033 code (7H13TC4-X384KKH) checked. Verified: 2231778. isIdOk: 489. Prob: 0.02191%
9034 code (70A8TC4-X384PHB) checked. Verified: 2232044. isIdOk: 489. Prob: 0.02191%
9035 code (767TTC4-X384PBK) checked. Verified: 2232310. isIdOk: 489. Prob: 0.02191%
9036 code (77C4TC4-X3841EE) checked. Verified: 2232576. isIdOk: 489. Prob: 0.0219%
9037 code (7CX4TC4-X3841PP) checked. Verified: 2232842. isIdOk: 489. Prob: 0.0219%
9038 code (799CTC4-X384AC8) checked. Verified: 2233108. isIdOk: 489. Prob: 0.0219%
9039 code (7TC0TC4-X384AXP) checked. Verified: 2233374. isIdOk: 489. Prob: 0.0219%
9040 code (72B9TC4-X384AX8) checked. Verified: 2233640. isIdOk: 489. Prob: 0.02189%
9041 code (7C20TC4-X384M35) checked. Verified: 2233906. isIdOk: 489. Prob: 0.02189%
9042 code (70EMTC4-X384MEB) checked. Verified: 2234172. isIdOk: 489. Prob: 0.02189%
9043 code (7TMPTC4-X384M0M) checked. Verified: 2234438. isIdOk: 489. Prob: 0.02188%
9044 code (7XM2TC4-X384X1T) checked. Verified: 2234704. isIdOk: 489. Prob: 0.02188%
9045 code (738KTC4-X384819) checked. Verified: 2234970. isIdOk: 489. Prob: 0.02188%
9046 code (769BTC4-X384B29) checked. Verified: 2235236. isIdOk: 490. Prob: 0.02192%
9047 code (7PMTTC4-X384432) checked. Verified: 2235502. isIdOk: 490. Prob: 0.02192%
9048 code (70H7TC4-X3840C1) checked. Verified: 2235768. isIdOk: 490. Prob: 0.02192%
9049 code (75B1TC4-X38400T) checked. Verified: 2236034. isIdOk: 491. Prob: 0.02196%
9050 code (7P95TC4-X380746) checked. Verified: 2236300. isIdOk: 491. Prob: 0.02196%
9051 code (729PTC4-X380CAC) checked. Verified: 2236566. isIdOk: 491. Prob: 0.02195%
9052 code (7HP4TC4-X380CX8) checked. Verified: 2236832. isIdOk: 491. Prob: 0.02195%
9053 code (7905TC4-X380HE5) checked. Verified: 2237098. isIdOk: 491. Prob: 0.02195%
9054 code (72EMTC4-X3803CP) checked. Verified: 2237364. isIdOk: 491. Prob: 0.02195%
9055 code (CT70TC4-X3803B7) checked. Verified: 2237630. isIdOk: 491. Prob: 0.02194%
9056 code (729CTC4-X38030A) checked. Verified: 2237896. isIdOk: 491. Prob: 0.02194%
9057 code (HEK1TC4-X380TPT) checked. Verified: 2238162. isIdOk: 491. Prob: 0.02194%
9058 code (756ETC4-X380T83) checked. Verified: 2238428. isIdOk: 491. Prob: 0.02194%
9059 code (CCBMTC4-X38051C) checked. Verified: 2238694. isIdOk: 491. Prob: 0.02193%
9060 code (7795TC4-X38021B) checked. Verified: 2238960. isIdOk: 491. Prob: 0.02193%
9061 code (C6K2TC4-X380E19) checked. Verified: 2239226. isIdOk: 491. Prob: 0.02193%
9062 code (7753TC4-X3806HC) checked. Verified: 2239492. isIdOk: 491. Prob: 0.02192%
9063 code (C9H1TC4-X380657) checked. Verified: 2239758. isIdOk: 491. Prob: 0.02192%
9064 code (CHX4TC4-X3806PK) checked. Verified: 2240024. isIdOk: 493. Prob: 0.02201%
9065 code (7HK5TC4-X380913) checked. Verified: 2240290. isIdOk: 493. Prob: 0.02201%
9066 code (7XKHTC4-X380K9P) checked. Verified: 2240556. isIdOk: 493. Prob: 0.022%
9067 code (7C6ETC4-X380KM9) checked. Verified: 2240822. isIdOk: 493. Prob: 0.022%
9068 code (7P12TC4-X380P33) checked. Verified: 2241088. isIdOk: 493. Prob: 0.022%
9069 code (777CTC4-X380PT5) checked. Verified: 2241354. isIdOk: 493. Prob: 0.022%
9070 code (7T0PTC4-X380PE2) checked. Verified: 2241620. isIdOk: 493. Prob: 0.02199%
9071 code (CPC6TC4-X380P13) checked. Verified: 2241886. isIdOk: 493. Prob: 0.02199%
9072 code (7366TC4-X380136) checked. Verified: 2242152. isIdOk: 493. Prob: 0.02199%
9073 code (7H2KTC4-X38019H) checked. Verified: 2242418. isIdOk: 493. Prob: 0.02199%
9074 code (762BTC4-X380AC1) checked. Verified: 2242684. isIdOk: 494. Prob: 0.02203%
9075 code (7CH5TC4-X380AHB) checked. Verified: 2242950. isIdOk: 494. Prob: 0.02202%
9076 code (7709TC4-X380A9X) checked. Verified: 2243216. isIdOk: 494. Prob: 0.02202%
9077 code (7H7PTC4-X380M65) checked. Verified: 2243482. isIdOk: 494. Prob: 0.02202%
9078 code (7A5TTC4-X380X5E) checked. Verified: 2243748. isIdOk: 494. Prob: 0.02202%
9079 code (7MMBTC4-X380X4K) checked. Verified: 2244014. isIdOk: 494. Prob: 0.02201%
9080 code (7HAPTC4-X3808K3) checked. Verified: 2244280. isIdOk: 494. Prob: 0.02201%
9081 code (77P8TC4-X3808BA) checked. Verified: 2244546. isIdOk: 494. Prob: 0.02201%
9082 code (7BK0TC4-X380BA3) checked. Verified: 2244812. isIdOk: 494. Prob: 0.02201%
9083 code (73ACTC4-X380B87) checked. Verified: 2245078. isIdOk: 494. Prob: 0.022%
9084 code (7AP1TC4-X38049K) checked. Verified: 2245344. isIdOk: 494. Prob: 0.022%
9085 code (7HCETC4-X38040T) checked. Verified: 2245610. isIdOk: 494. Prob: 0.022%
9086 code (72B2TC4-X38008A) checked. Verified: 2245876. isIdOk: 494. Prob: 0.022%
9087 code (733KTC4-X3B77B9) checked. Verified: 2246142. isIdOk: 494. Prob: 0.02199%
9088 code (7H4BTC4-X3B7CE6) checked. Verified: 2246408. isIdOk: 494. Prob: 0.02199%
9089 code (7551TC4-X3B7CBP) checked. Verified: 2246674. isIdOk: 494. Prob: 0.02199%
9090 code (7756TC4-X3B7H5M) checked. Verified: 2246940. isIdOk: 494. Prob: 0.02199%
9091 code (77AETC4-X3B7H68) checked. Verified: 2247206. isIdOk: 494. Prob: 0.02198%
9092 code (7PK7TC4-X3B7HXP) checked. Verified: 2247472. isIdOk: 494. Prob: 0.02198%
9093 code (7572TC4-X3B7H01) checked. Verified: 2247738. isIdOk: 494. Prob: 0.02198%
9094 code (77P6TC4-X3B73TK) checked. Verified: 2248004. isIdOk: 494. Prob: 0.02198%
9095 code (7E2PTC4-X3B7TH5) checked. Verified: 2248270. isIdOk: 494. Prob: 0.02197%
9096 code (7C50TC4-X3B757B) checked. Verified: 2248536. isIdOk: 494. Prob: 0.02197%
9097 code (7072TC4-X3B7564) checked. Verified: 2248802. isIdOk: 494. Prob: 0.02197%
9098 code (75H3TC4-X3B7543) checked. Verified: 2249068. isIdOk: 494. Prob: 0.02196%
9099 code (72E1TC4-X3B72B5) checked. Verified: 2249334. isIdOk: 494. Prob: 0.02196%
9100 code (7077TC4-X3B7E18) checked. Verified: 2249600. isIdOk: 494. Prob: 0.02196%
9101 code (73B0TC4-X3B7655) checked. Verified: 2249866. isIdOk: 494. Prob: 0.02196%
9102 code (7354TC4-X3B76BE) checked. Verified: 2250132. isIdOk: 494. Prob: 0.02195%
9103 code (7H9BTC4-X3B79MB) checked. Verified: 2250398. isIdOk: 494. Prob: 0.02195%
9104 code (77H7TC4-X3B7K23) checked. Verified: 2250664. isIdOk: 494. Prob: 0.02195%
9105 code (CH63TC4-X3B7K13) checked. Verified: 2250930. isIdOk: 494. Prob: 0.02195%
9106 code (7279TC4-X3B7P1T) checked. Verified: 2251196. isIdOk: 494. Prob: 0.02194%
9107 code (7B3MTC4-X3B7P4A) checked. Verified: 2251462. isIdOk: 494. Prob: 0.02194%
9108 code (7E1HTC4-X3B716B) checked. Verified: 2251728. isIdOk: 494. Prob: 0.02194%
9109 code (7HT0TC4-X3B7A7B) checked. Verified: 2251994. isIdOk: 494. Prob: 0.02194%
9110 code (H723TC4-X3B7A29) checked. Verified: 2252260. isIdOk: 494. Prob: 0.02193%
9111 code (77H2TC4-X3B7AAC) checked. Verified: 2252526. isIdOk: 494. Prob: 0.02193%
9112 code (7EE0TC4-X3B7MK4) checked. Verified: 2252792. isIdOk: 494. Prob: 0.02193%
9113 code (75HTTC4-X3B7MP3) checked. Verified: 2253058. isIdOk: 494. Prob: 0.02193%
9114 code (759KTC4-X3B7XE0) checked. Verified: 2253324. isIdOk: 494. Prob: 0.02192%
9115 code (73PHTC4-X3B7XKT) checked. Verified: 2253590. isIdOk: 494. Prob: 0.02192%
9116 code (C13BTC4-X3B7X85) checked. Verified: 2253856. isIdOk: 494. Prob: 0.02192%
9117 code (7676TC4-X3B78H2) checked. Verified: 2254122. isIdOk: 494. Prob: 0.02192%
9118 code (7K0PTC4-X3B783P) checked. Verified: 2254388. isIdOk: 494. Prob: 0.02191%
9119 code (C64XTC4-X3B7847) checked. Verified: 2254654. isIdOk: 494. Prob: 0.02191%
9120 code (7HEKTC4-X3B7BE9) checked. Verified: 2254920. isIdOk: 494. Prob: 0.02191%
9121 code (7ABPTC4-X3B7B60) checked. Verified: 2255186. isIdOk: 494. Prob: 0.02191%
9122 code (7K53TC4-X3B7BB4) checked. Verified: 2255452. isIdOk: 494. Prob: 0.0219%
9123 code (7AAPTC4-X3B74T7) checked. Verified: 2255718. isIdOk: 494. Prob: 0.0219%
9124 code (C115TC4-X3B74M6) checked. Verified: 2255984. isIdOk: 494. Prob: 0.0219%
9125 code (7799TC4-X3B70A6) checked. Verified: 2256250. isIdOk: 494. Prob: 0.02189%
9126 code (7P87TC4-X3BC7K1) checked. Verified: 2256516. isIdOk: 494. Prob: 0.02189%
9127 code (732ATC4-X3BC7MC) checked. Verified: 2256782. isIdOk: 494. Prob: 0.02189%
9128 code (7P9HTC4-X3BCC1H) checked. Verified: 2257048. isIdOk: 494. Prob: 0.02189%
9129 code (75PPTC4-X3BCHPC) checked. Verified: 2257314. isIdOk: 494. Prob: 0.02188%
9130 code (7EKCTC4-X3BCH8X) checked. Verified: 2257580. isIdOk: 494. Prob: 0.02188%
9131 code (7139TC4-X3BC32E) checked. Verified: 2257846. isIdOk: 494. Prob: 0.02188%
9132 code (7C8ATC4-X3BC3P8) checked. Verified: 2258112. isIdOk: 494. Prob: 0.02188%
9133 code (7XA3TC4-X3BC3XB) checked. Verified: 2258378. isIdOk: 494. Prob: 0.02187%
9134 code (7592TC4-X3BCT6K) checked. Verified: 2258644. isIdOk: 494. Prob: 0.02187%
9135 code (733TTC4-X3BCT44) checked. Verified: 2258910. isIdOk: 494. Prob: 0.02187%
9136 code (7ME1TC4-X3BC5C0) checked. Verified: 2259176. isIdOk: 494. Prob: 0.02187%
9137 code (749ATC4-X3BC544) checked. Verified: 2259442. isIdOk: 494. Prob: 0.02186%
9138 code (773BTC4-X3BC29X) checked. Verified: 2259708. isIdOk: 494. Prob: 0.02186%
9139 code (7H12TC4-X3BC2KA) checked. Verified: 2259974. isIdOk: 494. Prob: 0.02186%
9140 code (7A9ETC4-X3BCE2B) checked. Verified: 2260240. isIdOk: 494. Prob: 0.02186%
9141 code (77PBTC4-X3BCE4M) checked. Verified: 2260506. isIdOk: 494. Prob: 0.02185%
9142 code (7ABTTC4-X3BC6KK) checked. Verified: 2260772. isIdOk: 494. Prob: 0.02185%
9143 code (72A8TC4-X3BC9H1) checked. Verified: 2261038. isIdOk: 494. Prob: 0.02185%
9144 code (769ATC4-X3BC9X1) checked. Verified: 2261304. isIdOk: 494. Prob: 0.02185%
9145 code (7H35TC4-X3BCKM5) checked. Verified: 2261570. isIdOk: 494. Prob: 0.02184%
9146 code (7A1PTC4-X3BCP2C) checked. Verified: 2261836. isIdOk: 494. Prob: 0.02184%
9147 code (7C4TTC4-X3BCPPB) checked. Verified: 2262102. isIdOk: 494. Prob: 0.02184%
9148 code (7T0KTC4-X3BC1TM) checked. Verified: 2262368. isIdOk: 494. Prob: 0.02184%
9149 code (7EE9TC4-X3BC194) checked. Verified: 2262634. isIdOk: 494. Prob: 0.02183%
9150 code (79PCTC4-X3BCA3E) checked. Verified: 2262900. isIdOk: 495. Prob: 0.02187%
9151 code (7HP2TC4-X3BCAM6) checked. Verified: 2263166. isIdOk: 495. Prob: 0.02187%
9152 code (7CB7TC4-X3BCM6C) checked. Verified: 2263432. isIdOk: 495. Prob: 0.02187%
9153 code (78K3TC4-X3BCX36) checked. Verified: 2263698. isIdOk: 495. Prob: 0.02187%
9154 code (74B9TC4-X3BC87X) checked. Verified: 2263964. isIdOk: 495. Prob: 0.02186%
9155 code (C14BTC4-X3BC8EA) checked. Verified: 2264230. isIdOk: 495. Prob: 0.02186%
9156 code (7H09TC4-X3BCBE0) checked. Verified: 2264496. isIdOk: 495. Prob: 0.02186%
9157 code (77TCTC4-X3BCB41) checked. Verified: 2264762. isIdOk: 495. Prob: 0.02186%
9158 code (720XTC4-X3BC4A1) checked. Verified: 2265028. isIdOk: 495. Prob: 0.02185%
9159 code (7T3HTC4-X3BC07H) checked. Verified: 2265294. isIdOk: 495. Prob: 0.02185%
9160 code (795MTC4-X3BC0KX) checked. Verified: 2265560. isIdOk: 495. Prob: 0.02185%
9161 code (75A3TC4-X3BH7E5) checked. Verified: 2265826. isIdOk: 495. Prob: 0.02185%
9162 code (75XBTC4-X3BH749) checked. Verified: 2266092. isIdOk: 495. Prob: 0.02184%
9163 code (7AATTC4-X3BHC61) checked. Verified: 2266358. isIdOk: 495. Prob: 0.02184%
9164 code (73T9TC4-X3BHH3C) checked. Verified: 2266624. isIdOk: 495. Prob: 0.02184%
9165 code (71MATC4-X3BHH6P) checked. Verified: 2266890. isIdOk: 495. Prob: 0.02184%
9166 code (7A9TTC4-X3BH3HE) checked. Verified: 2267156. isIdOk: 496. Prob: 0.02188%
9167 code (77KBTC4-X3BH39P) checked. Verified: 2267422. isIdOk: 496. Prob: 0.02188%
9168 code (7M4HTC4-X3BH31M) checked. Verified: 2267688. isIdOk: 496. Prob: 0.02187%
9169 code (79PATC4-X3BHTAH) checked. Verified: 2267954. isIdOk: 496. Prob: 0.02187%
9170 code (75CTTC4-X3BH5M7) checked. Verified: 2268220. isIdOk: 496. Prob: 0.02187%
9171 code (7KCTTC4-X3BH2M8) checked. Verified: 2268486. isIdOk: 496. Prob: 0.02186%
9172 code (7K00TC4-X3BHE17) checked. Verified: 2268752. isIdOk: 496. Prob: 0.02186%
9173 code (735KTC4-X3BH6KX) checked. Verified: 2269018. isIdOk: 497. Prob: 0.0219%
9174 code (777TTC4-X3BH684) checked. Verified: 2269284. isIdOk: 497. Prob: 0.0219%
9175 code (7XE0TC4-X3BH9B6) checked. Verified: 2269550. isIdOk: 497. Prob: 0.0219%
9176 code (7AX6TC4-X3BHKC3) checked. Verified: 2269816. isIdOk: 497. Prob: 0.0219%
9177 code (H2M6TC4-X3BHK33) checked. Verified: 2270082. isIdOk: 497. Prob: 0.02189%
9178 code (72TKTC4-X3BHK4C) checked. Verified: 2270348. isIdOk: 497. Prob: 0.02189%
9179 code (C2XMTC4-X3BHP69) checked. Verified: 2270614. isIdOk: 497. Prob: 0.02189%
9180 code (72E4TC4-X3BHP88) checked. Verified: 2270880. isIdOk: 497. Prob: 0.02189%
9181 code (CE26TC4-X3BH177) checked. Verified: 2271146. isIdOk: 497. Prob: 0.02188%
9182 code (CHAXTC4-X3BH1KK) checked. Verified: 2271412. isIdOk: 497. Prob: 0.02188%
9183 code (7923TC4-X3BH1MX) checked. Verified: 2271678. isIdOk: 497. Prob: 0.02188%
9184 code (7H51TC4-X3BHA5P) checked. Verified: 2271944. isIdOk: 497. Prob: 0.02188%
9185 code (7XMATC4-X3BHA22) checked. Verified: 2272210. isIdOk: 497. Prob: 0.02187%
9186 code (7827TC4-X3BHAE6) checked. Verified: 2272476. isIdOk: 497. Prob: 0.02187%
9187 code (72T9TC4-X3BHMH7) checked. Verified: 2272742. isIdOk: 497. Prob: 0.02187%
9188 code (76CPTC4-X3BHME3) checked. Verified: 2273008. isIdOk: 497. Prob: 0.02187%
9189 code (7HP5TC4-X3BHX7M) checked. Verified: 2273274. isIdOk: 497. Prob: 0.02186%
9190 code (CE2XTC4-X3BHX8A) checked. Verified: 2273540. isIdOk: 497. Prob: 0.02186%
9191 code (7HE4TC4-X3BH8PX) checked. Verified: 2273806. isIdOk: 497. Prob: 0.02186%
9192 code (HC82TC4-X3BHB59) checked. Verified: 2274072. isIdOk: 497. Prob: 0.02186%
9193 code (7791TC4-X3BHBX8) checked. Verified: 2274338. isIdOk: 497. Prob: 0.02185%
9194 code (7042TC4-X3BH47X) checked. Verified: 2274604. isIdOk: 498. Prob: 0.02189%
9195 code (78AMTC4-X3BH071) checked. Verified: 2274870. isIdOk: 498. Prob: 0.02189%
9196 code (7CTETC4-X3BH0M6) checked. Verified: 2275136. isIdOk: 498. Prob: 0.02189%
9197 code (7E1XTC4-X3B37MM) checked. Verified: 2275402. isIdOk: 498. Prob: 0.02189%
9198 code (755ATC4-X3B3700) checked. Verified: 2275668. isIdOk: 498. Prob: 0.02188%
9199 code (C532TC4-X3B3C5H) checked. Verified: 2275934. isIdOk: 498. Prob: 0.02188%
9200 code (76TATC4-X3B3C43) checked. Verified: 2276200. isIdOk: 498. Prob: 0.02188%
9201 code (74X3TC4-X3B3HB8) checked. Verified: 2276466. isIdOk: 498. Prob: 0.02188%
9202 code (72APTC4-X3B33EC) checked. Verified: 2276732. isIdOk: 498. Prob: 0.02187%
9203 code (7C1TTC4-X3B3TH1) checked. Verified: 2276998. isIdOk: 498. Prob: 0.02187%
9204 code (767TTC4-X3B3T8T) checked. Verified: 2277264. isIdOk: 498. Prob: 0.02187%
9205 code (7CMTTC4-X3B35T4) checked. Verified: 2277530. isIdOk: 498. Prob: 0.02187%
9206 code (7933TC4-X3B3275) checked. Verified: 2277796. isIdOk: 498. Prob: 0.02186%
9207 code (775MTC4-X3B324P) checked. Verified: 2278062. isIdOk: 498. Prob: 0.02186%
9208 code (7TT7TC4-X3B3EXA) checked. Verified: 2278328. isIdOk: 498. Prob: 0.02186%
9209 code (771ETC4-X3B36MM) checked. Verified: 2278594. isIdOk: 498. Prob: 0.02186%
9210 code (CTCATC4-X3B3914) checked. Verified: 2278860. isIdOk: 498. Prob: 0.02185%
9211 code (755TTC4-X3B390P) checked. Verified: 2279126. isIdOk: 498. Prob: 0.02185%
9212 code (75TKTC4-X3B3K48) checked. Verified: 2279392. isIdOk: 498. Prob: 0.02185%
9213 code (75B0TC4-X3B3PA6) checked. Verified: 2279658. isIdOk: 498. Prob: 0.02185%
9214 code (77B7TC4-X3B316X) checked. Verified: 2279924. isIdOk: 498. Prob: 0.02184%
9215 code (7K0CTC4-X3B3A29) checked. Verified: 2280190. isIdOk: 498. Prob: 0.02184%
9216 code (7B34TC4-X3B3AK2) checked. Verified: 2280456. isIdOk: 498. Prob: 0.02184%
9217 code (7051TC4-X3B3A0A) checked. Verified: 2280722. isIdOk: 498. Prob: 0.02184%
9218 code (CAKBTC4-X3B3M97) checked. Verified: 2280988. isIdOk: 498. Prob: 0.02183%
9219 code (7054TC4-X3B3XE3) checked. Verified: 2281254. isIdOk: 498. Prob: 0.02183%
9220 code (7KH5TC4-X3B3XKH) checked. Verified: 2281520. isIdOk: 498. Prob: 0.02183%
9221 code (7X91TC4-X3B383A) checked. Verified: 2281786. isIdOk: 498. Prob: 0.02183%
9222 code (7B20TC4-X3B385E) checked. Verified: 2282052. isIdOk: 498. Prob: 0.02182%
9223 code (C34XTC4-X3B3B73) checked. Verified: 2282318. isIdOk: 498. Prob: 0.02182%
9224 code (7T25TC4-X3B3B63) checked. Verified: 2282584. isIdOk: 498. Prob: 0.02182%
9225 code (7CH0TC4-X3B3BAB) checked. Verified: 2282850. isIdOk: 498. Prob: 0.02181%
9226 code (7TMATC4-X3B34KX) checked. Verified: 2283116. isIdOk: 499. Prob: 0.02186%
9227 code (7P3CTC4-X3B30K4) checked. Verified: 2283382. isIdOk: 499. Prob: 0.02185%
9228 code (C3C4TC4-X3BT76P) checked. Verified: 2283648. isIdOk: 499. Prob: 0.02185%
9229 code (CXM8TC4-X3BTCT5) checked. Verified: 2283914. isIdOk: 499. Prob: 0.02185%
9230 code (77P6TC4-X3BTHTX) checked. Verified: 2284180. isIdOk: 499. Prob: 0.02185%
9231 code (77A0TC4-X3BTH93) checked. Verified: 2284446. isIdOk: 499. Prob: 0.02184%
9232 code (705HTC4-X3BTHP3) checked. Verified: 2284712. isIdOk: 499. Prob: 0.02184%
9233 code (78MXTC4-X3BTHAM) checked. Verified: 2284978. isIdOk: 499. Prob: 0.02184%
9234 code (7P8HTC4-X3BT3PX) checked. Verified: 2285244. isIdOk: 499. Prob: 0.02184%
9235 code (C52HTC4-X3BT3AM) checked. Verified: 2285510. isIdOk: 499. Prob: 0.02183%
9236 code (76PHTC4-X3BTT7X) checked. Verified: 2285776. isIdOk: 499. Prob: 0.02183%
9237 code (7A66TC4-X3BTT2M) checked. Verified: 2286042. isIdOk: 499. Prob: 0.02183%
9238 code (7MB8TC4-X3BTTAT) checked. Verified: 2286308. isIdOk: 499. Prob: 0.02183%
9239 code (737ETC4-X3BT53C) checked. Verified: 2286574. isIdOk: 499. Prob: 0.02182%
9240 code (7THPTC4-X3BT59C) checked. Verified: 2286840. isIdOk: 499. Prob: 0.02182%
9241 code (700MTC4-X3BT291) checked. Verified: 2287106. isIdOk: 499. Prob: 0.02182%
9242 code (76C8TC4-X3BTEHK) checked. Verified: 2287372. isIdOk: 499. Prob: 0.02182%
9243 code (7B98TC4-X3BT63C) checked. Verified: 2287638. isIdOk: 500. Prob: 0.02186%
9244 code (7P82TC4-X3BT62X) checked. Verified: 2287904. isIdOk: 500. Prob: 0.02185%
9245 code (77C5TC4-X3BT95A) checked. Verified: 2288170. isIdOk: 500. Prob: 0.02185%
9246 code (7TXCTC4-X3BTK27) checked. Verified: 2288436. isIdOk: 500. Prob: 0.02185%
9247 code (7789TC4-X3BTKB3) checked. Verified: 2288702. isIdOk: 500. Prob: 0.02185%
9248 code (7CC2TC4-X3BTP26) checked. Verified: 2288968. isIdOk: 500. Prob: 0.02184%
9249 code (7H9HTC4-X3BTPAC) checked. Verified: 2289234. isIdOk: 500. Prob: 0.02184%
9250 code (7T4ATC4-X3BT17A) checked. Verified: 2289500. isIdOk: 500. Prob: 0.02184%
9251 code (7CMCTC4-X3BT1K3) checked. Verified: 2289766. isIdOk: 500. Prob: 0.02184%
9252 code (7T37TC4-X3BT14A) checked. Verified: 2290032. isIdOk: 500. Prob: 0.02183%
9253 code (7350TC4-X3BTATB) checked. Verified: 2290298. isIdOk: 500. Prob: 0.02183%
9254 code (736ETC4-X3BTA84) checked. Verified: 2290564. isIdOk: 500. Prob: 0.02183%
9255 code (77C6TC4-X3BTMK2) checked. Verified: 2290830. isIdOk: 500. Prob: 0.02183%
9256 code (C7APTC4-X3BTM4H) checked. Verified: 2291096. isIdOk: 500. Prob: 0.02182%
9257 code (70XETC4-X3BTXC1) checked. Verified: 2291362. isIdOk: 501. Prob: 0.02186%
9258 code (7EH0TC4-X3BTXT2) checked. Verified: 2291628. isIdOk: 501. Prob: 0.02186%
9259 code (C522TC4-X3BT8TB) checked. Verified: 2291894. isIdOk: 501. Prob: 0.02186%
9260 code (73MKTC4-X3BT866) checked. Verified: 2292160. isIdOk: 501. Prob: 0.02186%
9261 code (7HPPTC4-X3BT84B) checked. Verified: 2292426. isIdOk: 501. Prob: 0.02185%
9262 code (H9XBTC4-X3BTB93) checked. Verified: 2292692. isIdOk: 501. Prob: 0.02185%
9263 code (7698TC4-X3BTB9X) checked. Verified: 2292958. isIdOk: 501. Prob: 0.02185%
9264 code (77TMTC4-X3BT46T) checked. Verified: 2293224. isIdOk: 501. Prob: 0.02185%
9265 code (7T02TC4-X3BT0CK) checked. Verified: 2293490. isIdOk: 501. Prob: 0.02184%
9266 code (754ETC4-X3BT0C1) checked. Verified: 2293756. isIdOk: 501. Prob: 0.02184%
9267 code (7H92TC4-X3BT0EB) checked. Verified: 2294022. isIdOk: 502. Prob: 0.02188%
9268 code (71M2TC4-X3B57E6) checked. Verified: 2294288. isIdOk: 502. Prob: 0.02188%
9269 code (7505TC4-X3B5787) checked. Verified: 2294554. isIdOk: 503. Prob: 0.02192%
9270 code (7159TC4-X3B57B5) checked. Verified: 2294820. isIdOk: 503. Prob: 0.02192%
9271 code (7T29TC4-X3B5C9X) checked. Verified: 2295086. isIdOk: 503. Prob: 0.02192%
9272 code (7HX0TC4-X3B5HC1) checked. Verified: 2295352. isIdOk: 503. Prob: 0.02191%
9273 code (7HK6TC4-X3B5HB8) checked. Verified: 2295618. isIdOk: 503. Prob: 0.02191%
9274 code (CB8TTC4-X3B533K) checked. Verified: 2295884. isIdOk: 503. Prob: 0.02191%
9275 code (CB2BTC4-X3B5T7T) checked. Verified: 2296150. isIdOk: 504. Prob: 0.02195%
9276 code (7CM5TC4-X3B5TPC) checked. Verified: 2296416. isIdOk: 504. Prob: 0.02195%
9277 code (7A6ETC4-X3B55HX) checked. Verified: 2296682. isIdOk: 504. Prob: 0.02194%
9278 code (7EC8TC4-X3B55EE) checked. Verified: 2296948. isIdOk: 504. Prob: 0.02194%
9279 code (76MCTC4-X3B55P8) checked. Verified: 2297214. isIdOk: 504. Prob: 0.02194%
9280 code (7B1XTC4-X3B529T) checked. Verified: 2297480. isIdOk: 504. Prob: 0.02194%
9281 code (76PCTC4-X3B5E94) checked. Verified: 2297746. isIdOk: 504. Prob: 0.02193%
9282 code (C911TC4-X3B5EXK) checked. Verified: 2298012. isIdOk: 505. Prob: 0.02198%
9283 code (7729TC4-X3B565C) checked. Verified: 2298278. isIdOk: 505. Prob: 0.02197%
9284 code (7TBCTC4-X3B56EP) checked. Verified: 2298544. isIdOk: 505. Prob: 0.02197%
9285 code (7T2ATC4-X3B59H9) checked. Verified: 2298810. isIdOk: 505. Prob: 0.02197%
9286 code (7K67TC4-X3B5KCA) checked. Verified: 2299076. isIdOk: 505. Prob: 0.02197%
9287 code (C5TTTC4-X3B5K17) checked. Verified: 2299342. isIdOk: 505. Prob: 0.02196%
9288 code (7XM3TC4-X3B5PC5) checked. Verified: 2299608. isIdOk: 505. Prob: 0.02196%
9289 code (CC7KTC4-X3B5PA8) checked. Verified: 2299874. isIdOk: 505. Prob: 0.02196%
9290 code (74EXTC4-X3B51CX) checked. Verified: 2300140. isIdOk: 505. Prob: 0.02196%
9291 code (73XPTC4-X3B51X0) checked. Verified: 2300406. isIdOk: 505. Prob: 0.02195%
9292 code (73HMTC4-X3B5ACP) checked. Verified: 2300672. isIdOk: 505. Prob: 0.02195%
9293 code (7T5BTC4-X3B5A0X) checked. Verified: 2300938. isIdOk: 505. Prob: 0.02195%
9294 code (778MTC4-X3B5X75) checked. Verified: 2301204. isIdOk: 505. Prob: 0.02195%
9295 code (7BAETC4-X3B5X58) checked. Verified: 2301470. isIdOk: 505. Prob: 0.02194%
9296 code (77X4TC4-X3B58H8) checked. Verified: 2301736. isIdOk: 505. Prob: 0.02194%
9297 code (7393TC4-X3B58M1) checked. Verified: 2302002. isIdOk: 505. Prob: 0.02194%
9298 code (7C9ETC4-X3B5BT9) checked. Verified: 2302268. isIdOk: 505. Prob: 0.02193%
9299 code (7HE0TC4-X3B5472) checked. Verified: 2302534. isIdOk: 505. Prob: 0.02193%
9300 code (7T29TC4-X3B54KC) checked. Verified: 2302800. isIdOk: 505. Prob: 0.02193%
9301 code (77K3TC4-X3B50C5) checked. Verified: 2303066. isIdOk: 505. Prob: 0.02193%
9302 code (728KTC4-X3B5064) checked. Verified: 2303332. isIdOk: 505. Prob: 0.02192%
9303 code (709BTC4-X3B501M) checked. Verified: 2303598. isIdOk: 505. Prob: 0.02192%
9304 code (7XPBTC4-X3B5009) checked. Verified: 2303864. isIdOk: 505. Prob: 0.02192%
9305 code (72CMTC4-X3B27C7) checked. Verified: 2304130. isIdOk: 505. Prob: 0.02192%
9306 code (7EHETC4-X3B279T) checked. Verified: 2304396. isIdOk: 505. Prob: 0.02191%
9307 code (C76KTC4-X3B2CH7) checked. Verified: 2304662. isIdOk: 505. Prob: 0.02191%
9308 code (7842TC4-X3B2C83) checked. Verified: 2304928. isIdOk: 505. Prob: 0.02191%
9309 code (7HK2TC4-X3B2HAX) checked. Verified: 2305194. isIdOk: 505. Prob: 0.02191%
9310 code (7CHTTC4-X3B2HB0) checked. Verified: 2305460. isIdOk: 505. Prob: 0.0219%
9311 code (771HTC4-X3B23P7) checked. Verified: 2305726. isIdOk: 505. Prob: 0.0219%
9312 code (7CA1TC4-X3B23B1) checked. Verified: 2305992. isIdOk: 505. Prob: 0.0219%
9313 code (775CTC4-X3B2TM5) checked. Verified: 2306258. isIdOk: 505. Prob: 0.0219%
9314 code (73CKTC4-X3B25C0) checked. Verified: 2306524. isIdOk: 505. Prob: 0.02189%
9315 code (7956TC4-X3B2526) checked. Verified: 2306790. isIdOk: 505. Prob: 0.02189%
9316 code (HCM5TC4-X3B2545) checked. Verified: 2307056. isIdOk: 507. Prob: 0.02198%
9317 code (C13CTC4-X3B2273) checked. Verified: 2307322. isIdOk: 507. Prob: 0.02197%
9318 code (C4TATC4-X3B22K2) checked. Verified: 2307588. isIdOk: 507. Prob: 0.02197%
9319 code (77XETC4-X3B2249) checked. Verified: 2307854. isIdOk: 507. Prob: 0.02197%
9320 code (7K87TC4-X3B2E1P) checked. Verified: 2308120. isIdOk: 507. Prob: 0.02197%
9321 code (77TXTC4-X3B26TT) checked. Verified: 2308386. isIdOk: 507. Prob: 0.02196%
9322 code (7H14TC4-X3B297A) checked. Verified: 2308652. isIdOk: 507. Prob: 0.02196%
9323 code (76PPTC4-X3B29AE) checked. Verified: 2308918. isIdOk: 507. Prob: 0.02196%
9324 code (7CACTC4-X3B2KHP) checked. Verified: 2309184. isIdOk: 507. Prob: 0.02196%
9325 code (7E3ETC4-X3B2K52) checked. Verified: 2309450. isIdOk: 507. Prob: 0.02195%
9326 code (73T3TC4-X3B2P23) checked. Verified: 2309716. isIdOk: 507. Prob: 0.02195%
9327 code (7TM7TC4-X3B2P4B) checked. Verified: 2309982. isIdOk: 507. Prob: 0.02195%
9328 code (75XMTC4-X3B21PC) checked. Verified: 2310248. isIdOk: 507. Prob: 0.02195%
9329 code (711PTC4-X3B21BB) checked. Verified: 2310514. isIdOk: 507. Prob: 0.02194%
9330 code (77KXTC4-X3B2A61) checked. Verified: 2310780. isIdOk: 507. Prob: 0.02194%
9331 code (72B3TC4-X3B2A98) checked. Verified: 2311046. isIdOk: 507. Prob: 0.02194%
9332 code (7XHHTC4-X3B2A8H) checked. Verified: 2311312. isIdOk: 507. Prob: 0.02194%
9333 code (78METC4-X3B2MHM) checked. Verified: 2311578. isIdOk: 507. Prob: 0.02193%
9334 code (76C1TC4-X3B2M8C) checked. Verified: 2311844. isIdOk: 508. Prob: 0.02197%
9335 code (7T26TC4-X3B2X6K) checked. Verified: 2312110. isIdOk: 508. Prob: 0.02197%
9336 code (736CTC4-X3B2XB5) checked. Verified: 2312376. isIdOk: 508. Prob: 0.02197%
9337 code (7399TC4-X3B281E) checked. Verified: 2312642. isIdOk: 508. Prob: 0.02197%
9338 code (7EC2TC4-X3B284P) checked. Verified: 2312908. isIdOk: 508. Prob: 0.02196%
9339 code (7K1ATC4-X3B2B7M) checked. Verified: 2313174. isIdOk: 508. Prob: 0.02196%
9340 code (7H9TTC4-X3B2BKK) checked. Verified: 2313440. isIdOk: 508. Prob: 0.02196%
9341 code (7M2ATC4-X3B2B0A) checked. Verified: 2313706. isIdOk: 508. Prob: 0.02196%
9342 code (7CHHTC4-X3B24K5) checked. Verified: 2313972. isIdOk: 508. Prob: 0.02195%
9343 code (711PTC4-X3B24A4) checked. Verified: 2314238. isIdOk: 508. Prob: 0.02195%
9344 code (720BTC4-X3B24XK) checked. Verified: 2314504. isIdOk: 508. Prob: 0.02195%
9345 code (7CMMTC4-X3B209K) checked. Verified: 2314770. isIdOk: 509. Prob: 0.02199%
9346 code (C3MHTC4-X3BE7EE) checked. Verified: 2315036. isIdOk: 509. Prob: 0.02199%
9347 code (7XTXTC4-X3BE7X6) checked. Verified: 2315302. isIdOk: 509. Prob: 0.02198%
9348 code (75ECTC4-X3BEC3B) checked. Verified: 2315568. isIdOk: 509. Prob: 0.02198%
9349 code (7H61TC4-X3BEC68) checked. Verified: 2315834. isIdOk: 510. Prob: 0.02202%
9350 code (77X5TC4-X3BEH93) checked. Verified: 2316100. isIdOk: 510. Prob: 0.02202%
9351 code (75XMTC4-X3BEHMH) checked. Verified: 2316366. isIdOk: 510. Prob: 0.02202%
9352 code (77M7TC4-X3BEH43) checked. Verified: 2316632. isIdOk: 510. Prob: 0.02201%
9353 code (771MTC4-X3BE37P) checked. Verified: 2316898. isIdOk: 510. Prob: 0.02201%
9354 code (7PBBTC4-X3BE3EM) checked. Verified: 2317164. isIdOk: 510. Prob: 0.02201%
9355 code (70XKTC4-X3BE30T) checked. Verified: 2317430. isIdOk: 510. Prob: 0.02201%
9356 code (7H91TC4-X3BET0X) checked. Verified: 2317696. isIdOk: 510. Prob: 0.022%
9357 code (CPTHTC4-X3BE59B) checked. Verified: 2317962. isIdOk: 510. Prob: 0.022%
9358 code (CM16TC4-X3BE5B1) checked. Verified: 2318228. isIdOk: 510. Prob: 0.022%
9359 code (7HK2TC4-X3BE26X) checked. Verified: 2318494. isIdOk: 510. Prob: 0.022%
9360 code (72B0TC4-X3BE2AX) checked. Verified: 2318760. isIdOk: 510. Prob: 0.02199%
9361 code (72TMTC4-X3BEE1K) checked. Verified: 2319026. isIdOk: 510. Prob: 0.02199%
9362 code (7T92TC4-X3BE621) checked. Verified: 2319292. isIdOk: 510. Prob: 0.02199%
9363 code (7H5CTC4-X3BE6P5) checked. Verified: 2319558. isIdOk: 510. Prob: 0.02199%
9364 code (7TE8TC4-X3BE93K) checked. Verified: 2319824. isIdOk: 510. Prob: 0.02198%
9365 code (7TA2TC4-X3BE989) checked. Verified: 2320090. isIdOk: 510. Prob: 0.02198%
9366 code (77P1TC4-X3BE949) checked. Verified: 2320356. isIdOk: 510. Prob: 0.02198%
9367 code (7371TC4-X3BE901) checked. Verified: 2320622. isIdOk: 510. Prob: 0.02198%
9368 code (7H08TC4-X3BEKAB) checked. Verified: 2320888. isIdOk: 510. Prob: 0.02197%
9369 code (7C45TC4-X3BEK0B) checked. Verified: 2321154. isIdOk: 510. Prob: 0.02197%
9370 code (77X7TC4-X3BEPAK) checked. Verified: 2321420. isIdOk: 510. Prob: 0.02197%
9371 code (773MTC4-X3BEPBB) checked. Verified: 2321686. isIdOk: 510. Prob: 0.02197%
9372 code (71TMTC4-X3BE19P) checked. Verified: 2321952. isIdOk: 510. Prob: 0.02196%
9373 code (7H4CTC4-X3BE1P0) checked. Verified: 2322218. isIdOk: 510. Prob: 0.02196%
9374 code (7678TC4-X3BE1BM) checked. Verified: 2322484. isIdOk: 510. Prob: 0.02196%
9375 code (7MP2TC4-X3BEA18) checked. Verified: 2322750. isIdOk: 510. Prob: 0.02196%
9376 code (76T3TC4-X3BEM39) checked. Verified: 2323016. isIdOk: 510. Prob: 0.02195%
9377 code (7HB2TC4-X3BEM65) checked. Verified: 2323282. isIdOk: 510. Prob: 0.02195%
9378 code (73HKTC4-X3BEX2X) checked. Verified: 2323548. isIdOk: 510. Prob: 0.02195%
9379 code (7THTTC4-X3BE858) checked. Verified: 2323814. isIdOk: 510. Prob: 0.02195%
9380 code (CTBBTC4-X3BEB21) checked. Verified: 2324080. isIdOk: 510. Prob: 0.02194%
9381 code (7K8ETC4-X3BEBBM) checked. Verified: 2324346. isIdOk: 510. Prob: 0.02194%
9382 code (7745TC4-X3BE484) checked. Verified: 2324612. isIdOk: 510. Prob: 0.02194%
9383 code (7251TC4-X3BE0T9) checked. Verified: 2324878. isIdOk: 510. Prob: 0.02194%
9384 code (79PATC4-X3BE0BA) checked. Verified: 2325144. isIdOk: 510. Prob: 0.02193%
9385 code (7C4PTC4-X3B6730) checked. Verified: 2325410. isIdOk: 510. Prob: 0.02193%
9386 code (739ATC4-X3B6CTB) checked. Verified: 2325676. isIdOk: 511. Prob: 0.02197%
9387 code (7X35TC4-X3B6HC7) checked. Verified: 2325942. isIdOk: 511. Prob: 0.02197%
9388 code (CBXBTC4-X3B6HXC) checked. Verified: 2326208. isIdOk: 511. Prob: 0.02197%
9389 code (722KTC4-X3B632B) checked. Verified: 2326474. isIdOk: 511. Prob: 0.02196%
9390 code (7PBBTC4-X3B6T7E) checked. Verified: 2326740. isIdOk: 511. Prob: 0.02196%
9391 code (773MTC4-X3B6T1C) checked. Verified: 2327006. isIdOk: 511. Prob: 0.02196%
9392 code (7HM1TC4-X3B6538) checked. Verified: 2327272. isIdOk: 511. Prob: 0.02196%
9393 code (7E56TC4-X3B6238) checked. Verified: 2327538. isIdOk: 511. Prob: 0.02195%
9394 code (77E0TC4-X3B6223) checked. Verified: 2327804. isIdOk: 511. Prob: 0.02195%
9395 code (7H52TC4-X3B6E3B) checked. Verified: 2328070. isIdOk: 511. Prob: 0.02195%
9396 code (722PTC4-X3B6E14) checked. Verified: 2328336. isIdOk: 511. Prob: 0.02195%
9397 code (CKKPTC4-X3B669X) checked. Verified: 2328602. isIdOk: 511. Prob: 0.02194%
9398 code (7A55TC4-X3B66B9) checked. Verified: 2328868. isIdOk: 512. Prob: 0.02198%
9399 code (738CTC4-X3B695E) checked. Verified: 2329134. isIdOk: 512. Prob: 0.02198%
9400 code (75PATC4-X3B6KHK) checked. Verified: 2329400. isIdOk: 512. Prob: 0.02198%
9401 code (78C6TC4-X3B6KX8) checked. Verified: 2329666. isIdOk: 512. Prob: 0.02198%
9402 code (7MCKTC4-X3B6P33) checked. Verified: 2329932. isIdOk: 512. Prob: 0.02197%
9403 code (7CP2TC4-X3B6PBA) checked. Verified: 2330198. isIdOk: 512. Prob: 0.02197%
9404 code (735XTC4-X3B61P1) checked. Verified: 2330464. isIdOk: 512. Prob: 0.02197%
9405 code (C609TC4-X3B6A27) checked. Verified: 2330730. isIdOk: 512. Prob: 0.02197%
9406 code (C79HTC4-X3B6MHH) checked. Verified: 2330996. isIdOk: 512. Prob: 0.02196%
9407 code (7758TC4-X3B6M9X) checked. Verified: 2331262. isIdOk: 513. Prob: 0.02201%
9408 code (7058TC4-X3B6XH5) checked. Verified: 2331528. isIdOk: 513. Prob: 0.022%
9409 code (762BTC4-X3B6879) checked. Verified: 2331794. isIdOk: 513. Prob: 0.022%
9410 code (779XTC4-X3B68BH) checked. Verified: 2332060. isIdOk: 513. Prob: 0.022%
9411 code (7297TC4-X3B6BAA) checked. Verified: 2332326. isIdOk: 513. Prob: 0.022%
9412 code (CHE0TC4-X3B6B04) checked. Verified: 2332592. isIdOk: 513. Prob: 0.02199%
9413 code (7HK4TC4-X3B648H) checked. Verified: 2332858. isIdOk: 513. Prob: 0.02199%
9414 code (C2MKTC4-X3B644H) checked. Verified: 2333124. isIdOk: 513. Prob: 0.02199%
9415 code (7BT2TC4-X3B60B8) checked. Verified: 2333390. isIdOk: 513. Prob: 0.02199%
9416 code (7793TC4-X3B97XM) checked. Verified: 2333656. isIdOk: 513. Prob: 0.02198%
9417 code (CEAMTC4-X3B9CPT) checked. Verified: 2333922. isIdOk: 513. Prob: 0.02198%
9418 code (77PTTC4-X3B9CB5) checked. Verified: 2334188. isIdOk: 513. Prob: 0.02198%
9419 code (7574TC4-X3B9HPC) checked. Verified: 2334454. isIdOk: 513. Prob: 0.02198%
9420 code (7BX3TC4-X3B93CK) checked. Verified: 2334720. isIdOk: 513. Prob: 0.02197%
9421 code (7CP0TC4-X3B9350) checked. Verified: 2334986. isIdOk: 513. Prob: 0.02197%
9422 code (7CECTC4-X3B93M4) checked. Verified: 2335252. isIdOk: 513. Prob: 0.02197%
9423 code (7PBCTC4-X3B9TMA) checked. Verified: 2335518. isIdOk: 513. Prob: 0.02197%
9424 code (707XTC4-X3B95PT) checked. Verified: 2335784. isIdOk: 514. Prob: 0.02201%
9425 code (7K1HTC4-X3B92K1) checked. Verified: 2336050. isIdOk: 514. Prob: 0.022%
9426 code (7C7MTC4-X3B9214) checked. Verified: 2336316. isIdOk: 514. Prob: 0.022%
9427 code (7254TC4-X3B9E73) checked. Verified: 2336582. isIdOk: 514. Prob: 0.022%
9428 code (7HB4TC4-X3B9E32) checked. Verified: 2336848. isIdOk: 514. Prob: 0.022%
9429 code (79M7TC4-X3B9EAP) checked. Verified: 2337114. isIdOk: 515. Prob: 0.02204%
9430 code (779PTC4-X3B9615) checked. Verified: 2337380. isIdOk: 515. Prob: 0.02203%
9431 code (738BTC4-X3B9649) checked. Verified: 2337646. isIdOk: 515. Prob: 0.02203%
9432 code (7C3XTC4-X3B9958) checked. Verified: 2337912. isIdOk: 515. Prob: 0.02203%
9433 code (7TMTTC4-X3B99K1) checked. Verified: 2338178. isIdOk: 515. Prob: 0.02203%
9434 code (7CKXTC4-X3B9K7B) checked. Verified: 2338444. isIdOk: 515. Prob: 0.02202%
9435 code (H7T3TC4-X3B9KKX) checked. Verified: 2338710. isIdOk: 515. Prob: 0.02202%
9436 code (7C20TC4-X3B9KPC) checked. Verified: 2338976. isIdOk: 515. Prob: 0.02202%
9437 code (7KC9TC4-X3B9K0X) checked. Verified: 2339242. isIdOk: 515. Prob: 0.02202%
9438 code (7M25TC4-X3B9PX2) checked. Verified: 2339508. isIdOk: 515. Prob: 0.02201%
9439 code (7EKHTC4-X3B9P42) checked. Verified: 2339774. isIdOk: 515. Prob: 0.02201%
9440 code (77EATC4-X3B9183) checked. Verified: 2340040. isIdOk: 515. Prob: 0.02201%
9441 code (75KKTC4-X3B9AC7) checked. Verified: 2340306. isIdOk: 515. Prob: 0.02201%
9442 code (7XE4TC4-X3B9ACC) checked. Verified: 2340572. isIdOk: 515. Prob: 0.022%
9443 code (735ETC4-X3B9AXB) checked. Verified: 2340838. isIdOk: 515. Prob: 0.022%
9444 code (CH02TC4-X3B9MT3) checked. Verified: 2341104. isIdOk: 515. Prob: 0.022%
9445 code (73EXTC4-X3B9M2M) checked. Verified: 2341370. isIdOk: 516. Prob: 0.02204%
9446 code (75AMTC4-X3B9MKX) checked. Verified: 2341636. isIdOk: 516. Prob: 0.02204%
9447 code (7CBPTC4-X3B9M88) checked. Verified: 2341902. isIdOk: 516. Prob: 0.02203%
9448 code (7908TC4-X3B9X34) checked. Verified: 2342168. isIdOk: 516. Prob: 0.02203%
9449 code (7E98TC4-X3B9XT5) checked. Verified: 2342434. isIdOk: 516. Prob: 0.02203%
9450 code (7C53TC4-X3B9X5E) checked. Verified: 2342700. isIdOk: 516. Prob: 0.02203%
9451 code (7CXCTC4-X3B9XA9) checked. Verified: 2342966. isIdOk: 516. Prob: 0.02202%
9452 code (7AP0TC4-X3B9XBM) checked. Verified: 2343232. isIdOk: 516. Prob: 0.02202%
9453 code (7CBETC4-X3B98B5) checked. Verified: 2343498. isIdOk: 516. Prob: 0.02202%
9454 code (76AETC4-X3B9BXE) checked. Verified: 2343764. isIdOk: 516. Prob: 0.02202%
9455 code (7AM0TC4-X3B9BBT) checked. Verified: 2344030. isIdOk: 516. Prob: 0.02201%
9456 code (7X1MTC4-X3B94TX) checked. Verified: 2344296. isIdOk: 516. Prob: 0.02201%
9457 code (7713TC4-X3B90H2) checked. Verified: 2344562. isIdOk: 516. Prob: 0.02201%
9458 code (7H9HTC4-X3BK7HE) checked. Verified: 2344828. isIdOk: 516. Prob: 0.02201%
9459 code (76T1TC4-X3BKCC0) checked. Verified: 2345094. isIdOk: 516. Prob: 0.022%
9460 code (75TPTC4-X3BKCA3) checked. Verified: 2345360. isIdOk: 516. Prob: 0.022%
9461 code (7241TC4-X3BKC0M) checked. Verified: 2345626. isIdOk: 516. Prob: 0.022%
9462 code (7918TC4-X3BKH1E) checked. Verified: 2345892. isIdOk: 516. Prob: 0.022%
9463 code (HK5KTC4-X3BK352) checked. Verified: 2346158. isIdOk: 516. Prob: 0.02199%
9464 code (7PCPTC4-X3BKT36) checked. Verified: 2346424. isIdOk: 516. Prob: 0.02199%
9465 code (76MMTC4-X3BKT15) checked. Verified: 2346690. isIdOk: 516. Prob: 0.02199%
9466 code (73CMTC4-X3BK53P) checked. Verified: 2346956. isIdOk: 516. Prob: 0.02199%
9467 code (7P12TC4-X3BK52M) checked. Verified: 2347222. isIdOk: 516. Prob: 0.02198%
9468 code (724KTC4-X3BK22T) checked. Verified: 2347488. isIdOk: 516. Prob: 0.02198%
9469 code (777KTC4-X3BK2E4) checked. Verified: 2347754. isIdOk: 516. Prob: 0.02198%
9470 code (75B6TC4-X3BK2X2) checked. Verified: 2348020. isIdOk: 516. Prob: 0.02198%
9471 code (7AXETC4-X3BKE9T) checked. Verified: 2348286. isIdOk: 516. Prob: 0.02197%
9472 code (760HTC4-X3BKE9X) checked. Verified: 2348552. isIdOk: 516. Prob: 0.02197%
9473 code (HMCKTC4-X3BK631) checked. Verified: 2348818. isIdOk: 516. Prob: 0.02197%
9474 code (7A80TC4-X3BK66H) checked. Verified: 2349084. isIdOk: 516. Prob: 0.02197%
9475 code (3M8HTC4-X3BK600) checked. Verified: 2349350. isIdOk: 516. Prob: 0.02196%
9476 code (7963TC4-X3BK9M2) checked. Verified: 2349616. isIdOk: 516. Prob: 0.02196%
9477 code (7HT5TC4-X3BK907) checked. Verified: 2349882. isIdOk: 516. Prob: 0.02196%
9478 code (7CM9TC4-X3BKKM2) checked. Verified: 2350148. isIdOk: 516. Prob: 0.02196%
9479 code (76M8TC4-X3BKKBX) checked. Verified: 2350414. isIdOk: 516. Prob: 0.02195%
9480 code (7EHMTC4-X3BKP9E) checked. Verified: 2350680. isIdOk: 516. Prob: 0.02195%
9481 code (774ATC4-X3BKP90) checked. Verified: 2350946. isIdOk: 516. Prob: 0.02195%
9482 code (7921TC4-X3BKP1A) checked. Verified: 2351212. isIdOk: 516. Prob: 0.02195%
9483 code (7CE6TC4-X3BKPX2) checked. Verified: 2351478. isIdOk: 516. Prob: 0.02194%
9484 code (7884TC4-X3BKP01) checked. Verified: 2351744. isIdOk: 516. Prob: 0.02194%
9485 code (7TP9TC4-X3BK1KA) checked. Verified: 2352010. isIdOk: 516. Prob: 0.02194%
9486 code (75X2TC4-X3BKA71) checked. Verified: 2352276. isIdOk: 517. Prob: 0.02198%
9487 code (C5B5TC4-X3BKA9M) checked. Verified: 2352542. isIdOk: 517. Prob: 0.02198%
9488 code (79BMTC4-X3BKM55) checked. Verified: 2352808. isIdOk: 517. Prob: 0.02197%
9489 code (7C78TC4-X3BKMMM) checked. Verified: 2353074. isIdOk: 517. Prob: 0.02197%
9490 code (7KX2TC4-X3BKXP3) checked. Verified: 2353340. isIdOk: 517. Prob: 0.02197%
9491 code (7CTCTC4-X3BKXXX) checked. Verified: 2353606. isIdOk: 517. Prob: 0.02197%
9492 code (7HB9TC4-X3BKXBT) checked. Verified: 2353872. isIdOk: 517. Prob: 0.02196%
9493 code (776TTC4-X3BK89C) checked. Verified: 2354138. isIdOk: 517. Prob: 0.02196%
9494 code (C31TTC4-X3BK8PE) checked. Verified: 2354404. isIdOk: 517. Prob: 0.02196%
9495 code (7H6ATC4-X3BK8BP) checked. Verified: 2354670. isIdOk: 517. Prob: 0.02196%
9496 code (7P74TC4-X3BKB31) checked. Verified: 2354936. isIdOk: 518. Prob: 0.022%
9497 code (7740TC4-X3BKBK7) checked. Verified: 2355202. isIdOk: 518. Prob: 0.02199%
9498 code (7239TC4-X3BKBX0) checked. Verified: 2355468. isIdOk: 518. Prob: 0.02199%
9499 code (77H2TC4-X3BK4H4) checked. Verified: 2355734. isIdOk: 519. Prob: 0.02203%
9500 code (7649TC4-X3BK497) checked. Verified: 2356000. isIdOk: 519. Prob: 0.02203%
9501 code (77EETC4-X3BK03K) checked. Verified: 2356266. isIdOk: 519. Prob: 0.02203%
9502 code (C146TC4-X3BK031) checked. Verified: 2356532. isIdOk: 519. Prob: 0.02202%
9503 code (791PTC4-X3BP73A) checked. Verified: 2356798. isIdOk: 519. Prob: 0.02202%
9504 code (CT2CTC4-X3BP7E6) checked. Verified: 2357064. isIdOk: 519. Prob: 0.02202%
9505 code (CC86TC4-X3BP706) checked. Verified: 2357330. isIdOk: 519. Prob: 0.02202%
9506 code (7CECTC4-X3BPC36) checked. Verified: 2357596. isIdOk: 519. Prob: 0.02201%
9507 code (CC87TC4-X3BPC11) checked. Verified: 2357862. isIdOk: 519. Prob: 0.02201%
9508 code (72KXTC4-X3BPCAC) checked. Verified: 2358128. isIdOk: 519. Prob: 0.02201%
9509 code (7TBATC4-X3BPCB0) checked. Verified: 2358394. isIdOk: 519. Prob: 0.02201%
9510 code (71CATC4-X3BPH83) checked. Verified: 2358660. isIdOk: 519. Prob: 0.022%
9511 code (765XTC4-X3BPH00) checked. Verified: 2358926. isIdOk: 519. Prob: 0.022%
9512 code (C3C2TC4-X3BP381) checked. Verified: 2359192. isIdOk: 519. Prob: 0.022%
9513 code (7HMKTC4-X3BP34X) checked. Verified: 2359458. isIdOk: 519. Prob: 0.022%
9514 code (7TMBTC4-X3BP304) checked. Verified: 2359724. isIdOk: 519. Prob: 0.02199%
9515 code (73HBTC4-X3BPTBT) checked. Verified: 2359990. isIdOk: 519. Prob: 0.02199%
9516 code (7749TC4-X3BP5X4) checked. Verified: 2360256. isIdOk: 519. Prob: 0.02199%
9517 code (7T93TC4-X3BP2E4) checked. Verified: 2360522. isIdOk: 519. Prob: 0.02199%
9518 code (73A2TC4-X3BP288) checked. Verified: 2360788. isIdOk: 519. Prob: 0.02198%
9519 code (CC81TC4-X3BP240) checked. Verified: 2361054. isIdOk: 519. Prob: 0.02198%
9520 code (735HTC4-X3BPEMM) checked. Verified: 2361320. isIdOk: 519. Prob: 0.02198%
9521 code (7TX0TC4-X3BP625) checked. Verified: 2361586. isIdOk: 520. Prob: 0.02202%
9522 code (72H5TC4-X3BP951) checked. Verified: 2361852. isIdOk: 520. Prob: 0.02202%
9523 code (73XHTC4-X3BP94T) checked. Verified: 2362118. isIdOk: 520. Prob: 0.02201%
9524 code (7TA8TC4-X3BPK3A) checked. Verified: 2362384. isIdOk: 520. Prob: 0.02201%
9525 code (778XTC4-X3BPPTP) checked. Verified: 2362650. isIdOk: 520. Prob: 0.02201%
9526 code (7T02TC4-X3BPPPK) checked. Verified: 2362916. isIdOk: 520. Prob: 0.02201%
9527 code (71AKTC4-X3BPPBB) checked. Verified: 2363182. isIdOk: 520. Prob: 0.022%
9528 code (73PMTC4-X3BP154) checked. Verified: 2363448. isIdOk: 520. Prob: 0.022%
9529 code (7H34TC4-X3BP187) checked. Verified: 2363714. isIdOk: 520. Prob: 0.022%
9530 code (7250TC4-X3BPAC3) checked. Verified: 2363980. isIdOk: 520. Prob: 0.022%
9531 code (CM7XTC4-X3BPMCA) checked. Verified: 2364246. isIdOk: 520. Prob: 0.02199%
9532 code (72A6TC4-X3BPM9E) checked. Verified: 2364512. isIdOk: 520. Prob: 0.02199%
9533 code (7713TC4-X3BPM83) checked. Verified: 2364778. isIdOk: 520. Prob: 0.02199%
9534 code (7T3BTC4-X3BPXC2) checked. Verified: 2365044. isIdOk: 520. Prob: 0.02199%
9535 code (7596TC4-X3BPX8M) checked. Verified: 2365310. isIdOk: 520. Prob: 0.02198%
9536 code (75KBTC4-X3BPX0P) checked. Verified: 2365576. isIdOk: 520. Prob: 0.02198%
9537 code (7MTCTC4-X3BP846) checked. Verified: 2365842. isIdOk: 520. Prob: 0.02198%
9538 code (C678TC4-X3BPB9M) checked. Verified: 2366108. isIdOk: 520. Prob: 0.02198%
9539 code (70KHTC4-X3BPBKX) checked. Verified: 2366374. isIdOk: 520. Prob: 0.02197%
9540 code (72M9TC4-X3BPB8E) checked. Verified: 2366640. isIdOk: 520. Prob: 0.02197%
9541 code (CB00TC4-X3BP47K) checked. Verified: 2366906. isIdOk: 520. Prob: 0.02197%
9542 code (7HT1TC4-X3BP49H) checked. Verified: 2367172. isIdOk: 521. Prob: 0.02201%
9543 code (78CETC4-X3BP412) checked. Verified: 2367438. isIdOk: 521. Prob: 0.02201%
9544 code (7MAMTC4-X3BP05M) checked. Verified: 2367704. isIdOk: 521. Prob: 0.022%
9545 code (7646TC4-X3BP020) checked. Verified: 2367970. isIdOk: 521. Prob: 0.022%
9546 code (75BHTC4-X3B17TH) checked. Verified: 2368236. isIdOk: 521. Prob: 0.022%
9547 code (732TTC4-X3B17TK) checked. Verified: 2368502. isIdOk: 521. Prob: 0.022%
9548 code (7T10TC4-X3B17KT) checked. Verified: 2368768. isIdOk: 521. Prob: 0.02199%
9549 code (7HC6TC4-X3B1CCE) checked. Verified: 2369034. isIdOk: 521. Prob: 0.02199%
9550 code (770ETC4-X3B1C14) checked. Verified: 2369300. isIdOk: 521. Prob: 0.02199%
9551 code (7T30TC4-X3B1HA2) checked. Verified: 2369566. isIdOk: 521. Prob: 0.02199%
9552 code (7604TC4-X3B13A5) checked. Verified: 2369832. isIdOk: 521. Prob: 0.02198%
9553 code (C68CTC4-X3B130M) checked. Verified: 2370098. isIdOk: 521. Prob: 0.02198%
9554 code (7T7XTC4-X3B1TC8) checked. Verified: 2370364. isIdOk: 521. Prob: 0.02198%
9555 code (7HX0TC4-X3B1TP9) checked. Verified: 2370630. isIdOk: 521. Prob: 0.02198%
9556 code (HCA3TC4-X3B1520) checked. Verified: 2370896. isIdOk: 521. Prob: 0.02197%
9557 code (71C5TC4-X3B156H) checked. Verified: 2371162. isIdOk: 521. Prob: 0.02197%
9558 code (7365TC4-X3B15KA) checked. Verified: 2371428. isIdOk: 521. Prob: 0.02197%
9559 code (HHK2TC4-X3B154C) checked. Verified: 2371694. isIdOk: 521. Prob: 0.02197%
9560 code (7EK1TC4-X3B12X2) checked. Verified: 2371960. isIdOk: 521. Prob: 0.02196%
9561 code (7119TC4-X3B1EEA) checked. Verified: 2372226. isIdOk: 521. Prob: 0.02196%
9562 code (7785TC4-X3B166K) checked. Verified: 2372492. isIdOk: 521. Prob: 0.02196%
9563 code (7TP3TC4-X3B1978) checked. Verified: 2372758. isIdOk: 521. Prob: 0.02196%
9564 code (7A25TC4-X3B1KC5) checked. Verified: 2373024. isIdOk: 521. Prob: 0.02196%
9565 code (771XTC4-X3B1KAA) checked. Verified: 2373290. isIdOk: 521. Prob: 0.02195%
9566 code (7354TC4-X3B1P94) checked. Verified: 2373556. isIdOk: 521. Prob: 0.02195%
9567 code (7HMBTC4-X3B113K) checked. Verified: 2373822. isIdOk: 521. Prob: 0.02195%
9568 code (H7HMTC4-X3B118C) checked. Verified: 2374088. isIdOk: 521. Prob: 0.02195%
9569 code (C90BTC4-X3B1A3P) checked. Verified: 2374354. isIdOk: 522. Prob: 0.02198%
9570 code (74T6TC4-X3B1AK1) checked. Verified: 2374620. isIdOk: 522. Prob: 0.02198%
9571 code (7EPETC4-X3B1MK5) checked. Verified: 2374886. isIdOk: 522. Prob: 0.02198%
9572 code (C327TC4-X3B1XT0) checked. Verified: 2375152. isIdOk: 522. Prob: 0.02198%
9573 code (79K4TC4-X3B1XA4) checked. Verified: 2375418. isIdOk: 522. Prob: 0.02198%
9574 code (CB1HTC4-X3B18AH) checked. Verified: 2375684. isIdOk: 522. Prob: 0.02197%
9575 code (771ATC4-X3B1B9K) checked. Verified: 2375950. isIdOk: 522. Prob: 0.02197%
9576 code (CBPTTC4-X3B1BPT) checked. Verified: 2376216. isIdOk: 522. Prob: 0.02197%
9577 code (79CETC4-X3B1B19) checked. Verified: 2376482. isIdOk: 522. Prob: 0.02197%
9578 code (77TMTC4-X3B1B4T) checked. Verified: 2376748. isIdOk: 522. Prob: 0.02196%
9579 code (73AETC4-X3B1411) checked. Verified: 2377014. isIdOk: 522. Prob: 0.02196%
9580 code (77C6TC4-X3B102P) checked. Verified: 2377280. isIdOk: 522. Prob: 0.02196%
9581 code (CTAPTC4-X3B10P6) checked. Verified: 2377546. isIdOk: 522. Prob: 0.02196%
9582 code (C75BTC4-X3B10B2) checked. Verified: 2377812. isIdOk: 522. Prob: 0.02195%
9583 code (78P5TC4-X3BA7M4) checked. Verified: 2378078. isIdOk: 522. Prob: 0.02195%
9584 code (71T2TC4-X3BACH1) checked. Verified: 2378344. isIdOk: 522. Prob: 0.02195%
9585 code (77KHTC4-X3BACP8) checked. Verified: 2378610. isIdOk: 522. Prob: 0.02195%
9586 code (C3EATC4-X3BAHC1) checked. Verified: 2378876. isIdOk: 522. Prob: 0.02194%
9587 code (77E5TC4-X3BAH33) checked. Verified: 2379142. isIdOk: 522. Prob: 0.02194%
9588 code (7HM1TC4-X3BAH40) checked. Verified: 2379408. isIdOk: 522. Prob: 0.02194%
9589 code (7CTPTC4-X3BA3P4) checked. Verified: 2379674. isIdOk: 522. Prob: 0.02194%
9590 code (7706TC4-X3BAT13) checked. Verified: 2379940. isIdOk: 522. Prob: 0.02193%
9591 code (76M0TC4-X3BA5H5) checked. Verified: 2380206. isIdOk: 522. Prob: 0.02193%
9592 code (766MTC4-X3BA2HP) checked. Verified: 2380472. isIdOk: 522. Prob: 0.02193%
9593 code (7CHPTC4-X3BA2X0) checked. Verified: 2380738. isIdOk: 522. Prob: 0.02193%
9594 code (7EH1TC4-X3BAEE1) checked. Verified: 2381004. isIdOk: 522. Prob: 0.02192%
9595 code (7E6MTC4-X3BA6E1) checked. Verified: 2381270. isIdOk: 522. Prob: 0.02192%
9596 code (7KHTTC4-X3BA66H) checked. Verified: 2381536. isIdOk: 522. Prob: 0.02192%
9597 code (7A4CTC4-X3BA967) checked. Verified: 2381802. isIdOk: 522. Prob: 0.02192%
9598 code (CHHMTC4-X3BA9A6) checked. Verified: 2382068. isIdOk: 522. Prob: 0.02191%
9599 code (750ETC4-X3BA988) checked. Verified: 2382334. isIdOk: 522. Prob: 0.02191%
9600 code (7HT8TC4-X3BAK18) checked. Verified: 2382600. isIdOk: 522. Prob: 0.02191%
9601 code (7K14TC4-X3BAPPX) checked. Verified: 2382866. isIdOk: 522. Prob: 0.02191%
9602 code (7H41TC4-X3BAPA1) checked. Verified: 2383132. isIdOk: 522. Prob: 0.0219%
9603 code (7HCMTC4-X3BAP44) checked. Verified: 2383398. isIdOk: 522. Prob: 0.0219%
9604 code (774MTC4-X3BA199) checked. Verified: 2383664. isIdOk: 522. Prob: 0.0219%
9605 code (722KTC4-X3BAA5X) checked. Verified: 2383930. isIdOk: 523. Prob: 0.02194%
9606 code (C9HMTC4-X3BAM3X) checked. Verified: 2384196. isIdOk: 523. Prob: 0.02194%
9607 code (7XH8TC4-X3BAMEH) checked. Verified: 2384462. isIdOk: 523. Prob: 0.02193%
9608 code (CCEMTC4-X3BAMXX) checked. Verified: 2384728. isIdOk: 523. Prob: 0.02193%
9609 code (797MTC4-X3BAX89) checked. Verified: 2384994. isIdOk: 523. Prob: 0.02193%
9610 code (7H16TC4-X3BA8K1) checked. Verified: 2385260. isIdOk: 523. Prob: 0.02193%
9611 code (7M2PTC4-X3BA8P4) checked. Verified: 2385526. isIdOk: 523. Prob: 0.02192%
9612 code (7EX0TC4-X3BA885) checked. Verified: 2385792. isIdOk: 523. Prob: 0.02192%
9613 code (73T8TC4-X3BABE6) checked. Verified: 2386058. isIdOk: 523. Prob: 0.02192%
9614 code (76M2TC4-X3BABA9) checked. Verified: 2386324. isIdOk: 523. Prob: 0.02192%
9615 code (727BTC4-X3BA4K6) checked. Verified: 2386590. isIdOk: 523. Prob: 0.02191%
9616 code (73P0TC4-X3BA4XT) checked. Verified: 2386856. isIdOk: 523. Prob: 0.02191%
9617 code (7C6KTC4-X3BA03H) checked. Verified: 2387122. isIdOk: 523. Prob: 0.02191%
9618 code (7T76TC4-X3BA054) checked. Verified: 2387388. isIdOk: 523. Prob: 0.02191%
9619 code (7H4HTC4-X3BA00T) checked. Verified: 2387654. isIdOk: 523. Prob: 0.0219%
9620 code (CTK6TC4-X3BM7KH) checked. Verified: 2387920. isIdOk: 524. Prob: 0.02194%
9621 code (7150TC4-X3BMC39) checked. Verified: 2388186. isIdOk: 524. Prob: 0.02194%
9622 code (717HTC4-X3BMCAB) checked. Verified: 2388452. isIdOk: 524. Prob: 0.02194%
9623 code (75ATTC4-X3BMHC4) checked. Verified: 2388718. isIdOk: 524. Prob: 0.02194%
9624 code (71EXTC4-X3BMH6E) checked. Verified: 2388984. isIdOk: 524. Prob: 0.02193%
9625 code (7C8XTC4-X3BMHX1) checked. Verified: 2389250. isIdOk: 524. Prob: 0.02193%
9626 code (7024TC4-X3BMHBT) checked. Verified: 2389516. isIdOk: 524. Prob: 0.02193%
9627 code (7324TC4-X3BM3P1) checked. Verified: 2389782. isIdOk: 524. Prob: 0.02193%
9628 code (76KCTC4-X3BMT3B) checked. Verified: 2390048. isIdOk: 524. Prob: 0.02192%
9629 code (700BTC4-X3BMT82) checked. Verified: 2390314. isIdOk: 524. Prob: 0.02192%
9630 code (7777TC4-X3BM5AM) checked. Verified: 2390580. isIdOk: 524. Prob: 0.02192%
9631 code (7H92TC4-X3BM236) checked. Verified: 2390846. isIdOk: 524. Prob: 0.02192%
9632 code (7EB3TC4-X3BM2X1) checked. Verified: 2391112. isIdOk: 525. Prob: 0.02196%
9633 code (7A5XTC4-X3BME7M) checked. Verified: 2391378. isIdOk: 525. Prob: 0.02195%
9634 code (73C6TC4-X3BM6C6) checked. Verified: 2391644. isIdOk: 525. Prob: 0.02195%
9635 code (73P6TC4-X3BM6H5) checked. Verified: 2391910. isIdOk: 525. Prob: 0.02195%
9636 code (7PE4TC4-X3BM9CX) checked. Verified: 2392176. isIdOk: 525. Prob: 0.02195%
9637 code (7549TC4-X3BM935) checked. Verified: 2392442. isIdOk: 525. Prob: 0.02194%
9638 code (C79ETC4-X3BM9P2) checked. Verified: 2392708. isIdOk: 526. Prob: 0.02198%
9639 code (7782TC4-X3BM9BK) checked. Verified: 2392974. isIdOk: 526. Prob: 0.02198%
9640 code (CBK5TC4-X3BMK75) checked. Verified: 2393240. isIdOk: 526. Prob: 0.02198%
9641 code (790ETC4-X3BMKT5) checked. Verified: 2393506. isIdOk: 526. Prob: 0.02198%
9642 code (72M3TC4-X3BMPC1) checked. Verified: 2393772. isIdOk: 526. Prob: 0.02197%
9643 code (C1EKTC4-X3BM17M) checked. Verified: 2394038. isIdOk: 526. Prob: 0.02197%
9644 code (7CK2TC4-X3BM1H9) checked. Verified: 2394304. isIdOk: 526. Prob: 0.02197%
9645 code (7XHCTC4-X3BM1TE) checked. Verified: 2394570. isIdOk: 527. Prob: 0.02201%
9646 code (70METC4-X3BM1E6) checked. Verified: 2394836. isIdOk: 527. Prob: 0.02201%
9647 code (70B4TC4-X3BMAEA) checked. Verified: 2395102. isIdOk: 527. Prob: 0.022%
9648 code (70XKTC4-X3BMAA0) checked. Verified: 2395368. isIdOk: 527. Prob: 0.022%
9649 code (7K36TC4-X3BMMEM) checked. Verified: 2395634. isIdOk: 527. Prob: 0.022%
9650 code (7799TC4-X3BMX7K) checked. Verified: 2395900. isIdOk: 527. Prob: 0.022%
9651 code (7772TC4-X3BMXE0) checked. Verified: 2396166. isIdOk: 527. Prob: 0.02199%
9652 code (74C0TC4-X3BMXP2) checked. Verified: 2396432. isIdOk: 527. Prob: 0.02199%
9653 code (776BTC4-X3BM834) checked. Verified: 2396698. isIdOk: 527. Prob: 0.02199%
9654 code (7M5KTC4-X3BMB38) checked. Verified: 2396964. isIdOk: 527. Prob: 0.02199%
9655 code (7CBKTC4-X3BMB68) checked. Verified: 2397230. isIdOk: 527. Prob: 0.02198%
9656 code (7PCETC4-X3BM45X) checked. Verified: 2397496. isIdOk: 527. Prob: 0.02198%
9657 code (7HK7TC4-X3BM41E) checked. Verified: 2397762. isIdOk: 527. Prob: 0.02198%
9658 code (773ATC4-X3BM03K) checked. Verified: 2398028. isIdOk: 528. Prob: 0.02202%
9659 code (CM1HTC4-X3BX77M) checked. Verified: 2398294. isIdOk: 529. Prob: 0.02206%
9660 code (7X7CTC4-X3BX7X4) checked. Verified: 2398560. isIdOk: 529. Prob: 0.02205%
9661 code (73AETC4-X3BXC6C) checked. Verified: 2398826. isIdOk: 529. Prob: 0.02205%
9662 code (77E7TC4-X3BXCPK) checked. Verified: 2399092. isIdOk: 529. Prob: 0.02205%
9663 code (7E6XTC4-X3BXH3K) checked. Verified: 2399358. isIdOk: 529. Prob: 0.02205%
9664 code (72AETC4-X3BXH52) checked. Verified: 2399624. isIdOk: 529. Prob: 0.02205%
9665 code (HP37TC4-X3BXH2B) checked. Verified: 2399890. isIdOk: 529. Prob: 0.02204%
9666 code (7T4CTC4-X3BXH10) checked. Verified: 2400156. isIdOk: 529. Prob: 0.02204%
9667 code (771HTC4-X3BXH0T) checked. Verified: 2400422. isIdOk: 529. Prob: 0.02204%
9668 code (7C4HTC4-X3BX34T) checked. Verified: 2400688. isIdOk: 529. Prob: 0.02204%
9669 code (7C0CTC4-X3BXT66) checked. Verified: 2400954. isIdOk: 529. Prob: 0.02203%
9670 code (7TC5TC4-X3BX5TA) checked. Verified: 2401220. isIdOk: 529. Prob: 0.02203%
9671 code (C778TC4-X3BX5MB) checked. Verified: 2401486. isIdOk: 529. Prob: 0.02203%
9672 code (7TA3TC4-X3BX27A) checked. Verified: 2401752. isIdOk: 529. Prob: 0.02203%
9673 code (CE64TC4-X3BX286) checked. Verified: 2402018. isIdOk: 529. Prob: 0.02202%
9674 code (7879TC4-X3BX204) checked. Verified: 2402284. isIdOk: 529. Prob: 0.02202%
9675 code (71K4TC4-X3BXE9E) checked. Verified: 2402550. isIdOk: 529. Prob: 0.02202%
9676 code (73EETC4-X3BX637) checked. Verified: 2402816. isIdOk: 529. Prob: 0.02202%
9677 code (7T3TTC4-X3BX97P) checked. Verified: 2403082. isIdOk: 529. Prob: 0.02201%
9678 code (7HM7TC4-X3BX924) checked. Verified: 2403348. isIdOk: 529. Prob: 0.02201%
9679 code (7XCBTC4-X3BX9BX) checked. Verified: 2403614. isIdOk: 530. Prob: 0.02205%
9680 code (CCTATC4-X3BXK8A) checked. Verified: 2403880. isIdOk: 530. Prob: 0.02205%
9681 code (7K6TTC4-X3BXP26) checked. Verified: 2404146. isIdOk: 530. Prob: 0.02205%
9682 code (7K87TC4-X3BXP69) checked. Verified: 2404412. isIdOk: 530. Prob: 0.02204%
9683 code (77CMTC4-X3BX1TX) checked. Verified: 2404678. isIdOk: 530. Prob: 0.02204%
9684 code (753TTC4-X3BX1BE) checked. Verified: 2404944. isIdOk: 530. Prob: 0.02204%
9685 code (7B83TC4-X3BXA20) checked. Verified: 2405210. isIdOk: 530. Prob: 0.02204%
9686 code (73ECTC4-X3BXAK6) checked. Verified: 2405476. isIdOk: 530. Prob: 0.02203%
9687 code (71KATC4-X3BXA82) checked. Verified: 2405742. isIdOk: 530. Prob: 0.02203%
9688 code (7TM6TC4-X3BXA4B) checked. Verified: 2406008. isIdOk: 530. Prob: 0.02203%
9689 code (C3B3TC4-X3BXM27) checked. Verified: 2406274. isIdOk: 530. Prob: 0.02203%
9690 code (71B5TC4-X3BXM8T) checked. Verified: 2406540. isIdOk: 530. Prob: 0.02202%
9691 code (770KTC4-X3BXX2T) checked. Verified: 2406806. isIdOk: 530. Prob: 0.02202%
9692 code (3HP1TC4-X3BX8T8) checked. Verified: 2407072. isIdOk: 530. Prob: 0.02202%
9693 code (7T9MTC4-X3BX893) checked. Verified: 2407338. isIdOk: 530. Prob: 0.02202%
9694 code (7H1ETC4-X3BXBE7) checked. Verified: 2407604. isIdOk: 530. Prob: 0.02201%
9695 code (7XB6TC4-X3BXBP4) checked. Verified: 2407870. isIdOk: 530. Prob: 0.02201%
9696 code (7T6MTC4-X3BX451) checked. Verified: 2408136. isIdOk: 530. Prob: 0.02201%
9697 code (7P1BTC4-X3BX0C7) checked. Verified: 2408402. isIdOk: 530. Prob: 0.02201%
9698 code (7H30TC4-X3BX02T) checked. Verified: 2408668. isIdOk: 530. Prob: 0.022%
9699 code (CP05TC4-X3B873P) checked. Verified: 2408934. isIdOk: 530. Prob: 0.022%
9700 code (7214TC4-X3B8757) checked. Verified: 2409200. isIdOk: 530. Prob: 0.022%
9701 code (CCE5TC4-X3B87XE) checked. Verified: 2409466. isIdOk: 530. Prob: 0.022%
9702 code (7131TC4-X3B8C21) checked. Verified: 2409732. isIdOk: 530. Prob: 0.02199%
9703 code (732HTC4-X3B8CX4) checked. Verified: 2409998. isIdOk: 530. Prob: 0.02199%
9704 code (7T42TC4-X3B8H93) checked. Verified: 2410264. isIdOk: 530. Prob: 0.02199%
9705 code (7PE4TC4-X3B8322) checked. Verified: 2410530. isIdOk: 530. Prob: 0.02199%
9706 code (C0T1TC4-X3B8326) checked. Verified: 2410796. isIdOk: 530. Prob: 0.02198%
9707 code (7KP6TC4-X3B8TT8) checked. Verified: 2411062. isIdOk: 530. Prob: 0.02198%
9708 code (C7XMTC4-X3B8T5K) checked. Verified: 2411328. isIdOk: 530. Prob: 0.02198%
9709 code (77PATC4-X3B8T8X) checked. Verified: 2411594. isIdOk: 530. Prob: 0.02198%
9710 code (7M97TC4-X3B85M6) checked. Verified: 2411860. isIdOk: 530. Prob: 0.02197%
9711 code (73TCTC4-X3B82AB) checked. Verified: 2412126. isIdOk: 530. Prob: 0.02197%
9712 code (736HTC4-X3B8EMA) checked. Verified: 2412392. isIdOk: 530. Prob: 0.02197%
9713 code (C1M2TC4-X3B861B) checked. Verified: 2412658. isIdOk: 530. Prob: 0.02197%
9714 code (7K4TTC4-X3B86MK) checked. Verified: 2412924. isIdOk: 530. Prob: 0.02197%
9715 code (7CX7TC4-X3B89MB) checked. Verified: 2413190. isIdOk: 530. Prob: 0.02196%
9716 code (73T8TC4-X3B8K77) checked. Verified: 2413456. isIdOk: 530. Prob: 0.02196%
9717 code (7TAETC4-X3B8KC2) checked. Verified: 2413722. isIdOk: 530. Prob: 0.02196%
9718 code (77BMTC4-X3B8KA5) checked. Verified: 2413988. isIdOk: 530. Prob: 0.02196%
9719 code (7724TC4-X3B8PP8) checked. Verified: 2414254. isIdOk: 530. Prob: 0.02195%
9720 code (73T1TC4-X3B819A) checked. Verified: 2414520. isIdOk: 531. Prob: 0.02199%
9721 code (7EAATC4-X3B8A9T) checked. Verified: 2414786. isIdOk: 531. Prob: 0.02199%
9722 code (72XETC4-X3B8M62) checked. Verified: 2415052. isIdOk: 531. Prob: 0.02199%
9723 code (7T11TC4-X3B8M10) checked. Verified: 2415318. isIdOk: 531. Prob: 0.02198%
9724 code (7C2BTC4-X3B8M0A) checked. Verified: 2415584. isIdOk: 531. Prob: 0.02198%
9725 code (771PTC4-X3B8XM3) checked. Verified: 2415850. isIdOk: 531. Prob: 0.02198%
9726 code (7XMMTC4-X3B8X82) checked. Verified: 2416116. isIdOk: 531. Prob: 0.02198%
9727 code (73E6TC4-X3B882E) checked. Verified: 2416382. isIdOk: 531. Prob: 0.02198%
9728 code (7M2PTC4-X3B8BT6) checked. Verified: 2416648. isIdOk: 531. Prob: 0.02197%
9729 code (7772TC4-X3B8BAA) checked. Verified: 2416914. isIdOk: 531. Prob: 0.02197%
9730 code (76THTC4-X3B8BBE) checked. Verified: 2417180. isIdOk: 531. Prob: 0.02197%
9731 code (7CMPTC4-X3B841B) checked. Verified: 2417446. isIdOk: 531. Prob: 0.02197%
9732 code (769ATC4-X3B8053) checked. Verified: 2417712. isIdOk: 531. Prob: 0.02196%
9733 code (72C4TC4-X3B8096) checked. Verified: 2417978. isIdOk: 531. Prob: 0.02196%
9734 code (C71KTC4-X3B801B) checked. Verified: 2418244. isIdOk: 531. Prob: 0.02196%
9735 code (7TCHTC4-X3B80MX) checked. Verified: 2418510. isIdOk: 531. Prob: 0.02196%
9736 code (70B4TC4-X3BB73B) checked. Verified: 2418776. isIdOk: 531. Prob: 0.02195%
9737 code (7A55TC4-X3BB7BH) checked. Verified: 2419042. isIdOk: 531. Prob: 0.02195%
9738 code (7HA9TC4-X3BBCH7) checked. Verified: 2419308. isIdOk: 531. Prob: 0.02195%
9739 code (76MMTC4-X3BBCH4) checked. Verified: 2419574. isIdOk: 531. Prob: 0.02195%
9740 code (76XPTC4-X3BBH3X) checked. Verified: 2419840. isIdOk: 531. Prob: 0.02194%
9741 code (72B8TC4-X3BBHA9) checked. Verified: 2420106. isIdOk: 531. Prob: 0.02194%
9742 code (7KC5TC4-X3BB3EM) checked. Verified: 2420372. isIdOk: 531. Prob: 0.02194%
9743 code (7961TC4-X3BBT55) checked. Verified: 2420638. isIdOk: 531. Prob: 0.02194%
9744 code (7T58TC4-X3BBT24) checked. Verified: 2420904. isIdOk: 531. Prob: 0.02193%
9745 code (7PA6TC4-X3BBTA7) checked. Verified: 2421170. isIdOk: 531. Prob: 0.02193%
9746 code (7CM5TC4-X3BB57X) checked. Verified: 2421436. isIdOk: 531. Prob: 0.02193%
9747 code (C7CATC4-X3BB271) checked. Verified: 2421702. isIdOk: 531. Prob: 0.02193%
9748 code (7TMXTC4-X3BB29X) checked. Verified: 2421968. isIdOk: 531. Prob: 0.02192%
9749 code (7MTATC4-X3BBET1) checked. Verified: 2422234. isIdOk: 531. Prob: 0.02192%
9750 code (7PAMTC4-X3BB6T3) checked. Verified: 2422500. isIdOk: 531. Prob: 0.02192%
9751 code (7PX4TC4-X3BB64H) checked. Verified: 2422766. isIdOk: 531. Prob: 0.02192%
9752 code (77KBTC4-X3BB914) checked. Verified: 2423032. isIdOk: 531. Prob: 0.02191%
9753 code (7132TC4-X3BB942) checked. Verified: 2423298. isIdOk: 531. Prob: 0.02191%
9754 code (777ATC4-X3BBKMT) checked. Verified: 2423564. isIdOk: 531. Prob: 0.02191%
9755 code (79HKTC4-X3BBPM9) checked. Verified: 2423830. isIdOk: 531. Prob: 0.02191%
9756 code (73P5TC4-X3BB1A3) checked. Verified: 2424096. isIdOk: 531. Prob: 0.02191%
9757 code (73HETC4-X3BBA9K) checked. Verified: 2424362. isIdOk: 531. Prob: 0.0219%
9758 code (7670TC4-X3BBA10) checked. Verified: 2424628. isIdOk: 531. Prob: 0.0219%
9759 code (7P22TC4-X3BBMA9) checked. Verified: 2424894. isIdOk: 531. Prob: 0.0219%
9760 code (7C97TC4-X3BBM8B) checked. Verified: 2425160. isIdOk: 532. Prob: 0.02194%
9761 code (7719TC4-X3BBXA8) checked. Verified: 2425426. isIdOk: 532. Prob: 0.02193%
9762 code (7H1CTC4-X3BBXB4) checked. Verified: 2425692. isIdOk: 532. Prob: 0.02193%
9763 code (CBT3TC4-X3BB815) checked. Verified: 2425958. isIdOk: 532. Prob: 0.02193%
9764 code (7CH4TC4-X3BBBE3) checked. Verified: 2426224. isIdOk: 532. Prob: 0.02193%
9765 code (7MC9TC4-X3BB43K) checked. Verified: 2426490. isIdOk: 532. Prob: 0.02192%
9766 code (7T17TC4-X3BB40E) checked. Verified: 2426756. isIdOk: 532. Prob: 0.02192%
9767 code (7559TC4-X3BB065) checked. Verified: 2427022. isIdOk: 532. Prob: 0.02192%
9768 code (7X2ATC4-X3BB0AE) checked. Verified: 2427288. isIdOk: 532. Prob: 0.02192%
9769 code (7CPMTC4-X3B47K5) checked. Verified: 2427554. isIdOk: 532. Prob: 0.02192%
9770 code (7X1MTC4-X3B47PB) checked. Verified: 2427820. isIdOk: 532. Prob: 0.02191%
9771 code (7T85TC4-X3B4C5M) checked. Verified: 2428086. isIdOk: 532. Prob: 0.02191%
9772 code (7E15TC4-X3B4HHH) checked. Verified: 2428352. isIdOk: 532. Prob: 0.02191%
9773 code (CTH7TC4-X3B4H5P) checked. Verified: 2428618. isIdOk: 533. Prob: 0.02195%
9774 code (7H2KTC4-X3B4HPH) checked. Verified: 2428884. isIdOk: 533. Prob: 0.02194%
9775 code (7HBBTC4-X3B4H13) checked. Verified: 2429150. isIdOk: 533. Prob: 0.02194%
9776 code (7CB9TC4-X3B437T) checked. Verified: 2429416. isIdOk: 533. Prob: 0.02194%
9777 code (7A8ATC4-X3B43EM) checked. Verified: 2429682. isIdOk: 533. Prob: 0.02194%
9778 code (746ATC4-X3B4T7P) checked. Verified: 2429948. isIdOk: 533. Prob: 0.02193%
9779 code (7X0HTC4-X3B4TXT) checked. Verified: 2430214. isIdOk: 533. Prob: 0.02193%
9780 code (7C81TC4-X3B45EH) checked. Verified: 2430480. isIdOk: 533. Prob: 0.02193%
9781 code (72BATC4-X3B45PP) checked. Verified: 2430746. isIdOk: 533. Prob: 0.02193%
9782 code (79CBTC4-X3B45A4) checked. Verified: 2431012. isIdOk: 533. Prob: 0.02193%
9783 code (7729TC4-X3B42E5) checked. Verified: 2431278. isIdOk: 533. Prob: 0.02192%
9784 code (732MTC4-X3B42E2) checked. Verified: 2431544. isIdOk: 533. Prob: 0.02192%
9785 code (7HEKTC4-X3B42M3) checked. Verified: 2431810. isIdOk: 533. Prob: 0.02192%
9786 code (7TAETC4-X3B4EK5) checked. Verified: 2432076. isIdOk: 533. Prob: 0.02192%
9787 code (7H29TC4-X3B4E18) checked. Verified: 2432342. isIdOk: 533. Prob: 0.02191%
9788 code (CH9ATC4-X3B4EB7) checked. Verified: 2432608. isIdOk: 533. Prob: 0.02191%
9789 code (7800TC4-X3B465M) checked. Verified: 2432874. isIdOk: 533. Prob: 0.02191%
9790 code (7101TC4-X3B4975) checked. Verified: 2433140. isIdOk: 534. Prob: 0.02195%
9791 code (7CHETC4-X3B49KH) checked. Verified: 2433406. isIdOk: 534. Prob: 0.02194%
9792 code (70T6TC4-X3B4K38) checked. Verified: 2433672. isIdOk: 534. Prob: 0.02194%
9793 code (HE38TC4-X3B4KAE) checked. Verified: 2433938. isIdOk: 534. Prob: 0.02194%
9794 code (C749TC4-X3B4PK1) checked. Verified: 2434204. isIdOk: 534. Prob: 0.02194%
9795 code (7MT7TC4-X3B4P8M) checked. Verified: 2434470. isIdOk: 534. Prob: 0.02193%
9796 code (7BC5TC4-X3B41HB) checked. Verified: 2434736. isIdOk: 534. Prob: 0.02193%
9797 code (76H2TC4-X3B41KX) checked. Verified: 2435002. isIdOk: 535. Prob: 0.02197%
9798 code (7E4KTC4-X3B418C) checked. Verified: 2435268. isIdOk: 535. Prob: 0.02197%
9799 code (75C4TC4-X3B4A3C) checked. Verified: 2435534. isIdOk: 535. Prob: 0.02197%
9800 code (C58ATC4-X3B4AKT) checked. Verified: 2435800. isIdOk: 535. Prob: 0.02196%
9801 code (7T2ATC4-X3B4MET) checked. Verified: 2436066. isIdOk: 535. Prob: 0.02196%
9802 code (717BTC4-X3B4MA5) checked. Verified: 2436332. isIdOk: 535. Prob: 0.02196%
9803 code (CAT1TC4-X3B4MB6) checked. Verified: 2436598. isIdOk: 535. Prob: 0.02196%
9804 code (7791TC4-X3B4XAP) checked. Verified: 2436864. isIdOk: 535. Prob: 0.02195%
9805 code (7761TC4-X3B48H5) checked. Verified: 2437130. isIdOk: 535. Prob: 0.02195%
9806 code (C617TC4-X3B4BHH) checked. Verified: 2437396. isIdOk: 535. Prob: 0.02195%
9807 code (70X4TC4-X3B4B9X) checked. Verified: 2437662. isIdOk: 535. Prob: 0.02195%
9808 code (CP6BTC4-X3B4BM2) checked. Verified: 2437928. isIdOk: 535. Prob: 0.02194%
9809 code (736PTC4-X3B442P) checked. Verified: 2438194. isIdOk: 535. Prob: 0.02194%
9810 code (7BP3TC4-X3B403M) checked. Verified: 2438460. isIdOk: 535. Prob: 0.02194%
9811 code (77X0TC4-X3B404H) checked. Verified: 2438726. isIdOk: 535. Prob: 0.02194%
9812 code (773XTC4-X3B4043) checked. Verified: 2438992. isIdOk: 535. Prob: 0.02194%
9813 code (7HM9TC4-X3B0799) checked. Verified: 2439258. isIdOk: 535. Prob: 0.02193%
9814 code (7608TC4-X3B07X2) checked. Verified: 2439524. isIdOk: 535. Prob: 0.02193%
9815 code (7E05TC4-X3B07BP) checked. Verified: 2439790. isIdOk: 535. Prob: 0.02193%
9816 code (7063TC4-X3B0C58) checked. Verified: 2440056. isIdOk: 535. Prob: 0.02193%
9817 code (CCCKTC4-X3B0CB1) checked. Verified: 2440322. isIdOk: 535. Prob: 0.02192%
9818 code (7EBHTC4-X3B0HKC) checked. Verified: 2440588. isIdOk: 535. Prob: 0.02192%
9819 code (7504TC4-X3B039H) checked. Verified: 2440854. isIdOk: 535. Prob: 0.02192%
9820 code (719ETC4-X3B0TCT) checked. Verified: 2441120. isIdOk: 536. Prob: 0.02196%
9821 code (729KTC4-X3B0T8T) checked. Verified: 2441386. isIdOk: 537. Prob: 0.022%
9822 code (77MKTC4-X3B05A3) checked. Verified: 2441652. isIdOk: 537. Prob: 0.02199%
9823 code (C219TC4-X3B029K) checked. Verified: 2441918. isIdOk: 537. Prob: 0.02199%
9824 code (73K6TC4-X3B02AB) checked. Verified: 2442184. isIdOk: 537. Prob: 0.02199%
9825 code (7C92TC4-X3B0EE6) checked. Verified: 2442450. isIdOk: 537. Prob: 0.02199%
9826 code (7H7BTC4-X3B0EM4) checked. Verified: 2442716. isIdOk: 537. Prob: 0.02198%
9827 code (CH59TC4-X3B061B) checked. Verified: 2442982. isIdOk: 537. Prob: 0.02198%
9828 code (714ATC4-X3B060K) checked. Verified: 2443248. isIdOk: 537. Prob: 0.02198%
9829 code (7B7KTC4-X3B09A4) checked. Verified: 2443514. isIdOk: 537. Prob: 0.02198%
9830 code (7017TC4-X3B0KPP) checked. Verified: 2443780. isIdOk: 537. Prob: 0.02197%
9831 code (C201TC4-X3B0P66) checked. Verified: 2444046. isIdOk: 537. Prob: 0.02197%
9832 code (7300TC4-X3B0133) checked. Verified: 2444312. isIdOk: 537. Prob: 0.02197%
9833 code (7H6MTC4-X3B0166) checked. Verified: 2444578. isIdOk: 537. Prob: 0.02197%
9834 code (7CA8TC4-X3B0A22) checked. Verified: 2444844. isIdOk: 537. Prob: 0.02196%
9835 code (7TXKTC4-X3B0A1C) checked. Verified: 2445110. isIdOk: 537. Prob: 0.02196%
9836 code (7E3BTC4-X3B0A07) checked. Verified: 2445376. isIdOk: 537. Prob: 0.02196%
9837 code (C8M5TC4-X3B0MBB) checked. Verified: 2445642. isIdOk: 537. Prob: 0.02196%
9838 code (7X06TC4-X3B0XCX) checked. Verified: 2445908. isIdOk: 537. Prob: 0.02196%
9839 code (7783TC4-X3B0XTX) checked. Verified: 2446174. isIdOk: 537. Prob: 0.02195%
9840 code (739KTC4-X3B0X14) checked. Verified: 2446440. isIdOk: 537. Prob: 0.02195%
9841 code (7T73TC4-X3B0XMC) checked. Verified: 2446706. isIdOk: 537. Prob: 0.02195%
9842 code (7TX7TC4-X3B0XBE) checked. Verified: 2446972. isIdOk: 537. Prob: 0.02195%
9843 code (C931TC4-X3B0XBX) checked. Verified: 2447238. isIdOk: 537. Prob: 0.02194%
9844 code (CTABTC4-X3B08K8) checked. Verified: 2447504. isIdOk: 537. Prob: 0.02194%
9845 code (7585TC4-X3B0B2C) checked. Verified: 2447770. isIdOk: 537. Prob: 0.02194%
9846 code (7767TC4-X3B04C7) checked. Verified: 2448036. isIdOk: 537. Prob: 0.02194%
9847 code (77CCTC4-X3B04PA) checked. Verified: 2448302. isIdOk: 537. Prob: 0.02193%
9848 code (C30PTC4-X3B040K) checked. Verified: 2448568. isIdOk: 537. Prob: 0.02193%
9849 code (7P1PTC4-X3B00E2) checked. Verified: 2448834. isIdOk: 537. Prob: 0.02193%
9850 code (76KTTC4-X3B00E1) checked. Verified: 2449100. isIdOk: 537. Prob: 0.02193%
9851 code (7H3CTC4-X347734) checked. Verified: 2449366. isIdOk: 537. Prob: 0.02192%
9852 code (762BTC4-X3477E0) checked. Verified: 2449632. isIdOk: 537. Prob: 0.02192%
9853 code (7781TC4-X347716) checked. Verified: 2449898. isIdOk: 537. Prob: 0.02192%
9854 code (79CATC4-X3477XK) checked. Verified: 2450164. isIdOk: 537. Prob: 0.02192%
9855 code (7HB4TC4-X347CMP) checked. Verified: 2450430. isIdOk: 537. Prob: 0.02191%
9856 code (73K1TC4-X347HC1) checked. Verified: 2450696. isIdOk: 537. Prob: 0.02191%
9857 code (776CTC4-X347HTK) checked. Verified: 2450962. isIdOk: 537. Prob: 0.02191%
9858 code (C1EETC4-X34735E) checked. Verified: 2451228. isIdOk: 537. Prob: 0.02191%
9859 code (754ETC4-X347T23) checked. Verified: 2451494. isIdOk: 537. Prob: 0.02191%
9860 code (C94PTC4-X347TE3) checked. Verified: 2451760. isIdOk: 537. Prob: 0.0219%
9861 code (7M63TC4-X347T86) checked. Verified: 2452026. isIdOk: 537. Prob: 0.0219%
9862 code (739CTC4-X347559) checked. Verified: 2452292. isIdOk: 537. Prob: 0.0219%
9863 code (C95ETC4-X3475A3) checked. Verified: 2452558. isIdOk: 537. Prob: 0.0219%
9864 code (76H5TC4-X3472KA) checked. Verified: 2452824. isIdOk: 537. Prob: 0.02189%
9865 code (79MKTC4-X347E2M) checked. Verified: 2453090. isIdOk: 537. Prob: 0.02189%
9866 code (77E7TC4-X347631) checked. Verified: 2453356. isIdOk: 537. Prob: 0.02189%
9867 code (7C05TC4-X3476TH) checked. Verified: 2453622. isIdOk: 537. Prob: 0.02189%
9868 code (7716TC4-X3476B0) checked. Verified: 2453888. isIdOk: 537. Prob: 0.02188%
9869 code (7HTKTC4-X3479E7) checked. Verified: 2454154. isIdOk: 537. Prob: 0.02188%
9870 code (73AHTC4-X347K53) checked. Verified: 2454420. isIdOk: 537. Prob: 0.02188%
9871 code (7A66TC4-X347KKM) checked. Verified: 2454686. isIdOk: 537. Prob: 0.02188%
9872 code (7CC5TC4-X347PEC) checked. Verified: 2454952. isIdOk: 538. Prob: 0.02191%
9873 code (7HETTC4-X347175) checked. Verified: 2455218. isIdOk: 538. Prob: 0.02191%
9874 code (CAHXTC4-X347139) checked. Verified: 2455484. isIdOk: 538. Prob: 0.02191%
9875 code (7HK4TC4-X3471K5) checked. Verified: 2455750. isIdOk: 538. Prob: 0.02191%
9876 code (7X9XTC4-X3471P1) checked. Verified: 2456016. isIdOk: 538. Prob: 0.02191%
9877 code (7178TC4-X347ACX) checked. Verified: 2456282. isIdOk: 538. Prob: 0.0219%
9878 code (7MT5TC4-X347AP2) checked. Verified: 2456548. isIdOk: 538. Prob: 0.0219%
9879 code (C1P2TC4-X347AAK) checked. Verified: 2456814. isIdOk: 538. Prob: 0.0219%
9880 code (7PB7TC4-X347ME3) checked. Verified: 2457080. isIdOk: 538. Prob: 0.0219%
9881 code (H9BHTC4-X347XH3) checked. Verified: 2457346. isIdOk: 538. Prob: 0.02189%
9882 code (CE94TC4-X347XTE) checked. Verified: 2457612. isIdOk: 538. Prob: 0.02189%
9883 code (74P9TC4-X347835) checked. Verified: 2457878. isIdOk: 538. Prob: 0.02189%
9884 code (73BBTC4-X347897) checked. Verified: 2458144. isIdOk: 538. Prob: 0.02189%
9885 code (7TM9TC4-X3478K5) checked. Verified: 2458410. isIdOk: 538. Prob: 0.02188%
9886 code (HK27TC4-X347B5T) checked. Verified: 2458676. isIdOk: 538. Prob: 0.02188%
9887 code (C141TC4-X347434) checked. Verified: 2458942. isIdOk: 538. Prob: 0.02188%
9888 code (7X53TC4-X347425) checked. Verified: 2459208. isIdOk: 538. Prob: 0.02188%
9889 code (7888TC4-X3474KM) checked. Verified: 2459474. isIdOk: 538. Prob: 0.02187%
9890 code (C2P5TC4-X3470T0) checked. Verified: 2459740. isIdOk: 538. Prob: 0.02187%
9891 code (7141TC4-X3470BX) checked. Verified: 2460006. isIdOk: 538. Prob: 0.02187%
9892 code (77ETTC4-X34C77K) checked. Verified: 2460272. isIdOk: 538. Prob: 0.02187%
9893 code (7HT7TC4-X34C73C) checked. Verified: 2460538. isIdOk: 538. Prob: 0.02187%
9894 code (HBCATC4-X34CCCA) checked. Verified: 2460804. isIdOk: 538. Prob: 0.02186%
9895 code (76E2TC4-X34CC42) checked. Verified: 2461070. isIdOk: 538. Prob: 0.02186%
9896 code (7C0MTC4-X34CH3K) checked. Verified: 2461336. isIdOk: 538. Prob: 0.02186%
9897 code (77EATC4-X34CHKT) checked. Verified: 2461602. isIdOk: 538. Prob: 0.02186%
9898 code (792HTC4-X34C3HC) checked. Verified: 2461868. isIdOk: 538. Prob: 0.02185%
9899 code (7HB7TC4-X34C3EC) checked. Verified: 2462134. isIdOk: 538. Prob: 0.02185%
9900 code (CC2XTC4-X34CTT0) checked. Verified: 2462400. isIdOk: 538. Prob: 0.02185%
9901 code (7CA2TC4-X34C5CM) checked. Verified: 2462666. isIdOk: 538. Prob: 0.02185%
9902 code (C1EKTC4-X34C513) checked. Verified: 2462932. isIdOk: 538. Prob: 0.02184%
9903 code (7200TC4-X34C5XB) checked. Verified: 2463198. isIdOk: 538. Prob: 0.02184%
9904 code (C8BCTC4-X34C215) checked. Verified: 2463464. isIdOk: 538. Prob: 0.02184%
9905 code (7TBATC4-X34CEP8) checked. Verified: 2463730. isIdOk: 538. Prob: 0.02184%
9906 code (76M8TC4-X34C6TB) checked. Verified: 2463996. isIdOk: 538. Prob: 0.02183%
9907 code (7TX2TC4-X34C6K7) checked. Verified: 2464262. isIdOk: 538. Prob: 0.02183%
9908 code (7HKKTC4-X34C9K4) checked. Verified: 2464528. isIdOk: 539. Prob: 0.02187%
9909 code (70CCTC4-X34C98H) checked. Verified: 2464794. isIdOk: 539. Prob: 0.02187%
9910 code (7X27TC4-X34CKP2) checked. Verified: 2465060. isIdOk: 539. Prob: 0.02187%
9911 code (7HHATC4-X34CP1C) checked. Verified: 2465326. isIdOk: 539. Prob: 0.02186%
9912 code (7KBCTC4-X34C1PK) checked. Verified: 2465592. isIdOk: 539. Prob: 0.02186%
9913 code (7337TC4-X34CAE6) checked. Verified: 2465858. isIdOk: 539. Prob: 0.02186%
9914 code (79BKTC4-X34CA8P) checked. Verified: 2466124. isIdOk: 539. Prob: 0.02186%
9915 code (7T5CTC4-X34CABT) checked. Verified: 2466390. isIdOk: 539. Prob: 0.02185%
9916 code (79PTTC4-X34CMHB) checked. Verified: 2466656. isIdOk: 539. Prob: 0.02185%
9917 code (7415TC4-X34CME8) checked. Verified: 2466922. isIdOk: 539. Prob: 0.02185%
9918 code (725KTC4-X34CX71) checked. Verified: 2467188. isIdOk: 539. Prob: 0.02185%
9919 code (7C77TC4-X34CXCH) checked. Verified: 2467454. isIdOk: 539. Prob: 0.02184%
9920 code (7XB4TC4-X34CXAM) checked. Verified: 2467720. isIdOk: 539. Prob: 0.02184%
9921 code (777KTC4-X34C82C) checked. Verified: 2467986. isIdOk: 539. Prob: 0.02184%
9922 code (7HHKTC4-X34C82K) checked. Verified: 2468252. isIdOk: 539. Prob: 0.02184%
9923 code (7790TC4-X34C84M) checked. Verified: 2468518. isIdOk: 539. Prob: 0.02183%
9924 code (71HMTC4-X34CBCK) checked. Verified: 2468784. isIdOk: 539. Prob: 0.02183%
9925 code (7PH5TC4-X34C477) checked. Verified: 2469050. isIdOk: 539. Prob: 0.02183%
9926 code (7PP5TC4-X34C4MX) checked. Verified: 2469316. isIdOk: 539. Prob: 0.02183%
9927 code (77A8TC4-X34C40H) checked. Verified: 2469582. isIdOk: 539. Prob: 0.02183%
9928 code (77ABTC4-X34C0X4) checked. Verified: 2469848. isIdOk: 539. Prob: 0.02182%
9929 code (CT74TC4-X34C04C) checked. Verified: 2470114. isIdOk: 539. Prob: 0.02182%
9930 code (7MXKTC4-X34H770) checked. Verified: 2470380. isIdOk: 539. Prob: 0.02182%
9931 code (CAKBTC4-X34H7EM) checked. Verified: 2470646. isIdOk: 539. Prob: 0.02182%
9932 code (7EE6TC4-X34H747) checked. Verified: 2470912. isIdOk: 539. Prob: 0.02181%
9933 code (7E4ATC4-X34HCX6) checked. Verified: 2471178. isIdOk: 539. Prob: 0.02181%
9934 code (7ET3TC4-X34HH72) checked. Verified: 2471444. isIdOk: 539. Prob: 0.02181%
9935 code (732KTC4-X34HH54) checked. Verified: 2471710. isIdOk: 540. Prob: 0.02185%
9936 code (7723TC4-X34H326) checked. Verified: 2471976. isIdOk: 541. Prob: 0.02189%
9937 code (763HTC4-X34H3AK) checked. Verified: 2472242. isIdOk: 541. Prob: 0.02188%
9938 code (731KTC4-X34HTA4) checked. Verified: 2472508. isIdOk: 541. Prob: 0.02188%
9939 code (C392TC4-X34H59M) checked. Verified: 2472774. isIdOk: 541. Prob: 0.02188%
9940 code (7C65TC4-X34H5X7) checked. Verified: 2473040. isIdOk: 541. Prob: 0.02188%
9941 code (7T59TC4-X34H29P) checked. Verified: 2473306. isIdOk: 541. Prob: 0.02187%
9942 code (774ATC4-X34HEH9) checked. Verified: 2473572. isIdOk: 541. Prob: 0.02187%
9943 code (7H87TC4-X34HE4M) checked. Verified: 2473838. isIdOk: 541. Prob: 0.02187%
9944 code (7BA5TC4-X34H607) checked. Verified: 2474104. isIdOk: 541. Prob: 0.02187%
9945 code (C9CPTC4-X34H9TE) checked. Verified: 2474370. isIdOk: 541. Prob: 0.02186%
9946 code (7MM4TC4-X34H91C) checked. Verified: 2474636. isIdOk: 541. Prob: 0.02186%
9947 code (7360TC4-X34HK6H) checked. Verified: 2474902. isIdOk: 541. Prob: 0.02186%
9948 code (7CATTC4-X34HKMK) checked. Verified: 2475168. isIdOk: 541. Prob: 0.02186%
9949 code (74P4TC4-X34HP27) checked. Verified: 2475434. isIdOk: 541. Prob: 0.02185%
9950 code (7C11TC4-X34HPK2) checked. Verified: 2475700. isIdOk: 541. Prob: 0.02185%
9951 code (7E75TC4-X34HPA4) checked. Verified: 2475966. isIdOk: 541. Prob: 0.02185%
9952 code (73M8TC4-X34H1P3) checked. Verified: 2476232. isIdOk: 541. Prob: 0.02185%
9953 code (779ATC4-X34HAP5) checked. Verified: 2476498. isIdOk: 541. Prob: 0.02185%
9954 code (7M0XTC4-X34HA4H) checked. Verified: 2476764. isIdOk: 541. Prob: 0.02184%
9955 code (7HKPTC4-X34HMXE) checked. Verified: 2477030. isIdOk: 541. Prob: 0.02184%
9956 code (7CM2TC4-X34HXM4) checked. Verified: 2477296. isIdOk: 541. Prob: 0.02184%
9957 code (7H10TC4-X34H8XT) checked. Verified: 2477562. isIdOk: 541. Prob: 0.02184%
9958 code (7E57TC4-X34HBE2) checked. Verified: 2477828. isIdOk: 541. Prob: 0.02183%
9959 code (72BETC4-X34HBP6) checked. Verified: 2478094. isIdOk: 541. Prob: 0.02183%
9960 code (7EEHTC4-X34H4TM) checked. Verified: 2478360. isIdOk: 541. Prob: 0.02183%
9961 code (78TTTC4-X34H44C) checked. Verified: 2478626. isIdOk: 541. Prob: 0.02183%
9962 code (7H61TC4-X34H06H) checked. Verified: 2478892. isIdOk: 541. Prob: 0.02182%
9963 code (7E41TC4-X3437E3) checked. Verified: 2479158. isIdOk: 541. Prob: 0.02182%
9964 code (CH78TC4-X34370H) checked. Verified: 2479424. isIdOk: 541. Prob: 0.02182%
9965 code (7H1HTC4-X343C29) checked. Verified: 2479690. isIdOk: 541. Prob: 0.02182%
9966 code (7EP8TC4-X343HCE) checked. Verified: 2479956. isIdOk: 541. Prob: 0.02181%
9967 code (7XHBTC4-X343H8M) checked. Verified: 2480222. isIdOk: 541. Prob: 0.02181%
9968 code (7HM0TC4-X343HB7) checked. Verified: 2480488. isIdOk: 541. Prob: 0.02181%
9969 code (7TTPTC4-X343H0K) checked. Verified: 2480754. isIdOk: 541. Prob: 0.02181%
9970 code (7CTTTC4-X343333) checked. Verified: 2481020. isIdOk: 541. Prob: 0.02181%
9971 code (73CATC4-X34332X) checked. Verified: 2481286. isIdOk: 541. Prob: 0.0218%
9972 code (7H8KTC4-X34330C) checked. Verified: 2481552. isIdOk: 542. Prob: 0.02184%
9973 code (72X0TC4-X343T17) checked. Verified: 2481818. isIdOk: 542. Prob: 0.02184%
9974 code (7EA3TC4-X34351B) checked. Verified: 2482084. isIdOk: 542. Prob: 0.02184%
9975 code (7KHXTC4-X343297) checked. Verified: 2482350. isIdOk: 542. Prob: 0.02183%
9976 code (7MHTTC4-X3432MK) checked. Verified: 2482616. isIdOk: 542. Prob: 0.02183%
9977 code (73M9TC4-X343EM2) checked. Verified: 2482882. isIdOk: 542. Prob: 0.02183%
9978 code (723TTC4-X3436KT) checked. Verified: 2483148. isIdOk: 542. Prob: 0.02183%
9979 code (72AATC4-X34395A) checked. Verified: 2483414. isIdOk: 542. Prob: 0.02182%
9980 code (7TPCTC4-X34390T) checked. Verified: 2483680. isIdOk: 542. Prob: 0.02182%
9981 code (H92MTC4-X343KH8) checked. Verified: 2483946. isIdOk: 542. Prob: 0.02182%
9982 code (H6B1TC4-X343KAC) checked. Verified: 2484212. isIdOk: 542. Prob: 0.02182%
9983 code (CPXCTC4-X343PEX) checked. Verified: 2484478. isIdOk: 542. Prob: 0.02182%
9984 code (7614TC4-X34316T) checked. Verified: 2484744. isIdOk: 542. Prob: 0.02181%
9985 code (CK7TTC4-X343AH1) checked. Verified: 2485010. isIdOk: 542. Prob: 0.02181%
9986 code (7TCBTC4-X343A6K) checked. Verified: 2485276. isIdOk: 542. Prob: 0.02181%
9987 code (7TC2TC4-X343M6M) checked. Verified: 2485542. isIdOk: 542. Prob: 0.02181%
9988 code (7HT1TC4-X343X54) checked. Verified: 2485808. isIdOk: 542. Prob: 0.0218%
9989 code (7M11TC4-X343X8X) checked. Verified: 2486074. isIdOk: 542. Prob: 0.0218%
9990 code (77KXTC4-X343875) checked. Verified: 2486340. isIdOk: 542. Prob: 0.0218%
9991 code (7CKKTC4-X343830) checked. Verified: 2486606. isIdOk: 542. Prob: 0.0218%
9992 code (7158TC4-X343BCB) checked. Verified: 2486872. isIdOk: 542. Prob: 0.02179%
9993 code (77HXTC4-X343473) checked. Verified: 2487138. isIdOk: 542. Prob: 0.02179%
9994 code (74AXTC4-X343483) checked. Verified: 2487404. isIdOk: 543. Prob: 0.02183%
9995 code (7K6MTC4-X3430AP) checked. Verified: 2487670. isIdOk: 544. Prob: 0.02187%
9996 code (7H2XTC4-X34T72C) checked. Verified: 2487936. isIdOk: 544. Prob: 0.02187%
9997 code (73BPTC4-X34T7AB) checked. Verified: 2488202. isIdOk: 544. Prob: 0.02186%
9998 code (7476TC4-X34T78E) checked. Verified: 2488468. isIdOk: 545. Prob: 0.0219%
9999 code (77T7TC4-X34TC2T) checked. Verified: 2488734. isIdOk: 545. Prob: 0.0219%
10000 code (7E4BTC4-X34TCE0) checked. Verified: 2489000. isIdOk: 545. Prob: 0.0219%
